~~2120~~ ntdll.dll!RtlUserThreadStart
    arg 0: 0x00007ff76f0f22c0
    arg 1: 0x000000964613a000
~~2120~~ KERNEL32.dll!BaseThreadInitThunk
    arg 0: 0x0000000000000000
    arg 1: 0x00007ff76f0f22c0
~~2120~~ KERNEL32.dll!LoadLibraryExW
    arg 0: 0x00007ff76f109ad0 (type=wchar_t*, size=0x0)
    arg 1: 0x0 (type=HANDLE, size=0x8)
    arg 2: 0x800 (type=DWORD, size=0x4)
~~2120~~ KERNELBASE.dll!LoadLibraryExW
    arg 0: 0x00007ff76f109ad0 (type=wchar_t*, size=0x0)
    arg 1: 0x0 (type=HANDLE, size=0x8)
    arg 2: 0x800 (type=DWORD, size=0x4)
~~2120~~ ntdll.dll!RtlInitUnicodeStringEx
    arg 0: 0x00000096462ff710
    arg 1: 0x00007ff76f109ad0
~~2120~~ ntdll.dll!RtlInitUnicodeStringEx
    arg -1: 0x0000000000000000 (name=retval, type=void, size=0x8)
~~2120~~ ntdll.dll!LdrLoadDll
    arg 0: 0x0000000000000801
    arg 1: 0x00000096462ff740
~~2120~~ ntdll.dll!memset
    arg 0: 0x00000096462ff620
    arg 1: 0x0000000000000000
~~2120~~ ntdll.dll!memset
    arg -1: 0x00000096462ff620 (name=retval, type=void, size=0x8)
~~2120~~ ntdll.dll!RtlCompareUnicodeStrings
    arg 0: 0x00007ff76f109ad0
    arg 1: 0x000000000000001a
~~2120~~ ntdll.dll!RtlCompareUnicodeStrings
    arg -1: 0x0000000000000000 (name=retval, type=void, size=0x8)
~~2120~~ ntdll.dll!RtlGetNtSystemRoot
    arg 0: 0x00000096462ff480
    arg 1: 0x00000096462ff370
~~2120~~ ntdll.dll!RtlGetCurrentServiceSessionId
    arg 0: 0x00000096462ff480
    arg 1: 0x00000096462ff370
~~2120~~ ntdll.dll!RtlGetCurrentServiceSessionId
    arg -1: 0x0000000000000000 (name=retval, type=void, size=0x8)
~~2120~~ ntdll.dll!RtlGetNtSystemRoot
    arg -1: 0x000000007ffe0030 (name=retval, type=void, size=0x8)
~~2120~~ ntdll.dll!RtlInitUnicodeString
    arg 0: 0x00000096462ff300
    arg 1: 0x000000007ffe0030
~~2120~~ ntdll.dll!RtlInitUnicodeString
    arg -1: 0x0000000000000016 (name=retval, type=void, size=0x8)
~~2120~~ ntdll.dll!memmove
    arg 0: 0x00000096462ff490
    arg 1: 0x000000007ffe0030
~~2120~~ ntdll.dll!memmove
    arg -1: 0x00000096462ff490 (name=retval, type=void, size=0x8)
~~2120~~ ntdll.dll!memmove
    arg 0: 0x00000096462ff4a4
    arg 1: 0x00007ffa2a458318
~~2120~~ ntdll.dll!memmove
    arg -1: 0x00000096462ff4a4 (name=retval, type=void, size=0x8)
~~2120~~ ntdll.dll!memmove
    arg 0: 0x00000096462ff4b8
    arg 1: 0x0000024ef1515a98
~~2120~~ ntdll.dll!memmove
    arg -1: 0x00000096462ff4b8 (name=retval, type=void, size=0x8)
~~2120~~ ntdll.dll!RtlAcquireSRWLockExclusive
    arg 0: 0x00007ffa2a49d280
    arg 1: 0x000000000000001c
~~2120~~ ntdll.dll!RtlAcquireSRWLockExclusive
    arg -1: 0x000000000000004c (name=retval, type=void, size=0x8)
~~2120~~ ntdll.dll!RtlEqualUnicodeString
    arg 0: 0x00000096462ff480
    arg 1: 0x0000024ef16d6158
~~2120~~ ntdll.dll!RtlEqualUnicodeString
    arg -1: 0x00000096462ff401 (name=retval, type=void, size=0x8)
~~2120~~ ntdll.dll!RtlReleaseSRWLockExclusive
    arg 0: 0x00007ffa2a49d280
    arg 1: 0x0000000000000009
~~2120~~ ntdll.dll!RtlReleaseSRWLockExclusive
    arg -1: 0x0000000000000001 (name=retval, type=void, size=0x8)
~~2120~~ ntdll.dll!RtlGetCurrentServiceSessionId
    arg 0: 0x00007ffa2a49d280
    arg 1: 0x0000000000000000
~~2120~~ ntdll.dll!RtlGetCurrentServiceSessionId
    arg -1: 0x0000000000000000 (name=retval, type=void, size=0x8)
~~2120~~ ntdll.dll!RtlAcquireSRWLockExclusive
    arg 0: 0x00007ffa2a49d280
    arg 1: 0x0000000000000000
~~2120~~ ntdll.dll!RtlAcquireSRWLockExclusive
    arg -1: 0x0000000000000000 (name=retval, type=void, size=0x8)
~~2120~~ ntdll.dll!RtlReleaseSRWLockExclusive
    arg 0: 0x00007ffa2a49d280
    arg 1: 0x0000000000000000
~~2120~~ ntdll.dll!RtlReleaseSRWLockExclusive
    arg -1: 0x0000000000000001 (name=retval, type=void, size=0x8)
~~2120~~ ntdll.dll!LdrLoadDll
    arg -1: 0x0000000000000000 (name=retval, type=void, size=0x8)
~~2120~~ KERNELBASE.dll!LoadLibraryExW
    arg -1: 0x00007ffa27fc0000 (type=HMODULE, size=0x4)
~~2120~~ KERNEL32.dll!LoadLibraryExW
    arg -1: 0x00007ffa27fc0000 (type=HMODULE, size=0x4)
~~2120~~ KERNEL32.dll!GetProcAddress
    arg 0: 0x00007ffa27fc0000
    arg 1: 0x00007ff76f109b98
~~2120~~ KERNELBASE.dll!GetProcAddressForCaller
    arg 0: 0x00007ffa27fc0000
    arg 1: 0x00007ff76f109b98
~~2120~~ ntdll.dll!RtlInitString
    arg 0: 0x00000096462ff720
    arg 1: 0x00007ff76f109b98
~~2120~~ ntdll.dll!RtlInitString
    arg -1: 0x000000000000001c (name=retval, type=void, size=0x8)
~~2120~~ ntdll.dll!LdrGetProcedureAddressForCaller
    arg 0: 0x00007ffa27fc0000
    arg 1: 0x00000096462ff720
~~2120~~ ntdll.dll!RtlEnterCriticalSection
    arg 0: 0x00007ffa2a49cbe0
    arg 1: 0x00000096462ff701
~~2120~~ ntdll.dll!RtlEnterCriticalSection
    arg -1: 0x0000000000000000 (name=retval, type=void, size=0x8)
~~2120~~ ntdll.dll!RtlLeaveCriticalSection
    arg 0: 0x00007ffa2a49cbe0
    arg 1: 0x00000096462ff701
~~2120~~ ntdll.dll!RtlLeaveCriticalSection
    arg -1: 0x0000000000000000 (name=retval, type=void, size=0x8)
~~2120~~ ntdll.dll!RtlAcquireSRWLockExclusive
    arg 0: 0x00007ffa2a49d280
    arg 1: 0x00000096462ff701
~~2120~~ ntdll.dll!RtlAcquireSRWLockExclusive
    arg -1: 0x0000000000000000 (name=retval, type=void, size=0x8)
~~2120~~ ntdll.dll!RtlReleaseSRWLockExclusive
    arg 0: 0x00007ffa2a49d280
    arg 1: 0x0000000000000000
~~2120~~ ntdll.dll!RtlReleaseSRWLockExclusive
    arg -1: 0x0000000000000001 (name=retval, type=void, size=0x8)
~~2120~~ ntdll.dll!RtlAcquireSRWLockExclusive
    arg 0: 0x00007ffa2a49d280
    arg 1: 0x00000096462ff5f0
~~2120~~ ntdll.dll!RtlAcquireSRWLockExclusive
    arg -1: 0x000000964613b000 (name=retval, type=void, size=0x8)
~~2120~~ ntdll.dll!RtlReleaseSRWLockExclusive
    arg 0: 0x00007ffa2a49d280
    arg 1: 0x0000024ef16d5640
~~2120~~ ntdll.dll!RtlReleaseSRWLockExclusive
    arg -1: 0x0000000000000001 (name=retval, type=void, size=0x8)
~~2120~~ ntdll.dll!memset
    arg 0: 0x00000096462ff4b0
    arg 1: 0x0000000000000000
~~2120~~ ntdll.dll!memset
    arg -1: 0x00000096462ff4b0 (name=retval, type=void, size=0x8)
~~2120~~ ntdll.dll!RtlImageNtHeaderEx
    arg 0: 0x0000000000000001
    arg 1: 0x00007ffa27fc0000
~~2120~~ ntdll.dll!RtlImageNtHeaderEx
    arg -1: 0x0000000000000000 (name=retval, type=void, size=0x8)
~~2120~~ ntdll.dll!LdrControlFlowGuardEnforced
    arg 0: 0x00007ffa28027a30
    arg 1: 0x000000000000036e
~~2120~~ ntdll.dll!LdrControlFlowGuardEnforced
    arg -1: 0x0000000000000000 (name=retval, type=void, size=0x8)
~~2120~~ ntdll.dll!LdrControlFlowGuardEnforced
    arg 0: 0x0000024ef16d6110
    arg 1: 0x000000000000036e
~~2120~~ ntdll.dll!LdrControlFlowGuardEnforced
    arg -1: 0x0000000000000000 (name=retval, type=void, size=0x8)
~~2120~~ ntdll.dll!LdrGetProcedureAddressForCaller
    arg -1: 0x0000000000000000 (name=retval, type=void, size=0x8)
~~2120~~ KERNELBASE.dll!GetProcAddressForCaller
    arg -1: 0x00007ffa28027a30 (name=retval, type=void, size=0x8)
~~2120~~ KERNEL32.dll!GetProcAddress
    arg -1: 0x00007ffa28027a30 (name=retval, type=void, size=0x8)
~~2120~~ KERNELBASE.dll!InitializeCriticalSectionEx
    arg 1: 0xfa0 (type=DWORD, size=0x4)
    arg 2: 0x0 (type=DWORD, size=0x4)
~~2120~~ ntdll.dll!RtlInitializeCriticalSectionEx
    arg 0: 0x00007ff76f115160
    arg 1: 0x0000000000000fa0
~~2120~~ ntdll.dll!RtlInitializeCriticalSectionEx
    arg -1: 0x0000000000000000 (name=retval, type=void, size=0x8)
~~2120~~ KERNELBASE.dll!InitializeCriticalSectionEx
    arg -1: 0x0000000000000001 (type=BOOL, size=0x4)
~~2120~~ KERNEL32.dll!LoadLibraryExW
    arg 0: 0x00007ff76f109a90 (type=wchar_t*, size=0x0)
    arg 1: 0x0 (type=HANDLE, size=0x8)
    arg 2: 0x800 (type=DWORD, size=0x4)
~~2120~~ KERNELBASE.dll!LoadLibraryExW
    arg 0: 0x00007ff76f109a90 (type=wchar_t*, size=0x0)
    arg 1: 0x0 (type=HANDLE, size=0x8)
    arg 2: 0x800 (type=DWORD, size=0x4)
~~2120~~ ntdll.dll!RtlInitUnicodeStringEx
    arg 0: 0x00000096462ff710
    arg 1: 0x00007ff76f109a90
~~2120~~ ntdll.dll!RtlInitUnicodeStringEx
    arg -1: 0x0000000000000000 (name=retval, type=void, size=0x8)
~~2120~~ ntdll.dll!LdrLoadDll
    arg 0: 0x0000000000000801
    arg 1: 0x00000096462ff740
~~2120~~ ntdll.dll!memset
    arg 0: 0x00000096462ff620
    arg 1: 0x0000000000000000
~~2120~~ ntdll.dll!memset
    arg -1: 0x00000096462ff620 (name=retval, type=void, size=0x8)
~~2120~~ ntdll.dll!RtlCompareUnicodeStrings
    arg 0: 0x00007ff76f109a90
    arg 1: 0x000000000000001b
~~2120~~ ntdll.dll!RtlCompareUnicodeStrings
    arg -1: 0x0000000000000000 (name=retval, type=void, size=0x8)
~~2120~~ ntdll.dll!RtlGetNtSystemRoot
    arg 0: 0x00000096462ff480
    arg 1: 0x00000096462ff370
~~2120~~ ntdll.dll!RtlGetCurrentServiceSessionId
    arg 0: 0x00000096462ff480
    arg 1: 0x00000096462ff370
~~2120~~ ntdll.dll!RtlGetCurrentServiceSessionId
    arg -1: 0x0000000000000000 (name=retval, type=void, size=0x8)
~~2120~~ ntdll.dll!RtlGetNtSystemRoot
    arg -1: 0x000000007ffe0030 (name=retval, type=void, size=0x8)
~~2120~~ ntdll.dll!RtlInitUnicodeString
    arg 0: 0x00000096462ff300
    arg 1: 0x000000007ffe0030
~~2120~~ ntdll.dll!RtlInitUnicodeString
    arg -1: 0x0000000000000016 (name=retval, type=void, size=0x8)
~~2120~~ ntdll.dll!memmove
    arg 0: 0x00000096462ff490
    arg 1: 0x000000007ffe0030
~~2120~~ ntdll.dll!memmove
    arg -1: 0x00000096462ff490 (name=retval, type=void, size=0x8)
~~2120~~ ntdll.dll!memmove
    arg 0: 0x00000096462ff4a4
    arg 1: 0x00007ffa2a458318
~~2120~~ ntdll.dll!memmove
    arg -1: 0x00000096462ff4a4 (name=retval, type=void, size=0x8)
~~2120~~ ntdll.dll!memmove
    arg 0: 0x00000096462ff4b8
    arg 1: 0x0000024ef1515a98
~~2120~~ ntdll.dll!memmove
    arg -1: 0x00000096462ff4b8 (name=retval, type=void, size=0x8)
~~2120~~ ntdll.dll!RtlAcquireSRWLockExclusive
    arg 0: 0x00007ffa2a49d280
    arg 1: 0x000000000000001c
~~2120~~ ntdll.dll!RtlAcquireSRWLockExclusive
    arg -1: 0x000000000000004c (name=retval, type=void, size=0x8)
~~2120~~ ntdll.dll!RtlEqualUnicodeString
    arg 0: 0x00000096462ff480
    arg 1: 0x0000024ef16d6158
~~2120~~ ntdll.dll!RtlEqualUnicodeString
    arg -1: 0x00000096462ff401 (name=retval, type=void, size=0x8)
~~2120~~ ntdll.dll!RtlReleaseSRWLockExclusive
    arg 0: 0x00007ffa2a49d280
    arg 1: 0x0000000000000009
~~2120~~ ntdll.dll!RtlReleaseSRWLockExclusive
    arg -1: 0x0000000000000001 (name=retval, type=void, size=0x8)
~~2120~~ ntdll.dll!RtlGetCurrentServiceSessionId
    arg 0: 0x00007ffa2a49d280
    arg 1: 0x0000000000000000
~~2120~~ ntdll.dll!RtlGetCurrentServiceSessionId
    arg -1: 0x0000000000000000 (name=retval, type=void, size=0x8)
~~2120~~ ntdll.dll!RtlAcquireSRWLockExclusive
    arg 0: 0x00007ffa2a49d280
    arg 1: 0x0000000000000000
~~2120~~ ntdll.dll!RtlAcquireSRWLockExclusive
    arg -1: 0x0000000000000000 (name=retval, type=void, size=0x8)
~~2120~~ ntdll.dll!RtlReleaseSRWLockExclusive
    arg 0: 0x00007ffa2a49d280
    arg 1: 0x0000000000000000
~~2120~~ ntdll.dll!RtlReleaseSRWLockExclusive
    arg -1: 0x0000000000000001 (name=retval, type=void, size=0x8)
~~2120~~ ntdll.dll!LdrLoadDll
    arg -1: 0x0000000000000000 (name=retval, type=void, size=0x8)
~~2120~~ KERNELBASE.dll!LoadLibraryExW
    arg -1: 0x00007ffa27fc0000 (type=HMODULE, size=0x4)
~~2120~~ KERNEL32.dll!LoadLibraryExW
    arg -1: 0x00007ffa27fc0000 (type=HMODULE, size=0x4)
~~2120~~ KERNEL32.dll!GetProcAddress
    arg 0: 0x00007ffa27fc0000
    arg 1: 0x00007ff76f109b40
~~2120~~ KERNELBASE.dll!GetProcAddressForCaller
    arg 0: 0x00007ffa27fc0000
    arg 1: 0x00007ff76f109b40
~~2120~~ ntdll.dll!RtlInitString
    arg 0: 0x00000096462ff720
    arg 1: 0x00007ff76f109b40
~~2120~~ ntdll.dll!RtlInitString
    arg -1: 0x0000000000000009 (name=retval, type=void, size=0x8)
~~2120~~ ntdll.dll!LdrGetProcedureAddressForCaller
    arg 0: 0x00007ffa27fc0000
    arg 1: 0x00000096462ff720
~~2120~~ ntdll.dll!RtlEnterCriticalSection
    arg 0: 0x00007ffa2a49cbe0
    arg 1: 0x00000096462ff701
~~2120~~ ntdll.dll!RtlEnterCriticalSection
    arg -1: 0x0000000000000000 (name=retval, type=void, size=0x8)
~~2120~~ ntdll.dll!RtlLeaveCriticalSection
    arg 0: 0x00007ffa2a49cbe0
    arg 1: 0x00000096462ff701
~~2120~~ ntdll.dll!RtlLeaveCriticalSection
    arg -1: 0x0000000000000000 (name=retval, type=void, size=0x8)
~~2120~~ ntdll.dll!RtlAcquireSRWLockExclusive
    arg 0: 0x00007ffa2a49d280
    arg 1: 0x00000096462ff701
~~2120~~ ntdll.dll!RtlAcquireSRWLockExclusive
    arg -1: 0x0000000000000000 (name=retval, type=void, size=0x8)
~~2120~~ ntdll.dll!RtlReleaseSRWLockExclusive
    arg 0: 0x00007ffa2a49d280
    arg 1: 0x0000000000000000
~~2120~~ ntdll.dll!RtlReleaseSRWLockExclusive
    arg -1: 0x0000000000000001 (name=retval, type=void, size=0x8)
~~2120~~ ntdll.dll!RtlAcquireSRWLockExclusive
    arg 0: 0x00007ffa2a49d280
    arg 1: 0x00000096462ff5f0
~~2120~~ ntdll.dll!RtlAcquireSRWLockExclusive
    arg -1: 0x000000964613b000 (name=retval, type=void, size=0x8)
~~2120~~ ntdll.dll!RtlReleaseSRWLockExclusive
    arg 0: 0x00007ffa2a49d280
    arg 1: 0x0000024ef16d5640
~~2120~~ ntdll.dll!RtlReleaseSRWLockExclusive
    arg -1: 0x0000000000000001 (name=retval, type=void, size=0x8)
~~2120~~ ntdll.dll!memset
    arg 0: 0x00000096462ff4b0
    arg 1: 0x0000000000000000
~~2120~~ ntdll.dll!memset
    arg -1: 0x00000096462ff4b0 (name=retval, type=void, size=0x8)
~~2120~~ ntdll.dll!RtlImageNtHeaderEx
    arg 0: 0x0000000000000001
    arg 1: 0x00007ffa27fc0000
~~2120~~ ntdll.dll!RtlImageNtHeaderEx
    arg -1: 0x0000000000000000 (name=retval, type=void, size=0x8)
~~2120~~ ntdll.dll!LdrControlFlowGuardEnforced
    arg 0: 0x00007ffa280356b0
    arg 1: 0x0000000000000184
~~2120~~ ntdll.dll!LdrControlFlowGuardEnforced
    arg -1: 0x0000000000000000 (name=retval, type=void, size=0x8)
~~2120~~ ntdll.dll!LdrControlFlowGuardEnforced
    arg 0: 0x0000024ef16d6110
    arg 1: 0x0000000000000184
~~2120~~ ntdll.dll!LdrControlFlowGuardEnforced
    arg -1: 0x0000000000000000 (name=retval, type=void, size=0x8)
~~2120~~ ntdll.dll!LdrGetProcedureAddressForCaller
    arg -1: 0x0000000000000000 (name=retval, type=void, size=0x8)
~~2120~~ KERNELBASE.dll!GetProcAddressForCaller
    arg -1: 0x00007ffa280356b0 (name=retval, type=void, size=0x8)
~~2120~~ KERNEL32.dll!GetProcAddress
    arg -1: 0x00007ffa280356b0 (name=retval, type=void, size=0x8)
~~2120~~ KERNELBASE.dll!FlsAlloc
    arg 0: 0x00007ff76f0f2f0c (type=<unknown>*, size=0x0)
~~2120~~ ntdll.dll!RtlFlsAlloc
    arg 0: 0x00007ff76f0f2f0c
    arg 1: 0x00000096462ff7c8
~~2120~~ ntdll.dll!RtlAcquireSRWLockExclusive
    arg 0: 0x00007ffa2a49d2f0
    arg 1: 0x00000096462ff7c8
~~2120~~ ntdll.dll!RtlAcquireSRWLockExclusive
    arg -1: 0x00000096462ff788 (name=retval, type=void, size=0x8)
~~2120~~ ntdll.dll!RtlReleaseSRWLockExclusive
    arg 0: 0x00007ffa2a49d2f0
    arg 1: 0x0000000000000012
~~2120~~ ntdll.dll!RtlReleaseSRWLockExclusive
    arg -1: 0x0000000000000001 (name=retval, type=void, size=0x8)
~~2120~~ ntdll.dll!RtlFlsAlloc
    arg -1: 0x0000000000000000 (name=retval, type=void, size=0x8)
~~2120~~ KERNELBASE.dll!FlsAlloc
    arg -1: 0x0000000000000002 (type=DWORD, size=0x4)
~~2120~~ KERNEL32.dll!GetProcAddress
    arg 0: 0x00007ffa27fc0000
    arg 1: 0x00007ff76f109b80
~~2120~~ KERNELBASE.dll!GetProcAddressForCaller
    arg 0: 0x00007ffa27fc0000
    arg 1: 0x00007ff76f109b80
~~2120~~ ntdll.dll!RtlInitString
    arg 0: 0x00000096462ff720
    arg 1: 0x00007ff76f109b80
~~2120~~ ntdll.dll!RtlInitString
    arg -1: 0x000000000000000c (name=retval, type=void, size=0x8)
~~2120~~ ntdll.dll!LdrGetProcedureAddressForCaller
    arg 0: 0x00007ffa27fc0000
    arg 1: 0x00000096462ff720
~~2120~~ ntdll.dll!RtlEnterCriticalSection
    arg 0: 0x00007ffa2a49cbe0
    arg 1: 0x00000096462ff701
~~2120~~ ntdll.dll!RtlEnterCriticalSection
    arg -1: 0x0000000000000000 (name=retval, type=void, size=0x8)
~~2120~~ ntdll.dll!RtlLeaveCriticalSection
    arg 0: 0x00007ffa2a49cbe0
    arg 1: 0x00000096462ff701
~~2120~~ ntdll.dll!RtlLeaveCriticalSection
    arg -1: 0x0000000000000000 (name=retval, type=void, size=0x8)
~~2120~~ ntdll.dll!RtlAcquireSRWLockExclusive
    arg 0: 0x00007ffa2a49d280
    arg 1: 0x00000096462ff701
~~2120~~ ntdll.dll!RtlAcquireSRWLockExclusive
    arg -1: 0x0000000000000000 (name=retval, type=void, size=0x8)
~~2120~~ ntdll.dll!RtlReleaseSRWLockExclusive
    arg 0: 0x00007ffa2a49d280
    arg 1: 0x0000000000000000
~~2120~~ ntdll.dll!RtlReleaseSRWLockExclusive
    arg -1: 0x0000000000000001 (name=retval, type=void, size=0x8)
~~2120~~ ntdll.dll!RtlAcquireSRWLockExclusive
    arg 0: 0x00007ffa2a49d280
    arg 1: 0x00000096462ff5f0
~~2120~~ ntdll.dll!RtlAcquireSRWLockExclusive
    arg -1: 0x000000964613b000 (name=retval, type=void, size=0x8)
~~2120~~ ntdll.dll!RtlReleaseSRWLockExclusive
    arg 0: 0x00007ffa2a49d280
    arg 1: 0x0000024ef16d5640
~~2120~~ ntdll.dll!RtlReleaseSRWLockExclusive
    arg -1: 0x0000000000000001 (name=retval, type=void, size=0x8)
~~2120~~ ntdll.dll!memset
    arg 0: 0x00000096462ff4b0
    arg 1: 0x0000000000000000
~~2120~~ ntdll.dll!memset
    arg -1: 0x00000096462ff4b0 (name=retval, type=void, size=0x8)
~~2120~~ ntdll.dll!RtlImageNtHeaderEx
    arg 0: 0x0000000000000001
    arg 1: 0x00007ffa27fc0000
~~2120~~ ntdll.dll!RtlImageNtHeaderEx
    arg -1: 0x0000000000000000 (name=retval, type=void, size=0x8)
~~2120~~ ntdll.dll!LdrControlFlowGuardEnforced
    arg 0: 0x00007ffa28006370
    arg 1: 0x0000000000000187
~~2120~~ ntdll.dll!LdrControlFlowGuardEnforced
    arg -1: 0x0000000000000000 (name=retval, type=void, size=0x8)
~~2120~~ ntdll.dll!LdrControlFlowGuardEnforced
    arg 0: 0x0000024ef16d6110
    arg 1: 0x0000000000000187
~~2120~~ ntdll.dll!LdrControlFlowGuardEnforced
    arg -1: 0x0000000000000000 (name=retval, type=void, size=0x8)
~~2120~~ ntdll.dll!LdrGetProcedureAddressForCaller
    arg -1: 0x0000000000000000 (name=retval, type=void, size=0x8)
~~2120~~ KERNELBASE.dll!GetProcAddressForCaller
    arg -1: 0x00007ffa28006370 (name=retval, type=void, size=0x8)
~~2120~~ KERNEL32.dll!GetProcAddress
    arg -1: 0x00007ffa28006370 (name=retval, type=void, size=0x8)
~~2120~~ KERNELBASE.dll!FlsSetValue
    arg 0: 0x2 (type=DWORD, size=0x4)
    arg 1: 0x00007ff76f1150e0 => 0x0000000000000000 (type=void*, size=0x0)
~~2120~~ ntdll.dll!RtlFlsSetValue
    arg 0: 0x0000000000000002
    arg 1: 0x00007ff76f1150e0
~~2120~~ ntdll.dll!RtlFlsSetValue
    arg -1: 0x0000000000000000 (name=retval, type=void, size=0x8)
~~2120~~ KERNELBASE.dll!FlsSetValue
    arg -1: 0x0000000000000001 (type=BOOL, size=0x4)
~~2120~~ KERNEL32.dll!LoadLibraryExW
    arg 0: 0x00007ff76f109ad0 (type=wchar_t*, size=0x0)
    arg 1: 0x0 (type=HANDLE, size=0x8)
    arg 2: 0x800 (type=DWORD, size=0x4)
~~2120~~ KERNELBASE.dll!LoadLibraryExW
    arg 0: 0x00007ff76f109ad0 (type=wchar_t*, size=0x0)
    arg 1: 0x0 (type=HANDLE, size=0x8)
    arg 2: 0x800 (type=DWORD, size=0x4)
~~2120~~ ntdll.dll!RtlInitUnicodeStringEx
    arg 0: 0x00000096462ff710
    arg 1: 0x00007ff76f109ad0
~~2120~~ ntdll.dll!RtlInitUnicodeStringEx
    arg -1: 0x0000000000000000 (name=retval, type=void, size=0x8)
~~2120~~ ntdll.dll!LdrLoadDll
    arg 0: 0x0000000000000801
    arg 1: 0x00000096462ff740
~~2120~~ ntdll.dll!memset
    arg 0: 0x00000096462ff620
    arg 1: 0x0000000000000000
~~2120~~ ntdll.dll!memset
    arg -1: 0x00000096462ff620 (name=retval, type=void, size=0x8)
~~2120~~ ntdll.dll!RtlCompareUnicodeStrings
    arg 0: 0x00007ff76f109ad0
    arg 1: 0x000000000000001a
~~2120~~ ntdll.dll!RtlCompareUnicodeStrings
    arg -1: 0x0000000000000000 (name=retval, type=void, size=0x8)
~~2120~~ ntdll.dll!RtlGetNtSystemRoot
    arg 0: 0x00000096462ff480
    arg 1: 0x00000096462ff370
~~2120~~ ntdll.dll!RtlGetCurrentServiceSessionId
    arg 0: 0x00000096462ff480
    arg 1: 0x00000096462ff370
~~2120~~ ntdll.dll!RtlGetCurrentServiceSessionId
    arg -1: 0x0000000000000000 (name=retval, type=void, size=0x8)
~~2120~~ ntdll.dll!RtlGetNtSystemRoot
    arg -1: 0x000000007ffe0030 (name=retval, type=void, size=0x8)
~~2120~~ ntdll.dll!RtlInitUnicodeString
    arg 0: 0x00000096462ff300
    arg 1: 0x000000007ffe0030
~~2120~~ ntdll.dll!RtlInitUnicodeString
    arg -1: 0x0000000000000016 (name=retval, type=void, size=0x8)
~~2120~~ ntdll.dll!memmove
    arg 0: 0x00000096462ff490
    arg 1: 0x000000007ffe0030
~~2120~~ ntdll.dll!memmove
    arg -1: 0x00000096462ff490 (name=retval, type=void, size=0x8)
~~2120~~ ntdll.dll!memmove
    arg 0: 0x00000096462ff4a4
    arg 1: 0x00007ffa2a458318
~~2120~~ ntdll.dll!memmove
    arg -1: 0x00000096462ff4a4 (name=retval, type=void, size=0x8)
~~2120~~ ntdll.dll!memmove
    arg 0: 0x00000096462ff4b8
    arg 1: 0x0000024ef1515a98
~~2120~~ ntdll.dll!memmove
    arg -1: 0x00000096462ff4b8 (name=retval, type=void, size=0x8)
~~2120~~ ntdll.dll!RtlAcquireSRWLockExclusive
    arg 0: 0x00007ffa2a49d280
    arg 1: 0x000000000000001c
~~2120~~ ntdll.dll!RtlAcquireSRWLockExclusive
    arg -1: 0x000000000000004c (name=retval, type=void, size=0x8)
~~2120~~ ntdll.dll!RtlEqualUnicodeString
    arg 0: 0x00000096462ff480
    arg 1: 0x0000024ef16d6158
~~2120~~ ntdll.dll!RtlEqualUnicodeString
    arg -1: 0x00000096462ff401 (name=retval, type=void, size=0x8)
~~2120~~ ntdll.dll!RtlReleaseSRWLockExclusive
    arg 0: 0x00007ffa2a49d280
    arg 1: 0x0000000000000009
~~2120~~ ntdll.dll!RtlReleaseSRWLockExclusive
    arg -1: 0x0000000000000001 (name=retval, type=void, size=0x8)
~~2120~~ ntdll.dll!RtlGetCurrentServiceSessionId
    arg 0: 0x00007ffa2a49d280
    arg 1: 0x0000000000000000
~~2120~~ ntdll.dll!RtlGetCurrentServiceSessionId
    arg -1: 0x0000000000000000 (name=retval, type=void, size=0x8)
~~2120~~ ntdll.dll!RtlAcquireSRWLockExclusive
    arg 0: 0x00007ffa2a49d280
    arg 1: 0x0000000000000000
~~2120~~ ntdll.dll!RtlAcquireSRWLockExclusive
    arg -1: 0x0000000000000000 (name=retval, type=void, size=0x8)
~~2120~~ ntdll.dll!RtlReleaseSRWLockExclusive
    arg 0: 0x00007ffa2a49d280
    arg 1: 0x0000000000000000
~~2120~~ ntdll.dll!RtlReleaseSRWLockExclusive
    arg -1: 0x0000000000000001 (name=retval, type=void, size=0x8)
~~2120~~ ntdll.dll!LdrLoadDll
    arg -1: 0x0000000000000000 (name=retval, type=void, size=0x8)
~~2120~~ KERNELBASE.dll!LoadLibraryExW
    arg -1: 0x00007ffa27fc0000 (type=HMODULE, size=0x4)
~~2120~~ KERNEL32.dll!LoadLibraryExW
    arg -1: 0x00007ffa27fc0000 (type=HMODULE, size=0x4)
~~2120~~ KERNEL32.dll!GetProcAddress
    arg 0: 0x00007ffa27fc0000
    arg 1: 0x00007ff76f109b98
~~2120~~ KERNELBASE.dll!GetProcAddressForCaller
    arg 0: 0x00007ffa27fc0000
    arg 1: 0x00007ff76f109b98
~~2120~~ ntdll.dll!RtlInitString
    arg 0: 0x00000096462ff720
    arg 1: 0x00007ff76f109b98
~~2120~~ ntdll.dll!RtlInitString
    arg -1: 0x000000000000001c (name=retval, type=void, size=0x8)
~~2120~~ ntdll.dll!LdrGetProcedureAddressForCaller
    arg 0: 0x00007ffa27fc0000
    arg 1: 0x00000096462ff720
~~2120~~ ntdll.dll!RtlEnterCriticalSection
    arg 0: 0x00007ffa2a49cbe0
    arg 1: 0x00000096462ff701
~~2120~~ ntdll.dll!RtlEnterCriticalSection
    arg -1: 0x0000000000000000 (name=retval, type=void, size=0x8)
~~2120~~ ntdll.dll!RtlLeaveCriticalSection
    arg 0: 0x00007ffa2a49cbe0
    arg 1: 0x00000096462ff701
~~2120~~ ntdll.dll!RtlLeaveCriticalSection
    arg -1: 0x0000000000000000 (name=retval, type=void, size=0x8)
~~2120~~ ntdll.dll!RtlAcquireSRWLockExclusive
    arg 0: 0x00007ffa2a49d280
    arg 1: 0x00000096462ff701
~~2120~~ ntdll.dll!RtlAcquireSRWLockExclusive
    arg -1: 0x0000000000000000 (name=retval, type=void, size=0x8)
~~2120~~ ntdll.dll!RtlReleaseSRWLockExclusive
    arg 0: 0x00007ffa2a49d280
    arg 1: 0x0000000000000000
~~2120~~ ntdll.dll!RtlReleaseSRWLockExclusive
    arg -1: 0x0000000000000001 (name=retval, type=void, size=0x8)
~~2120~~ ntdll.dll!RtlAcquireSRWLockExclusive
    arg 0: 0x00007ffa2a49d280
    arg 1: 0x00000096462ff5f0
~~2120~~ ntdll.dll!RtlAcquireSRWLockExclusive
    arg -1: 0x000000964613b000 (name=retval, type=void, size=0x8)
~~2120~~ ntdll.dll!RtlReleaseSRWLockExclusive
    arg 0: 0x00007ffa2a49d280
    arg 1: 0x0000024ef16d5640
~~2120~~ ntdll.dll!RtlReleaseSRWLockExclusive
    arg -1: 0x0000000000000001 (name=retval, type=void, size=0x8)
~~2120~~ ntdll.dll!memset
    arg 0: 0x00000096462ff4b0
    arg 1: 0x0000000000000000
~~2120~~ ntdll.dll!memset
    arg -1: 0x00000096462ff4b0 (name=retval, type=void, size=0x8)
~~2120~~ ntdll.dll!RtlImageNtHeaderEx
    arg 0: 0x0000000000000001
    arg 1: 0x00007ffa27fc0000
~~2120~~ ntdll.dll!RtlImageNtHeaderEx
    arg -1: 0x0000000000000000 (name=retval, type=void, size=0x8)
~~2120~~ ntdll.dll!LdrControlFlowGuardEnforced
    arg 0: 0x00007ffa28027a30
    arg 1: 0x000000000000036e
~~2120~~ ntdll.dll!LdrControlFlowGuardEnforced
    arg -1: 0x0000000000000000 (name=retval, type=void, size=0x8)
~~2120~~ ntdll.dll!LdrControlFlowGuardEnforced
    arg 0: 0x0000024ef16d6110
    arg 1: 0x000000000000036e
~~2120~~ ntdll.dll!LdrControlFlowGuardEnforced
    arg -1: 0x0000000000000000 (name=retval, type=void, size=0x8)
~~2120~~ ntdll.dll!LdrGetProcedureAddressForCaller
    arg -1: 0x0000000000000000 (name=retval, type=void, size=0x8)
~~2120~~ KERNELBASE.dll!GetProcAddressForCaller
    arg -1: 0x00007ffa28027a30 (name=retval, type=void, size=0x8)
~~2120~~ KERNEL32.dll!GetProcAddress
    arg -1: 0x00007ffa28027a30 (name=retval, type=void, size=0x8)
~~2120~~ KERNELBASE.dll!InitializeCriticalSectionEx
    arg 1: 0xfa0 (type=DWORD, size=0x4)
    arg 2: 0x0 (type=DWORD, size=0x4)
~~2120~~ ntdll.dll!RtlInitializeCriticalSectionEx
    arg 0: 0x00007ff76f115b20
    arg 1: 0x0000000000000fa0
~~2120~~ ntdll.dll!RtlInitializeCriticalSectionEx
    arg -1: 0x0000000000000000 (name=retval, type=void, size=0x8)
~~2120~~ KERNELBASE.dll!InitializeCriticalSectionEx
    arg -1: 0x0000000000000001 (type=BOOL, size=0x4)
~~2120~~ KERNELBASE.dll!InitializeCriticalSectionEx
    arg 1: 0xfa0 (type=DWORD, size=0x4)
    arg 2: 0x0 (type=DWORD, size=0x4)
~~2120~~ ntdll.dll!RtlInitializeCriticalSectionEx
    arg 0: 0x00007ff76f115b48
    arg 1: 0x0000000000000fa0
~~2120~~ ntdll.dll!RtlInitializeCriticalSectionEx
    arg -1: 0x0000000000000000 (name=retval, type=void, size=0x8)
~~2120~~ KERNELBASE.dll!InitializeCriticalSectionEx
    arg -1: 0x0000000000000001 (type=BOOL, size=0x4)
~~2120~~ KERNELBASE.dll!InitializeCriticalSectionEx
    arg 1: 0xfa0 (type=DWORD, size=0x4)
    arg 2: 0x0 (type=DWORD, size=0x4)
~~2120~~ ntdll.dll!RtlInitializeCriticalSectionEx
    arg 0: 0x00007ff76f115b70
    arg 1: 0x0000000000000fa0
~~2120~~ ntdll.dll!RtlInitializeCriticalSectionEx
    arg -1: 0x0000000000000000 (name=retval, type=void, size=0x8)
~~2120~~ KERNELBASE.dll!InitializeCriticalSectionEx
    arg -1: 0x0000000000000001 (type=BOOL, size=0x4)
~~2120~~ KERNELBASE.dll!InitializeCriticalSectionEx
    arg 1: 0xfa0 (type=DWORD, size=0x4)
    arg 2: 0x0 (type=DWORD, size=0x4)
~~2120~~ ntdll.dll!RtlInitializeCriticalSectionEx
    arg 0: 0x00007ff76f115b98
    arg 1: 0x0000000000000fa0
~~2120~~ ntdll.dll!RtlInitializeCriticalSectionEx
    arg -1: 0x0000000000000000 (name=retval, type=void, size=0x8)
~~2120~~ KERNELBASE.dll!InitializeCriticalSectionEx
    arg -1: 0x0000000000000001 (type=BOOL, size=0x4)
~~2120~~ KERNELBASE.dll!InitializeCriticalSectionEx
    arg 1: 0xfa0 (type=DWORD, size=0x4)
    arg 2: 0x0 (type=DWORD, size=0x4)
~~2120~~ ntdll.dll!RtlInitializeCriticalSectionEx
    arg 0: 0x00007ff76f115bc0
    arg 1: 0x0000000000000fa0
~~2120~~ ntdll.dll!RtlInitializeCriticalSectionEx
    arg -1: 0x0000000000000000 (name=retval, type=void, size=0x8)
~~2120~~ KERNELBASE.dll!InitializeCriticalSectionEx
    arg -1: 0x0000000000000001 (type=BOOL, size=0x4)
~~2120~~ KERNELBASE.dll!InitializeCriticalSectionEx
    arg 1: 0xfa0 (type=DWORD, size=0x4)
    arg 2: 0x0 (type=DWORD, size=0x4)
~~2120~~ ntdll.dll!RtlInitializeCriticalSectionEx
    arg 0: 0x00007ff76f115be8
    arg 1: 0x0000000000000fa0
~~2120~~ ntdll.dll!RtlInitializeCriticalSectionEx
    arg -1: 0x0000000000000000 (name=retval, type=void, size=0x8)
~~2120~~ KERNELBASE.dll!InitializeCriticalSectionEx
    arg -1: 0x0000000000000001 (type=BOOL, size=0x4)
~~2120~~ KERNELBASE.dll!InitializeCriticalSectionEx
    arg 1: 0xfa0 (type=DWORD, size=0x4)
    arg 2: 0x0 (type=DWORD, size=0x4)
~~2120~~ ntdll.dll!RtlInitializeCriticalSectionEx
    arg 0: 0x00007ff76f115c10
    arg 1: 0x0000000000000fa0
~~2120~~ ntdll.dll!RtlInitializeCriticalSectionEx
    arg -1: 0x0000000000000000 (name=retval, type=void, size=0x8)
~~2120~~ KERNELBASE.dll!InitializeCriticalSectionEx
    arg -1: 0x0000000000000001 (type=BOOL, size=0x4)
~~2120~~ KERNELBASE.dll!InitializeCriticalSectionEx
    arg 1: 0xfa0 (type=DWORD, size=0x4)
    arg 2: 0x0 (type=DWORD, size=0x4)
~~2120~~ ntdll.dll!RtlInitializeCriticalSectionEx
    arg 0: 0x00007ff76f115c38
    arg 1: 0x0000000000000fa0
~~2120~~ ntdll.dll!RtlInitializeCriticalSectionEx
    arg -1: 0x0000000000000000 (name=retval, type=void, size=0x8)
~~2120~~ KERNELBASE.dll!InitializeCriticalSectionEx
    arg -1: 0x0000000000000001 (type=BOOL, size=0x4)
~~2120~~ KERNELBASE.dll!InitializeCriticalSectionEx
    arg 1: 0xfa0 (type=DWORD, size=0x4)
    arg 2: 0x0 (type=DWORD, size=0x4)
~~2120~~ ntdll.dll!RtlInitializeCriticalSectionEx
    arg 0: 0x00007ff76f115c60
    arg 1: 0x0000000000000fa0
~~2120~~ ntdll.dll!RtlInitializeCriticalSectionEx
    arg -1: 0x0000000000000000 (name=retval, type=void, size=0x8)
~~2120~~ KERNELBASE.dll!InitializeCriticalSectionEx
    arg -1: 0x0000000000000001 (type=BOOL, size=0x4)
~~2120~~ KERNELBASE.dll!InitializeCriticalSectionEx
    arg 1: 0xfa0 (type=DWORD, size=0x4)
    arg 2: 0x0 (type=DWORD, size=0x4)
~~2120~~ ntdll.dll!RtlInitializeCriticalSectionEx
    arg 0: 0x00007ff76f115c88
    arg 1: 0x0000000000000fa0
~~2120~~ ntdll.dll!RtlInitializeCriticalSectionEx
    arg -1: 0x0000000000000000 (name=retval, type=void, size=0x8)
~~2120~~ KERNELBASE.dll!InitializeCriticalSectionEx
    arg -1: 0x0000000000000001 (type=BOOL, size=0x4)
~~2120~~ KERNELBASE.dll!InitializeCriticalSectionEx
    arg 1: 0xfa0 (type=DWORD, size=0x4)
    arg 2: 0x0 (type=DWORD, size=0x4)
~~2120~~ ntdll.dll!RtlInitializeCriticalSectionEx
    arg 0: 0x00007ff76f115cb0
    arg 1: 0x0000000000000fa0
~~2120~~ ntdll.dll!RtlInitializeCriticalSectionEx
    arg -1: 0x0000000000000000 (name=retval, type=void, size=0x8)
~~2120~~ KERNELBASE.dll!InitializeCriticalSectionEx
    arg -1: 0x0000000000000001 (type=BOOL, size=0x4)
~~2120~~ KERNELBASE.dll!InitializeCriticalSectionEx
    arg 1: 0xfa0 (type=DWORD, size=0x4)
    arg 2: 0x0 (type=DWORD, size=0x4)
~~2120~~ ntdll.dll!RtlInitializeCriticalSectionEx
    arg 0: 0x00007ff76f115cd8
    arg 1: 0x0000000000000fa0
~~2120~~ ntdll.dll!RtlInitializeCriticalSectionEx
    arg -1: 0x0000000000000000 (name=retval, type=void, size=0x8)
~~2120~~ KERNELBASE.dll!InitializeCriticalSectionEx
    arg -1: 0x0000000000000001 (type=BOOL, size=0x4)
~~2120~~ KERNELBASE.dll!InitializeCriticalSectionEx
    arg 1: 0xfa0 (type=DWORD, size=0x4)
    arg 2: 0x0 (type=DWORD, size=0x4)
~~2120~~ ntdll.dll!RtlInitializeCriticalSectionEx
    arg 0: 0x00007ff76f115d00
    arg 1: 0x0000000000000fa0
~~2120~~ ntdll.dll!RtlInitializeCriticalSectionEx
    arg -1: 0x0000000000000000 (name=retval, type=void, size=0x8)
~~2120~~ KERNELBASE.dll!InitializeCriticalSectionEx
    arg -1: 0x0000000000000001 (type=BOOL, size=0x4)
~~2120~~ KERNELBASE.dll!InitializeCriticalSectionEx
    arg 1: 0xfa0 (type=DWORD, size=0x4)
    arg 2: 0x0 (type=DWORD, size=0x4)
~~2120~~ ntdll.dll!RtlInitializeCriticalSectionEx
    arg 0: 0x00007ff76f115d28
    arg 1: 0x0000000000000fa0
~~2120~~ ntdll.dll!RtlInitializeCriticalSectionEx
    arg -1: 0x0000000000000000 (name=retval, type=void, size=0x8)
~~2120~~ KERNELBASE.dll!InitializeCriticalSectionEx
    arg -1: 0x0000000000000001 (type=BOOL, size=0x4)
~~2120~~ KERNEL32.dll!GetProcessHeap
    arg 0: 0xcc0aa5d0e0720000 (type=void, size=0x0)
~~2120~~ KERNELBASE.dll!GetProcessHeap
    arg 0: 0xcc0aa5d0e0720000 (type=void, size=0x0)
~~2120~~ KERNELBASE.dll!GetProcessHeap
    arg -1: 0x0000024ef16d0000 (type=HANDLE, size=0x8)
~~2120~~ KERNEL32.dll!GetProcessHeap
    arg -1: 0x0000024ef16d0000 (type=HANDLE, size=0x8)
~~2120~~ KERNEL32.dll!FlsAlloc
    arg 0: 0x00007ff76f0fd85c (type=<unknown>*, size=0x0)
~~2120~~ KERNELBASE.dll!FlsAlloc
    arg 0: 0x00007ff76f0fd85c (type=<unknown>*, size=0x0)
~~2120~~ ntdll.dll!RtlFlsAlloc
    arg 0: 0x00007ff76f0fd85c
    arg 1: 0x00000096462ff7c8
~~2120~~ ntdll.dll!RtlAcquireSRWLockExclusive
    arg 0: 0x00007ffa2a49d2f0
    arg 1: 0x00000096462ff7c8
~~2120~~ ntdll.dll!RtlAcquireSRWLockExclusive
    arg -1: 0x00000096462ff788 (name=retval, type=void, size=0x8)
~~2120~~ ntdll.dll!RtlReleaseSRWLockExclusive
    arg 0: 0x00007ffa2a49d2f0
    arg 1: 0x0000000000000013
~~2120~~ ntdll.dll!RtlReleaseSRWLockExclusive
    arg -1: 0x0000000000000001 (name=retval, type=void, size=0x8)
~~2120~~ ntdll.dll!RtlFlsAlloc
    arg -1: 0x0000000000000000 (name=retval, type=void, size=0x8)
~~2120~~ KERNELBASE.dll!FlsAlloc
    arg -1: 0x0000000000000003 (type=DWORD, size=0x4)
~~2120~~ KERNEL32.dll!FlsAlloc
    arg -1: 0x0000000000000003 (type=DWORD, size=0x4)
~~2120~~ KERNEL32.dll!GetLastError
    arg 0: 0x00007ffa2a49d2f0
    arg 1: 0x00000000ffffffff
~~2120~~ KERNELBASE.dll!GetLastError
    arg 0: 0x00007ffa2a49d2f0
    arg 1: 0x00000000ffffffff
~~2120~~ KERNELBASE.dll!GetLastError
    arg -1: 0x0000000000000000 (name=retval, type=void, size=0x8)
~~2120~~ KERNEL32.dll!GetLastError
    arg -1: 0x0000000000000000 (name=retval, type=void, size=0x8)
~~2120~~ KERNEL32.dll!FlsGetValue
    arg 0: 0x3 (type=DWORD, size=0x4)
~~2120~~ KERNELBASE.dll!FlsGetValue
    arg 0: 0x3 (type=DWORD, size=0x4)
~~2120~~ ntdll.dll!RtlFlsGetValue
    arg 0: 0x0000000000000003
    arg 1: 0x00000096462ff798
~~2120~~ ntdll.dll!RtlFlsGetValue
    arg -1: 0x0000000000000000 (name=retval, type=void, size=0x8)
~~2120~~ KERNELBASE.dll!FlsGetValue
    arg -1: 0x0000000000000000 (type=void, size=0x8)
~~2120~~ KERNEL32.dll!FlsGetValue
    arg -1: 0x0000000000000000 (type=void, size=0x8)
~~2120~~ KERNEL32.dll!FlsSetValue
    arg 0: 0x3 (type=DWORD, size=0x4)
    arg 1: 0xffffffffffffffff => 0x0000000000000000 (type=void*, size=0x0)
~~2120~~ KERNELBASE.dll!FlsSetValue
    arg 0: 0x3 (type=DWORD, size=0x4)
    arg 1: 0xffffffffffffffff => 0x0000000000000000 (type=void*, size=0x0)
~~2120~~ ntdll.dll!RtlFlsSetValue
    arg 0: 0x0000000000000003
    arg 1: 0xffffffffffffffff
~~2120~~ ntdll.dll!RtlFlsSetValue
    arg -1: 0x0000000000000000 (name=retval, type=void, size=0x8)
~~2120~~ KERNELBASE.dll!FlsSetValue
    arg -1: 0x0000000000000001 (type=BOOL, size=0x4)
~~2120~~ KERNEL32.dll!FlsSetValue
    arg -1: 0x0000000000000001 (type=BOOL, size=0x4)
~~2120~~ ntdll.dll!RtlAllocateHeap
    arg 0: 0x0000024ef16d0000
    arg 1: 0x0000000000000008
~~2120~~ ntdll.dll!RtlLeaveCriticalSection
    arg 0: 0x0000024ef16d02c0
    arg 1: 0x0000000000000001
~~2120~~ ntdll.dll!RtlLeaveCriticalSection
    arg -1: 0x0000000000000000 (name=retval, type=void, size=0x8)
~~2120~~ ntdll.dll!memset
    arg 0: 0x0000024ef16e86f0
    arg 1: 0x0000000000000000
~~2120~~ ntdll.dll!memset
    arg -1: 0x0000024ef16e86f0 (name=retval, type=void, size=0x8)
~~2120~~ ntdll.dll!RtlAllocateHeap
    arg -1: 0x0000024ef16e86f0 (name=retval, type=void, size=0x8)
~~2120~~ KERNEL32.dll!FlsSetValue
    arg 0: 0x3 (type=DWORD, size=0x4)
    arg 1: 0x0000024ef16e86f0 => 0x0000000000000000 (type=void*, size=0x0)
~~2120~~ KERNELBASE.dll!FlsSetValue
    arg 0: 0x3 (type=DWORD, size=0x4)
    arg 1: 0x0000024ef16e86f0 => 0x0000000000000000 (type=void*, size=0x0)
~~2120~~ ntdll.dll!RtlFlsSetValue
    arg 0: 0x0000000000000003
    arg 1: 0x0000024ef16e86f0
~~2120~~ ntdll.dll!RtlFlsSetValue
    arg -1: 0x0000000000000000 (name=retval, type=void, size=0x8)
~~2120~~ KERNELBASE.dll!FlsSetValue
    arg -1: 0x0000000000000001 (type=BOOL, size=0x4)
~~2120~~ KERNEL32.dll!FlsSetValue
    arg -1: 0x0000000000000001 (type=BOOL, size=0x4)
~~2120~~ ntdll.dll!RtlEnterCriticalSection
    arg 0: 0x00007ff76f115be8
    arg 1: 0x00000096462ff7a8
~~2120~~ ntdll.dll!RtlEnterCriticalSection
    arg -1: 0x0000000000000000 (name=retval, type=void, size=0x8)
~~2120~~ ntdll.dll!RtlLeaveCriticalSection
    arg 0: 0x00007ff76f115be8
    arg 1: 0x00000096462ff7a8
~~2120~~ ntdll.dll!RtlLeaveCriticalSection
    arg -1: 0x0000000000000000 (name=retval, type=void, size=0x8)
~~2120~~ ntdll.dll!RtlEnterCriticalSection
    arg 0: 0x00007ff76f115bc0
    arg 1: 0x00000096462ff754
~~2120~~ ntdll.dll!RtlEnterCriticalSection
    arg -1: 0x0000000000000000 (name=retval, type=void, size=0x8)
~~2120~~ ntdll.dll!RtlLeaveCriticalSection
    arg 0: 0x00007ff76f115bc0
    arg 1: 0x00007ff76f114358
~~2120~~ ntdll.dll!RtlLeaveCriticalSection
    arg -1: 0x0000000000000000 (name=retval, type=void, size=0x8)
~~2120~~ KERNEL32.dll!SetLastError
    arg 0: 0x0 (type=DWORD, size=0x4)
~~2120~~ ntdll.dll!RtlSetLastWin32Error
    arg 0: 0x0000000000000000
    arg 1: 0x00007ff76f114358
~~2120~~ ntdll.dll!RtlSetLastWin32Error
    arg -1: 0x000000964613b000 (name=retval, type=void, size=0x8)
~~2120~~ KERNEL32.dll!SetLastError
    arg -1: 0x000000964613b000 (type=void, size=0x8)
~~2120~~ ntdll.dll!RtlEnterCriticalSection
    arg 0: 0x00007ff76f115c38
    arg 1: 0x0000000000000000
~~2120~~ ntdll.dll!RtlEnterCriticalSection
    arg -1: 0x0000000000000000 (name=retval, type=void, size=0x8)
~~2120~~ ntdll.dll!RtlEnterCriticalSection
    arg 0: 0x00007ff76f115c38
    arg 1: 0x0000000000000000
~~2120~~ ntdll.dll!RtlEnterCriticalSection
    arg -1: 0x0000000000000000 (name=retval, type=void, size=0x8)
~~2120~~ ntdll.dll!RtlAllocateHeap
    arg 0: 0x0000024ef16d0000
    arg 1: 0x0000000000000008
~~2120~~ ntdll.dll!ZwAllocateVirtualMemory
    arg 0: 0xffffffffffffffff
    arg 1: 0x00000096462ff330
~~2120~~ ntdll.dll!ZwAllocateVirtualMemory
    arg -1: 0x0000000000000000 (name=retval, type=void, size=0x8)
~~2120~~ ntdll.dll!RtlGetCurrentServiceSessionId
    arg 0: 0x00007ff6ef134042
    arg 1: 0x0000000000000000
~~2120~~ ntdll.dll!RtlGetCurrentServiceSessionId
    arg -1: 0x0000000000000000 (name=retval, type=void, size=0x8)
~~2120~~ ntdll.dll!RtlGetCurrentServiceSessionId
    arg 0: 0x0000024ef16d0000
    arg 1: 0x0000024ef16d0000
~~2120~~ ntdll.dll!RtlGetCurrentServiceSessionId
    arg -1: 0x0000000000000000 (name=retval, type=void, size=0x8)
~~2120~~ ntdll.dll!RtlGetCurrentServiceSessionId
    arg 0: 0x000000007ffe0380
    arg 1: 0x0000024ef16d0000
~~2120~~ ntdll.dll!RtlGetCurrentServiceSessionId
    arg -1: 0x0000000000000000 (name=retval, type=void, size=0x8)
~~2120~~ ntdll.dll!RtlLeaveCriticalSection
    arg 0: 0x0000024ef16d02c0
    arg 1: 0x0000000000000001
~~2120~~ ntdll.dll!RtlLeaveCriticalSection
    arg -1: 0x0000000000000000 (name=retval, type=void, size=0x8)
~~2120~~ ntdll.dll!memset
    arg 0: 0x0000024ef16e8ac0
    arg 1: 0x0000000000000000
~~2120~~ ntdll.dll!memset
    arg -1: 0x0000024ef16e8ac0 (name=retval, type=void, size=0x8)
~~2120~~ ntdll.dll!RtlAllocateHeap
    arg -1: 0x0000024ef16e8ac0 (name=retval, type=void, size=0x8)
~~2120~~ KERNELBASE.dll!InitializeCriticalSectionEx
    arg 1: 0xfa0 (type=DWORD, size=0x4)
    arg 2: 0x0 (type=DWORD, size=0x4)
~~2120~~ ntdll.dll!RtlInitializeCriticalSectionEx
    arg 0: 0x0000024ef16e8ac0
    arg 1: 0x0000000000000fa0
~~2120~~ ntdll.dll!RtlInitializeCriticalSectionEx
    arg -1: 0x0000000000000000 (name=retval, type=void, size=0x8)
~~2120~~ KERNELBASE.dll!InitializeCriticalSectionEx
    arg -1: 0x0000000000000001 (type=BOOL, size=0x4)
~~2120~~ KERNELBASE.dll!InitializeCriticalSectionEx
    arg 1: 0xfa0 (type=DWORD, size=0x4)
    arg 2: 0x0 (type=DWORD, size=0x4)
~~2120~~ ntdll.dll!RtlInitializeCriticalSectionEx
    arg 0: 0x0000024ef16e8b08
    arg 1: 0x0000000000000fa0
~~2120~~ ntdll.dll!RtlInitializeCriticalSectionEx
    arg -1: 0x0000000000000000 (name=retval, type=void, size=0x8)
~~2120~~ KERNELBASE.dll!InitializeCriticalSectionEx
    arg -1: 0x0000000000000001 (type=BOOL, size=0x4)
~~2120~~ KERNELBASE.dll!InitializeCriticalSectionEx
    arg 1: 0xfa0 (type=DWORD, size=0x4)
    arg 2: 0x0 (type=DWORD, size=0x4)
~~2120~~ ntdll.dll!RtlInitializeCriticalSectionEx
    arg 0: 0x0000024ef16e8b50
    arg 1: 0x0000000000000fa0
~~2120~~ ntdll.dll!RtlInitializeCriticalSectionEx
    arg -1: 0x0000000000000000 (name=retval, type=void, size=0x8)
~~2120~~ KERNELBASE.dll!InitializeCriticalSectionEx
    arg -1: 0x0000000000000001 (type=BOOL, size=0x4)
~~2120~~ KERNELBASE.dll!InitializeCriticalSectionEx
    arg 1: 0xfa0 (type=DWORD, size=0x4)
    arg 2: 0x0 (type=DWORD, size=0x4)
~~2120~~ ntdll.dll!RtlInitializeCriticalSectionEx
    arg 0: 0x0000024ef16e8b98
    arg 1: 0x0000000000000fa0
~~2120~~ ntdll.dll!RtlInitializeCriticalSectionEx
    arg -1: 0x0000000000000000 (name=retval, type=void, size=0x8)
~~2120~~ KERNELBASE.dll!InitializeCriticalSectionEx
    arg -1: 0x0000000000000001 (type=BOOL, size=0x4)
~~2120~~ KERNELBASE.dll!InitializeCriticalSectionEx
    arg 1: 0xfa0 (type=DWORD, size=0x4)
    arg 2: 0x0 (type=DWORD, size=0x4)
~~2120~~ ntdll.dll!RtlInitializeCriticalSectionEx
    arg 0: 0x0000024ef16e8be0
    arg 1: 0x0000000000000fa0
~~2120~~ ntdll.dll!RtlInitializeCriticalSectionEx
    arg -1: 0x0000000000000000 (name=retval, type=void, size=0x8)
~~2120~~ KERNELBASE.dll!InitializeCriticalSectionEx
    arg -1: 0x0000000000000001 (type=BOOL, size=0x4)
~~2120~~ KERNELBASE.dll!InitializeCriticalSectionEx
    arg 1: 0xfa0 (type=DWORD, size=0x4)
    arg 2: 0x0 (type=DWORD, size=0x4)
~~2120~~ ntdll.dll!RtlInitializeCriticalSectionEx
    arg 0: 0x0000024ef16e8c28
    arg 1: 0x0000000000000fa0
~~2120~~ ntdll.dll!RtlInitializeCriticalSectionEx
    arg -1: 0x0000000000000000 (name=retval, type=void, size=0x8)
~~2120~~ KERNELBASE.dll!InitializeCriticalSectionEx
    arg -1: 0x0000000000000001 (type=BOOL, size=0x4)
~~2120~~ KERNELBASE.dll!InitializeCriticalSectionEx
    arg 1: 0xfa0 (type=DWORD, size=0x4)
    arg 2: 0x0 (type=DWORD, size=0x4)
~~2120~~ ntdll.dll!RtlInitializeCriticalSectionEx
    arg 0: 0x0000024ef16e8c70
    arg 1: 0x0000000000000fa0
~~2120~~ ntdll.dll!RtlInitializeCriticalSectionEx
    arg -1: 0x0000000000000000 (name=retval, type=void, size=0x8)
~~2120~~ KERNELBASE.dll!InitializeCriticalSectionEx
    arg -1: 0x0000000000000001 (type=BOOL, size=0x4)
~~2120~~ KERNELBASE.dll!InitializeCriticalSectionEx
    arg 1: 0xfa0 (type=DWORD, size=0x4)
    arg 2: 0x0 (type=DWORD, size=0x4)
~~2120~~ ntdll.dll!RtlInitializeCriticalSectionEx
    arg 0: 0x0000024ef16e8cb8
    arg 1: 0x0000000000000fa0
~~2120~~ ntdll.dll!RtlInitializeCriticalSectionEx
    arg -1: 0x0000000000000000 (name=retval, type=void, size=0x8)
~~2120~~ KERNELBASE.dll!InitializeCriticalSectionEx
    arg -1: 0x0000000000000001 (type=BOOL, size=0x4)
~~2120~~ KERNELBASE.dll!InitializeCriticalSectionEx
    arg 1: 0xfa0 (type=DWORD, size=0x4)
    arg 2: 0x0 (type=DWORD, size=0x4)
~~2120~~ ntdll.dll!RtlInitializeCriticalSectionEx
    arg 0: 0x0000024ef16e8d00
    arg 1: 0x0000000000000fa0
~~2120~~ ntdll.dll!RtlInitializeCriticalSectionEx
    arg -1: 0x0000000000000000 (name=retval, type=void, size=0x8)
~~2120~~ KERNELBASE.dll!InitializeCriticalSectionEx
    arg -1: 0x0000000000000001 (type=BOOL, size=0x4)
~~2120~~ KERNELBASE.dll!InitializeCriticalSectionEx
    arg 1: 0xfa0 (type=DWORD, size=0x4)
    arg 2: 0x0 (type=DWORD, size=0x4)
~~2120~~ ntdll.dll!RtlInitializeCriticalSectionEx
    arg 0: 0x0000024ef16e8d48
    arg 1: 0x0000000000000fa0
~~2120~~ ntdll.dll!RtlInitializeCriticalSectionEx
    arg -1: 0x0000000000000000 (name=retval, type=void, size=0x8)
~~2120~~ KERNELBASE.dll!InitializeCriticalSectionEx
    arg -1: 0x0000000000000001 (type=BOOL, size=0x4)
~~2120~~ KERNELBASE.dll!InitializeCriticalSectionEx
    arg 1: 0xfa0 (type=DWORD, size=0x4)
    arg 2: 0x0 (type=DWORD, size=0x4)
~~2120~~ ntdll.dll!RtlInitializeCriticalSectionEx
    arg 0: 0x0000024ef16e8d90
    arg 1: 0x0000000000000fa0
~~2120~~ ntdll.dll!RtlInitializeCriticalSectionEx
    arg -1: 0x0000000000000000 (name=retval, type=void, size=0x8)
~~2120~~ KERNELBASE.dll!InitializeCriticalSectionEx
    arg -1: 0x0000000000000001 (type=BOOL, size=0x4)
~~2120~~ KERNELBASE.dll!InitializeCriticalSectionEx
    arg 1: 0xfa0 (type=DWORD, size=0x4)
    arg 2: 0x0 (type=DWORD, size=0x4)
~~2120~~ ntdll.dll!RtlInitializeCriticalSectionEx
    arg 0: 0x0000024ef16e8dd8
    arg 1: 0x0000000000000fa0
~~2120~~ ntdll.dll!RtlInitializeCriticalSectionEx
    arg -1: 0x0000000000000000 (name=retval, type=void, size=0x8)
~~2120~~ KERNELBASE.dll!InitializeCriticalSectionEx
    arg -1: 0x0000000000000001 (type=BOOL, size=0x4)
~~2120~~ KERNELBASE.dll!InitializeCriticalSectionEx
    arg 1: 0xfa0 (type=DWORD, size=0x4)
    arg 2: 0x0 (type=DWORD, size=0x4)
~~2120~~ ntdll.dll!RtlInitializeCriticalSectionEx
    arg 0: 0x0000024ef16e8e20
    arg 1: 0x0000000000000fa0
~~2120~~ ntdll.dll!RtlInitializeCriticalSectionEx
    arg -1: 0x0000000000000000 (name=retval, type=void, size=0x8)
~~2120~~ KERNELBASE.dll!InitializeCriticalSectionEx
    arg -1: 0x0000000000000001 (type=BOOL, size=0x4)
~~2120~~ KERNELBASE.dll!InitializeCriticalSectionEx
    arg 1: 0xfa0 (type=DWORD, size=0x4)
    arg 2: 0x0 (type=DWORD, size=0x4)
~~2120~~ ntdll.dll!RtlInitializeCriticalSectionEx
    arg 0: 0x0000024ef16e8e68
    arg 1: 0x0000000000000fa0
~~2120~~ ntdll.dll!RtlInitializeCriticalSectionEx
    arg -1: 0x0000000000000000 (name=retval, type=void, size=0x8)
~~2120~~ KERNELBASE.dll!InitializeCriticalSectionEx
    arg -1: 0x0000000000000001 (type=BOOL, size=0x4)
~~2120~~ KERNELBASE.dll!InitializeCriticalSectionEx
    arg 1: 0xfa0 (type=DWORD, size=0x4)
    arg 2: 0x0 (type=DWORD, size=0x4)
~~2120~~ ntdll.dll!RtlInitializeCriticalSectionEx
    arg 0: 0x0000024ef16e8eb0
    arg 1: 0x0000000000000fa0
~~2120~~ ntdll.dll!RtlInitializeCriticalSectionEx
    arg -1: 0x0000000000000000 (name=retval, type=void, size=0x8)
~~2120~~ KERNELBASE.dll!InitializeCriticalSectionEx
    arg -1: 0x0000000000000001 (type=BOOL, size=0x4)
~~2120~~ KERNELBASE.dll!InitializeCriticalSectionEx
    arg 1: 0xfa0 (type=DWORD, size=0x4)
    arg 2: 0x0 (type=DWORD, size=0x4)
~~2120~~ ntdll.dll!RtlInitializeCriticalSectionEx
    arg 0: 0x0000024ef16e8ef8
    arg 1: 0x0000000000000fa0
~~2120~~ ntdll.dll!RtlInitializeCriticalSectionEx
    arg -1: 0x0000000000000000 (name=retval, type=void, size=0x8)
~~2120~~ KERNELBASE.dll!InitializeCriticalSectionEx
    arg -1: 0x0000000000000001 (type=BOOL, size=0x4)
~~2120~~ KERNELBASE.dll!InitializeCriticalSectionEx
    arg 1: 0xfa0 (type=DWORD, size=0x4)
    arg 2: 0x0 (type=DWORD, size=0x4)
~~2120~~ ntdll.dll!RtlInitializeCriticalSectionEx
    arg 0: 0x0000024ef16e8f40
    arg 1: 0x0000000000000fa0
~~2120~~ ntdll.dll!RtlInitializeCriticalSectionEx
    arg -1: 0x0000000000000000 (name=retval, type=void, size=0x8)
~~2120~~ KERNELBASE.dll!InitializeCriticalSectionEx
    arg -1: 0x0000000000000001 (type=BOOL, size=0x4)
~~2120~~ KERNELBASE.dll!InitializeCriticalSectionEx
    arg 1: 0xfa0 (type=DWORD, size=0x4)
    arg 2: 0x0 (type=DWORD, size=0x4)
~~2120~~ ntdll.dll!RtlInitializeCriticalSectionEx
    arg 0: 0x0000024ef16e8f88
    arg 1: 0x0000000000000fa0
~~2120~~ ntdll.dll!RtlInitializeCriticalSectionEx
    arg -1: 0x0000000000000000 (name=retval, type=void, size=0x8)
~~2120~~ KERNELBASE.dll!InitializeCriticalSectionEx
    arg -1: 0x0000000000000001 (type=BOOL, size=0x4)
~~2120~~ KERNELBASE.dll!InitializeCriticalSectionEx
    arg 1: 0xfa0 (type=DWORD, size=0x4)
    arg 2: 0x0 (type=DWORD, size=0x4)
~~2120~~ ntdll.dll!RtlInitializeCriticalSectionEx
    arg 0: 0x0000024ef16e8fd0
    arg 1: 0x0000000000000fa0
~~2120~~ ntdll.dll!RtlInitializeCriticalSectionEx
    arg -1: 0x0000000000000000 (name=retval, type=void, size=0x8)
~~2120~~ KERNELBASE.dll!InitializeCriticalSectionEx
    arg -1: 0x0000000000000001 (type=BOOL, size=0x4)
~~2120~~ KERNELBASE.dll!InitializeCriticalSectionEx
    arg 1: 0xfa0 (type=DWORD, size=0x4)
    arg 2: 0x0 (type=DWORD, size=0x4)
~~2120~~ ntdll.dll!RtlInitializeCriticalSectionEx
    arg 0: 0x0000024ef16e9018
    arg 1: 0x0000000000000fa0
~~2120~~ ntdll.dll!RtlInitializeCriticalSectionEx
    arg -1: 0x0000000000000000 (name=retval, type=void, size=0x8)
~~2120~~ KERNELBASE.dll!InitializeCriticalSectionEx
    arg -1: 0x0000000000000001 (type=BOOL, size=0x4)
~~2120~~ KERNELBASE.dll!InitializeCriticalSectionEx
    arg 1: 0xfa0 (type=DWORD, size=0x4)
    arg 2: 0x0 (type=DWORD, size=0x4)
~~2120~~ ntdll.dll!RtlInitializeCriticalSectionEx
    arg 0: 0x0000024ef16e9060
    arg 1: 0x0000000000000fa0
~~2120~~ ntdll.dll!RtlInitializeCriticalSectionEx
    arg -1: 0x0000000000000000 (name=retval, type=void, size=0x8)
~~2120~~ KERNELBASE.dll!InitializeCriticalSectionEx
    arg -1: 0x0000000000000001 (type=BOOL, size=0x4)
~~2120~~ KERNELBASE.dll!InitializeCriticalSectionEx
    arg 1: 0xfa0 (type=DWORD, size=0x4)
    arg 2: 0x0 (type=DWORD, size=0x4)
~~2120~~ ntdll.dll!RtlInitializeCriticalSectionEx
    arg 0: 0x0000024ef16e90a8
    arg 1: 0x0000000000000fa0
~~2120~~ ntdll.dll!RtlInitializeCriticalSectionEx
    arg -1: 0x0000000000000000 (name=retval, type=void, size=0x8)
~~2120~~ KERNELBASE.dll!InitializeCriticalSectionEx
    arg -1: 0x0000000000000001 (type=BOOL, size=0x4)
~~2120~~ KERNELBASE.dll!InitializeCriticalSectionEx
    arg 1: 0xfa0 (type=DWORD, size=0x4)
    arg 2: 0x0 (type=DWORD, size=0x4)
~~2120~~ ntdll.dll!RtlInitializeCriticalSectionEx
    arg 0: 0x0000024ef16e90f0
    arg 1: 0x0000000000000fa0
~~2120~~ ntdll.dll!RtlInitializeCriticalSectionEx
    arg -1: 0x0000000000000000 (name=retval, type=void, size=0x8)
~~2120~~ KERNELBASE.dll!InitializeCriticalSectionEx
    arg -1: 0x0000000000000001 (type=BOOL, size=0x4)
~~2120~~ KERNELBASE.dll!InitializeCriticalSectionEx
    arg 1: 0xfa0 (type=DWORD, size=0x4)
    arg 2: 0x0 (type=DWORD, size=0x4)
~~2120~~ ntdll.dll!RtlInitializeCriticalSectionEx
    arg 0: 0x0000024ef16e9138
    arg 1: 0x0000000000000fa0
~~2120~~ ntdll.dll!RtlInitializeCriticalSectionEx
    arg -1: 0x0000000000000000 (name=retval, type=void, size=0x8)
~~2120~~ KERNELBASE.dll!InitializeCriticalSectionEx
    arg -1: 0x0000000000000001 (type=BOOL, size=0x4)
~~2120~~ KERNELBASE.dll!InitializeCriticalSectionEx
    arg 1: 0xfa0 (type=DWORD, size=0x4)
    arg 2: 0x0 (type=DWORD, size=0x4)
~~2120~~ ntdll.dll!RtlInitializeCriticalSectionEx
    arg 0: 0x0000024ef16e9180
    arg 1: 0x0000000000000fa0
~~2120~~ ntdll.dll!RtlInitializeCriticalSectionEx
    arg -1: 0x0000000000000000 (name=retval, type=void, size=0x8)
~~2120~~ KERNELBASE.dll!InitializeCriticalSectionEx
    arg -1: 0x0000000000000001 (type=BOOL, size=0x4)
~~2120~~ KERNELBASE.dll!InitializeCriticalSectionEx
    arg 1: 0xfa0 (type=DWORD, size=0x4)
    arg 2: 0x0 (type=DWORD, size=0x4)
~~2120~~ ntdll.dll!RtlInitializeCriticalSectionEx
    arg 0: 0x0000024ef16e91c8
    arg 1: 0x0000000000000fa0
~~2120~~ ntdll.dll!RtlInitializeCriticalSectionEx
    arg -1: 0x0000000000000000 (name=retval, type=void, size=0x8)
~~2120~~ KERNELBASE.dll!InitializeCriticalSectionEx
    arg -1: 0x0000000000000001 (type=BOOL, size=0x4)
~~2120~~ KERNELBASE.dll!InitializeCriticalSectionEx
    arg 1: 0xfa0 (type=DWORD, size=0x4)
    arg 2: 0x0 (type=DWORD, size=0x4)
~~2120~~ ntdll.dll!RtlInitializeCriticalSectionEx
    arg 0: 0x0000024ef16e9210
    arg 1: 0x0000000000000fa0
~~2120~~ ntdll.dll!RtlInitializeCriticalSectionEx
    arg -1: 0x0000000000000000 (name=retval, type=void, size=0x8)
~~2120~~ KERNELBASE.dll!InitializeCriticalSectionEx
    arg -1: 0x0000000000000001 (type=BOOL, size=0x4)
~~2120~~ KERNELBASE.dll!InitializeCriticalSectionEx
    arg 1: 0xfa0 (type=DWORD, size=0x4)
    arg 2: 0x0 (type=DWORD, size=0x4)
~~2120~~ ntdll.dll!RtlInitializeCriticalSectionEx
    arg 0: 0x0000024ef16e9258
    arg 1: 0x0000000000000fa0
~~2120~~ ntdll.dll!RtlInitializeCriticalSectionEx
    arg -1: 0x0000000000000000 (name=retval, type=void, size=0x8)
~~2120~~ KERNELBASE.dll!InitializeCriticalSectionEx
    arg -1: 0x0000000000000001 (type=BOOL, size=0x4)
~~2120~~ KERNELBASE.dll!InitializeCriticalSectionEx
    arg 1: 0xfa0 (type=DWORD, size=0x4)
    arg 2: 0x0 (type=DWORD, size=0x4)
~~2120~~ ntdll.dll!RtlInitializeCriticalSectionEx
    arg 0: 0x0000024ef16e92a0
    arg 1: 0x0000000000000fa0
~~2120~~ ntdll.dll!RtlInitializeCriticalSectionEx
    arg -1: 0x0000000000000000 (name=retval, type=void, size=0x8)
~~2120~~ KERNELBASE.dll!InitializeCriticalSectionEx
    arg -1: 0x0000000000000001 (type=BOOL, size=0x4)
~~2120~~ KERNELBASE.dll!InitializeCriticalSectionEx
    arg 1: 0xfa0 (type=DWORD, size=0x4)
    arg 2: 0x0 (type=DWORD, size=0x4)
~~2120~~ ntdll.dll!RtlInitializeCriticalSectionEx
    arg 0: 0x0000024ef16e92e8
    arg 1: 0x0000000000000fa0
~~2120~~ ntdll.dll!RtlInitializeCriticalSectionEx
    arg -1: 0x0000000000000000 (name=retval, type=void, size=0x8)
~~2120~~ KERNELBASE.dll!InitializeCriticalSectionEx
    arg -1: 0x0000000000000001 (type=BOOL, size=0x4)
~~2120~~ KERNELBASE.dll!InitializeCriticalSectionEx
    arg 1: 0xfa0 (type=DWORD, size=0x4)
    arg 2: 0x0 (type=DWORD, size=0x4)
~~2120~~ ntdll.dll!RtlInitializeCriticalSectionEx
    arg 0: 0x0000024ef16e9330
    arg 1: 0x0000000000000fa0
~~2120~~ ntdll.dll!RtlInitializeCriticalSectionEx
    arg -1: 0x0000000000000000 (name=retval, type=void, size=0x8)
~~2120~~ KERNELBASE.dll!InitializeCriticalSectionEx
    arg -1: 0x0000000000000001 (type=BOOL, size=0x4)
~~2120~~ KERNELBASE.dll!InitializeCriticalSectionEx
    arg 1: 0xfa0 (type=DWORD, size=0x4)
    arg 2: 0x0 (type=DWORD, size=0x4)
~~2120~~ ntdll.dll!RtlInitializeCriticalSectionEx
    arg 0: 0x0000024ef16e9378
    arg 1: 0x0000000000000fa0
~~2120~~ ntdll.dll!RtlInitializeCriticalSectionEx
    arg -1: 0x0000000000000000 (name=retval, type=void, size=0x8)
~~2120~~ KERNELBASE.dll!InitializeCriticalSectionEx
    arg -1: 0x0000000000000001 (type=BOOL, size=0x4)
~~2120~~ KERNELBASE.dll!InitializeCriticalSectionEx
    arg 1: 0xfa0 (type=DWORD, size=0x4)
    arg 2: 0x0 (type=DWORD, size=0x4)
~~2120~~ ntdll.dll!RtlInitializeCriticalSectionEx
    arg 0: 0x0000024ef16e93c0
    arg 1: 0x0000000000000fa0
~~2120~~ ntdll.dll!RtlInitializeCriticalSectionEx
    arg -1: 0x0000000000000000 (name=retval, type=void, size=0x8)
~~2120~~ KERNELBASE.dll!InitializeCriticalSectionEx
    arg -1: 0x0000000000000001 (type=BOOL, size=0x4)
~~2120~~ KERNELBASE.dll!InitializeCriticalSectionEx
    arg 1: 0xfa0 (type=DWORD, size=0x4)
    arg 2: 0x0 (type=DWORD, size=0x4)
~~2120~~ ntdll.dll!RtlInitializeCriticalSectionEx
    arg 0: 0x0000024ef16e9408
    arg 1: 0x0000000000000fa0
~~2120~~ ntdll.dll!RtlInitializeCriticalSectionEx
    arg -1: 0x0000000000000000 (name=retval, type=void, size=0x8)
~~2120~~ KERNELBASE.dll!InitializeCriticalSectionEx
    arg -1: 0x0000000000000001 (type=BOOL, size=0x4)
~~2120~~ KERNELBASE.dll!InitializeCriticalSectionEx
    arg 1: 0xfa0 (type=DWORD, size=0x4)
    arg 2: 0x0 (type=DWORD, size=0x4)
~~2120~~ ntdll.dll!RtlInitializeCriticalSectionEx
    arg 0: 0x0000024ef16e9450
    arg 1: 0x0000000000000fa0
~~2120~~ ntdll.dll!RtlInitializeCriticalSectionEx
    arg -1: 0x0000000000000000 (name=retval, type=void, size=0x8)
~~2120~~ KERNELBASE.dll!InitializeCriticalSectionEx
    arg -1: 0x0000000000000001 (type=BOOL, size=0x4)
~~2120~~ KERNELBASE.dll!InitializeCriticalSectionEx
    arg 1: 0xfa0 (type=DWORD, size=0x4)
    arg 2: 0x0 (type=DWORD, size=0x4)
~~2120~~ ntdll.dll!RtlInitializeCriticalSectionEx
    arg 0: 0x0000024ef16e9498
    arg 1: 0x0000000000000fa0
~~2120~~ ntdll.dll!RtlInitializeCriticalSectionEx
    arg -1: 0x0000000000000000 (name=retval, type=void, size=0x8)
~~2120~~ KERNELBASE.dll!InitializeCriticalSectionEx
    arg -1: 0x0000000000000001 (type=BOOL, size=0x4)
~~2120~~ KERNELBASE.dll!InitializeCriticalSectionEx
    arg 1: 0xfa0 (type=DWORD, size=0x4)
    arg 2: 0x0 (type=DWORD, size=0x4)
~~2120~~ ntdll.dll!RtlInitializeCriticalSectionEx
    arg 0: 0x0000024ef16e94e0
    arg 1: 0x0000000000000fa0
~~2120~~ ntdll.dll!RtlInitializeCriticalSectionEx
    arg -1: 0x0000000000000000 (name=retval, type=void, size=0x8)
~~2120~~ KERNELBASE.dll!InitializeCriticalSectionEx
    arg -1: 0x0000000000000001 (type=BOOL, size=0x4)
~~2120~~ KERNELBASE.dll!InitializeCriticalSectionEx
    arg 1: 0xfa0 (type=DWORD, size=0x4)
    arg 2: 0x0 (type=DWORD, size=0x4)
~~2120~~ ntdll.dll!RtlInitializeCriticalSectionEx
    arg 0: 0x0000024ef16e9528
    arg 1: 0x0000000000000fa0
~~2120~~ ntdll.dll!RtlInitializeCriticalSectionEx
    arg -1: 0x0000000000000000 (name=retval, type=void, size=0x8)
~~2120~~ KERNELBASE.dll!InitializeCriticalSectionEx
    arg -1: 0x0000000000000001 (type=BOOL, size=0x4)
~~2120~~ KERNELBASE.dll!InitializeCriticalSectionEx
    arg 1: 0xfa0 (type=DWORD, size=0x4)
    arg 2: 0x0 (type=DWORD, size=0x4)
~~2120~~ ntdll.dll!RtlInitializeCriticalSectionEx
    arg 0: 0x0000024ef16e9570
    arg 1: 0x0000000000000fa0
~~2120~~ ntdll.dll!RtlInitializeCriticalSectionEx
    arg -1: 0x0000000000000000 (name=retval, type=void, size=0x8)
~~2120~~ KERNELBASE.dll!InitializeCriticalSectionEx
    arg -1: 0x0000000000000001 (type=BOOL, size=0x4)
~~2120~~ KERNELBASE.dll!InitializeCriticalSectionEx
    arg 1: 0xfa0 (type=DWORD, size=0x4)
    arg 2: 0x0 (type=DWORD, size=0x4)
~~2120~~ ntdll.dll!RtlInitializeCriticalSectionEx
    arg 0: 0x0000024ef16e95b8
    arg 1: 0x0000000000000fa0
~~2120~~ ntdll.dll!RtlInitializeCriticalSectionEx
    arg -1: 0x0000000000000000 (name=retval, type=void, size=0x8)
~~2120~~ KERNELBASE.dll!InitializeCriticalSectionEx
    arg -1: 0x0000000000000001 (type=BOOL, size=0x4)
~~2120~~ KERNELBASE.dll!InitializeCriticalSectionEx
    arg 1: 0xfa0 (type=DWORD, size=0x4)
    arg 2: 0x0 (type=DWORD, size=0x4)
~~2120~~ ntdll.dll!RtlInitializeCriticalSectionEx
    arg 0: 0x0000024ef16e9600
    arg 1: 0x0000000000000fa0
~~2120~~ ntdll.dll!RtlInitializeCriticalSectionEx
    arg -1: 0x0000000000000000 (name=retval, type=void, size=0x8)
~~2120~~ KERNELBASE.dll!InitializeCriticalSectionEx
    arg -1: 0x0000000000000001 (type=BOOL, size=0x4)
~~2120~~ KERNELBASE.dll!InitializeCriticalSectionEx
    arg 1: 0xfa0 (type=DWORD, size=0x4)
    arg 2: 0x0 (type=DWORD, size=0x4)
~~2120~~ ntdll.dll!RtlInitializeCriticalSectionEx
    arg 0: 0x0000024ef16e9648
    arg 1: 0x0000000000000fa0
~~2120~~ ntdll.dll!RtlInitializeCriticalSectionEx
    arg -1: 0x0000000000000000 (name=retval, type=void, size=0x8)
~~2120~~ KERNELBASE.dll!InitializeCriticalSectionEx
    arg -1: 0x0000000000000001 (type=BOOL, size=0x4)
~~2120~~ KERNELBASE.dll!InitializeCriticalSectionEx
    arg 1: 0xfa0 (type=DWORD, size=0x4)
    arg 2: 0x0 (type=DWORD, size=0x4)
~~2120~~ ntdll.dll!RtlInitializeCriticalSectionEx
    arg 0: 0x0000024ef16e9690
    arg 1: 0x0000000000000fa0
~~2120~~ ntdll.dll!RtlInitializeCriticalSectionEx
    arg -1: 0x0000000000000000 (name=retval, type=void, size=0x8)
~~2120~~ KERNELBASE.dll!InitializeCriticalSectionEx
    arg -1: 0x0000000000000001 (type=BOOL, size=0x4)
~~2120~~ KERNELBASE.dll!InitializeCriticalSectionEx
    arg 1: 0xfa0 (type=DWORD, size=0x4)
    arg 2: 0x0 (type=DWORD, size=0x4)
~~2120~~ ntdll.dll!RtlInitializeCriticalSectionEx
    arg 0: 0x0000024ef16e96d8
    arg 1: 0x0000000000000fa0
~~2120~~ ntdll.dll!RtlInitializeCriticalSectionEx
    arg -1: 0x0000000000000000 (name=retval, type=void, size=0x8)
~~2120~~ KERNELBASE.dll!InitializeCriticalSectionEx
    arg -1: 0x0000000000000001 (type=BOOL, size=0x4)
~~2120~~ KERNELBASE.dll!InitializeCriticalSectionEx
    arg 1: 0xfa0 (type=DWORD, size=0x4)
    arg 2: 0x0 (type=DWORD, size=0x4)
~~2120~~ ntdll.dll!RtlInitializeCriticalSectionEx
    arg 0: 0x0000024ef16e9720
    arg 1: 0x0000000000000fa0
~~2120~~ ntdll.dll!RtlInitializeCriticalSectionEx
    arg -1: 0x0000000000000000 (name=retval, type=void, size=0x8)
~~2120~~ KERNELBASE.dll!InitializeCriticalSectionEx
    arg -1: 0x0000000000000001 (type=BOOL, size=0x4)
~~2120~~ KERNELBASE.dll!InitializeCriticalSectionEx
    arg 1: 0xfa0 (type=DWORD, size=0x4)
    arg 2: 0x0 (type=DWORD, size=0x4)
~~2120~~ ntdll.dll!RtlInitializeCriticalSectionEx
    arg 0: 0x0000024ef16e9768
    arg 1: 0x0000000000000fa0
~~2120~~ ntdll.dll!RtlInitializeCriticalSectionEx
    arg -1: 0x0000000000000000 (name=retval, type=void, size=0x8)
~~2120~~ KERNELBASE.dll!InitializeCriticalSectionEx
    arg -1: 0x0000000000000001 (type=BOOL, size=0x4)
~~2120~~ KERNELBASE.dll!InitializeCriticalSectionEx
    arg 1: 0xfa0 (type=DWORD, size=0x4)
    arg 2: 0x0 (type=DWORD, size=0x4)
~~2120~~ ntdll.dll!RtlInitializeCriticalSectionEx
    arg 0: 0x0000024ef16e97b0
    arg 1: 0x0000000000000fa0
~~2120~~ ntdll.dll!RtlInitializeCriticalSectionEx
    arg -1: 0x0000000000000000 (name=retval, type=void, size=0x8)
~~2120~~ KERNELBASE.dll!InitializeCriticalSectionEx
    arg -1: 0x0000000000000001 (type=BOOL, size=0x4)
~~2120~~ KERNELBASE.dll!InitializeCriticalSectionEx
    arg 1: 0xfa0 (type=DWORD, size=0x4)
    arg 2: 0x0 (type=DWORD, size=0x4)
~~2120~~ ntdll.dll!RtlInitializeCriticalSectionEx
    arg 0: 0x0000024ef16e97f8
    arg 1: 0x0000000000000fa0
~~2120~~ ntdll.dll!RtlInitializeCriticalSectionEx
    arg -1: 0x0000000000000000 (name=retval, type=void, size=0x8)
~~2120~~ KERNELBASE.dll!InitializeCriticalSectionEx
    arg -1: 0x0000000000000001 (type=BOOL, size=0x4)
~~2120~~ KERNELBASE.dll!InitializeCriticalSectionEx
    arg 1: 0xfa0 (type=DWORD, size=0x4)
    arg 2: 0x0 (type=DWORD, size=0x4)
~~2120~~ ntdll.dll!RtlInitializeCriticalSectionEx
    arg 0: 0x0000024ef16e9840
    arg 1: 0x0000000000000fa0
~~2120~~ ntdll.dll!RtlInitializeCriticalSectionEx
    arg -1: 0x0000000000000000 (name=retval, type=void, size=0x8)
~~2120~~ KERNELBASE.dll!InitializeCriticalSectionEx
    arg -1: 0x0000000000000001 (type=BOOL, size=0x4)
~~2120~~ KERNELBASE.dll!InitializeCriticalSectionEx
    arg 1: 0xfa0 (type=DWORD, size=0x4)
    arg 2: 0x0 (type=DWORD, size=0x4)
~~2120~~ ntdll.dll!RtlInitializeCriticalSectionEx
    arg 0: 0x0000024ef16e9888
    arg 1: 0x0000000000000fa0
~~2120~~ ntdll.dll!RtlInitializeCriticalSectionEx
    arg -1: 0x0000000000000000 (name=retval, type=void, size=0x8)
~~2120~~ KERNELBASE.dll!InitializeCriticalSectionEx
    arg -1: 0x0000000000000001 (type=BOOL, size=0x4)
~~2120~~ KERNELBASE.dll!InitializeCriticalSectionEx
    arg 1: 0xfa0 (type=DWORD, size=0x4)
    arg 2: 0x0 (type=DWORD, size=0x4)
~~2120~~ ntdll.dll!RtlInitializeCriticalSectionEx
    arg 0: 0x0000024ef16e98d0
    arg 1: 0x0000000000000fa0
~~2120~~ ntdll.dll!RtlInitializeCriticalSectionEx
    arg -1: 0x0000000000000000 (name=retval, type=void, size=0x8)
~~2120~~ KERNELBASE.dll!InitializeCriticalSectionEx
    arg -1: 0x0000000000000001 (type=BOOL, size=0x4)
~~2120~~ KERNELBASE.dll!InitializeCriticalSectionEx
    arg 1: 0xfa0 (type=DWORD, size=0x4)
    arg 2: 0x0 (type=DWORD, size=0x4)
~~2120~~ ntdll.dll!RtlInitializeCriticalSectionEx
    arg 0: 0x0000024ef16e9918
    arg 1: 0x0000000000000fa0
~~2120~~ ntdll.dll!RtlInitializeCriticalSectionEx
    arg -1: 0x0000000000000000 (name=retval, type=void, size=0x8)
~~2120~~ KERNELBASE.dll!InitializeCriticalSectionEx
    arg -1: 0x0000000000000001 (type=BOOL, size=0x4)
~~2120~~ KERNELBASE.dll!InitializeCriticalSectionEx
    arg 1: 0xfa0 (type=DWORD, size=0x4)
    arg 2: 0x0 (type=DWORD, size=0x4)
~~2120~~ ntdll.dll!RtlInitializeCriticalSectionEx
    arg 0: 0x0000024ef16e9960
    arg 1: 0x0000000000000fa0
~~2120~~ ntdll.dll!RtlInitializeCriticalSectionEx
    arg -1: 0x0000000000000000 (name=retval, type=void, size=0x8)
~~2120~~ KERNELBASE.dll!InitializeCriticalSectionEx
    arg -1: 0x0000000000000001 (type=BOOL, size=0x4)
~~2120~~ KERNELBASE.dll!InitializeCriticalSectionEx
    arg 1: 0xfa0 (type=DWORD, size=0x4)
    arg 2: 0x0 (type=DWORD, size=0x4)
~~2120~~ ntdll.dll!RtlInitializeCriticalSectionEx
    arg 0: 0x0000024ef16e99a8
    arg 1: 0x0000000000000fa0
~~2120~~ ntdll.dll!RtlInitializeCriticalSectionEx
    arg -1: 0x0000000000000000 (name=retval, type=void, size=0x8)
~~2120~~ KERNELBASE.dll!InitializeCriticalSectionEx
    arg -1: 0x0000000000000001 (type=BOOL, size=0x4)
~~2120~~ KERNELBASE.dll!InitializeCriticalSectionEx
    arg 1: 0xfa0 (type=DWORD, size=0x4)
    arg 2: 0x0 (type=DWORD, size=0x4)
~~2120~~ ntdll.dll!RtlInitializeCriticalSectionEx
    arg 0: 0x0000024ef16e99f0
    arg 1: 0x0000000000000fa0
~~2120~~ ntdll.dll!RtlInitializeCriticalSectionEx
    arg -1: 0x0000000000000000 (name=retval, type=void, size=0x8)
~~2120~~ KERNELBASE.dll!InitializeCriticalSectionEx
    arg -1: 0x0000000000000001 (type=BOOL, size=0x4)
~~2120~~ KERNELBASE.dll!InitializeCriticalSectionEx
    arg 1: 0xfa0 (type=DWORD, size=0x4)
    arg 2: 0x0 (type=DWORD, size=0x4)
~~2120~~ ntdll.dll!RtlInitializeCriticalSectionEx
    arg 0: 0x0000024ef16e9a38
    arg 1: 0x0000000000000fa0
~~2120~~ ntdll.dll!RtlInitializeCriticalSectionEx
    arg -1: 0x0000000000000000 (name=retval, type=void, size=0x8)
~~2120~~ KERNELBASE.dll!InitializeCriticalSectionEx
    arg -1: 0x0000000000000001 (type=BOOL, size=0x4)
~~2120~~ KERNELBASE.dll!InitializeCriticalSectionEx
    arg 1: 0xfa0 (type=DWORD, size=0x4)
    arg 2: 0x0 (type=DWORD, size=0x4)
~~2120~~ ntdll.dll!RtlInitializeCriticalSectionEx
    arg 0: 0x0000024ef16e9a80
    arg 1: 0x0000000000000fa0
~~2120~~ ntdll.dll!RtlInitializeCriticalSectionEx
    arg -1: 0x0000000000000000 (name=retval, type=void, size=0x8)
~~2120~~ KERNELBASE.dll!InitializeCriticalSectionEx
    arg -1: 0x0000000000000001 (type=BOOL, size=0x4)
~~2120~~ KERNELBASE.dll!InitializeCriticalSectionEx
    arg 1: 0xfa0 (type=DWORD, size=0x4)
    arg 2: 0x0 (type=DWORD, size=0x4)
~~2120~~ ntdll.dll!RtlInitializeCriticalSectionEx
    arg 0: 0x0000024ef16e9ac8
    arg 1: 0x0000000000000fa0
~~2120~~ ntdll.dll!RtlInitializeCriticalSectionEx
    arg -1: 0x0000000000000000 (name=retval, type=void, size=0x8)
~~2120~~ KERNELBASE.dll!InitializeCriticalSectionEx
    arg -1: 0x0000000000000001 (type=BOOL, size=0x4)
~~2120~~ KERNELBASE.dll!InitializeCriticalSectionEx
    arg 1: 0xfa0 (type=DWORD, size=0x4)
    arg 2: 0x0 (type=DWORD, size=0x4)
~~2120~~ ntdll.dll!RtlInitializeCriticalSectionEx
    arg 0: 0x0000024ef16e9b10
    arg 1: 0x0000000000000fa0
~~2120~~ ntdll.dll!RtlInitializeCriticalSectionEx
    arg -1: 0x0000000000000000 (name=retval, type=void, size=0x8)
~~2120~~ KERNELBASE.dll!InitializeCriticalSectionEx
    arg -1: 0x0000000000000001 (type=BOOL, size=0x4)
~~2120~~ KERNELBASE.dll!InitializeCriticalSectionEx
    arg 1: 0xfa0 (type=DWORD, size=0x4)
    arg 2: 0x0 (type=DWORD, size=0x4)
~~2120~~ ntdll.dll!RtlInitializeCriticalSectionEx
    arg 0: 0x0000024ef16e9b58
    arg 1: 0x0000000000000fa0
~~2120~~ ntdll.dll!RtlInitializeCriticalSectionEx
    arg -1: 0x0000000000000000 (name=retval, type=void, size=0x8)
~~2120~~ KERNELBASE.dll!InitializeCriticalSectionEx
    arg -1: 0x0000000000000001 (type=BOOL, size=0x4)
~~2120~~ KERNELBASE.dll!InitializeCriticalSectionEx
    arg 1: 0xfa0 (type=DWORD, size=0x4)
    arg 2: 0x0 (type=DWORD, size=0x4)
~~2120~~ ntdll.dll!RtlInitializeCriticalSectionEx
    arg 0: 0x0000024ef16e9ba0
    arg 1: 0x0000000000000fa0
~~2120~~ ntdll.dll!RtlInitializeCriticalSectionEx
    arg -1: 0x0000000000000000 (name=retval, type=void, size=0x8)
~~2120~~ KERNELBASE.dll!InitializeCriticalSectionEx
    arg -1: 0x0000000000000001 (type=BOOL, size=0x4)
~~2120~~ KERNELBASE.dll!InitializeCriticalSectionEx
    arg 1: 0xfa0 (type=DWORD, size=0x4)
    arg 2: 0x0 (type=DWORD, size=0x4)
~~2120~~ ntdll.dll!RtlInitializeCriticalSectionEx
    arg 0: 0x0000024ef16e9be8
    arg 1: 0x0000000000000fa0
~~2120~~ ntdll.dll!RtlInitializeCriticalSectionEx
    arg -1: 0x0000000000000000 (name=retval, type=void, size=0x8)
~~2120~~ KERNELBASE.dll!InitializeCriticalSectionEx
    arg -1: 0x0000000000000001 (type=BOOL, size=0x4)
~~2120~~ KERNELBASE.dll!InitializeCriticalSectionEx
    arg 1: 0xfa0 (type=DWORD, size=0x4)
    arg 2: 0x0 (type=DWORD, size=0x4)
~~2120~~ ntdll.dll!RtlInitializeCriticalSectionEx
    arg 0: 0x0000024ef16e9c30
    arg 1: 0x0000000000000fa0
~~2120~~ ntdll.dll!RtlInitializeCriticalSectionEx
    arg -1: 0x0000000000000000 (name=retval, type=void, size=0x8)
~~2120~~ KERNELBASE.dll!InitializeCriticalSectionEx
    arg -1: 0x0000000000000001 (type=BOOL, size=0x4)
~~2120~~ KERNELBASE.dll!InitializeCriticalSectionEx
    arg 1: 0xfa0 (type=DWORD, size=0x4)
    arg 2: 0x0 (type=DWORD, size=0x4)
~~2120~~ ntdll.dll!RtlInitializeCriticalSectionEx
    arg 0: 0x0000024ef16e9c78
    arg 1: 0x0000000000000fa0
~~2120~~ ntdll.dll!RtlInitializeCriticalSectionEx
    arg -1: 0x0000000000000000 (name=retval, type=void, size=0x8)
~~2120~~ KERNELBASE.dll!InitializeCriticalSectionEx
    arg -1: 0x0000000000000001 (type=BOOL, size=0x4)
~~2120~~ ntdll.dll!RtlLeaveCriticalSection
    arg 0: 0x00007ff76f115c38
    arg 1: 0x0000000000000fa0
~~2120~~ ntdll.dll!RtlLeaveCriticalSection
    arg -1: 0x0000000000000000 (name=retval, type=void, size=0x8)
~~2120~~ KERNEL32.dll!GetStartupInfoW
~~2120~~ KERNELBASE.dll!GetStartupInfoW
~~2120~~ KERNELBASE.dll!GetStartupInfoW
    arg -1: 0x0000000000000000 (type=void, size=0x8)
~~2120~~ KERNEL32.dll!GetStartupInfoW
    arg -1: 0x0000000000000000 (type=void, size=0x8)
~~2120~~ KERNEL32.dll!GetStdHandle
    arg 0: 0xfffffff6 (type=DWORD, size=0x4)
~~2120~~ KERNELBASE.dll!GetStdHandle
    arg 0: 0xfffffff6 (type=DWORD, size=0x4)
~~2120~~ KERNELBASE.dll!GetStdHandle
    arg -1: 0x0000000000000050 (type=HANDLE, size=0x8)
~~2120~~ KERNEL32.dll!GetStdHandle
    arg -1: 0x0000000000000050 (type=HANDLE, size=0x8)
~~2120~~ KERNEL32.dll!GetFileType
    arg 0: 0x50 (type=HANDLE, size=0x8)
~~2120~~ KERNELBASE.dll!GetFileType
    arg 0: 0x50 (type=HANDLE, size=0x8)
~~2120~~ ntdll.dll!ZwQueryVolumeInformationFile
    arg 0: 0x0000000000000050
    arg 1: 0x00000096462ff770
~~2120~~ ntdll.dll!ZwQueryVolumeInformationFile
    arg -1: 0x0000000000000000 (name=retval, type=void, size=0x8)
~~2120~~ KERNELBASE.dll!GetFileType
    arg -1: 0x0000000000000002 (type=DWORD, size=0x4)
~~2120~~ KERNEL32.dll!GetFileType
    arg -1: 0x0000000000000002 (type=DWORD, size=0x4)
~~2120~~ KERNEL32.dll!GetStdHandle
    arg 0: 0xfffffff5 (type=DWORD, size=0x4)
~~2120~~ KERNELBASE.dll!GetStdHandle
    arg 0: 0xfffffff5 (type=DWORD, size=0x4)
~~2120~~ KERNELBASE.dll!GetStdHandle
    arg -1: 0x0000000000000054 (type=HANDLE, size=0x8)
~~2120~~ KERNEL32.dll!GetStdHandle
    arg -1: 0x0000000000000054 (type=HANDLE, size=0x8)
~~2120~~ KERNEL32.dll!GetFileType
    arg 0: 0x54 (type=HANDLE, size=0x8)
~~2120~~ KERNELBASE.dll!GetFileType
    arg 0: 0x54 (type=HANDLE, size=0x8)
~~2120~~ ntdll.dll!ZwQueryVolumeInformationFile
    arg 0: 0x0000000000000054
    arg 1: 0x00000096462ff770
~~2120~~ ntdll.dll!ZwQueryVolumeInformationFile
    arg -1: 0x0000000000000000 (name=retval, type=void, size=0x8)
~~2120~~ KERNELBASE.dll!GetFileType
    arg -1: 0x0000000000000002 (type=DWORD, size=0x4)
~~2120~~ KERNEL32.dll!GetFileType
    arg -1: 0x0000000000000002 (type=DWORD, size=0x4)
~~2120~~ KERNEL32.dll!GetStdHandle
    arg 0: 0xfffffff4 (type=DWORD, size=0x4)
~~2120~~ KERNELBASE.dll!GetStdHandle
    arg 0: 0xfffffff4 (type=DWORD, size=0x4)
~~2120~~ KERNELBASE.dll!GetStdHandle
    arg -1: 0x0000000000000058 (type=HANDLE, size=0x8)
~~2120~~ KERNEL32.dll!GetStdHandle
    arg -1: 0x0000000000000058 (type=HANDLE, size=0x8)
~~2120~~ KERNEL32.dll!GetFileType
    arg 0: 0x58 (type=HANDLE, size=0x8)
~~2120~~ KERNELBASE.dll!GetFileType
    arg 0: 0x58 (type=HANDLE, size=0x8)
~~2120~~ ntdll.dll!ZwQueryVolumeInformationFile
    arg 0: 0x0000000000000058
    arg 1: 0x00000096462ff770
~~2120~~ ntdll.dll!ZwQueryVolumeInformationFile
    arg -1: 0x0000000000000000 (name=retval, type=void, size=0x8)
~~2120~~ KERNELBASE.dll!GetFileType
    arg -1: 0x0000000000000002 (type=DWORD, size=0x4)
~~2120~~ KERNEL32.dll!GetFileType
    arg -1: 0x0000000000000002 (type=DWORD, size=0x4)
~~2120~~ ntdll.dll!RtlLeaveCriticalSection
    arg 0: 0x00007ff76f115c38
    arg 1: 0x00007ffa27fc0000
~~2120~~ ntdll.dll!RtlLeaveCriticalSection
    arg -1: 0x0000000000000000 (name=retval, type=void, size=0x8)
~~2120~~ KERNEL32.dll!GetCommandLineA
    arg 0: 0x00000000ffffffff (type=void, size=0x0)
~~2120~~ KERNELBASE.dll!GetCommandLineA
    arg 0: 0x00000000ffffffff (type=void, size=0x0)
~~2120~~ KERNELBASE.dll!GetCommandLineA
    arg -1: 0x0000024ef16d6440 (type=char, size=0x8)
~~2120~~ KERNEL32.dll!GetCommandLineA
    arg -1: 0x0000024ef16d6440 (type=char, size=0x8)
~~2120~~ KERNEL32.dll!GetCommandLineW
    arg 0: 0x00000000ffffffff (type=void, size=0x0)
~~2120~~ KERNELBASE.dll!GetCommandLineW
    arg 0: 0x00000000ffffffff (type=void, size=0x0)
~~2120~~ KERNELBASE.dll!GetCommandLineW
    arg -1: 0x0000024ef16d5314 (type=wchar_t, size=0x8)
~~2120~~ KERNEL32.dll!GetCommandLineW
    arg -1: 0x0000024ef16d5314 (type=wchar_t, size=0x8)
~~2120~~ KERNEL32.dll!FlsGetValue
    arg 0: 0x3 (type=DWORD, size=0x4)
~~2120~~ KERNELBASE.dll!FlsGetValue
    arg 0: 0x3 (type=DWORD, size=0x4)
~~2120~~ ntdll.dll!RtlFlsGetValue
    arg 0: 0x0000000000000003
    arg 1: 0x00000096462ff798
~~2120~~ ntdll.dll!RtlFlsGetValue
    arg -1: 0x0000000000000000 (name=retval, type=void, size=0x8)
~~2120~~ KERNELBASE.dll!FlsGetValue
    arg -1: 0x0000024ef16e86f0 (type=void, size=0x8)
~~2120~~ KERNEL32.dll!FlsGetValue
    arg -1: 0x0000024ef16e86f0 (type=void, size=0x8)
~~2120~~ ntdll.dll!RtlEnterCriticalSection
    arg 0: 0x00007ff76f115be8
    arg 1: 0x00007ff76f115b10
~~2120~~ ntdll.dll!RtlEnterCriticalSection
    arg -1: 0x0000000000000000 (name=retval, type=void, size=0x8)
~~2120~~ ntdll.dll!RtlLeaveCriticalSection
    arg 0: 0x00007ff76f115be8
    arg 1: 0x00007ff76f115b10
~~2120~~ ntdll.dll!RtlLeaveCriticalSection
    arg -1: 0x0000000000000000 (name=retval, type=void, size=0x8)
~~2120~~ KERNEL32.dll!GetACP
    arg 0: 0x00000096462ff500
    arg 1: 0x0000000000000000
~~2120~~ KERNELBASE.dll!GetACP
    arg 0: 0x00000096462ff500
    arg 1: 0x0000000000000000
~~2120~~ KERNELBASE.dll!GetACP
    arg -1: 0x00000000000003a8 (name=retval, type=void, size=0x8)
~~2120~~ KERNEL32.dll!GetACP
    arg -1: 0x00000000000003a8 (name=retval, type=void, size=0x8)
~~2120~~ ntdll.dll!RtlAllocateHeap
    arg 0: 0x0000024ef16d0000
    arg 1: 0x0000000000000000
~~2120~~ ntdll.dll!RtlLeaveCriticalSection
    arg 0: 0x0000024ef16d02c0
    arg 1: 0x0000000000000001
~~2120~~ ntdll.dll!RtlLeaveCriticalSection
    arg -1: 0x0000000000000000 (name=retval, type=void, size=0x8)
~~2120~~ ntdll.dll!RtlAllocateHeap
    arg -1: 0x0000024ef16e9cd0 (name=retval, type=void, size=0x8)
~~2120~~ KERNEL32.dll!GetCPInfo
    arg 0: 0x3a8 (type=uint, size=0x4)
~~2120~~ KERNELBASE.dll!GetCPInfo
    arg 0: 0x3a8 (type=uint, size=0x4)
~~2120~~ KERNELBASE.dll!GetCPInfo
    arg -1: 0x0000000000000001 (type=BOOL, size=0x4)
~~2120~~ KERNEL32.dll!GetCPInfo
    arg -1: 0x0000000000000001 (type=BOOL, size=0x4)
~~2120~~ KERNEL32.dll!MultiByteToWideChar
    arg 0: 0x3a8 (type=uint, size=0x4)
    arg 1: 0x1 (type=DWORD, size=0x4)
    arg 2: 0x00000096462feda0 (type=char*, size=0x0)
    arg 3: 0x100 (type=int, size=0x4)
    arg 5: 0x0 (type=int, size=0x4)
~~2120~~ KERNELBASE.dll!MultiByteToWideChar
    arg 0: 0x3a8 (type=uint, size=0x4)
    arg 1: 0x1 (type=DWORD, size=0x4)
    arg 2: 0x00000096462feda0 (type=char*, size=0x0)
    arg 3: 0x100 (type=int, size=0x4)
    arg 5: 0x0 (type=int, size=0x4)
~~2120~~ KERNELBASE.dll!MultiByteToWideChar
    arg -1: 0x0000000000000100 (type=int, size=0x4)
~~2120~~ KERNEL32.dll!MultiByteToWideChar
    arg -1: 0x0000000000000100 (type=int, size=0x4)
~~2120~~ KERNEL32.dll!MultiByteToWideChar
    arg 0: 0x3a8 (type=uint, size=0x4)
    arg 1: 0x1 (type=DWORD, size=0x4)
    arg 2: 0x00000096462feda0 (type=char*, size=0x0)
    arg 3: 0x100 (type=int, size=0x4)
    arg 5: 0x100 (type=int, size=0x4)
~~2120~~ KERNELBASE.dll!MultiByteToWideChar
    arg 0: 0x3a8 (type=uint, size=0x4)
    arg 1: 0x1 (type=DWORD, size=0x4)
    arg 2: 0x00000096462feda0 (type=char*, size=0x0)
    arg 3: 0x100 (type=int, size=0x4)
    arg 5: 0x100 (type=int, size=0x4)
~~2120~~ KERNELBASE.dll!MultiByteToWideChar
    arg -1: 0x0000000000000100 (type=int, size=0x4)
~~2120~~ KERNEL32.dll!MultiByteToWideChar
    arg -1: 0x0000000000000100 (type=int, size=0x4)
~~2120~~ KERNEL32.dll!GetStringTypeW
    arg 0: 0x1 (type=DWORD, size=0x4)
    arg 1: 0x00000096462fead0 (type=wchar_t*, size=0x0)
    arg 2: 0x100 (type=int, size=0x4)
~~2120~~ KERNELBASE.dll!GetStringTypeW
    arg 0: 0x1 (type=DWORD, size=0x4)
    arg 1: 0x00000096462fead0 (type=wchar_t*, size=0x0)
    arg 2: 0x100 (type=int, size=0x4)
~~2120~~ KERNELBASE.dll!GetStringTypeW
    arg -1: 0x0000000000000001 (type=BOOL, size=0x4)
~~2120~~ KERNEL32.dll!GetStringTypeW
    arg -1: 0x0000000000000001 (type=BOOL, size=0x4)
~~2120~~ KERNEL32.dll!MultiByteToWideChar
    arg 0: 0x3a8 (type=uint, size=0x4)
    arg 1: 0x1 (type=DWORD, size=0x4)
    arg 2: 0x00000096462feda0 (type=char*, size=0x0)
    arg 3: 0x100 (type=int, size=0x4)
    arg 5: 0x20002000000000 (type=int, size=0x4)
~~2120~~ KERNELBASE.dll!MultiByteToWideChar
    arg 0: 0x3a8 (type=uint, size=0x4)
    arg 1: 0x1 (type=DWORD, size=0x4)
    arg 2: 0x00000096462feda0 (type=char*, size=0x0)
    arg 3: 0x100 (type=int, size=0x4)
    arg 5: 0x20002000000000 (type=int, size=0x4)
~~2120~~ KERNELBASE.dll!MultiByteToWideChar
    arg -1: 0x0000000000000100 (type=int, size=0x4)
~~2120~~ KERNEL32.dll!MultiByteToWideChar
    arg -1: 0x0000000000000100 (type=int, size=0x4)
~~2120~~ KERNEL32.dll!MultiByteToWideChar
    arg 0: 0x3a8 (type=uint, size=0x4)
    arg 1: 0x1 (type=DWORD, size=0x4)
    arg 2: 0x00000096462feda0 (type=char*, size=0x0)
    arg 3: 0x100 (type=int, size=0x4)
    arg 5: 0x100 (type=int, size=0x4)
~~2120~~ KERNELBASE.dll!MultiByteToWideChar
    arg 0: 0x3a8 (type=uint, size=0x4)
    arg 1: 0x1 (type=DWORD, size=0x4)
    arg 2: 0x00000096462feda0 (type=char*, size=0x0)
    arg 3: 0x100 (type=int, size=0x4)
    arg 5: 0x100 (type=int, size=0x4)
~~2120~~ KERNELBASE.dll!MultiByteToWideChar
    arg -1: 0x0000000000000100 (type=int, size=0x4)
~~2120~~ KERNEL32.dll!MultiByteToWideChar
    arg -1: 0x0000000000000100 (type=int, size=0x4)
~~2120~~ KERNEL32.dll!LoadLibraryExW
    arg 0: 0x00007ff76f10a340 (type=wchar_t*, size=0x0)
    arg 1: 0x0 (type=HANDLE, size=0x8)
    arg 2: 0x800 (type=DWORD, size=0x4)
~~2120~~ KERNELBASE.dll!LoadLibraryExW
    arg 0: 0x00007ff76f10a340 (type=wchar_t*, size=0x0)
    arg 1: 0x0 (type=HANDLE, size=0x8)
    arg 2: 0x800 (type=DWORD, size=0x4)
~~2120~~ ntdll.dll!RtlInitUnicodeStringEx
    arg 0: 0x00000096462fe930
    arg 1: 0x00007ff76f10a340
~~2120~~ ntdll.dll!RtlInitUnicodeStringEx
    arg -1: 0x0000000000000000 (name=retval, type=void, size=0x8)
~~2120~~ ntdll.dll!LdrLoadDll
    arg 0: 0x0000000000000801
    arg 1: 0x00000096462fe960
~~2120~~ ntdll.dll!memset
    arg 0: 0x00000096462fe840
    arg 1: 0x0000000000000000
~~2120~~ ntdll.dll!memset
    arg -1: 0x00000096462fe840 (name=retval, type=void, size=0x8)
~~2120~~ ntdll.dll!RtlCompareUnicodeStrings
    arg 0: 0x00007ff76f10a340
    arg 1: 0x0000000000000021
~~2120~~ ntdll.dll!RtlCompareUnicodeStrings
    arg -1: 0x0000000000000000 (name=retval, type=void, size=0x8)
~~2120~~ ntdll.dll!RtlGetNtSystemRoot
    arg 0: 0x00000096462fe6a0
    arg 1: 0x00000096462fe590
~~2120~~ ntdll.dll!RtlGetCurrentServiceSessionId
    arg 0: 0x00000096462fe6a0
    arg 1: 0x00000096462fe590
~~2120~~ ntdll.dll!RtlGetCurrentServiceSessionId
    arg -1: 0x0000000000000000 (name=retval, type=void, size=0x8)
~~2120~~ ntdll.dll!RtlGetNtSystemRoot
    arg -1: 0x000000007ffe0030 (name=retval, type=void, size=0x8)
~~2120~~ ntdll.dll!RtlInitUnicodeString
    arg 0: 0x00000096462fe520
    arg 1: 0x000000007ffe0030
~~2120~~ ntdll.dll!RtlInitUnicodeString
    arg -1: 0x0000000000000016 (name=retval, type=void, size=0x8)
~~2120~~ ntdll.dll!memmove
    arg 0: 0x00000096462fe6b0
    arg 1: 0x000000007ffe0030
~~2120~~ ntdll.dll!memmove
    arg -1: 0x00000096462fe6b0 (name=retval, type=void, size=0x8)
~~2120~~ ntdll.dll!memmove
    arg 0: 0x00000096462fe6c4
    arg 1: 0x00007ffa2a458318
~~2120~~ ntdll.dll!memmove
    arg -1: 0x00000096462fe6c4 (name=retval, type=void, size=0x8)
~~2120~~ ntdll.dll!memmove
    arg 0: 0x00000096462fe6d8
    arg 1: 0x0000024ef1515a98
~~2120~~ ntdll.dll!memmove
    arg -1: 0x00000096462fe6d8 (name=retval, type=void, size=0x8)
~~2120~~ ntdll.dll!RtlAcquireSRWLockExclusive
    arg 0: 0x00007ffa2a49d280
    arg 1: 0x000000000000001c
~~2120~~ ntdll.dll!RtlAcquireSRWLockExclusive
    arg -1: 0x000000000000004c (name=retval, type=void, size=0x8)
~~2120~~ ntdll.dll!RtlEqualUnicodeString
    arg 0: 0x00000096462fe6a0
    arg 1: 0x0000024ef16d6158
~~2120~~ ntdll.dll!RtlEqualUnicodeString
    arg -1: 0x00000096462fe601 (name=retval, type=void, size=0x8)
~~2120~~ ntdll.dll!RtlReleaseSRWLockExclusive
    arg 0: 0x00007ffa2a49d280
    arg 1: 0x0000000000000009
~~2120~~ ntdll.dll!RtlReleaseSRWLockExclusive
    arg -1: 0x0000000000000001 (name=retval, type=void, size=0x8)
~~2120~~ ntdll.dll!RtlGetCurrentServiceSessionId
    arg 0: 0x00007ffa2a49d280
    arg 1: 0x0000000000000000
~~2120~~ ntdll.dll!RtlGetCurrentServiceSessionId
    arg -1: 0x0000000000000000 (name=retval, type=void, size=0x8)
~~2120~~ ntdll.dll!RtlAcquireSRWLockExclusive
    arg 0: 0x00007ffa2a49d280
    arg 1: 0x0000000000000000
~~2120~~ ntdll.dll!RtlAcquireSRWLockExclusive
    arg -1: 0x0000000000000000 (name=retval, type=void, size=0x8)
~~2120~~ ntdll.dll!RtlReleaseSRWLockExclusive
    arg 0: 0x00007ffa2a49d280
    arg 1: 0x0000000000000000
~~2120~~ ntdll.dll!RtlReleaseSRWLockExclusive
    arg -1: 0x0000000000000001 (name=retval, type=void, size=0x8)
~~2120~~ ntdll.dll!LdrLoadDll
    arg -1: 0x0000000000000000 (name=retval, type=void, size=0x8)
~~2120~~ KERNELBASE.dll!LoadLibraryExW
    arg -1: 0x00007ffa27fc0000 (type=HMODULE, size=0x4)
~~2120~~ KERNEL32.dll!LoadLibraryExW
    arg -1: 0x00007ffa27fc0000 (type=HMODULE, size=0x4)
~~2120~~ KERNEL32.dll!GetProcAddress
    arg 0: 0x00007ffa27fc0000
    arg 1: 0x00007ff76f10a760
~~2120~~ KERNELBASE.dll!GetProcAddressForCaller
    arg 0: 0x00007ffa27fc0000
    arg 1: 0x00007ff76f10a760
~~2120~~ ntdll.dll!RtlInitString
    arg 0: 0x00000096462fe940
    arg 1: 0x00007ff76f10a760
~~2120~~ ntdll.dll!RtlInitString
    arg -1: 0x000000000000000e (name=retval, type=void, size=0x8)
~~2120~~ ntdll.dll!LdrGetProcedureAddressForCaller
    arg 0: 0x00007ffa27fc0000
    arg 1: 0x00000096462fe940
~~2120~~ ntdll.dll!RtlEnterCriticalSection
    arg 0: 0x00007ffa2a49cbe0
    arg 1: 0x00000096462fe901
~~2120~~ ntdll.dll!RtlEnterCriticalSection
    arg -1: 0x0000000000000000 (name=retval, type=void, size=0x8)
~~2120~~ ntdll.dll!RtlLeaveCriticalSection
    arg 0: 0x00007ffa2a49cbe0
    arg 1: 0x00000096462fe901
~~2120~~ ntdll.dll!RtlLeaveCriticalSection
    arg -1: 0x0000000000000000 (name=retval, type=void, size=0x8)
~~2120~~ ntdll.dll!RtlAcquireSRWLockExclusive
    arg 0: 0x00007ffa2a49d280
    arg 1: 0x00000096462fe901
~~2120~~ ntdll.dll!RtlAcquireSRWLockExclusive
    arg -1: 0x0000000000000000 (name=retval, type=void, size=0x8)
~~2120~~ ntdll.dll!RtlReleaseSRWLockExclusive
    arg 0: 0x00007ffa2a49d280
    arg 1: 0x0000000000000000
~~2120~~ ntdll.dll!RtlReleaseSRWLockExclusive
    arg -1: 0x0000000000000001 (name=retval, type=void, size=0x8)
~~2120~~ ntdll.dll!RtlAcquireSRWLockExclusive
    arg 0: 0x00007ffa2a49d280
    arg 1: 0x00000096462fe810
~~2120~~ ntdll.dll!RtlAcquireSRWLockExclusive
    arg -1: 0x000000964613b000 (name=retval, type=void, size=0x8)
~~2120~~ ntdll.dll!RtlReleaseSRWLockExclusive
    arg 0: 0x00007ffa2a49d280
    arg 1: 0x0000024ef16d5640
~~2120~~ ntdll.dll!RtlReleaseSRWLockExclusive
    arg -1: 0x0000000000000001 (name=retval, type=void, size=0x8)
~~2120~~ ntdll.dll!memset
    arg 0: 0x00000096462fe6d0
    arg 1: 0x0000000000000000
~~2120~~ ntdll.dll!memset
    arg -1: 0x00000096462fe6d0 (name=retval, type=void, size=0x8)
~~2120~~ ntdll.dll!RtlImageNtHeaderEx
    arg 0: 0x0000000000000001
    arg 1: 0x00007ffa27fc0000
~~2120~~ ntdll.dll!RtlImageNtHeaderEx
    arg -1: 0x0000000000000000 (name=retval, type=void, size=0x8)
~~2120~~ ntdll.dll!LdrControlFlowGuardEnforced
    arg 0: 0x00007ffa27fd4a50
    arg 1: 0x00000000000003dd
~~2120~~ ntdll.dll!LdrControlFlowGuardEnforced
    arg -1: 0x0000000000000000 (name=retval, type=void, size=0x8)
~~2120~~ ntdll.dll!LdrControlFlowGuardEnforced
    arg 0: 0x0000024ef16d6110
    arg 1: 0x00000000000003dd
~~2120~~ ntdll.dll!LdrControlFlowGuardEnforced
    arg -1: 0x0000000000000000 (name=retval, type=void, size=0x8)
~~2120~~ ntdll.dll!LdrGetProcedureAddressForCaller
    arg -1: 0x0000000000000000 (name=retval, type=void, size=0x8)
~~2120~~ KERNELBASE.dll!GetProcAddressForCaller
    arg -1: 0x00007ffa27fd4a50 (name=retval, type=void, size=0x8)
~~2120~~ KERNEL32.dll!GetProcAddress
    arg -1: 0x00007ffa27fd4a50 (name=retval, type=void, size=0x8)
~~2120~~ KERNELBASE.dll!LCMapStringEx
    arg 0: 0x00007ff76f10af50 (type=wchar_t*, size=0x0)
    arg 1: 0x100 (type=DWORD, size=0x4)
    arg 2: 0x00000096462fea70 (type=wchar_t*, size=0x0)
    arg 3: 0x100 (type=int, size=0x4)
    arg 5: 0x0 (type=int, size=0x4)
~~2120~~ KERNELBASE.dll!LCMapStringEx
    arg -1: 0x0000000000000100 (type=int, size=0x4)
~~2120~~ KERNELBASE.dll!LCMapStringEx
    arg 0: 0x00007ff76f10af50 (type=wchar_t*, size=0x0)
    arg 1: 0x100 (type=DWORD, size=0x4)
    arg 2: 0x00000096462fea70 (type=wchar_t*, size=0x0)
    arg 3: 0x100 (type=int, size=0x4)
    arg 5: 0x100 (type=int, size=0x4)
~~2120~~ KERNELBASE.dll!LCMapStringEx
    arg -1: 0x0000000000000100 (type=int, size=0x4)
~~2120~~ KERNEL32.dll!WideCharToMultiByte
    arg 0: 0x3a8 (type=uint, size=0x4)
    arg 1: 0x0 (type=DWORD, size=0x4)
    arg 2: 0x00000096462fe860 (type=wchar_t*, size=0x0)
    arg 3: 0x100 (type=int, size=0x4)
    arg 5: 0x9600000100 (type=int, size=0x4)
~~2120~~ KERNELBASE.dll!WideCharToMultiByte
    arg 0: 0x3a8 (type=uint, size=0x4)
    arg 1: 0x0 (type=DWORD, size=0x4)
    arg 2: 0x00000096462fe860 (type=wchar_t*, size=0x0)
    arg 3: 0x100 (type=int, size=0x4)
    arg 5: 0x9600000100 (type=int, size=0x4)
~~2120~~ KERNELBASE.dll!WideCharToMultiByte
    arg -1: 0x0000000000000100 (type=int, size=0x4)
~~2120~~ KERNEL32.dll!WideCharToMultiByte
    arg -1: 0x0000000000000100 (type=int, size=0x4)
~~2120~~ KERNEL32.dll!MultiByteToWideChar
    arg 0: 0x3a8 (type=uint, size=0x4)
    arg 1: 0x1 (type=DWORD, size=0x4)
    arg 2: 0x00000096462feda0 (type=char*, size=0x0)
    arg 3: 0x100 (type=int, size=0x4)
    arg 5: 0x20002000000000 (type=int, size=0x4)
~~2120~~ KERNELBASE.dll!MultiByteToWideChar
    arg 0: 0x3a8 (type=uint, size=0x4)
    arg 1: 0x1 (type=DWORD, size=0x4)
    arg 2: 0x00000096462feda0 (type=char*, size=0x0)
    arg 3: 0x100 (type=int, size=0x4)
    arg 5: 0x20002000000000 (type=int, size=0x4)
~~2120~~ KERNELBASE.dll!MultiByteToWideChar
    arg -1: 0x0000000000000100 (type=int, size=0x4)
~~2120~~ KERNEL32.dll!MultiByteToWideChar
    arg -1: 0x0000000000000100 (type=int, size=0x4)
~~2120~~ KERNEL32.dll!MultiByteToWideChar
    arg 0: 0x3a8 (type=uint, size=0x4)
    arg 1: 0x1 (type=DWORD, size=0x4)
    arg 2: 0x00000096462feda0 (type=char*, size=0x0)
    arg 3: 0x100 (type=int, size=0x4)
    arg 5: 0x20002000000100 (type=int, size=0x4)
~~2120~~ KERNELBASE.dll!MultiByteToWideChar
    arg 0: 0x3a8 (type=uint, size=0x4)
    arg 1: 0x1 (type=DWORD, size=0x4)
    arg 2: 0x00000096462feda0 (type=char*, size=0x0)
    arg 3: 0x100 (type=int, size=0x4)
    arg 5: 0x20002000000100 (type=int, size=0x4)
~~2120~~ KERNELBASE.dll!MultiByteToWideChar
    arg -1: 0x0000000000000100 (type=int, size=0x4)
~~2120~~ KERNEL32.dll!MultiByteToWideChar
    arg -1: 0x0000000000000100 (type=int, size=0x4)
~~2120~~ KERNELBASE.dll!LCMapStringEx
    arg 0: 0x00007ff76f10af50 (type=wchar_t*, size=0x0)
    arg 1: 0x200 (type=DWORD, size=0x4)
    arg 2: 0x00000096462fea70 (type=wchar_t*, size=0x0)
    arg 3: 0x100 (type=int, size=0x4)
    arg 5: 0x0 (type=int, size=0x4)
~~2120~~ KERNELBASE.dll!LCMapStringEx
    arg -1: 0x0000000000000100 (type=int, size=0x4)
~~2120~~ KERNELBASE.dll!LCMapStringEx
    arg 0: 0x00007ff76f10af50 (type=wchar_t*, size=0x0)
    arg 1: 0x200 (type=DWORD, size=0x4)
    arg 2: 0x00000096462fea70 (type=wchar_t*, size=0x0)
    arg 3: 0x100 (type=int, size=0x4)
    arg 5: 0x100 (type=int, size=0x4)
~~2120~~ KERNELBASE.dll!LCMapStringEx
    arg -1: 0x0000000000000100 (type=int, size=0x4)
~~2120~~ KERNEL32.dll!WideCharToMultiByte
    arg 0: 0x3a8 (type=uint, size=0x4)
    arg 1: 0x0 (type=DWORD, size=0x4)
    arg 2: 0x00000096462fe860 (type=wchar_t*, size=0x0)
    arg 3: 0x100 (type=int, size=0x4)
    arg 5: 0x9600000100 (type=int, size=0x4)
~~2120~~ KERNELBASE.dll!WideCharToMultiByte
    arg 0: 0x3a8 (type=uint, size=0x4)
    arg 1: 0x0 (type=DWORD, size=0x4)
    arg 2: 0x00000096462fe860 (type=wchar_t*, size=0x0)
    arg 3: 0x100 (type=int, size=0x4)
    arg 5: 0x9600000100 (type=int, size=0x4)
~~2120~~ KERNELBASE.dll!WideCharToMultiByte
    arg -1: 0x0000000000000100 (type=int, size=0x4)
~~2120~~ KERNEL32.dll!WideCharToMultiByte
    arg -1: 0x0000000000000100 (type=int, size=0x4)
~~2120~~ ntdll.dll!RtlEnterCriticalSection
    arg 0: 0x00007ff76f115be8
    arg 1: 0x00000096462ff558
~~2120~~ ntdll.dll!RtlEnterCriticalSection
    arg -1: 0x0000000000000000 (name=retval, type=void, size=0x8)
~~2120~~ ntdll.dll!RtlLeaveCriticalSection
    arg 0: 0x00007ff76f115be8
    arg 1: 0x0000024ef16e86f0
~~2120~~ ntdll.dll!RtlLeaveCriticalSection
    arg -1: 0x0000000000000000 (name=retval, type=void, size=0x8)
~~2120~~ ntdll.dll!RtlEnterCriticalSection
    arg 0: 0x00007ff76f115b70
    arg 1: 0x00000096462ff760
~~2120~~ ntdll.dll!RtlEnterCriticalSection
    arg -1: 0x0000000000000000 (name=retval, type=void, size=0x8)
~~2120~~ ntdll.dll!RtlAllocateHeap
    arg 0: 0x0000024ef16d0000
    arg 1: 0x0000000000000000
~~2120~~ ntdll.dll!RtlAllocateHeap
    arg -1: 0x0000024ef16e42f0 (name=retval, type=void, size=0x8)
~~2120~~ ntdll.dll!RtlLeaveCriticalSection
    arg 0: 0x00007ff76f115b70
    arg 1: 0x000022c25c14d376
~~2120~~ ntdll.dll!RtlLeaveCriticalSection
    arg -1: 0x0000000000000000 (name=retval, type=void, size=0x8)
~~2120~~ KERNEL32.dll!GetModuleFileNameW
    arg 0: 0x0 (type=HMODULE, size=0x4)
    arg 2: 0x104 (type=DWORD, size=0x4)
~~2120~~ KERNELBASE.dll!GetModuleFileNameW
    arg 0: 0x0 (type=HMODULE, size=0x4)
    arg 2: 0x104 (type=DWORD, size=0x4)
~~2120~~ ntdll.dll!LdrGetDllFullName
    arg 0: 0x0000000000000000
    arg 1: 0x00000096462ff770
~~2120~~ ntdll.dll!RtlCopyUnicodeString
    arg 0: 0x00000096462ff770
    arg 1: 0x0000024ef16d5688
~~2120~~ ntdll.dll!memmove
    arg 0: 0x00007ff76f115260
    arg 1: 0x0000024ef16d52c8
~~2120~~ ntdll.dll!memmove
    arg -1: 0x00007ff76f115260 (name=retval, type=void, size=0x8)
~~2120~~ ntdll.dll!RtlCopyUnicodeString
    arg -1: 0x0000000000000206 (name=retval, type=void, size=0x8)
~~2120~~ ntdll.dll!LdrGetDllFullName
    arg -1: 0x0000000000000000 (name=retval, type=void, size=0x8)
~~2120~~ ntdll.dll!RtlSetLastWin32Error
    arg 0: 0x0000000000000000
    arg 1: 0xffff8257825c0068
~~2120~~ ntdll.dll!RtlSetLastWin32Error
    arg -1: 0x000000964613b000 (name=retval, type=void, size=0x8)
~~2120~~ KERNELBASE.dll!GetModuleFileNameW
    arg -1: 0x0000000000000025 (type=DWORD, size=0x4)
~~2120~~ KERNEL32.dll!GetModuleFileNameW
    arg -1: 0x0000000000000025 (type=DWORD, size=0x4)
~~2120~~ ntdll.dll!RtlAllocateHeap
    arg 0: 0x0000024ef16d0000
    arg 1: 0x0000000000000008
~~2120~~ ntdll.dll!memset
    arg 0: 0x0000024ef16e68c0
    arg 1: 0x0000000000000000
~~2120~~ ntdll.dll!memset
    arg -1: 0x0000024ef16e68c0 (name=retval, type=void, size=0x8)
~~2120~~ ntdll.dll!RtlAllocateHeap
    arg -1: 0x0000024ef16e68c0 (name=retval, type=void, size=0x8)
~~2120~~ ntdll.dll!RtlInitializeSListHead
    arg 0: 0x00007ff76f1150b0
    arg 1: 0x0000024ef16e68c8
~~2120~~ ntdll.dll!RtlInitializeSListHead
    arg -1: 0x0000000000000000 (name=retval, type=void, size=0x8)
~~2120~~ KERNEL32.dll!GetLastError
    arg 0: 0x0000000000000000
    arg 1: 0x0000024ef16e68c8
~~2120~~ KERNELBASE.dll!GetLastError
    arg 0: 0x0000000000000000
    arg 1: 0x0000024ef16e68c8
~~2120~~ KERNELBASE.dll!GetLastError
    arg -1: 0x0000000000000000 (name=retval, type=void, size=0x8)
~~2120~~ KERNEL32.dll!GetLastError
    arg -1: 0x0000000000000000 (name=retval, type=void, size=0x8)
~~2120~~ KERNEL32.dll!FlsGetValue
    arg 0: 0x3 (type=DWORD, size=0x4)
~~2120~~ KERNELBASE.dll!FlsGetValue
    arg 0: 0x3 (type=DWORD, size=0x4)
~~2120~~ ntdll.dll!RtlFlsGetValue
    arg 0: 0x0000000000000003
    arg 1: 0x00000096462ff798
~~2120~~ ntdll.dll!RtlFlsGetValue
    arg -1: 0x0000000000000000 (name=retval, type=void, size=0x8)
~~2120~~ KERNELBASE.dll!FlsGetValue
    arg -1: 0x0000024ef16e86f0 (type=void, size=0x8)
~~2120~~ KERNEL32.dll!FlsGetValue
    arg -1: 0x0000024ef16e86f0 (type=void, size=0x8)
~~2120~~ KERNEL32.dll!SetLastError
    arg 0: 0x0 (type=DWORD, size=0x4)
~~2120~~ ntdll.dll!RtlSetLastWin32Error
    arg 0: 0x0000000000000000
    arg 1: 0x0000024ef16e3a30
~~2120~~ ntdll.dll!RtlSetLastWin32Error
    arg -1: 0x000000964613b000 (name=retval, type=void, size=0x8)
~~2120~~ KERNEL32.dll!SetLastError
    arg -1: 0x000000964613b000 (type=void, size=0x8)
~~2120~~ KERNEL32.dll!GetEnvironmentStringsW
    arg 0: 0x0000000000000000 (type=void, size=0x0)
~~2120~~ KERNELBASE.dll!GetEnvironmentStringsW
    arg 0: 0x0000000000000000 (type=void, size=0x0)
~~2120~~ ntdll.dll!RtlAcquirePebLock
    arg 0: 0x0000000000000000
    arg 1: 0x0000000000000000
~~2120~~ ntdll.dll!RtlEnterCriticalSection
    arg 0: 0x00007ffa2a49c0e0
    arg 1: 0x0000000000000000
~~2120~~ ntdll.dll!RtlEnterCriticalSection
    arg -1: 0x0000000000000000 (name=retval, type=void, size=0x8)
~~2120~~ ntdll.dll!RtlAcquirePebLock
    arg -1: 0x0000000000000000 (name=retval, type=void, size=0x8)
~~2120~~ ntdll.dll!RtlAllocateHeap
    arg 0: 0x0000024ef16d0000
    arg 1: 0x0000000000180000
~~2120~~ ntdll.dll!ZwAllocateVirtualMemory
    arg 0: 0xffffffffffffffff
    arg 1: 0x00000096462ff370
~~2120~~ ntdll.dll!ZwAllocateVirtualMemory
    arg -1: 0x0000000000000000 (name=retval, type=void, size=0x8)
~~2120~~ ntdll.dll!RtlGetCurrentServiceSessionId
    arg 0: 0x00007ff6ef134042
    arg 1: 0x0000000000000000
~~2120~~ ntdll.dll!RtlGetCurrentServiceSessionId
    arg -1: 0x0000000000000000 (name=retval, type=void, size=0x8)
~~2120~~ ntdll.dll!RtlGetCurrentServiceSessionId
    arg 0: 0x0000024ef16d0000
    arg 1: 0x0000024ef16d0000
~~2120~~ ntdll.dll!RtlGetCurrentServiceSessionId
    arg -1: 0x0000000000000000 (name=retval, type=void, size=0x8)
~~2120~~ ntdll.dll!RtlGetCurrentServiceSessionId
    arg 0: 0x000000007ffe0380
    arg 1: 0x0000024ef16d0000
~~2120~~ ntdll.dll!RtlGetCurrentServiceSessionId
    arg -1: 0x0000000000000000 (name=retval, type=void, size=0x8)
~~2120~~ ntdll.dll!RtlLeaveCriticalSection
    arg 0: 0x0000024ef16d02c0
    arg 1: 0x0000000000000001
~~2120~~ ntdll.dll!RtlLeaveCriticalSection
    arg -1: 0x0000000000000000 (name=retval, type=void, size=0x8)
~~2120~~ ntdll.dll!RtlAllocateHeap
    arg -1: 0x0000024ef16e9f00 (name=retval, type=void, size=0x8)
~~2120~~ ntdll.dll!memmove
    arg 0: 0x0000024ef16e9f00
    arg 1: 0x0000024ef16d0fe0
~~2120~~ ntdll.dll!memmove
    arg -1: 0x0000024ef16e9f00 (name=retval, type=void, size=0x8)
~~2120~~ ntdll.dll!RtlReleasePebLock
    arg 0: 0x0000024ef16edb80
    arg 1: 0xfffffffffffe70e0
~~2120~~ ntdll.dll!RtlLeaveCriticalSection
    arg 0: 0x00007ffa2a49c0e0
    arg 1: 0xfffffffffffe70e0
~~2120~~ ntdll.dll!RtlLeaveCriticalSection
    arg -1: 0x0000000000000000 (name=retval, type=void, size=0x8)
~~2120~~ ntdll.dll!RtlReleasePebLock
    arg -1: 0x0000000000000000 (name=retval, type=void, size=0x8)
~~2120~~ KERNELBASE.dll!GetEnvironmentStringsW
    arg -1: 0x0000024ef16e9f00 (type=wchar_t, size=0x8)
~~2120~~ KERNEL32.dll!GetEnvironmentStringsW
    arg -1: 0x0000024ef16e9f00 (type=wchar_t, size=0x8)
~~2120~~ ntdll.dll!RtlAllocateHeap
    arg 0: 0x0000024ef16d0000
    arg 1: 0x0000000000000000
~~2120~~ ntdll.dll!ZwAllocateVirtualMemory
    arg 0: 0xffffffffffffffff
    arg 1: 0x00000096462ff370
~~2120~~ ntdll.dll!ZwAllocateVirtualMemory
    arg -1: 0x0000000000000000 (name=retval, type=void, size=0x8)
~~2120~~ ntdll.dll!RtlGetCurrentServiceSessionId
    arg 0: 0x00007ff6ef134042
    arg 1: 0x0000000000000000
~~2120~~ ntdll.dll!RtlGetCurrentServiceSessionId
    arg -1: 0x0000000000000000 (name=retval, type=void, size=0x8)
~~2120~~ ntdll.dll!RtlGetCurrentServiceSessionId
    arg 0: 0x0000024ef16d0000
    arg 1: 0x0000024ef16d0000
~~2120~~ ntdll.dll!RtlGetCurrentServiceSessionId
    arg -1: 0x0000000000000000 (name=retval, type=void, size=0x8)
~~2120~~ ntdll.dll!RtlGetCurrentServiceSessionId
    arg 0: 0x000000007ffe0380
    arg 1: 0x0000024ef16d0000
~~2120~~ ntdll.dll!RtlGetCurrentServiceSessionId
    arg -1: 0x0000000000000000 (name=retval, type=void, size=0x8)
~~2120~~ ntdll.dll!RtlLeaveCriticalSection
    arg 0: 0x0000024ef16d02c0
    arg 1: 0x0000000000000001
~~2120~~ ntdll.dll!RtlLeaveCriticalSection
    arg -1: 0x0000000000000000 (name=retval, type=void, size=0x8)
~~2120~~ ntdll.dll!RtlAllocateHeap
    arg -1: 0x0000024ef16edba0 (name=retval, type=void, size=0x8)
~~2120~~ KERNEL32.dll!FreeEnvironmentStringsW
    arg 0: 0x0000024ef16e9f00 (type=wchar_t*, size=0x0)
~~2120~~ KERNELBASE.dll!FreeEnvironmentStringsW
    arg 0: 0x0000024ef16e9f00 (type=wchar_t*, size=0x0)
~~2120~~ ntdll.dll!RtlFreeHeap
    arg 0: 0x0000024ef16d0000
    arg 1: 0x0000000000000000
~~2120~~ ntdll.dll!RtlTryEnterCriticalSection
    arg 0: 0x0000024ef16d02c0
    arg 1: 0x0000000000000002
~~2120~~ ntdll.dll!RtlTryEnterCriticalSection
    arg -1: 0x0000000000000001 (name=retval, type=void, size=0x8)
~~2120~~ ntdll.dll!RtlFreeHeap
    arg -1: 0x0000000000000001 (name=retval, type=void, size=0x8)
~~2120~~ KERNELBASE.dll!FreeEnvironmentStringsW
    arg -1: 0x0000000000000001 (type=BOOL, size=0x4)
~~2120~~ KERNEL32.dll!FreeEnvironmentStringsW
    arg -1: 0x0000000000000001 (type=BOOL, size=0x4)
~~2120~~ ntdll.dll!RtlAllocateHeap
    arg 0: 0x0000024ef16d0000
    arg 1: 0x0000000000000008
~~2120~~ ntdll.dll!RtlLeaveCriticalSection
    arg 0: 0x0000024ef16d02c0
    arg 1: 0x0000000000000001
~~2120~~ ntdll.dll!RtlLeaveCriticalSection
    arg -1: 0x0000000000000000 (name=retval, type=void, size=0x8)
~~2120~~ ntdll.dll!memset
    arg 0: 0x0000024ef16f1840
    arg 1: 0x0000000000000000
~~2120~~ ntdll.dll!memset
    arg -1: 0x0000024ef16f1840 (name=retval, type=void, size=0x8)
~~2120~~ ntdll.dll!RtlAllocateHeap
    arg -1: 0x0000024ef16f1840 (name=retval, type=void, size=0x8)
~~2120~~ ntdll.dll!RtlAllocateHeap
    arg 0: 0x0000024ef16d0000
    arg 1: 0x0000000000000008
~~2120~~ ntdll.dll!memset
    arg 0: 0x0000024ef16e0960
    arg 1: 0x0000000000000000
~~2120~~ ntdll.dll!memset
    arg -1: 0x0000024ef16e0960 (name=retval, type=void, size=0x8)
~~2120~~ ntdll.dll!RtlAllocateHeap
    arg -1: 0x0000024ef16e0960 (name=retval, type=void, size=0x8)
~~2120~~ ntdll.dll!RtlAllocateHeap
    arg 0: 0x0000024ef16d0000
    arg 1: 0x0000000000000008
~~2120~~ ntdll.dll!memset
    arg 0: 0x0000024ef16e7400
    arg 1: 0x0000000000000000
~~2120~~ ntdll.dll!memset
    arg -1: 0x0000024ef16e7400 (name=retval, type=void, size=0x8)
~~2120~~ ntdll.dll!RtlAllocateHeap
    arg -1: 0x0000024ef16e7400 (name=retval, type=void, size=0x8)
~~2120~~ ntdll.dll!RtlAllocateHeap
    arg 0: 0x0000024ef16d0000
    arg 1: 0x0000000000000008
~~2120~~ ntdll.dll!memset
    arg 0: 0x0000024ef16e5ec0
    arg 1: 0x0000000000000000
~~2120~~ ntdll.dll!memset
    arg -1: 0x0000024ef16e5ec0 (name=retval, type=void, size=0x8)
~~2120~~ ntdll.dll!RtlAllocateHeap
    arg -1: 0x0000024ef16e5ec0 (name=retval, type=void, size=0x8)
~~2120~~ ntdll.dll!RtlAllocateHeap
    arg 0: 0x0000024ef16d0000
    arg 1: 0x0000000000000008
~~2120~~ ntdll.dll!memset
    arg 0: 0x0000024ef16e6800
    arg 1: 0x0000000000000000
~~2120~~ ntdll.dll!memset
    arg -1: 0x0000024ef16e6800 (name=retval, type=void, size=0x8)
~~2120~~ ntdll.dll!RtlAllocateHeap
    arg -1: 0x0000024ef16e6800 (name=retval, type=void, size=0x8)
~~2120~~ ntdll.dll!RtlAllocateHeap
    arg 0: 0x0000024ef16d0000
    arg 1: 0x0000000000000008
~~2120~~ ntdll.dll!RtlLeaveCriticalSection
    arg 0: 0x0000024ef16d02c0
    arg 1: 0x0000000000000001
~~2120~~ ntdll.dll!RtlLeaveCriticalSection
    arg -1: 0x0000000000000000 (name=retval, type=void, size=0x8)
~~2120~~ ntdll.dll!memset
    arg 0: 0x0000024ef16e1360
    arg 1: 0x0000000000000000
~~2120~~ ntdll.dll!memset
    arg -1: 0x0000024ef16e1360 (name=retval, type=void, size=0x8)
~~2120~~ ntdll.dll!RtlAllocateHeap
    arg -1: 0x0000024ef16e1360 (name=retval, type=void, size=0x8)
~~2120~~ ntdll.dll!RtlAllocateHeap
    arg 0: 0x0000024ef16d0000
    arg 1: 0x0000000000000008
~~2120~~ ntdll.dll!RtlLeaveCriticalSection
    arg 0: 0x0000024ef16d02c0
    arg 1: 0x0000000000000001
~~2120~~ ntdll.dll!RtlLeaveCriticalSection
    arg -1: 0x0000000000000000 (name=retval, type=void, size=0x8)
~~2120~~ ntdll.dll!memset
    arg 0: 0x0000024ef16dbba0
    arg 1: 0x0000000000000000
~~2120~~ ntdll.dll!memset
    arg -1: 0x0000024ef16dbba0 (name=retval, type=void, size=0x8)
~~2120~~ ntdll.dll!RtlAllocateHeap
    arg -1: 0x0000024ef16dbba0 (name=retval, type=void, size=0x8)
~~2120~~ ntdll.dll!RtlAllocateHeap
    arg 0: 0x0000024ef16d0000
    arg 1: 0x0000000000000008
~~2120~~ ntdll.dll!RtlLeaveCriticalSection
    arg 0: 0x0000024ef16d02c0
    arg 1: 0x0000000000000001
~~2120~~ ntdll.dll!RtlLeaveCriticalSection
    arg -1: 0x0000000000000000 (name=retval, type=void, size=0x8)
~~2120~~ ntdll.dll!memset
    arg 0: 0x0000024ef16dbe10
    arg 1: 0x0000000000000000
~~2120~~ ntdll.dll!memset
    arg -1: 0x0000024ef16dbe10 (name=retval, type=void, size=0x8)
~~2120~~ ntdll.dll!RtlAllocateHeap
    arg -1: 0x0000024ef16dbe10 (name=retval, type=void, size=0x8)
~~2120~~ ntdll.dll!RtlAllocateHeap
    arg 0: 0x0000024ef16d0000
    arg 1: 0x0000000000000008
~~2120~~ ntdll.dll!memset
    arg 0: 0x0000024ef16e0aa0
    arg 1: 0x0000000000000000
~~2120~~ ntdll.dll!memset
    arg -1: 0x0000024ef16e0aa0 (name=retval, type=void, size=0x8)
~~2120~~ ntdll.dll!RtlAllocateHeap
    arg -1: 0x0000024ef16e0aa0 (name=retval, type=void, size=0x8)
~~2120~~ ntdll.dll!RtlAllocateHeap
    arg 0: 0x0000024ef16d0000
    arg 1: 0x0000000000000008
~~2120~~ ntdll.dll!memset
    arg 0: 0x0000024ef16e09b0
    arg 1: 0x0000000000000000
~~2120~~ ntdll.dll!memset
    arg -1: 0x0000024ef16e09b0 (name=retval, type=void, size=0x8)
~~2120~~ ntdll.dll!RtlAllocateHeap
    arg -1: 0x0000024ef16e09b0 (name=retval, type=void, size=0x8)
~~2120~~ ntdll.dll!RtlAllocateHeap
    arg 0: 0x0000024ef16d0000
    arg 1: 0x0000000000000008
~~2120~~ ntdll.dll!RtlLeaveCriticalSection
    arg 0: 0x0000024ef16d02c0
    arg 1: 0x0000000000000001
~~2120~~ ntdll.dll!RtlLeaveCriticalSection
    arg -1: 0x0000000000000000 (name=retval, type=void, size=0x8)
~~2120~~ ntdll.dll!memset
    arg 0: 0x0000024ef16db760
    arg 1: 0x0000000000000000
~~2120~~ ntdll.dll!memset
    arg -1: 0x0000024ef16db760 (name=retval, type=void, size=0x8)
~~2120~~ ntdll.dll!RtlAllocateHeap
    arg -1: 0x0000024ef16db760 (name=retval, type=void, size=0x8)
~~2120~~ ntdll.dll!RtlAllocateHeap
    arg 0: 0x0000024ef16d0000
    arg 1: 0x0000000000000008
~~2120~~ ntdll.dll!RtlLeaveCriticalSection
    arg 0: 0x0000024ef16d02c0
    arg 1: 0x0000000000000001
~~2120~~ ntdll.dll!RtlLeaveCriticalSection
    arg -1: 0x0000000000000000 (name=retval, type=void, size=0x8)
~~2120~~ ntdll.dll!memset
    arg 0: 0x0000024ef16e0fd0
    arg 1: 0x0000000000000000
~~2120~~ ntdll.dll!memset
    arg -1: 0x0000024ef16e0fd0 (name=retval, type=void, size=0x8)
~~2120~~ ntdll.dll!RtlAllocateHeap
    arg -1: 0x0000024ef16e0fd0 (name=retval, type=void, size=0x8)
~~2120~~ ntdll.dll!RtlAllocateHeap
    arg 0: 0x0000024ef16d0000
    arg 1: 0x0000000000000008
~~2120~~ ntdll.dll!RtlLeaveCriticalSection
    arg 0: 0x0000024ef16d02c0
    arg 1: 0x0000000000000001
~~2120~~ ntdll.dll!RtlLeaveCriticalSection
    arg -1: 0x0000000000000000 (name=retval, type=void, size=0x8)
~~2120~~ ntdll.dll!memset
    arg 0: 0x0000024ef16dc1f0
    arg 1: 0x0000000000000000
~~2120~~ ntdll.dll!memset
    arg -1: 0x0000024ef16dc1f0 (name=retval, type=void, size=0x8)
~~2120~~ ntdll.dll!RtlAllocateHeap
    arg -1: 0x0000024ef16dc1f0 (name=retval, type=void, size=0x8)
~~2120~~ ntdll.dll!RtlAllocateHeap
    arg 0: 0x0000024ef16d0000
    arg 1: 0x0000000000000008
~~2120~~ ntdll.dll!RtlLeaveCriticalSection
    arg 0: 0x0000024ef16d02c0
    arg 1: 0x0000000000000001
~~2120~~ ntdll.dll!RtlLeaveCriticalSection
    arg -1: 0x0000000000000000 (name=retval, type=void, size=0x8)
~~2120~~ ntdll.dll!memset
    arg 0: 0x0000024ef16f1ad0
    arg 1: 0x0000000000000000
~~2120~~ ntdll.dll!memset
    arg -1: 0x0000024ef16f1ad0 (name=retval, type=void, size=0x8)
~~2120~~ ntdll.dll!RtlAllocateHeap
    arg -1: 0x0000024ef16f1ad0 (name=retval, type=void, size=0x8)
~~2120~~ ntdll.dll!RtlAllocateHeap
    arg 0: 0x0000024ef16d0000
    arg 1: 0x0000000000000008
~~2120~~ ntdll.dll!memset
    arg 0: 0x0000024ef16e5f00
    arg 1: 0x0000000000000000
~~2120~~ ntdll.dll!memset
    arg -1: 0x0000024ef16e5f00 (name=retval, type=void, size=0x8)
~~2120~~ ntdll.dll!RtlAllocateHeap
    arg -1: 0x0000024ef16e5f00 (name=retval, type=void, size=0x8)
~~2120~~ ntdll.dll!RtlAllocateHeap
    arg 0: 0x0000024ef16d0000
    arg 1: 0x0000000000000008
~~2120~~ ntdll.dll!RtlLeaveCriticalSection
    arg 0: 0x0000024ef16d02c0
    arg 1: 0x0000000000000001
~~2120~~ ntdll.dll!RtlLeaveCriticalSection
    arg -1: 0x0000000000000000 (name=retval, type=void, size=0x8)
~~2120~~ ntdll.dll!memset
    arg 0: 0x0000024ef16e1040
    arg 1: 0x0000000000000000
~~2120~~ ntdll.dll!memset
    arg -1: 0x0000024ef16e1040 (name=retval, type=void, size=0x8)
~~2120~~ ntdll.dll!RtlAllocateHeap
    arg -1: 0x0000024ef16e1040 (name=retval, type=void, size=0x8)
~~2120~~ ntdll.dll!RtlAllocateHeap
    arg 0: 0x0000024ef16d0000
    arg 1: 0x0000000000000008
~~2120~~ ntdll.dll!RtlLeaveCriticalSection
    arg 0: 0x0000024ef16d02c0
    arg 1: 0x0000000000000001
~~2120~~ ntdll.dll!RtlLeaveCriticalSection
    arg -1: 0x0000000000000000 (name=retval, type=void, size=0x8)
~~2120~~ ntdll.dll!memset
    arg 0: 0x0000024ef16dbf00
    arg 1: 0x0000000000000000
~~2120~~ ntdll.dll!memset
    arg -1: 0x0000024ef16dbf00 (name=retval, type=void, size=0x8)
~~2120~~ ntdll.dll!RtlAllocateHeap
    arg -1: 0x0000024ef16dbf00 (name=retval, type=void, size=0x8)
~~2120~~ ntdll.dll!RtlAllocateHeap
    arg 0: 0x0000024ef16d0000
    arg 1: 0x0000000000000008
~~2120~~ ntdll.dll!memset
    arg 0: 0x0000024ef16e6bc0
    arg 1: 0x0000000000000000
~~2120~~ ntdll.dll!memset
    arg -1: 0x0000024ef16e6bc0 (name=retval, type=void, size=0x8)
~~2120~~ ntdll.dll!RtlAllocateHeap
    arg -1: 0x0000024ef16e6bc0 (name=retval, type=void, size=0x8)
~~2120~~ ntdll.dll!RtlAllocateHeap
    arg 0: 0x0000024ef16d0000
    arg 1: 0x0000000000000008
~~2120~~ ntdll.dll!memset
    arg 0: 0x0000024ef16e0af0
    arg 1: 0x0000000000000000
~~2120~~ ntdll.dll!memset
    arg -1: 0x0000024ef16e0af0 (name=retval, type=void, size=0x8)
~~2120~~ ntdll.dll!RtlAllocateHeap
    arg -1: 0x0000024ef16e0af0 (name=retval, type=void, size=0x8)
~~2120~~ ntdll.dll!RtlAllocateHeap
    arg 0: 0x0000024ef16d0000
    arg 1: 0x0000000000000008
~~2120~~ ntdll.dll!memset
    arg 0: 0x0000024ef16e1730
    arg 1: 0x0000000000000000
~~2120~~ ntdll.dll!memset
    arg -1: 0x0000024ef16e1730 (name=retval, type=void, size=0x8)
~~2120~~ ntdll.dll!RtlAllocateHeap
    arg -1: 0x0000024ef16e1730 (name=retval, type=void, size=0x8)
~~2120~~ ntdll.dll!RtlAllocateHeap
    arg 0: 0x0000024ef16d0000
    arg 1: 0x0000000000000008
~~2120~~ ntdll.dll!memset
    arg 0: 0x0000024ef16e6c40
    arg 1: 0x0000000000000000
~~2120~~ ntdll.dll!memset
    arg -1: 0x0000024ef16e6c40 (name=retval, type=void, size=0x8)
~~2120~~ ntdll.dll!RtlAllocateHeap
    arg -1: 0x0000024ef16e6c40 (name=retval, type=void, size=0x8)
~~2120~~ ntdll.dll!RtlAllocateHeap
    arg 0: 0x0000024ef16d0000
    arg 1: 0x0000000000000008
~~2120~~ ntdll.dll!RtlLeaveCriticalSection
    arg 0: 0x0000024ef16d02c0
    arg 1: 0x0000000000000001
~~2120~~ ntdll.dll!RtlLeaveCriticalSection
    arg -1: 0x0000000000000000 (name=retval, type=void, size=0x8)
~~2120~~ ntdll.dll!memset
    arg 0: 0x0000024ef16f2030
    arg 1: 0x0000000000000000
~~2120~~ ntdll.dll!memset
    arg -1: 0x0000024ef16f2030 (name=retval, type=void, size=0x8)
~~2120~~ ntdll.dll!RtlAllocateHeap
    arg -1: 0x0000024ef16f2030 (name=retval, type=void, size=0x8)
~~2120~~ ntdll.dll!RtlAllocateHeap
    arg 0: 0x0000024ef16d0000
    arg 1: 0x0000000000000008
~~2120~~ ntdll.dll!memset
    arg 0: 0x0000024ef16e1550
    arg 1: 0x0000000000000000
~~2120~~ ntdll.dll!memset
    arg -1: 0x0000024ef16e1550 (name=retval, type=void, size=0x8)
~~2120~~ ntdll.dll!RtlAllocateHeap
    arg -1: 0x0000024ef16e1550 (name=retval, type=void, size=0x8)
~~2120~~ ntdll.dll!RtlAllocateHeap
    arg 0: 0x0000024ef16d0000
    arg 1: 0x0000000000000008
~~2120~~ ntdll.dll!RtlLeaveCriticalSection
    arg 0: 0x0000024ef16d02c0
    arg 1: 0x0000000000000001
~~2120~~ ntdll.dll!RtlLeaveCriticalSection
    arg -1: 0x0000000000000000 (name=retval, type=void, size=0x8)
~~2120~~ ntdll.dll!memset
    arg 0: 0x0000024ef16f2580
    arg 1: 0x0000000000000000
~~2120~~ ntdll.dll!memset
    arg -1: 0x0000024ef16f2580 (name=retval, type=void, size=0x8)
~~2120~~ ntdll.dll!RtlAllocateHeap
    arg -1: 0x0000024ef16f2580 (name=retval, type=void, size=0x8)
~~2120~~ ntdll.dll!RtlAllocateHeap
    arg 0: 0x0000024ef16d0000
    arg 1: 0x0000000000000008
~~2120~~ ntdll.dll!RtlLeaveCriticalSection
    arg 0: 0x0000024ef16d02c0
    arg 1: 0x0000000000000001
~~2120~~ ntdll.dll!RtlLeaveCriticalSection
    arg -1: 0x0000000000000000 (name=retval, type=void, size=0x8)
~~2120~~ ntdll.dll!memset
    arg 0: 0x0000024ef16f2890
    arg 1: 0x0000000000000000
~~2120~~ ntdll.dll!memset
    arg -1: 0x0000024ef16f2890 (name=retval, type=void, size=0x8)
~~2120~~ ntdll.dll!RtlAllocateHeap
    arg -1: 0x0000024ef16f2890 (name=retval, type=void, size=0x8)
~~2120~~ ntdll.dll!RtlAllocateHeap
    arg 0: 0x0000024ef16d0000
    arg 1: 0x0000000000000008
~~2120~~ ntdll.dll!memset
    arg 0: 0x0000024ef16e7520
    arg 1: 0x0000000000000000
~~2120~~ ntdll.dll!memset
    arg -1: 0x0000024ef16e7520 (name=retval, type=void, size=0x8)
~~2120~~ ntdll.dll!RtlAllocateHeap
    arg -1: 0x0000024ef16e7520 (name=retval, type=void, size=0x8)
~~2120~~ ntdll.dll!RtlAllocateHeap
    arg 0: 0x0000024ef16d0000
    arg 1: 0x0000000000000008
~~2120~~ ntdll.dll!memset
    arg 0: 0x0000024ef16e0b40
    arg 1: 0x0000000000000000
~~2120~~ ntdll.dll!memset
    arg -1: 0x0000024ef16e0b40 (name=retval, type=void, size=0x8)
~~2120~~ ntdll.dll!RtlAllocateHeap
    arg -1: 0x0000024ef16e0b40 (name=retval, type=void, size=0x8)
~~2120~~ ntdll.dll!RtlAllocateHeap
    arg 0: 0x0000024ef16d0000
    arg 1: 0x0000000000000008
~~2120~~ ntdll.dll!RtlLeaveCriticalSection
    arg 0: 0x0000024ef16d02c0
    arg 1: 0x0000000000000001
~~2120~~ ntdll.dll!RtlLeaveCriticalSection
    arg -1: 0x0000000000000000 (name=retval, type=void, size=0x8)
~~2120~~ ntdll.dll!memset
    arg 0: 0x0000024ef16dbf80
    arg 1: 0x0000000000000000
~~2120~~ ntdll.dll!memset
    arg -1: 0x0000024ef16dbf80 (name=retval, type=void, size=0x8)
~~2120~~ ntdll.dll!RtlAllocateHeap
    arg -1: 0x0000024ef16dbf80 (name=retval, type=void, size=0x8)
~~2120~~ ntdll.dll!RtlAllocateHeap
    arg 0: 0x0000024ef16d0000
    arg 1: 0x0000000000000008
~~2120~~ ntdll.dll!memset
    arg 0: 0x0000024ef16e6c00
    arg 1: 0x0000000000000000
~~2120~~ ntdll.dll!memset
    arg -1: 0x0000024ef16e6c00 (name=retval, type=void, size=0x8)
~~2120~~ ntdll.dll!RtlAllocateHeap
    arg -1: 0x0000024ef16e6c00 (name=retval, type=void, size=0x8)
~~2120~~ ntdll.dll!RtlAllocateHeap
    arg 0: 0x0000024ef16d0000
    arg 1: 0x0000000000000008
~~2120~~ ntdll.dll!RtlInterlockedPopEntrySList
    arg 0: 0x0000024ef16511d0
    arg 1: 0x0000000000000000
~~2120~~ ntdll.dll!ExpInterlockedPopEntrySListResume
    arg 0: 0x0000024ef16511d0
    arg 1: 0x0000000000000000
~~2120~~ ntdll.dll!ExpInterlockedPopEntrySListResume
    arg -1: 0x0000000000000000 (name=retval, type=void, size=0x8)
~~2120~~ ntdll.dll!RtlInterlockedPopEntrySList
    arg -1: 0x0000000000000000 (name=retval, type=void, size=0x8)
~~2120~~ ntdll.dll!RtlInterlockedPopEntrySList
    arg 0: 0x0000024ef1650150
    arg 1: 0x000000000000000c
~~2120~~ ntdll.dll!ExpInterlockedPopEntrySListResume
    arg 0: 0x0000024ef1650150
    arg 1: 0x000000000000000c
~~2120~~ ntdll.dll!ExpInterlockedPopEntrySListResume
    arg -1: 0x0000000000000000 (name=retval, type=void, size=0x8)
~~2120~~ ntdll.dll!RtlInterlockedPopEntrySList
    arg -1: 0x0000000000000000 (name=retval, type=void, size=0x8)
~~2120~~ ntdll.dll!RtlInterlockedPopEntrySList
    arg 0: 0x0000024ef1650120
    arg 1: 0x0000000000000000
~~2120~~ ntdll.dll!ExpInterlockedPopEntrySListResume
    arg 0: 0x0000024ef1650120
    arg 1: 0x0000000000000000
~~2120~~ ntdll.dll!ExpInterlockedPopEntrySListResume
    arg -1: 0x0000000000000000 (name=retval, type=void, size=0x8)
~~2120~~ ntdll.dll!RtlInterlockedPopEntrySList
    arg -1: 0x0000000000000000 (name=retval, type=void, size=0x8)
~~2120~~ ntdll.dll!RtlEnterCriticalSection
    arg 0: 0x0000024ef16d02c0
    arg 1: 0x000000000000000c
~~2120~~ ntdll.dll!RtlEnterCriticalSection
    arg -1: 0x0000000000000000 (name=retval, type=void, size=0x8)
~~2120~~ ntdll.dll!RtlAllocateHeap
    arg 0: 0x0000024ef16d0000
    arg 1: 0x0000000000800001
~~2120~~ ntdll.dll!RtlAllocateHeap
    arg -1: 0x0000024ef16e9f00 (name=retval, type=void, size=0x8)
~~2120~~ ntdll.dll!RtlLeaveCriticalSection
    arg 0: 0x0000024ef16d02c0
    arg 1: 0x0000000000000101
~~2120~~ ntdll.dll!RtlLeaveCriticalSection
    arg -1: 0x0000000000000000 (name=retval, type=void, size=0x8)
~~2120~~ ntdll.dll!RtlGetCurrentServiceSessionId
    arg 0: 0x00000000ffffffff
    arg 1: 0x0000000000000101
~~2120~~ ntdll.dll!RtlGetCurrentServiceSessionId
    arg -1: 0x0000000000000000 (name=retval, type=void, size=0x8)
~~2120~~ ntdll.dll!RtlInterlockedPopEntrySList
    arg 0: 0x0000024ef1650cc0
    arg 1: 0x0000000000001000
~~2120~~ ntdll.dll!ExpInterlockedPopEntrySListResume
    arg 0: 0x0000024ef1650cc0
    arg 1: 0x0000000000001000
~~2120~~ ntdll.dll!ExpInterlockedPopEntrySListResume
    arg -1: 0x0000000000000000 (name=retval, type=void, size=0x8)
~~2120~~ ntdll.dll!RtlInterlockedPopEntrySList
    arg -1: 0x0000000000000000 (name=retval, type=void, size=0x8)
~~2120~~ ntdll.dll!memset
    arg 0: 0x0000024ef16e9f30
    arg 1: 0x0000000000000000
~~2120~~ ntdll.dll!memset
    arg -1: 0x0000024ef16e9f30 (name=retval, type=void, size=0x8)
~~2120~~ ntdll.dll!RtlRunOnceBeginInitialize
    arg 0: 0x00007ffa2a49d5e0
    arg 1: 0x0000000000000000
~~2120~~ ntdll.dll!RtlRunOnceBeginInitialize
    arg -1: 0x0000000000000000 (name=retval, type=void, size=0x8)
~~2120~~ ntdll.dll!RtlRunOnceBeginInitialize
    arg 0: 0x00007ffa2a49d5e0
    arg 1: 0x0000000000000000
~~2120~~ ntdll.dll!RtlRunOnceBeginInitialize
    arg -1: 0x0000000000000000 (name=retval, type=void, size=0x8)
~~2120~~ ntdll.dll!RtlGetCurrentServiceSessionId
    arg 0: 0x0000000000000007
    arg 1: 0x000000003016c748
~~2120~~ ntdll.dll!RtlGetCurrentServiceSessionId
    arg -1: 0x0000000000000000 (name=retval, type=void, size=0x8)
~~2120~~ ntdll.dll!memset
    arg 0: 0x0000024ef16eaea0
    arg 1: 0x0000000000000000
~~2120~~ ntdll.dll!memset
    arg -1: 0x0000024ef16eaea0 (name=retval, type=void, size=0x8)
~~2120~~ ntdll.dll!RtlAllocateHeap
    arg -1: 0x0000024ef16eaea0 (name=retval, type=void, size=0x8)
~~2120~~ ntdll.dll!RtlAllocateHeap
    arg 0: 0x0000024ef16d0000
    arg 1: 0x0000000000000008
~~2120~~ ntdll.dll!memset
    arg 0: 0x0000024ef16e1760
    arg 1: 0x0000000000000000
~~2120~~ ntdll.dll!memset
    arg -1: 0x0000024ef16e1760 (name=retval, type=void, size=0x8)
~~2120~~ ntdll.dll!RtlAllocateHeap
    arg -1: 0x0000024ef16e1760 (name=retval, type=void, size=0x8)
~~2120~~ ntdll.dll!RtlAllocateHeap
    arg 0: 0x0000024ef16d0000
    arg 1: 0x0000000000000008
~~2120~~ ntdll.dll!RtlLeaveCriticalSection
    arg 0: 0x0000024ef16d02c0
    arg 1: 0x0000000000000001
~~2120~~ ntdll.dll!RtlLeaveCriticalSection
    arg -1: 0x0000000000000000 (name=retval, type=void, size=0x8)
~~2120~~ ntdll.dll!memset
    arg 0: 0x0000024ef16eaf10
    arg 1: 0x0000000000000000
~~2120~~ ntdll.dll!memset
    arg -1: 0x0000024ef16eaf10 (name=retval, type=void, size=0x8)
~~2120~~ ntdll.dll!RtlAllocateHeap
    arg -1: 0x0000024ef16eaf10 (name=retval, type=void, size=0x8)
~~2120~~ ntdll.dll!RtlAllocateHeap
    arg 0: 0x0000024ef16d0000
    arg 1: 0x0000000000000008
~~2120~~ ntdll.dll!RtlLeaveCriticalSection
    arg 0: 0x0000024ef16d02c0
    arg 1: 0x0000000000000001
~~2120~~ ntdll.dll!RtlLeaveCriticalSection
    arg -1: 0x0000000000000000 (name=retval, type=void, size=0x8)
~~2120~~ ntdll.dll!memset
    arg 0: 0x0000024ef16e7950
    arg 1: 0x0000000000000000
~~2120~~ ntdll.dll!memset
    arg -1: 0x0000024ef16e7950 (name=retval, type=void, size=0x8)
~~2120~~ ntdll.dll!RtlAllocateHeap
    arg -1: 0x0000024ef16e7950 (name=retval, type=void, size=0x8)
~~2120~~ ntdll.dll!RtlAllocateHeap
    arg 0: 0x0000024ef16d0000
    arg 1: 0x0000000000000008
~~2120~~ ntdll.dll!memset
    arg 0: 0x0000024ef16e15e0
    arg 1: 0x0000000000000000
~~2120~~ ntdll.dll!memset
    arg -1: 0x0000024ef16e15e0 (name=retval, type=void, size=0x8)
~~2120~~ ntdll.dll!RtlAllocateHeap
    arg -1: 0x0000024ef16e15e0 (name=retval, type=void, size=0x8)
~~2120~~ ntdll.dll!RtlAllocateHeap
    arg 0: 0x0000024ef16d0000
    arg 1: 0x0000000000000008
~~2120~~ ntdll.dll!memset
    arg 0: 0x0000024ef16ea720
    arg 1: 0x0000000000000000
~~2120~~ ntdll.dll!memset
    arg -1: 0x0000024ef16ea720 (name=retval, type=void, size=0x8)
~~2120~~ ntdll.dll!RtlAllocateHeap
    arg -1: 0x0000024ef16ea720 (name=retval, type=void, size=0x8)
~~2120~~ ntdll.dll!RtlAllocateHeap
    arg 0: 0x0000024ef16d0000
    arg 1: 0x0000000000000008
~~2120~~ ntdll.dll!RtlLeaveCriticalSection
    arg 0: 0x0000024ef16d02c0
    arg 1: 0x0000000000000001
~~2120~~ ntdll.dll!RtlLeaveCriticalSection
    arg -1: 0x0000000000000000 (name=retval, type=void, size=0x8)
~~2120~~ ntdll.dll!memset
    arg 0: 0x0000024ef16e79e0
    arg 1: 0x0000000000000000
~~2120~~ ntdll.dll!memset
    arg -1: 0x0000024ef16e79e0 (name=retval, type=void, size=0x8)
~~2120~~ ntdll.dll!RtlAllocateHeap
    arg -1: 0x0000024ef16e79e0 (name=retval, type=void, size=0x8)
~~2120~~ ntdll.dll!RtlAllocateHeap
    arg 0: 0x0000024ef16d0000
    arg 1: 0x0000000000000008
~~2120~~ ntdll.dll!memset
    arg 0: 0x0000024ef16e1580
    arg 1: 0x0000000000000000
~~2120~~ ntdll.dll!memset
    arg -1: 0x0000024ef16e1580 (name=retval, type=void, size=0x8)
~~2120~~ ntdll.dll!RtlAllocateHeap
    arg -1: 0x0000024ef16e1580 (name=retval, type=void, size=0x8)
~~2120~~ ntdll.dll!RtlAllocateHeap
    arg 0: 0x0000024ef16d0000
    arg 1: 0x0000000000000008
~~2120~~ ntdll.dll!memset
    arg 0: 0x0000024ef16e63c0
    arg 1: 0x0000000000000000
~~2120~~ ntdll.dll!memset
    arg -1: 0x0000024ef16e63c0 (name=retval, type=void, size=0x8)
~~2120~~ ntdll.dll!RtlAllocateHeap
    arg -1: 0x0000024ef16e63c0 (name=retval, type=void, size=0x8)
~~2120~~ ntdll.dll!RtlAllocateHeap
    arg 0: 0x0000024ef16d0000
    arg 1: 0x0000000000000008
~~2120~~ ntdll.dll!memset
    arg 0: 0x0000024ef16e6680
    arg 1: 0x0000000000000000
~~2120~~ ntdll.dll!memset
    arg -1: 0x0000024ef16e6680 (name=retval, type=void, size=0x8)
~~2120~~ ntdll.dll!RtlAllocateHeap
    arg -1: 0x0000024ef16e6680 (name=retval, type=void, size=0x8)
~~2120~~ ntdll.dll!RtlAllocateHeap
    arg 0: 0x0000024ef16d0000
    arg 1: 0x0000000000000008
~~2120~~ ntdll.dll!memset
    arg 0: 0x0000024ef16ea270
    arg 1: 0x0000000000000000
~~2120~~ ntdll.dll!memset
    arg -1: 0x0000024ef16ea270 (name=retval, type=void, size=0x8)
~~2120~~ ntdll.dll!RtlAllocateHeap
    arg -1: 0x0000024ef16ea270 (name=retval, type=void, size=0x8)
~~2120~~ ntdll.dll!RtlAllocateHeap
    arg 0: 0x0000024ef16d0000
    arg 1: 0x0000000000000008
~~2120~~ ntdll.dll!memset
    arg 0: 0x0000024ef16e7040
    arg 1: 0x0000000000000000
~~2120~~ ntdll.dll!memset
    arg -1: 0x0000024ef16e7040 (name=retval, type=void, size=0x8)
~~2120~~ ntdll.dll!RtlAllocateHeap
    arg -1: 0x0000024ef16e7040 (name=retval, type=void, size=0x8)
~~2120~~ ntdll.dll!RtlAllocateHeap
    arg 0: 0x0000024ef16d0000
    arg 1: 0x0000000000000008
~~2120~~ ntdll.dll!memset
    arg 0: 0x0000024ef16ea900
    arg 1: 0x0000000000000000
~~2120~~ ntdll.dll!memset
    arg -1: 0x0000024ef16ea900 (name=retval, type=void, size=0x8)
~~2120~~ ntdll.dll!RtlAllocateHeap
    arg -1: 0x0000024ef16ea900 (name=retval, type=void, size=0x8)
~~2120~~ ntdll.dll!RtlAllocateHeap
    arg 0: 0x0000024ef16d0000
    arg 1: 0x0000000000000008
~~2120~~ ntdll.dll!memset
    arg 0: 0x0000024ef16e8210
    arg 1: 0x0000000000000000
~~2120~~ ntdll.dll!memset
    arg -1: 0x0000024ef16e8210 (name=retval, type=void, size=0x8)
~~2120~~ ntdll.dll!RtlAllocateHeap
    arg -1: 0x0000024ef16e8210 (name=retval, type=void, size=0x8)
~~2120~~ ntdll.dll!RtlAllocateHeap
    arg 0: 0x0000024ef16d0000
    arg 1: 0x0000000000000008
~~2120~~ ntdll.dll!RtlLeaveCriticalSection
    arg 0: 0x0000024ef16d02c0
    arg 1: 0x0000000000000001
~~2120~~ ntdll.dll!RtlLeaveCriticalSection
    arg -1: 0x0000000000000000 (name=retval, type=void, size=0x8)
~~2120~~ ntdll.dll!memset
    arg 0: 0x0000024ef16f2c60
    arg 1: 0x0000000000000000
~~2120~~ ntdll.dll!memset
    arg -1: 0x0000024ef16f2c60 (name=retval, type=void, size=0x8)
~~2120~~ ntdll.dll!RtlAllocateHeap
    arg -1: 0x0000024ef16f2c60 (name=retval, type=void, size=0x8)
~~2120~~ ntdll.dll!RtlAllocateHeap
    arg 0: 0x0000024ef16d0000
    arg 1: 0x0000000000000008
~~2120~~ ntdll.dll!memset
    arg 0: 0x0000024ef16e6d40
    arg 1: 0x0000000000000000
~~2120~~ ntdll.dll!memset
    arg -1: 0x0000024ef16e6d40 (name=retval, type=void, size=0x8)
~~2120~~ ntdll.dll!RtlAllocateHeap
    arg -1: 0x0000024ef16e6d40 (name=retval, type=void, size=0x8)
~~2120~~ ntdll.dll!RtlAllocateHeap
    arg 0: 0x0000024ef16d0000
    arg 1: 0x0000000000000008
~~2120~~ ntdll.dll!memset
    arg 0: 0x0000024ef16eac20
    arg 1: 0x0000000000000000
~~2120~~ ntdll.dll!memset
    arg -1: 0x0000024ef16eac20 (name=retval, type=void, size=0x8)
~~2120~~ ntdll.dll!RtlAllocateHeap
    arg -1: 0x0000024ef16eac20 (name=retval, type=void, size=0x8)
~~2120~~ ntdll.dll!RtlAllocateHeap
    arg 0: 0x0000024ef16d0000
    arg 1: 0x0000000000000008
~~2120~~ ntdll.dll!memset
    arg 0: 0x0000024ef16e1610
    arg 1: 0x0000000000000000
~~2120~~ ntdll.dll!memset
    arg -1: 0x0000024ef16e1610 (name=retval, type=void, size=0x8)
~~2120~~ ntdll.dll!RtlAllocateHeap
    arg -1: 0x0000024ef16e1610 (name=retval, type=void, size=0x8)
~~2120~~ ntdll.dll!RtlAllocateHeap
    arg 0: 0x0000024ef16d0000
    arg 1: 0x0000000000000008
~~2120~~ ntdll.dll!memset
    arg 0: 0x0000024ef16e6d80
    arg 1: 0x0000000000000000
~~2120~~ ntdll.dll!memset
    arg -1: 0x0000024ef16e6d80 (name=retval, type=void, size=0x8)
~~2120~~ ntdll.dll!RtlAllocateHeap
    arg -1: 0x0000024ef16e6d80 (name=retval, type=void, size=0x8)
~~2120~~ ntdll.dll!RtlAllocateHeap
    arg 0: 0x0000024ef16d0000
    arg 1: 0x0000000000000008
~~2120~~ ntdll.dll!memset
    arg 0: 0x0000024ef16e7100
    arg 1: 0x0000000000000000
~~2120~~ ntdll.dll!memset
    arg -1: 0x0000024ef16e7100 (name=retval, type=void, size=0x8)
~~2120~~ ntdll.dll!RtlAllocateHeap
    arg -1: 0x0000024ef16e7100 (name=retval, type=void, size=0x8)
~~2120~~ ntdll.dll!RtlAllocateHeap
    arg 0: 0x0000024ef16d0000
    arg 1: 0x0000000000000008
~~2120~~ ntdll.dll!memset
    arg 0: 0x0000024ef16e7460
    arg 1: 0x0000000000000000
~~2120~~ ntdll.dll!memset
    arg -1: 0x0000024ef16e7460 (name=retval, type=void, size=0x8)
~~2120~~ ntdll.dll!RtlAllocateHeap
    arg -1: 0x0000024ef16e7460 (name=retval, type=void, size=0x8)
~~2120~~ ntdll.dll!RtlAllocateHeap
    arg 0: 0x0000024ef16d0000
    arg 1: 0x0000000000000008
~~2120~~ ntdll.dll!memset
    arg 0: 0x0000024ef16e6900
    arg 1: 0x0000000000000000
~~2120~~ ntdll.dll!memset
    arg -1: 0x0000024ef16e6900 (name=retval, type=void, size=0x8)
~~2120~~ ntdll.dll!RtlAllocateHeap
    arg -1: 0x0000024ef16e6900 (name=retval, type=void, size=0x8)
~~2120~~ ntdll.dll!RtlAllocateHeap
    arg 0: 0x0000024ef16d0000
    arg 1: 0x0000000000000008
~~2120~~ ntdll.dll!RtlLeaveCriticalSection
    arg 0: 0x0000024ef16d02c0
    arg 1: 0x0000000000000001
~~2120~~ ntdll.dll!RtlLeaveCriticalSection
    arg -1: 0x0000000000000000 (name=retval, type=void, size=0x8)
~~2120~~ ntdll.dll!memset
    arg 0: 0x0000024ef16f2d40
    arg 1: 0x0000000000000000
~~2120~~ ntdll.dll!memset
    arg -1: 0x0000024ef16f2d40 (name=retval, type=void, size=0x8)
~~2120~~ ntdll.dll!RtlAllocateHeap
    arg -1: 0x0000024ef16f2d40 (name=retval, type=void, size=0x8)
~~2120~~ ntdll.dll!RtlAllocateHeap
    arg 0: 0x0000024ef16d0000
    arg 1: 0x0000000000000008
~~2120~~ ntdll.dll!memset
    arg 0: 0x0000024ef16e6700
    arg 1: 0x0000000000000000
~~2120~~ ntdll.dll!memset
    arg -1: 0x0000024ef16e6700 (name=retval, type=void, size=0x8)
~~2120~~ ntdll.dll!RtlAllocateHeap
    arg -1: 0x0000024ef16e6700 (name=retval, type=void, size=0x8)
~~2120~~ ntdll.dll!RtlAllocateHeap
    arg 0: 0x0000024ef16d0000
    arg 1: 0x0000000000000008
~~2120~~ ntdll.dll!memset
    arg 0: 0x0000024ef16e7220
    arg 1: 0x0000000000000000
~~2120~~ ntdll.dll!memset
    arg -1: 0x0000024ef16e7220 (name=retval, type=void, size=0x8)
~~2120~~ ntdll.dll!RtlAllocateHeap
    arg -1: 0x0000024ef16e7220 (name=retval, type=void, size=0x8)
~~2120~~ ntdll.dll!RtlAllocateHeap
    arg 0: 0x0000024ef16d0000
    arg 1: 0x0000000000000008
~~2120~~ ntdll.dll!memset
    arg 0: 0x0000024ef16e1670
    arg 1: 0x0000000000000000
~~2120~~ ntdll.dll!memset
    arg -1: 0x0000024ef16e1670 (name=retval, type=void, size=0x8)
~~2120~~ ntdll.dll!RtlAllocateHeap
    arg -1: 0x0000024ef16e1670 (name=retval, type=void, size=0x8)
~~2120~~ ntdll.dll!RtlAllocateHeap
    arg 0: 0x0000024ef16d0000
    arg 1: 0x0000000000000008
~~2120~~ ntdll.dll!memset
    arg 0: 0x0000024ef16e6940
    arg 1: 0x0000000000000000
~~2120~~ ntdll.dll!memset
    arg -1: 0x0000024ef16e6940 (name=retval, type=void, size=0x8)
~~2120~~ ntdll.dll!RtlAllocateHeap
    arg -1: 0x0000024ef16e6940 (name=retval, type=void, size=0x8)
~~2120~~ ntdll.dll!RtlAllocateHeap
    arg 0: 0x0000024ef16d0000
    arg 1: 0x0000000000000008
~~2120~~ ntdll.dll!RtlLeaveCriticalSection
    arg 0: 0x0000024ef16d02c0
    arg 1: 0x0000000000000001
~~2120~~ ntdll.dll!RtlLeaveCriticalSection
    arg -1: 0x0000000000000000 (name=retval, type=void, size=0x8)
~~2120~~ ntdll.dll!memset
    arg 0: 0x0000024ef16f2dc0
    arg 1: 0x0000000000000000
~~2120~~ ntdll.dll!memset
    arg -1: 0x0000024ef16f2dc0 (name=retval, type=void, size=0x8)
~~2120~~ ntdll.dll!RtlAllocateHeap
    arg -1: 0x0000024ef16f2dc0 (name=retval, type=void, size=0x8)
~~2120~~ ntdll.dll!RtlAllocateHeap
    arg 0: 0x0000024ef16d0000
    arg 1: 0x0000000000000008
~~2120~~ ntdll.dll!RtlLeaveCriticalSection
    arg 0: 0x0000024ef16d02c0
    arg 1: 0x0000000000000001
~~2120~~ ntdll.dll!RtlLeaveCriticalSection
    arg -1: 0x0000000000000000 (name=retval, type=void, size=0x8)
~~2120~~ ntdll.dll!memset
    arg 0: 0x0000024ef16f2e80
    arg 1: 0x0000000000000000
~~2120~~ ntdll.dll!memset
    arg -1: 0x0000024ef16f2e80 (name=retval, type=void, size=0x8)
~~2120~~ ntdll.dll!RtlAllocateHeap
    arg -1: 0x0000024ef16f2e80 (name=retval, type=void, size=0x8)
~~2120~~ ntdll.dll!RtlAllocateHeap
    arg 0: 0x0000024ef16d0000
    arg 1: 0x0000000000000008
~~2120~~ ntdll.dll!RtlLeaveCriticalSection
    arg 0: 0x0000024ef16d02c0
    arg 1: 0x0000000000000001
~~2120~~ ntdll.dll!RtlLeaveCriticalSection
    arg -1: 0x0000000000000000 (name=retval, type=void, size=0x8)
~~2120~~ ntdll.dll!memset
    arg 0: 0x0000024ef16f2f20
    arg 1: 0x0000000000000000
~~2120~~ ntdll.dll!memset
    arg -1: 0x0000024ef16f2f20 (name=retval, type=void, size=0x8)
~~2120~~ ntdll.dll!RtlAllocateHeap
    arg -1: 0x0000024ef16f2f20 (name=retval, type=void, size=0x8)
~~2120~~ ntdll.dll!RtlAllocateHeap
    arg 0: 0x0000024ef16d0000
    arg 1: 0x0000000000000008
~~2120~~ ntdll.dll!RtlLeaveCriticalSection
    arg 0: 0x0000024ef16d02c0
    arg 1: 0x0000000000000001
~~2120~~ ntdll.dll!RtlLeaveCriticalSection
    arg -1: 0x0000000000000000 (name=retval, type=void, size=0x8)
~~2120~~ ntdll.dll!memset
    arg 0: 0x0000024ef16ebd80
    arg 1: 0x0000000000000000
~~2120~~ ntdll.dll!memset
    arg -1: 0x0000024ef16ebd80 (name=retval, type=void, size=0x8)
~~2120~~ ntdll.dll!RtlAllocateHeap
    arg -1: 0x0000024ef16ebd80 (name=retval, type=void, size=0x8)
~~2120~~ ntdll.dll!RtlAllocateHeap
    arg 0: 0x0000024ef16d0000
    arg 1: 0x0000000000000008
~~2120~~ ntdll.dll!RtlLeaveCriticalSection
    arg 0: 0x0000024ef16d02c0
    arg 1: 0x0000000000000001
~~2120~~ ntdll.dll!RtlLeaveCriticalSection
    arg -1: 0x0000000000000000 (name=retval, type=void, size=0x8)
~~2120~~ ntdll.dll!memset
    arg 0: 0x0000024ef16ebe60
    arg 1: 0x0000000000000000
~~2120~~ ntdll.dll!memset
    arg -1: 0x0000024ef16ebe60 (name=retval, type=void, size=0x8)
~~2120~~ ntdll.dll!RtlAllocateHeap
    arg -1: 0x0000024ef16ebe60 (name=retval, type=void, size=0x8)
~~2120~~ ntdll.dll!RtlAllocateHeap
    arg 0: 0x0000024ef16d0000
    arg 1: 0x0000000000000008
~~2120~~ ntdll.dll!memset
    arg 0: 0x0000024ef16e5f40
    arg 1: 0x0000000000000000
~~2120~~ ntdll.dll!memset
    arg -1: 0x0000024ef16e5f40 (name=retval, type=void, size=0x8)
~~2120~~ ntdll.dll!RtlAllocateHeap
    arg -1: 0x0000024ef16e5f40 (name=retval, type=void, size=0x8)
~~2120~~ ntdll.dll!RtlAllocateHeap
    arg 0: 0x0000024ef16d0000
    arg 1: 0x0000000000000008
~~2120~~ ntdll.dll!memset
    arg 0: 0x0000024ef16e64c0
    arg 1: 0x0000000000000000
~~2120~~ ntdll.dll!memset
    arg -1: 0x0000024ef16e64c0 (name=retval, type=void, size=0x8)
~~2120~~ ntdll.dll!RtlAllocateHeap
    arg -1: 0x0000024ef16e64c0 (name=retval, type=void, size=0x8)
~~2120~~ ntdll.dll!RtlAllocateHeap
    arg 0: 0x0000024ef16d0000
    arg 1: 0x0000000000000008
~~2120~~ ntdll.dll!RtlLeaveCriticalSection
    arg 0: 0x0000024ef16d02c0
    arg 1: 0x0000000000000001
~~2120~~ ntdll.dll!RtlLeaveCriticalSection
    arg -1: 0x0000000000000000 (name=retval, type=void, size=0x8)
~~2120~~ ntdll.dll!memset
    arg 0: 0x0000024ef16ebf40
    arg 1: 0x0000000000000000
~~2120~~ ntdll.dll!memset
    arg -1: 0x0000024ef16ebf40 (name=retval, type=void, size=0x8)
~~2120~~ ntdll.dll!RtlAllocateHeap
    arg -1: 0x0000024ef16ebf40 (name=retval, type=void, size=0x8)
~~2120~~ ntdll.dll!RtlAllocateHeap
    arg 0: 0x0000024ef16d0000
    arg 1: 0x0000000000000008
~~2120~~ ntdll.dll!memset
    arg 0: 0x0000024ef16e6b40
    arg 1: 0x0000000000000000
~~2120~~ ntdll.dll!memset
    arg -1: 0x0000024ef16e6b40 (name=retval, type=void, size=0x8)
~~2120~~ ntdll.dll!RtlAllocateHeap
    arg -1: 0x0000024ef16e6b40 (name=retval, type=void, size=0x8)
~~2120~~ ntdll.dll!RtlAllocateHeap
    arg 0: 0x0000024ef16d0000
    arg 1: 0x0000000000000008
~~2120~~ ntdll.dll!memset
    arg 0: 0x0000024ef16e6980
    arg 1: 0x0000000000000000
~~2120~~ ntdll.dll!memset
    arg -1: 0x0000024ef16e6980 (name=retval, type=void, size=0x8)
~~2120~~ ntdll.dll!RtlAllocateHeap
    arg -1: 0x0000024ef16e6980 (name=retval, type=void, size=0x8)
~~2120~~ ntdll.dll!RtlAllocateHeap
    arg 0: 0x0000024ef16d0000
    arg 1: 0x0000000000000008
~~2120~~ ntdll.dll!memset
    arg 0: 0x0000024ef16e5e40
    arg 1: 0x0000000000000000
~~2120~~ ntdll.dll!memset
    arg -1: 0x0000024ef16e5e40 (name=retval, type=void, size=0x8)
~~2120~~ ntdll.dll!RtlAllocateHeap
    arg -1: 0x0000024ef16e5e40 (name=retval, type=void, size=0x8)
~~2120~~ ntdll.dll!RtlAllocateHeap
    arg 0: 0x0000024ef16d0000
    arg 1: 0x0000000000000008
~~2120~~ ntdll.dll!memset
    arg 0: 0x0000024ef16e17c0
    arg 1: 0x0000000000000000
~~2120~~ ntdll.dll!memset
    arg -1: 0x0000024ef16e17c0 (name=retval, type=void, size=0x8)
~~2120~~ ntdll.dll!RtlAllocateHeap
    arg -1: 0x0000024ef16e17c0 (name=retval, type=void, size=0x8)
~~2120~~ ntdll.dll!RtlAllocateHeap
    arg 0: 0x0000024ef16d0000
    arg 1: 0x0000000000000008
~~2120~~ ntdll.dll!RtlLeaveCriticalSection
    arg 0: 0x0000024ef16d02c0
    arg 1: 0x0000000000000001
~~2120~~ ntdll.dll!RtlLeaveCriticalSection
    arg -1: 0x0000000000000000 (name=retval, type=void, size=0x8)
~~2120~~ ntdll.dll!memset
    arg 0: 0x0000024ef16ec000
    arg 1: 0x0000000000000000
~~2120~~ ntdll.dll!memset
    arg -1: 0x0000024ef16ec000 (name=retval, type=void, size=0x8)
~~2120~~ ntdll.dll!RtlAllocateHeap
    arg -1: 0x0000024ef16ec000 (name=retval, type=void, size=0x8)
~~2120~~ ntdll.dll!RtlAllocateHeap
    arg 0: 0x0000024ef16d0000
    arg 1: 0x0000000000000008
~~2120~~ ntdll.dll!memset
    arg 0: 0x0000024ef16e1460
    arg 1: 0x0000000000000000
~~2120~~ ntdll.dll!memset
    arg -1: 0x0000024ef16e1460 (name=retval, type=void, size=0x8)
~~2120~~ ntdll.dll!RtlAllocateHeap
    arg -1: 0x0000024ef16e1460 (name=retval, type=void, size=0x8)
~~2120~~ ntdll.dll!RtlAllocateHeap
    arg 0: 0x0000024ef16d0000
    arg 1: 0x0000000000000008
~~2120~~ ntdll.dll!RtlLeaveCriticalSection
    arg 0: 0x0000024ef16d02c0
    arg 1: 0x0000000000000001
~~2120~~ ntdll.dll!RtlLeaveCriticalSection
    arg -1: 0x0000000000000000 (name=retval, type=void, size=0x8)
~~2120~~ ntdll.dll!memset
    arg 0: 0x0000024ef16ec0a0
    arg 1: 0x0000000000000000
~~2120~~ ntdll.dll!memset
    arg -1: 0x0000024ef16ec0a0 (name=retval, type=void, size=0x8)
~~2120~~ ntdll.dll!RtlAllocateHeap
    arg -1: 0x0000024ef16ec0a0 (name=retval, type=void, size=0x8)
~~2120~~ ntdll.dll!RtlAllocateHeap
    arg 0: 0x0000024ef16d0000
    arg 1: 0x0000000000000008
~~2120~~ ntdll.dll!RtlLeaveCriticalSection
    arg 0: 0x0000024ef16d02c0
    arg 1: 0x0000000000000001
~~2120~~ ntdll.dll!RtlLeaveCriticalSection
    arg -1: 0x0000000000000000 (name=retval, type=void, size=0x8)
~~2120~~ ntdll.dll!memset
    arg 0: 0x0000024ef16ec1d0
    arg 1: 0x0000000000000000
~~2120~~ ntdll.dll!memset
    arg -1: 0x0000024ef16ec1d0 (name=retval, type=void, size=0x8)
~~2120~~ ntdll.dll!RtlAllocateHeap
    arg -1: 0x0000024ef16ec1d0 (name=retval, type=void, size=0x8)
~~2120~~ ntdll.dll!RtlAllocateHeap
    arg 0: 0x0000024ef16d0000
    arg 1: 0x0000000000000008
~~2120~~ ntdll.dll!RtlLeaveCriticalSection
    arg 0: 0x0000024ef16d02c0
    arg 1: 0x0000000000000001
~~2120~~ ntdll.dll!RtlLeaveCriticalSection
    arg -1: 0x0000000000000000 (name=retval, type=void, size=0x8)
~~2120~~ ntdll.dll!memset
    arg 0: 0x0000024ef16ec260
    arg 1: 0x0000000000000000
~~2120~~ ntdll.dll!memset
    arg -1: 0x0000024ef16ec260 (name=retval, type=void, size=0x8)
~~2120~~ ntdll.dll!RtlAllocateHeap
    arg -1: 0x0000024ef16ec260 (name=retval, type=void, size=0x8)
~~2120~~ ntdll.dll!RtlAllocateHeap
    arg 0: 0x0000024ef16d0000
    arg 1: 0x0000000000000008
~~2120~~ ntdll.dll!memset
    arg 0: 0x0000024ef16ea7c0
    arg 1: 0x0000000000000000
~~2120~~ ntdll.dll!memset
    arg -1: 0x0000024ef16ea7c0 (name=retval, type=void, size=0x8)
~~2120~~ ntdll.dll!RtlAllocateHeap
    arg -1: 0x0000024ef16ea7c0 (name=retval, type=void, size=0x8)
~~2120~~ ntdll.dll!RtlAllocateHeap
    arg 0: 0x0000024ef16d0000
    arg 1: 0x0000000000000008
~~2120~~ ntdll.dll!RtlLeaveCriticalSection
    arg 0: 0x0000024ef16d02c0
    arg 1: 0x0000000000000001
~~2120~~ ntdll.dll!RtlLeaveCriticalSection
    arg -1: 0x0000000000000000 (name=retval, type=void, size=0x8)
~~2120~~ ntdll.dll!memset
    arg 0: 0x0000024ef16ec2e0
    arg 1: 0x0000000000000000
~~2120~~ ntdll.dll!memset
    arg -1: 0x0000024ef16ec2e0 (name=retval, type=void, size=0x8)
~~2120~~ ntdll.dll!RtlAllocateHeap
    arg -1: 0x0000024ef16ec2e0 (name=retval, type=void, size=0x8)
~~2120~~ ntdll.dll!RtlAllocateHeap
    arg 0: 0x0000024ef16d0000
    arg 1: 0x0000000000000008
~~2120~~ ntdll.dll!memset
    arg 0: 0x0000024ef16e9ff0
    arg 1: 0x0000000000000000
~~2120~~ ntdll.dll!memset
    arg -1: 0x0000024ef16e9ff0 (name=retval, type=void, size=0x8)
~~2120~~ ntdll.dll!RtlAllocateHeap
    arg -1: 0x0000024ef16e9ff0 (name=retval, type=void, size=0x8)
~~2120~~ ntdll.dll!RtlAllocateHeap
    arg 0: 0x0000024ef16d0000
    arg 1: 0x0000000000000008
~~2120~~ ntdll.dll!RtlLeaveCriticalSection
    arg 0: 0x0000024ef16d02c0
    arg 1: 0x0000000000000001
~~2120~~ ntdll.dll!RtlLeaveCriticalSection
    arg -1: 0x0000000000000000 (name=retval, type=void, size=0x8)
~~2120~~ ntdll.dll!memset
    arg 0: 0x0000024ef16ec390
    arg 1: 0x0000000000000000
~~2120~~ ntdll.dll!memset
    arg -1: 0x0000024ef16ec390 (name=retval, type=void, size=0x8)
~~2120~~ ntdll.dll!RtlAllocateHeap
    arg -1: 0x0000024ef16ec390 (name=retval, type=void, size=0x8)
~~2120~~ ntdll.dll!RtlAllocateHeap
    arg 0: 0x0000024ef16d0000
    arg 1: 0x0000000000000008
~~2120~~ ntdll.dll!RtlLeaveCriticalSection
    arg 0: 0x0000024ef16d02c0
    arg 1: 0x0000000000000001
~~2120~~ ntdll.dll!RtlLeaveCriticalSection
    arg -1: 0x0000000000000000 (name=retval, type=void, size=0x8)
~~2120~~ ntdll.dll!memset
    arg 0: 0x0000024ef16ec470
    arg 1: 0x0000000000000000
~~2120~~ ntdll.dll!memset
    arg -1: 0x0000024ef16ec470 (name=retval, type=void, size=0x8)
~~2120~~ ntdll.dll!RtlAllocateHeap
    arg -1: 0x0000024ef16ec470 (name=retval, type=void, size=0x8)
~~2120~~ ntdll.dll!RtlAllocateHeap
    arg 0: 0x0000024ef16d0000
    arg 1: 0x0000000000000008
~~2120~~ ntdll.dll!memset
    arg 0: 0x0000024ef16e62c0
    arg 1: 0x0000000000000000
~~2120~~ ntdll.dll!memset
    arg -1: 0x0000024ef16e62c0 (name=retval, type=void, size=0x8)
~~2120~~ ntdll.dll!RtlAllocateHeap
    arg -1: 0x0000024ef16e62c0 (name=retval, type=void, size=0x8)
~~2120~~ ntdll.dll!RtlAllocateHeap
    arg 0: 0x0000024ef16d0000
    arg 1: 0x0000000000000008
~~2120~~ ntdll.dll!memset
    arg 0: 0x0000024ef16ea0e0
    arg 1: 0x0000000000000000
~~2120~~ ntdll.dll!memset
    arg -1: 0x0000024ef16ea0e0 (name=retval, type=void, size=0x8)
~~2120~~ ntdll.dll!RtlAllocateHeap
    arg -1: 0x0000024ef16ea0e0 (name=retval, type=void, size=0x8)
~~2120~~ ntdll.dll!RtlAllocateHeap
    arg 0: 0x0000024ef16d0000
    arg 1: 0x0000000000000008
~~2120~~ ntdll.dll!RtlLeaveCriticalSection
    arg 0: 0x0000024ef16d02c0
    arg 1: 0x0000000000000001
~~2120~~ ntdll.dll!RtlLeaveCriticalSection
    arg -1: 0x0000000000000000 (name=retval, type=void, size=0x8)
~~2120~~ ntdll.dll!memset
    arg 0: 0x0000024ef16ec550
    arg 1: 0x0000000000000000
~~2120~~ ntdll.dll!memset
    arg -1: 0x0000024ef16ec550 (name=retval, type=void, size=0x8)
~~2120~~ ntdll.dll!RtlAllocateHeap
    arg -1: 0x0000024ef16ec550 (name=retval, type=void, size=0x8)
~~2120~~ KERNEL32.dll!HeapFree
    arg 0: 0x24ef16d0000 (type=HANDLE, size=0x8)
    arg 1: 0x0 (type=DWORD, size=0x4)
    arg 2: 0x0000024ef16edba0 => 0x0000000000000000 (type=void*, size=0x0)
~~2120~~ ntdll.dll!RtlFreeHeap
    arg 0: 0x0000024ef16d0000
    arg 1: 0x0000000000000000
~~2120~~ ntdll.dll!RtlTryEnterCriticalSection
    arg 0: 0x0000024ef16d02c0
    arg 1: 0x0000000000000002
~~2120~~ ntdll.dll!RtlTryEnterCriticalSection
    arg -1: 0x0000000000000001 (name=retval, type=void, size=0x8)
~~2120~~ ntdll.dll!RtlFreeHeap
    arg -1: 0x0000000000000001 (name=retval, type=void, size=0x8)
~~2120~~ KERNEL32.dll!HeapFree
    arg -1: 0x0000000000000001 (type=BOOL, size=0x4)
~~2120~~ ntdll.dll!RtlAllocateHeap
    arg 0: 0x0000024ef16d0000
    arg 1: 0x0000000000000008
~~2120~~ ntdll.dll!RtlLeaveCriticalSection
    arg 0: 0x0000024ef16d02c0
    arg 1: 0x0000000000000001
~~2120~~ ntdll.dll!RtlLeaveCriticalSection
    arg -1: 0x0000000000000000 (name=retval, type=void, size=0x8)
~~2120~~ ntdll.dll!memset
    arg 0: 0x0000024ef16ec820
    arg 1: 0x0000000000000000
~~2120~~ ntdll.dll!memset
    arg -1: 0x0000024ef16ec820 (name=retval, type=void, size=0x8)
~~2120~~ ntdll.dll!RtlAllocateHeap
    arg -1: 0x0000024ef16ec820 (name=retval, type=void, size=0x8)
~~2120~~ KERNELBASE.dll!InitializeCriticalSectionEx
    arg 1: 0xfa0 (type=DWORD, size=0x4)
    arg 2: 0x0 (type=DWORD, size=0x4)
~~2120~~ ntdll.dll!RtlInitializeCriticalSectionEx
    arg 0: 0x00007ff76f1140b0
    arg 1: 0x0000000000000fa0
~~2120~~ ntdll.dll!RtlInitializeCriticalSectionEx
    arg -1: 0x0000000000000000 (name=retval, type=void, size=0x8)
~~2120~~ KERNELBASE.dll!InitializeCriticalSectionEx
    arg -1: 0x0000000000000001 (type=BOOL, size=0x4)
~~2120~~ KERNELBASE.dll!InitializeCriticalSectionEx
    arg 1: 0xfa0 (type=DWORD, size=0x4)
    arg 2: 0x0 (type=DWORD, size=0x4)
~~2120~~ ntdll.dll!RtlInitializeCriticalSectionEx
    arg 0: 0x00007ff76f114108
    arg 1: 0x0000000000000fa0
~~2120~~ ntdll.dll!RtlInitializeCriticalSectionEx
    arg -1: 0x0000000000000000 (name=retval, type=void, size=0x8)
~~2120~~ KERNELBASE.dll!InitializeCriticalSectionEx
    arg -1: 0x0000000000000001 (type=BOOL, size=0x4)
~~2120~~ KERNELBASE.dll!InitializeCriticalSectionEx
    arg 1: 0xfa0 (type=DWORD, size=0x4)
    arg 2: 0x0 (type=DWORD, size=0x4)
~~2120~~ ntdll.dll!RtlInitializeCriticalSectionEx
    arg 0: 0x00007ff76f114160
    arg 1: 0x0000000000000fa0
~~2120~~ ntdll.dll!RtlInitializeCriticalSectionEx
    arg -1: 0x0000000000000000 (name=retval, type=void, size=0x8)
~~2120~~ KERNELBASE.dll!InitializeCriticalSectionEx
    arg -1: 0x0000000000000001 (type=BOOL, size=0x4)
~~2120~~ KERNEL32.dll!SetUnhandledExceptionFilter
    arg 0: 0x00007ff76f0f27e8 (type=<unknown>*, size=0x0)
~~2120~~ KERNELBASE.dll!SetUnhandledExceptionFilter
    arg 0: 0x00007ff76f0f27e8 (type=<unknown>*, size=0x0)
~~2120~~ KERNELBASE.dll!VirtualQueryEx
    arg 0: 0xffffffffffffffff (type=HANDLE, size=0x8)
    arg 1: 0x00007ff76f0f27e8 => 0x0000000000000000 (type=void*, size=0x0)
    arg 3: 0x30 (type=size_t, size=0x8)
~~2120~~ ntdll.dll!ZwQueryVirtualMemory
    arg 0: 0xffffffffffffffff
    arg 1: 0x00007ff76f0f27e8
~~2120~~ ntdll.dll!ZwQueryVirtualMemory
    arg -1: 0x0000000000000000 (name=retval, type=void, size=0x8)
~~2120~~ KERNELBASE.dll!VirtualQueryEx
    arg -1: 0x0000000000000030 (type=size_t, size=0x8)
~~2120~~ ntdll.dll!ZwQueryVirtualMemory
    arg 0: 0xffffffffffffffff
    arg 1: 0x00007ff76f0f27e8
~~2120~~ ntdll.dll!ZwQueryVirtualMemory
    arg -1: 0x0000000000000000 (name=retval, type=void, size=0x8)
~~2120~~ ntdll.dll!ZwQueryVirtualMemory
    arg 0: 0xffffffffffffffff
    arg 1: 0x00007ff76f0f27e8
~~2120~~ ntdll.dll!ZwQueryVirtualMemory
    arg -1: 0x0000000000000000 (name=retval, type=void, size=0x8)
~~2120~~ ntdll.dll!RtlAllocateHeap
    arg 0: 0x0000024ef16d0000
    arg 1: 0x00000000002c0000
~~2120~~ ntdll.dll!RtlLeaveCriticalSection
    arg 0: 0x0000024ef16d02c0
    arg 1: 0x0000000000000001
~~2120~~ ntdll.dll!RtlLeaveCriticalSection
    arg -1: 0x0000000000000000 (name=retval, type=void, size=0x8)
~~2120~~ ntdll.dll!RtlAllocateHeap
    arg -1: 0x0000024ef16ed830 (name=retval, type=void, size=0x8)
~~2120~~ ntdll.dll!RtlEncodePointer
    arg 0: 0x00007ff76f0f27e8
    arg 1: 0x0000000000000001
~~2120~~ ntdll.dll!RtlEncodePointer
    arg -1: 0xffdcf405a0180001 (name=retval, type=void, size=0x8)
~~2120~~ ntdll.dll!RtlAcquireSRWLockExclusive
    arg 0: 0x00007ffa28278a50
    arg 1: 0x0000000000000001
~~2120~~ ntdll.dll!RtlAcquireSRWLockExclusive
    arg -1: 0xffdcf405a0180001 (name=retval, type=void, size=0x8)
~~2120~~ ntdll.dll!RtlReleaseSRWLockExclusive
    arg 0: 0x00007ffa28278a50
    arg 1: 0x0000000000000000
~~2120~~ ntdll.dll!RtlReleaseSRWLockExclusive
    arg -1: 0x0000000000000001 (name=retval, type=void, size=0x8)
~~2120~~ ntdll.dll!RtlDecodePointer
    arg 0: 0x000148393fb80000
    arg 1: 0x0000000000000000
~~2120~~ ntdll.dll!RtlDecodePointer
    arg -1: 0x0000000000000000 (name=retval, type=void, size=0x8)
~~2120~~ KERNELBASE.dll!SetUnhandledExceptionFilter
    arg -1: <null> (type=<unknown>, size=0x8)
~~2120~~ KERNEL32.dll!SetUnhandledExceptionFilter
    arg -1: <null> (type=<unknown>, size=0x8)
~~2120~~ ntdll.dll!RtlEnterCriticalSection
    arg 0: 0x00007ff76f114108
    arg 1: 0x00000096462fe858
~~2120~~ ntdll.dll!RtlEnterCriticalSection
    arg -1: 0x0000000000000000 (name=retval, type=void, size=0x8)
~~2120~~ ntdll.dll!RtlAllocateHeap
    arg 0: 0x0000024ef16d0000
    arg 1: 0x0000000000000000
~~2120~~ ntdll.dll!RtlLeaveCriticalSection
    arg 0: 0x0000024ef16d02c0
    arg 1: 0x0000000000000001
~~2120~~ ntdll.dll!RtlLeaveCriticalSection
    arg -1: 0x0000000000000000 (name=retval, type=void, size=0x8)
~~2120~~ ntdll.dll!RtlAllocateHeap
    arg -1: 0x0000024ef16edcb0 (name=retval, type=void, size=0x8)
~~2120~~ ntdll.dll!RtlEnterCriticalSection
    arg 0: 0x0000024ef16e8b08
    arg 1: 0x0000000000000001
~~2120~~ ntdll.dll!RtlEnterCriticalSection
    arg -1: 0x0000000000000000 (name=retval, type=void, size=0x8)
~~2120~~ KERNEL32.dll!WriteFile
    arg 0: 0x54 (type=HANDLE, size=0x8)
    arg 1: 0x00000096462fcd30 => 0x0000000000000000 (type=void*, size=0x0)
    arg 2: 0x2d (type=DWORD, size=0x4)
    arg 4: <null> (type=<unknown>*, size=0x0)
~~2120~~ KERNELBASE.dll!WriteFile
    arg 0: 0x54 (type=HANDLE, size=0x8)
    arg 1: 0x00000096462fcd30 => 0x0000000000000000 (type=void*, size=0x0)
    arg 2: 0x2d (type=DWORD, size=0x4)
    arg 4: <null> (type=<unknown>*, size=0x0)
~~2120~~ ntdll.dll!ZwWriteFile
    arg 0: 0x0000000000000054
    arg 1: 0x0000000000000000
~~2120~~ ntdll.dll!ZwWriteFile
    arg -1: 0x0000000000000000 (name=retval, type=void, size=0x8)
~~2120~~ KERNELBASE.dll!WriteFile
    arg -1: 0x0000000000000001 (type=BOOL, size=0x4)
~~2120~~ KERNEL32.dll!WriteFile
    arg -1: 0x0000000000000001 (type=BOOL, size=0x4)
~~2120~~ ntdll.dll!RtlLeaveCriticalSection
    arg 0: 0x0000024ef16e8b08
    arg 1: 0x0000000000000001
~~2120~~ ntdll.dll!RtlLeaveCriticalSection
    arg -1: 0x0000000000000000 (name=retval, type=void, size=0x8)
~~2120~~ ntdll.dll!RtlLeaveCriticalSection
    arg 0: 0x00007ff76f114108
    arg 1: 0x0000000000000001
~~2120~~ ntdll.dll!RtlLeaveCriticalSection
    arg -1: 0x0000000000000000 (name=retval, type=void, size=0x8)
~~2120~~ KERNEL32.dll!GetTempPathW
    arg 0: 0x104 (type=DWORD, size=0x4)
~~2120~~ KERNELBASE.dll!GetTempPathW
    arg 0: 0x104 (type=DWORD, size=0x4)
~~2120~~ ntdll.dll!RtlAllocateHeap
    arg 0: 0x0000024ef16d0000
    arg 1: 0x0000000000000000
~~2120~~ ntdll.dll!RtlLeaveCriticalSection
    arg 0: 0x0000024ef16d02c0
    arg 1: 0x0000000000000001
~~2120~~ ntdll.dll!RtlLeaveCriticalSection
    arg -1: 0x0000000000000000 (name=retval, type=void, size=0x8)
~~2120~~ ntdll.dll!RtlAllocateHeap
    arg -1: 0x0000024ef16eecc0 (name=retval, type=void, size=0x8)
~~2120~~ ntdll.dll!RtlQueryEnvironmentVariable_U
    arg 0: 0x0000000000000000
    arg 1: 0x00007ffa280f2388
~~2120~~ ntdll.dll!RtlQueryEnvironmentVariable
    arg 0: 0x0000000000000000
    arg 1: 0x00007ffa281d9ad0
~~2120~~ ntdll.dll!RtlEnterCriticalSection
    arg 0: 0x00007ffa2a49c0e0
    arg 1: 0x00007ffa2a330000
~~2120~~ ntdll.dll!RtlEnterCriticalSection
    arg -1: 0x0000000000000000 (name=retval, type=void, size=0x8)
~~2120~~ ntdll.dll!memmove
    arg 0: 0x0000024ef16eecc0
    arg 1: 0x0000024ef16d3cba
~~2120~~ ntdll.dll!memmove
    arg -1: 0x0000024ef16eecc0 (name=retval, type=void, size=0x8)
~~2120~~ ntdll.dll!RtlLeaveCriticalSection
    arg 0: 0x00007ffa2a49c0e0
    arg 1: 0xfffffffffffe4ffa
~~2120~~ ntdll.dll!RtlLeaveCriticalSection
    arg -1: 0x0000000000000000 (name=retval, type=void, size=0x8)
~~2120~~ ntdll.dll!RtlQueryEnvironmentVariable
    arg -1: 0x0000000000000000 (name=retval, type=void, size=0x8)
~~2120~~ ntdll.dll!RtlQueryEnvironmentVariable_U
    arg -1: 0x0000000000000000 (name=retval, type=void, size=0x8)
~~2120~~ ntdll.dll!RtlGetFullPathName_U
    arg 0: 0x0000024ef16eecc0
    arg 1: 0x0000000000000208
~~2120~~ ntdll.dll!RtlGetFullPathName_UEx
    arg 0: 0x0000024ef16eecc0
    arg 1: 0x0000000000000208
~~2120~~ ntdll.dll!RtlInitUnicodeStringEx
    arg 0: 0x00000096462fe860
    arg 1: 0x0000024ef16eecc0
~~2120~~ ntdll.dll!RtlInitUnicodeStringEx
    arg -1: 0x0000000000000000 (name=retval, type=void, size=0x8)
~~2120~~ ntdll.dll!memset
    arg 0: 0x00000096462fe9f0
    arg 1: 0x0000000000000000
~~2120~~ ntdll.dll!memset
    arg -1: 0x00000096462fe9f0 (name=retval, type=void, size=0x8)
~~2120~~ ntdll.dll!RtlGetFullPathName_UEx
    arg -1: 0x0000000000000000 (name=retval, type=void, size=0x8)
~~2120~~ ntdll.dll!RtlGetFullPathName_U
    arg -1: 0x0000000000000044 (name=retval, type=void, size=0x8)
~~2120~~ ntdll.dll!RtlFreeHeap
    arg 0: 0x0000024ef16d0000
    arg 1: 0x0000000000000000
~~2120~~ ntdll.dll!RtlTryEnterCriticalSection
    arg 0: 0x0000024ef16d02c0
    arg 1: 0x0000000000000002
~~2120~~ ntdll.dll!RtlTryEnterCriticalSection
    arg -1: 0x0000000000000001 (name=retval, type=void, size=0x8)
~~2120~~ ntdll.dll!RtlFreeHeap
    arg -1: 0x0000000000000001 (name=retval, type=void, size=0x8)
~~2120~~ KERNELBASE.dll!GetTempPathW
    arg -1: 0x0000000000000023 (type=DWORD, size=0x4)
~~2120~~ KERNEL32.dll!GetTempPathW
    arg -1: 0x0000000000000023 (type=DWORD, size=0x4)
~~2120~~ KERNEL32.dll!CreateFileW
    arg 0: 0x00000096462fec00 (type=wchar_t*, size=0x0)
    arg 1: 0xc0000000 (type=DWORD, size=0x4)
    arg 2: 0x1 (type=DWORD, size=0x4)
    arg 3: <null> (type=<unknown>*, size=0x0)
    arg 4: 0x7b005a00000002 (type=DWORD, size=0x4)
    arg 5: 0x7f007e00000080 (type=DWORD, size=0x4)
~~2120~~ KERNELBASE.dll!CreateFileW
    arg 0: 0x00000096462fec00 (type=wchar_t*, size=0x0)
    arg 1: 0xc0000000 (type=DWORD, size=0x4)
    arg 2: 0x1 (type=DWORD, size=0x4)
    arg 3: <null> (type=<unknown>*, size=0x0)
    arg 4: 0x7b005a00000002 (type=DWORD, size=0x4)
    arg 5: 0x7f007e00000080 (type=DWORD, size=0x4)
~~2120~~ ntdll.dll!RtlInitUnicodeStringEx
    arg 0: 0x00000096462fe808
    arg 1: 0x00000096462fec00
~~2120~~ ntdll.dll!RtlInitUnicodeStringEx
    arg -1: 0x0000000000000000 (name=retval, type=void, size=0x8)
~~2120~~ ntdll.dll!RtlDosPathNameToRelativeNtPathName_U_WithStatus
    arg 0: 0x00000096462fec00
    arg 1: 0x00000096462fe808
~~2120~~ ntdll.dll!RtlInitUnicodeStringEx
    arg 0: 0x00000096462fe740
    arg 1: 0x00000096462fec00
~~2120~~ ntdll.dll!RtlInitUnicodeStringEx
    arg -1: 0x0000000000000000 (name=retval, type=void, size=0x8)
~~2120~~ ntdll.dll!memset
    arg 0: 0x00000096462fe4a0
    arg 1: 0x0000000000000000
~~2120~~ ntdll.dll!memset
    arg -1: 0x00000096462fe4a0 (name=retval, type=void, size=0x8)
~~2120~~ ntdll.dll!RtlAllocateHeap
    arg 0: 0x0000024ef16d0000
    arg 1: 0x0000000000000000
~~2120~~ ntdll.dll!RtlLeaveCriticalSection
    arg 0: 0x0000024ef16d02c0
    arg 1: 0x0000000000000001
~~2120~~ ntdll.dll!RtlLeaveCriticalSection
    arg -1: 0x0000000000000000 (name=retval, type=void, size=0x8)
~~2120~~ ntdll.dll!RtlAllocateHeap
    arg -1: 0x0000024ef16eecc0 (name=retval, type=void, size=0x8)
~~2120~~ ntdll.dll!memmove
    arg 0: 0x0000024ef16eecc0
    arg 1: 0x00007ffa2a4588c0
~~2120~~ ntdll.dll!memmove
    arg -1: 0x0000024ef16eecc0 (name=retval, type=void, size=0x8)
~~2120~~ ntdll.dll!memmove
    arg 0: 0x0000024ef16eecc8
    arg 1: 0x00000096462fe4a0
~~2120~~ ntdll.dll!memmove
    arg -1: 0x0000024ef16eecc8 (name=retval, type=void, size=0x8)
~~2120~~ ntdll.dll!RtlDosPathNameToRelativeNtPathName_U_WithStatus
    arg -1: 0x0000000000000000 (name=retval, type=void, size=0x8)
~~2120~~ ntdll.dll!SbSelectProcedure
    arg 0: 0x00000000abababab
    arg 1: 0x0000000000000001
~~2120~~ ntdll.dll!RtlAcquireSRWLockShared
    arg 0: 0x00007ffa2a49d650
    arg 1: 0x0000024ef1540000
~~2120~~ ntdll.dll!RtlAcquireSRWLockShared
    arg -1: 0x0000000000000000 (name=retval, type=void, size=0x8)
~~2120~~ ntdll.dll!RtlReleaseSRWLockShared
    arg 0: 0x00007ffa2a49d650
    arg 1: 0x0000024ef1540000
~~2120~~ ntdll.dll!RtlReleaseSRWLockShared
    arg -1: 0x0000000000000011 (name=retval, type=void, size=0x8)
~~2120~~ ntdll.dll!memset
    arg 0: 0x00000096462fe6a0
    arg 1: 0x0000000000000000
~~2120~~ ntdll.dll!memset
    arg -1: 0x00000096462fe6a0 (name=retval, type=void, size=0x8)
~~2120~~ ntdll.dll!SbSelectProcedure
    arg -1: 0x00007ffa2803efe0 (name=retval, type=void, size=0x8)
~~2120~~ KERNELBASE.dll!_amsg_exit
    arg 0: 0x00000096462fe7c0
    arg 1: 0xffffffffffffffff
~~2120~~ KERNELBASE.dll!_amsg_exit
    arg -1: 0x00007ffa2803efe0 (name=retval, type=void, size=0x8)
~~2120~~ ntdll.dll!ZwCreateFile
    arg 0: 0x00000096462fe7e0
    arg 1: 0x00000000c0100080
~~2120~~ ntdll.dll!ZwCreateFile
    arg -1: 0x0000000000000000 (name=retval, type=void, size=0x8)
~~2120~~ ntdll.dll!RtlReleaseRelativeName
    arg 0: 0x00000096462fe820
    arg 1: 0x0000000000000000
~~2120~~ ntdll.dll!RtlReleaseRelativeName
    arg -1: 0x0000000000000000 (name=retval, type=void, size=0x8)
~~2120~~ ntdll.dll!RtlFreeHeap
    arg 0: 0x0000024ef16d0000
    arg 1: 0x0000000000000000
~~2120~~ ntdll.dll!RtlTryEnterCriticalSection
    arg 0: 0x0000024ef16d02c0
    arg 1: 0x0000000000000002
~~2120~~ ntdll.dll!RtlTryEnterCriticalSection
    arg -1: 0x0000000000000001 (name=retval, type=void, size=0x8)
~~2120~~ ntdll.dll!RtlFreeHeap
    arg -1: 0x0000000000000001 (name=retval, type=void, size=0x8)
~~2120~~ ntdll.dll!RtlFreeHeap
    arg 0: 0x0000024ef16d0000
    arg 1: 0x0000000000000000
~~2120~~ ntdll.dll!RtlFreeHeap
    arg -1: 0x0000000000000001 (name=retval, type=void, size=0x8)
~~2120~~ ntdll.dll!RtlSetLastWin32Error
    arg 0: 0x0000000000000000
    arg 1: 0x0000000000000000
~~2120~~ ntdll.dll!RtlSetLastWin32Error
    arg -1: 0x000000964613b000 (name=retval, type=void, size=0x8)
~~2120~~ KERNELBASE.dll!CreateFileW
    arg -1: 0x0000000000000128 (type=HANDLE, size=0x8)
~~2120~~ KERNEL32.dll!CreateFileW
    arg -1: 0x0000000000000128 (type=HANDLE, size=0x8)
~~2120~~ ntdll.dll!RtlEnterCriticalSection
    arg 0: 0x00007ff76f114108
    arg 1: 0x00000096462fe858
~~2120~~ ntdll.dll!RtlEnterCriticalSection
    arg -1: 0x0000000000000000 (name=retval, type=void, size=0x8)
~~2120~~ ntdll.dll!RtlEnterCriticalSection
    arg 0: 0x0000024ef16e8b08
    arg 1: 0x0000000000000001
~~2120~~ ntdll.dll!RtlEnterCriticalSection
    arg -1: 0x0000000000000000 (name=retval, type=void, size=0x8)
~~2120~~ KERNEL32.dll!WriteFile
    arg 0: 0x54 (type=HANDLE, size=0x8)
    arg 1: 0x00000096462fcd30 => 0x0000000000000000 (type=void*, size=0x0)
    arg 2: 0x44 (type=DWORD, size=0x4)
    arg 4: <null> (type=<unknown>*, size=0x0)
~~2120~~ KERNELBASE.dll!WriteFile
    arg 0: 0x54 (type=HANDLE, size=0x8)
    arg 1: 0x00000096462fcd30 => 0x0000000000000000 (type=void*, size=0x0)
    arg 2: 0x44 (type=DWORD, size=0x4)
    arg 4: <null> (type=<unknown>*, size=0x0)
~~2120~~ ntdll.dll!ZwWriteFile
    arg 0: 0x0000000000000054
    arg 1: 0x0000000000000000
~~2120~~ ntdll.dll!ZwWriteFile
    arg -1: 0x0000000000000000 (name=retval, type=void, size=0x8)
~~2120~~ KERNELBASE.dll!WriteFile
    arg -1: 0x0000000000000001 (type=BOOL, size=0x4)
~~2120~~ KERNEL32.dll!WriteFile
    arg -1: 0x0000000000000001 (type=BOOL, size=0x4)
~~2120~~ ntdll.dll!RtlLeaveCriticalSection
    arg 0: 0x0000024ef16e8b08
    arg 1: 0x0000000000000001
~~2120~~ ntdll.dll!RtlLeaveCriticalSection
    arg -1: 0x0000000000000000 (name=retval, type=void, size=0x8)
~~2120~~ ntdll.dll!RtlLeaveCriticalSection
    arg 0: 0x00007ff76f114108
    arg 1: 0x0000000000000001
~~2120~~ ntdll.dll!RtlLeaveCriticalSection
    arg -1: 0x0000000000000000 (name=retval, type=void, size=0x8)
~~2120~~ KERNEL32.dll!Sleep
    arg 0: 0x3c (type=DWORD, size=0x4)
~~2120~~ KERNELBASE.dll!Sleep
    arg 0: 0x3c (type=DWORD, size=0x4)
~~2120~~ KERNELBASE.dll!SleepEx
    arg 0: 0x3c (type=DWORD, size=0x4)
    arg 1: 0x0 (type=BOOL, size=0x4)
~~2120~~ ntdll.dll!RtlGetCurrentUmsThread
    arg 0: 0x00000096462fe918
    arg 1: 0x0000000000000000
~~2120~~ ntdll.dll!RtlGetCurrentUmsThread
    arg -1: 0x00000000c00000bb (name=retval, type=void, size=0x8)
~~2120~~ ntdll.dll!ZwDelayExecution
    arg 0: 0x0000000000000000
    arg 1: 0x00000096462fe880
~~2120~~ ntdll.dll!ZwDelayExecution
    arg -1: 0x0000000000000000 (name=retval, type=void, size=0x8)
~~2120~~ KERNELBASE.dll!SleepEx
    arg -1: 0x0000000000000000 (type=DWORD, size=0x4)
~~2120~~ KERNELBASE.dll!Sleep
    arg -1: 0x0000000000000000 (type=void, size=0x8)
~~2120~~ KERNEL32.dll!Sleep
    arg -1: 0x0000000000000000 (type=void, size=0x8)
~~2120~~ KERNEL32.dll!WriteFile
    arg 0: 0x128 (type=HANDLE, size=0x8)
    arg 1: 0x00007ff76f108c68 => 0x0000000000000000 (type=void*, size=0x0)
    arg 2: 0x2 (type=DWORD, size=0x4)
    arg 4: <null> (type=<unknown>*, size=0x0)
~~2120~~ KERNELBASE.dll!WriteFile
    arg 0: 0x128 (type=HANDLE, size=0x8)
    arg 1: 0x00007ff76f108c68 => 0x0000000000000000 (type=void*, size=0x0)
    arg 2: 0x2 (type=DWORD, size=0x4)
    arg 4: <null> (type=<unknown>*, size=0x0)
~~2120~~ ntdll.dll!ZwWriteFile
    arg 0: 0x0000000000000128
    arg 1: 0x0000000000000000
~~2120~~ ntdll.dll!ZwWriteFile
    arg -1: 0x0000000000000000 (name=retval, type=void, size=0x8)
~~2120~~ KERNELBASE.dll!WriteFile
    arg -1: 0x0000000000000001 (type=BOOL, size=0x4)
~~2120~~ KERNEL32.dll!WriteFile
    arg -1: 0x0000000000000001 (type=BOOL, size=0x4)
~~2120~~ KERNEL32.dll!WriteFile
    arg 0: 0x128 (type=HANDLE, size=0x8)
    arg 1: 0x00007ff76f108538 => 0x0000000000000000 (type=void*, size=0x0)
    arg 2: 0x28 (type=DWORD, size=0x4)
    arg 4: <null> (type=<unknown>*, size=0x0)
~~2120~~ KERNELBASE.dll!WriteFile
    arg 0: 0x128 (type=HANDLE, size=0x8)
    arg 1: 0x00007ff76f108538 => 0x0000000000000000 (type=void*, size=0x0)
    arg 2: 0x28 (type=DWORD, size=0x4)
    arg 4: <null> (type=<unknown>*, size=0x0)
~~2120~~ ntdll.dll!ZwWriteFile
    arg 0: 0x0000000000000128
    arg 1: 0x0000000000000000
~~2120~~ ntdll.dll!ZwWriteFile
    arg -1: 0x0000000000000000 (name=retval, type=void, size=0x8)
~~2120~~ KERNELBASE.dll!WriteFile
    arg -1: 0x0000000000000001 (type=BOOL, size=0x4)
~~2120~~ KERNEL32.dll!WriteFile
    arg -1: 0x0000000000000001 (type=BOOL, size=0x4)
~~2120~~ ntdll.dll!RtlEnterCriticalSection
    arg 0: 0x00007ff76f114108
    arg 1: 0x00000096462fe858
~~2120~~ ntdll.dll!RtlEnterCriticalSection
    arg -1: 0x0000000000000000 (name=retval, type=void, size=0x8)
~~2120~~ ntdll.dll!RtlEnterCriticalSection
    arg 0: 0x0000024ef16e8b08
    arg 1: 0x0000000000000001
~~2120~~ ntdll.dll!RtlEnterCriticalSection
    arg -1: 0x0000000000000000 (name=retval, type=void, size=0x8)
~~2120~~ KERNEL32.dll!WriteFile
    arg 0: 0x54 (type=HANDLE, size=0x8)
    arg 1: 0x00000096462fcd30 => 0x0000000000000000 (type=void*, size=0x0)
    arg 2: 0x15 (type=DWORD, size=0x4)
    arg 4: <null> (type=<unknown>*, size=0x0)
~~2120~~ KERNELBASE.dll!WriteFile
    arg 0: 0x54 (type=HANDLE, size=0x8)
    arg 1: 0x00000096462fcd30 => 0x0000000000000000 (type=void*, size=0x0)
    arg 2: 0x15 (type=DWORD, size=0x4)
    arg 4: <null> (type=<unknown>*, size=0x0)
~~2120~~ ntdll.dll!ZwWriteFile
    arg 0: 0x0000000000000054
    arg 1: 0x0000000000000000
~~2120~~ ntdll.dll!ZwWriteFile
    arg -1: 0x0000000000000000 (name=retval, type=void, size=0x8)
~~2120~~ KERNELBASE.dll!WriteFile
    arg -1: 0x0000000000000001 (type=BOOL, size=0x4)
~~2120~~ KERNEL32.dll!WriteFile
    arg -1: 0x0000000000000001 (type=BOOL, size=0x4)
~~2120~~ ntdll.dll!RtlLeaveCriticalSection
    arg 0: 0x0000024ef16e8b08
    arg 1: 0x0000000000000001
~~2120~~ ntdll.dll!RtlLeaveCriticalSection
    arg -1: 0x0000000000000000 (name=retval, type=void, size=0x8)
~~2120~~ ntdll.dll!RtlLeaveCriticalSection
    arg 0: 0x00007ff76f114108
    arg 1: 0x0000000000000001
~~2120~~ ntdll.dll!RtlLeaveCriticalSection
    arg -1: 0x0000000000000000 (name=retval, type=void, size=0x8)
~~2120~~ KERNEL32.dll!Sleep
    arg 0: 0x3c (type=DWORD, size=0x4)
~~2120~~ KERNELBASE.dll!Sleep
    arg 0: 0x3c (type=DWORD, size=0x4)
~~2120~~ KERNELBASE.dll!SleepEx
    arg 0: 0x3c (type=DWORD, size=0x4)
    arg 1: 0x0 (type=BOOL, size=0x4)
~~2120~~ ntdll.dll!RtlGetCurrentUmsThread
    arg 0: 0x00000096462fe918
    arg 1: 0x0000000000000000
~~2120~~ ntdll.dll!RtlGetCurrentUmsThread
    arg -1: 0x00000000c00000bb (name=retval, type=void, size=0x8)
~~2120~~ ntdll.dll!ZwDelayExecution
    arg 0: 0x0000000000000000
    arg 1: 0x00000096462fe880
~~2120~~ ntdll.dll!ZwDelayExecution
    arg -1: 0x0000000000000000 (name=retval, type=void, size=0x8)
~~2120~~ KERNELBASE.dll!SleepEx
    arg -1: 0x0000000000000000 (type=DWORD, size=0x4)
~~2120~~ KERNELBASE.dll!Sleep
    arg -1: 0x0000000000000000 (type=void, size=0x8)
~~2120~~ KERNEL32.dll!Sleep
    arg -1: 0x0000000000000000 (type=void, size=0x8)
~~2120~~ ADVAPI32.dll!RegCreateKeyExW
    arg 0: 0xffffffff80000001 (type=<unknown>, size=0x0)
    arg 1: 0x00007ff76f1085c0 (type=wchar_t*, size=0x0)
    arg 2: 0x0 (type=DWORD, size=0x4)
    arg 3: <null> (type=wchar_t*, size=0x0)
    arg 4: 0x7b005a00000000 (type=DWORD, size=0x4)
    arg 5: 0x007f007e000f003f (type=<unknown>, size=0x0)
~~2120~~ KERNELBASE.dll!RegCreateKeyExW
    arg 0: 0xffffffff80000001 (type=<unknown>, size=0x0)
    arg 1: 0x00007ff76f1085c0 (type=wchar_t*, size=0x0)
    arg 2: 0x0 (type=DWORD, size=0x4)
    arg 3: <null> (type=wchar_t*, size=0x0)
    arg 4: 0x7b005a00000000 (type=DWORD, size=0x4)
    arg 5: 0x007f007e000f003f (type=<unknown>, size=0x0)
~~2120~~ KERNELBASE.dll!RegCreateKeyExInternalW
    arg 0: 0xffffffff80000001
    arg 1: 0x00007ff76f1085c0
~~2120~~ KERNELBASE.dll!MapPredefinedHandleInternal
    arg 0: 0xffffffff80000001
    arg 1: 0x00000096462fe8d0
~~2120~~ ntdll.dll!RtlGetCurrentTransaction
    arg 0: 0x00007ffa27febf3b
    arg 1: 0x00000096462fe8d0
~~2120~~ ntdll.dll!RtlGetCurrentTransaction
    arg -1: 0x0000000000000000 (name=retval, type=void, size=0x8)
~~2120~~ ntdll.dll!RtlSetCurrentTransaction
    arg 0: 0x0000000000000000
    arg 1: 0x00000096462fe8d0
~~2120~~ ntdll.dll!RtlSetCurrentTransaction
    arg -1: 0x0000000000000001 (name=retval, type=void, size=0x8)
~~2120~~ ntdll.dll!RtlAcquireSRWLockExclusive
    arg 0: 0x00007ffa28278908
    arg 1: 0x00000096462fe8d0
~~2120~~ ntdll.dll!RtlAcquireSRWLockExclusive
    arg -1: 0x0000000000000001 (name=retval, type=void, size=0x8)
~~2120~~ ntdll.dll!RtlReleaseSRWLockExclusive
    arg 0: 0x00007ffa28278908
    arg 1: 0x00000096462fe8d0
~~2120~~ ntdll.dll!RtlReleaseSRWLockExclusive
    arg -1: 0x0000000000000001 (name=retval, type=void, size=0x8)
~~2120~~ ntdll.dll!RtlOpenCurrentUser
    arg 0: 0x0000000002000000
    arg 1: 0x00000096462fe7f0
~~2120~~ ntdll.dll!RtlFormatCurrentUserKeyPath
    arg 0: 0x00000096462fe720
    arg 1: 0x00000096462fe7f0
~~2120~~ ntdll.dll!ZwQueryInformationToken
    arg 0: 0xfffffffffffffffa
    arg 1: 0x0000000000000001
~~2120~~ ntdll.dll!ZwQueryInformationToken
    arg -1: 0x0000000000000000 (name=retval, type=void, size=0x8)
~~2120~~ ntdll.dll!RtlLengthSidAsUnicodeString
    arg 0: 0x00000096462fe690
    arg 1: 0x00000096462fe660
~~2120~~ ntdll.dll!RtlValidSid
    arg 0: 0x00000096462fe690
    arg 1: 0x00000096462fe660
~~2120~~ ntdll.dll!RtlValidSid
    arg -1: 0x0000000000000001 (name=retval, type=void, size=0x8)
~~2120~~ ntdll.dll!RtlLengthSidAsUnicodeString
    arg -1: 0x0000000000000000 (name=retval, type=void, size=0x8)
~~2120~~ ntdll.dll!RtlAllocateHeap
    arg 0: 0x0000024ef16d0000
    arg 1: 0x0000000000000000
~~2120~~ ntdll.dll!RtlLeaveCriticalSection
    arg 0: 0x0000024ef16d02c0
    arg 1: 0x0000000000000001
~~2120~~ ntdll.dll!RtlLeaveCriticalSection
    arg -1: 0x0000000000000000 (name=retval, type=void, size=0x8)
~~2120~~ ntdll.dll!RtlAllocateHeap
    arg -1: 0x0000024ef16eecc0 (name=retval, type=void, size=0x8)
~~2120~~ ntdll.dll!RtlAppendUnicodeToString
    arg 0: 0x00000096462fe720
    arg 1: 0x00007ffa2a4520d8
~~2120~~ ntdll.dll!memmove
    arg 0: 0x0000024ef16eecc0
    arg 1: 0x00007ffa2a4520d8
~~2120~~ ntdll.dll!memmove
    arg -1: 0x0000024ef16eecc0 (name=retval, type=void, size=0x8)
~~2120~~ ntdll.dll!RtlAppendUnicodeToString
    arg -1: 0x0000000000000000 (name=retval, type=void, size=0x8)
~~2120~~ ntdll.dll!RtlConvertSidToUnicodeString
    arg 0: 0x00000096462fe668
    arg 1: 0x00000096462fe690
~~2120~~ ntdll.dll!RtlValidSid
    arg 0: 0x00000096462fe690
    arg 1: 0x00000096462fe690
~~2120~~ ntdll.dll!RtlValidSid
    arg -1: 0x0000cc9ce3ff0301 (name=retval, type=void, size=0x8)
~~2120~~ ntdll.dll!wcscpy_s
    arg 0: 0x00000096462fe3f0
    arg 1: 0x0000000000000100
~~2120~~ ntdll.dll!wcscpy_s
    arg -1: 0x0000000000000000 (name=retval, type=void, size=0x8)
~~2120~~ ntdll.dll!memmove
    arg 0: 0x00000096462fe3f8
    arg 1: 0x00000096462fe380
~~2120~~ ntdll.dll!memmove
    arg -1: 0x00000096462fe3f8 (name=retval, type=void, size=0x8)
~~2120~~ ntdll.dll!memmove
    arg 0: 0x00000096462fe3fc
    arg 1: 0x00000096462fe37e
~~2120~~ ntdll.dll!memmove
    arg -1: 0x00000096462fe3fc (name=retval, type=void, size=0x8)
~~2120~~ ntdll.dll!memmove
    arg 0: 0x00000096462fe402
    arg 1: 0x00000096462fe36e
~~2120~~ ntdll.dll!memmove
    arg -1: 0x00000096462fe402 (name=retval, type=void, size=0x8)
~~2120~~ ntdll.dll!memmove
    arg 0: 0x00000096462fe418
    arg 1: 0x00000096462fe36e
~~2120~~ ntdll.dll!memmove
    arg -1: 0x00000096462fe418 (name=retval, type=void, size=0x8)
~~2120~~ ntdll.dll!memmove
    arg 0: 0x00000096462fe42e
    arg 1: 0x00000096462fe370
~~2120~~ ntdll.dll!memmove
    arg -1: 0x00000096462fe42e (name=retval, type=void, size=0x8)
~~2120~~ ntdll.dll!memmove
    arg 0: 0x00000096462fe442
    arg 1: 0x00000096462fe37a
~~2120~~ ntdll.dll!memmove
    arg -1: 0x00000096462fe442 (name=retval, type=void, size=0x8)
~~2120~~ ntdll.dll!memmove
    arg 0: 0x0000024ef16eecde
    arg 1: 0x00000096462fe3f0
~~2120~~ ntdll.dll!memmove
    arg -1: 0x0000024ef16eecde (name=retval, type=void, size=0x8)
~~2120~~ ntdll.dll!RtlConvertSidToUnicodeString
    arg -1: 0x0000000000000000 (name=retval, type=void, size=0x8)
~~2120~~ ntdll.dll!RtlFormatCurrentUserKeyPath
    arg -1: 0x0000000000000000 (name=retval, type=void, size=0x8)
~~2120~~ ntdll.dll!ZwOpenKey
    arg 0: 0x00000096462fe7f0
    arg 1: 0x0000000002000000
~~2120~~ ntdll.dll!ZwOpenKey
    arg -1: 0x0000000000000000 (name=retval, type=void, size=0x8)
~~2120~~ ntdll.dll!RtlFreeUnicodeString
    arg 0: 0x00000096462fe720
    arg 1: 0x0000000000000000
~~2120~~ ntdll.dll!RtlDeleteBoundaryDescriptor
    arg 0: 0x0000024ef16eecc0
    arg 1: 0x0000000000000000
~~2120~~ ntdll.dll!RtlFreeHeap
    arg 0: 0x0000024ef16d0000
    arg 1: 0x0000000000000000
~~2120~~ ntdll.dll!RtlTryEnterCriticalSection
    arg 0: 0x0000024ef16d02c0
    arg 1: 0x0000000000000002
~~2120~~ ntdll.dll!RtlTryEnterCriticalSection
    arg -1: 0x0000000000000001 (name=retval, type=void, size=0x8)
~~2120~~ ntdll.dll!RtlFreeHeap
    arg -1: 0x0000000000000001 (name=retval, type=void, size=0x8)
~~2120~~ ntdll.dll!RtlDeleteBoundaryDescriptor
    arg -1: 0x0000000000000001 (name=retval, type=void, size=0x8)
~~2120~~ ntdll.dll!RtlFreeUnicodeString
    arg -1: 0x0000000000000001 (name=retval, type=void, size=0x8)
~~2120~~ ntdll.dll!RtlOpenCurrentUser
    arg -1: 0x0000000000000000 (name=retval, type=void, size=0x8)
~~2120~~ ntdll.dll!RtlNtStatusToDosError
    arg 0: 0x0000000000000000
    arg 1: 0x0000024ef16d0000
~~2120~~ ntdll.dll!RtlNtStatusToDosError
    arg -1: 0x0000000000000000 (name=retval, type=void, size=0x8)
~~2120~~ ntdll.dll!RtlAllocateHeap
    arg 0: 0x0000024ef16d0000
    arg 1: 0x0000000000000000
~~2120~~ ntdll.dll!RtlInterlockedPopEntrySList
    arg 0: 0x0000024ef1651350
    arg 1: 0x0000000000000000
~~2120~~ ntdll.dll!ExpInterlockedPopEntrySListResume
    arg 0: 0x0000024ef1651350
    arg 1: 0x0000000000000000
~~2120~~ ntdll.dll!ExpInterlockedPopEntrySListResume
    arg -1: 0x0000000000000000 (name=retval, type=void, size=0x8)
~~2120~~ ntdll.dll!RtlInterlockedPopEntrySList
    arg -1: 0x0000000000000000 (name=retval, type=void, size=0x8)
~~2120~~ ntdll.dll!RtlInterlockedPopEntrySList
    arg 0: 0x0000024ef1650120
    arg 1: 0x000000000000000b
~~2120~~ ntdll.dll!ExpInterlockedPopEntrySListResume
    arg 0: 0x0000024ef1650120
    arg 1: 0x000000000000000b
~~2120~~ ntdll.dll!ExpInterlockedPopEntrySListResume
    arg -1: 0x0000000000000000 (name=retval, type=void, size=0x8)
~~2120~~ ntdll.dll!RtlInterlockedPopEntrySList
    arg -1: 0x0000000000000000 (name=retval, type=void, size=0x8)
~~2120~~ ntdll.dll!RtlInterlockedPopEntrySList
    arg 0: 0x0000024ef16500f0
    arg 1: 0x0000000000000000
~~2120~~ ntdll.dll!ExpInterlockedPopEntrySListResume
    arg 0: 0x0000024ef16500f0
    arg 1: 0x0000000000000000
~~2120~~ ntdll.dll!ExpInterlockedPopEntrySListResume
    arg -1: 0x0000000000000000 (name=retval, type=void, size=0x8)
~~2120~~ ntdll.dll!RtlInterlockedPopEntrySList
    arg -1: 0x0000000000000000 (name=retval, type=void, size=0x8)
~~2120~~ ntdll.dll!RtlEnterCriticalSection
    arg 0: 0x0000024ef16d02c0
    arg 1: 0x000000000000000b
~~2120~~ ntdll.dll!RtlEnterCriticalSection
    arg -1: 0x0000000000000000 (name=retval, type=void, size=0x8)
~~2120~~ ntdll.dll!RtlAllocateHeap
    arg 0: 0x0000024ef16d0000
    arg 1: 0x0000000000800001
~~2120~~ ntdll.dll!RtlAllocateHeap
    arg -1: 0x0000024ef16eecc0 (name=retval, type=void, size=0x8)
~~2120~~ ntdll.dll!RtlLeaveCriticalSection
    arg 0: 0x0000024ef16d02c0
    arg 1: 0x0000000000000081
~~2120~~ ntdll.dll!RtlLeaveCriticalSection
    arg -1: 0x0000000000000000 (name=retval, type=void, size=0x8)
~~2120~~ ntdll.dll!RtlGetCurrentServiceSessionId
    arg 0: 0x00000000ffffffff
    arg 1: 0x0000000000000081
~~2120~~ ntdll.dll!RtlGetCurrentServiceSessionId
    arg -1: 0x0000000000000000 (name=retval, type=void, size=0x8)
~~2120~~ ntdll.dll!RtlInterlockedPopEntrySList
    arg 0: 0x0000024ef1650cc0
    arg 1: 0x0000000000000800
~~2120~~ ntdll.dll!ExpInterlockedPopEntrySListResume
    arg 0: 0x0000024ef1650cc0
    arg 1: 0x0000000000000800
~~2120~~ ntdll.dll!ExpInterlockedPopEntrySListResume
    arg -1: 0x0000000000000000 (name=retval, type=void, size=0x8)
~~2120~~ ntdll.dll!RtlInterlockedPopEntrySList
    arg -1: 0x0000000000000000 (name=retval, type=void, size=0x8)
~~2120~~ ntdll.dll!memset
    arg 0: 0x0000024ef16eecf0
    arg 1: 0x0000000000000000
~~2120~~ ntdll.dll!memset
    arg -1: 0x0000024ef16eecf0 (name=retval, type=void, size=0x8)
~~2120~~ ntdll.dll!RtlRunOnceBeginInitialize
    arg 0: 0x00007ffa2a49d5e0
    arg 1: 0x0000000000000000
~~2120~~ ntdll.dll!RtlRunOnceBeginInitialize
    arg -1: 0x0000000000000000 (name=retval, type=void, size=0x8)
~~2120~~ ntdll.dll!RtlRunOnceBeginInitialize
    arg 0: 0x00007ffa2a49d5e0
    arg 1: 0x0000000000000000
~~2120~~ ntdll.dll!RtlRunOnceBeginInitialize
    arg -1: 0x0000000000000000 (name=retval, type=void, size=0x8)
~~2120~~ ntdll.dll!RtlGetCurrentServiceSessionId
    arg 0: 0x0000000000000007
    arg 1: 0x0000000053fcd31d
~~2120~~ ntdll.dll!RtlGetCurrentServiceSessionId
    arg -1: 0x0000000000000000 (name=retval, type=void, size=0x8)
~~2120~~ ntdll.dll!RtlAllocateHeap
    arg -1: 0x0000024ef16ef3d0 (name=retval, type=void, size=0x8)
~~2120~~ ntdll.dll!RtlAcquireSRWLockExclusive
    arg 0: 0x00007ffa28278908
    arg 1: 0x0000000000240028
~~2120~~ ntdll.dll!RtlAcquireSRWLockExclusive
    arg -1: 0x0000024ef16ef3d0 (name=retval, type=void, size=0x8)
~~2120~~ ntdll.dll!RtlReleaseSRWLockExclusive
    arg 0: 0x00007ffa28278908
    arg 1: 0x00007ffa27fc0000
~~2120~~ ntdll.dll!RtlReleaseSRWLockExclusive
    arg -1: 0x0000000000000001 (name=retval, type=void, size=0x8)
~~2120~~ ntdll.dll!RtlSetCurrentTransaction
    arg 0: 0x0000000000000000
    arg 1: 0x0000000000000000
~~2120~~ ntdll.dll!RtlSetCurrentTransaction
    arg -1: 0x0000000000000001 (name=retval, type=void, size=0x8)
~~2120~~ KERNELBASE.dll!MapPredefinedHandleInternal
    arg -1: 0x0000000000000000 (name=retval, type=void, size=0x8)
~~2120~~ ntdll.dll!RtlInitUnicodeStringEx
    arg 0: 0x00000096462fe878
    arg 1: 0x00007ff76f1085c0
~~2120~~ ntdll.dll!RtlInitUnicodeStringEx
    arg -1: 0x0000000000000000 (name=retval, type=void, size=0x8)
~~2120~~ ntdll.dll!memset
    arg 0: 0x00000096462fe5a0
    arg 1: 0x0000000000000000
~~2120~~ ntdll.dll!memset
    arg -1: 0x00000096462fe5a0 (name=retval, type=void, size=0x8)
~~2120~~ ntdll.dll!ZwQueryKey
    arg 0: 0x0000000000000124
    arg 1: 0x0000000000000007
~~2120~~ ntdll.dll!ZwQueryKey
    arg -1: 0x0000000000000000 (name=retval, type=void, size=0x8)
~~2120~~ ntdll.dll!ZwCreateKey
    arg 0: 0x00000096462fe3e8
    arg 1: 0x00000000000f003f
~~2120~~ ntdll.dll!ZwCreateKey
    arg -1: 0x00000000c0000034 (name=retval, type=void, size=0x8)
~~2120~~ ntdll.dll!wcschr
    arg 0: 0x00007ff76f1085c0
    arg 1: 0x000000000000005c
~~2120~~ ntdll.dll!wcschr
    arg -1: 0x00007ff76f1085d0 (name=retval, type=void, size=0x8)
~~2120~~ ntdll.dll!wcschr
    arg 0: 0x00007ff76f1085d2
    arg 1: 0x000000000000005c
~~2120~~ ntdll.dll!wcschr
    arg -1: 0x00007ff76f1085dc (name=retval, type=void, size=0x8)
~~2120~~ ntdll.dll!wcschr
    arg 0: 0x00007ff76f1085de
    arg 1: 0x000000000000005c
~~2120~~ ntdll.dll!wcschr
    arg -1: 0x00007ff76f1085f4 (name=retval, type=void, size=0x8)
~~2120~~ ntdll.dll!wcschr
    arg 0: 0x00007ff76f1085f6
    arg 1: 0x000000000000005c
~~2120~~ ntdll.dll!wcschr
    arg -1: 0x0000000000000000 (name=retval, type=void, size=0x8)
~~2120~~ ntdll.dll!wcschr
    arg 0: 0x00007ff76f1085c0
    arg 1: 0x000000000000005c
~~2120~~ ntdll.dll!wcschr
    arg -1: 0x00007ff76f1085d0 (name=retval, type=void, size=0x8)
~~2120~~ ntdll.dll!ZwQueryKey
    arg 0: 0x0000000000000124
    arg 1: 0x0000000000000007
~~2120~~ ntdll.dll!ZwQueryKey
    arg -1: 0x0000000000000000 (name=retval, type=void, size=0x8)
~~2120~~ ntdll.dll!ZwCreateKey
    arg 0: 0x00000096462fe318
    arg 1: 0x0000000002000000
~~2120~~ ntdll.dll!ZwCreateKey
    arg -1: 0x0000000000000000 (name=retval, type=void, size=0x8)
~~2120~~ ntdll.dll!wcschr
    arg 0: 0x00007ff76f1085c0
    arg 1: 0x000000000000005c
~~2120~~ ntdll.dll!wcschr
    arg -1: 0x00007ff76f1085d0 (name=retval, type=void, size=0x8)
~~2120~~ ntdll.dll!wcschr
    arg 0: 0x00007ff76f1085d2
    arg 1: 0x000000000000005c
~~2120~~ ntdll.dll!wcschr
    arg -1: 0x00007ff76f1085dc (name=retval, type=void, size=0x8)
~~2120~~ ntdll.dll!ZwQueryKey
    arg 0: 0x0000000000000118
    arg 1: 0x0000000000000007
~~2120~~ ntdll.dll!ZwQueryKey
    arg -1: 0x0000000000000000 (name=retval, type=void, size=0x8)
~~2120~~ ntdll.dll!ZwCreateKey
    arg 0: 0x00000096462fe318
    arg 1: 0x0000000002000000
~~2120~~ ntdll.dll!ZwCreateKey
    arg -1: 0x0000000000000000 (name=retval, type=void, size=0x8)
~~2120~~ ntdll.dll!ApiSetQueryApiSetPresence
    arg 0: 0x00007ffa28151c50
    arg 1: 0x00000096462fe3b0
~~2120~~ ntdll.dll!RtlCompareUnicodeStrings
    arg 0: 0x00007ffa281d2f60
    arg 1: 0x0000000000000021
~~2120~~ ntdll.dll!RtlCompareUnicodeStrings
    arg -1: 0x0000000000000000 (name=retval, type=void, size=0x8)
~~2120~~ ntdll.dll!ApiSetQueryApiSetPresence
    arg -1: 0x0000000000000000 (name=retval, type=void, size=0x8)
~~2120~~ KERNEL32.dll!TermsrvCreateRegEntry
    arg 0: 0x0000000000000120
    arg 1: 0x00000096462fe408
~~2120~~ KERNEL32.dll!TermsrvCreateRegEntry
    arg -1: 0x0000000000000000 (name=retval, type=void, size=0x8)
~~2120~~ ntdll.dll!ZwClose
    arg 0: 0x0000000000000118
    arg 1: 0x00000096462fe408
~~2120~~ ntdll.dll!ZwClose
    arg -1: 0x0000000000000000 (name=retval, type=void, size=0x8)
~~2120~~ ntdll.dll!wcschr
    arg 0: 0x00007ff76f1085d2
    arg 1: 0x000000000000005c
~~2120~~ ntdll.dll!wcschr
    arg -1: 0x00007ff76f1085dc (name=retval, type=void, size=0x8)
~~2120~~ ntdll.dll!wcschr
    arg 0: 0x00007ff76f1085de
    arg 1: 0x000000000000005c
~~2120~~ ntdll.dll!wcschr
    arg -1: 0x00007ff76f1085f4 (name=retval, type=void, size=0x8)
~~2120~~ ntdll.dll!ZwQueryKey
    arg 0: 0x0000000000000120
    arg 1: 0x0000000000000007
~~2120~~ ntdll.dll!ZwQueryKey
    arg -1: 0x0000000000000000 (name=retval, type=void, size=0x8)
~~2120~~ ntdll.dll!ZwCreateKey
    arg 0: 0x00000096462fe318
    arg 1: 0x0000000002000000
~~2120~~ ntdll.dll!ZwCreateKey
    arg -1: 0x0000000000000000 (name=retval, type=void, size=0x8)
~~2120~~ KERNEL32.dll!TermsrvCreateRegEntry
    arg 0: 0x0000000000000118
    arg 1: 0x00000096462fe408
~~2120~~ KERNEL32.dll!TermsrvCreateRegEntry
    arg -1: 0x0000000000000000 (name=retval, type=void, size=0x8)
~~2120~~ ntdll.dll!ZwClose
    arg 0: 0x0000000000000120
    arg 1: 0x00000096462fe408
~~2120~~ ntdll.dll!ZwClose
    arg -1: 0x0000000000000000 (name=retval, type=void, size=0x8)
~~2120~~ ntdll.dll!wcschr
    arg 0: 0x00007ff76f1085de
    arg 1: 0x000000000000005c
~~2120~~ ntdll.dll!wcschr
    arg -1: 0x00007ff76f1085f4 (name=retval, type=void, size=0x8)
~~2120~~ ntdll.dll!ZwQueryKey
    arg 0: 0x0000000000000118
    arg 1: 0x0000000000000007
~~2120~~ ntdll.dll!ZwQueryKey
    arg -1: 0x0000000000000000 (name=retval, type=void, size=0x8)
~~2120~~ ntdll.dll!ZwCreateKey
    arg 0: 0x00000096462fe318
    arg 1: 0x00000000000f003f
~~2120~~ ntdll.dll!ZwCreateKey
    arg -1: 0x0000000000000000 (name=retval, type=void, size=0x8)
~~2120~~ KERNEL32.dll!TermsrvCreateRegEntry
    arg 0: 0x0000000000000120
    arg 1: 0x00000096462fe408
~~2120~~ KERNEL32.dll!TermsrvCreateRegEntry
    arg -1: 0x0000000000000000 (name=retval, type=void, size=0x8)
~~2120~~ ntdll.dll!ZwClose
    arg 0: 0x0000000000000118
    arg 1: 0x00000096462fe408
~~2120~~ ntdll.dll!ZwClose
    arg -1: 0x0000000000000000 (name=retval, type=void, size=0x8)
~~2120~~ ntdll.dll!wcschr
    arg 0: 0x00007ff76f1085f6
    arg 1: 0x000000000000005c
~~2120~~ ntdll.dll!wcschr
    arg -1: 0x0000000000000000 (name=retval, type=void, size=0x8)
~~2120~~ ntdll.dll!RtlNtStatusToDosError
    arg 0: 0x0000000000000000
    arg 1: 0x000000000000005c
~~2120~~ ntdll.dll!RtlNtStatusToDosError
    arg -1: 0x0000000000000000 (name=retval, type=void, size=0x8)
~~2120~~ ntdll.dll!RtlAcquireSRWLockExclusive
    arg 0: 0x00007ffa28278908
    arg 1: 0x0000000000000000
~~2120~~ ntdll.dll!RtlAcquireSRWLockExclusive
    arg -1: 0x0000000000000000 (name=retval, type=void, size=0x8)
~~2120~~ ntdll.dll!RtlReleaseSRWLockExclusive
    arg 0: 0x00007ffa28278908
    arg 1: 0x0000000000000000
~~2120~~ ntdll.dll!RtlReleaseSRWLockExclusive
    arg -1: 0x0000000000000001 (name=retval, type=void, size=0x8)
~~2120~~ KERNELBASE.dll!RegCreateKeyExInternalW
    arg -1: 0x0000000000000000 (name=retval, type=void, size=0x8)
~~2120~~ KERNELBASE.dll!RegCreateKeyExW
    arg -1: <null> (type=<unknown>, size=0x8)
~~2120~~ ADVAPI32.dll!RegCreateKeyExW
    arg -1: <null> (type=<unknown>, size=0x8)
~~2120~~ ntdll.dll!RtlEnterCriticalSection
    arg 0: 0x00007ff76f114108
    arg 1: 0x00000096462fe858
~~2120~~ ntdll.dll!RtlEnterCriticalSection
    arg -1: 0x0000000000000000 (name=retval, type=void, size=0x8)
~~2120~~ ntdll.dll!RtlEnterCriticalSection
    arg 0: 0x0000024ef16e8b08
    arg 1: 0x0000000000000001
~~2120~~ ntdll.dll!RtlEnterCriticalSection
    arg -1: 0x0000000000000000 (name=retval, type=void, size=0x8)
~~2120~~ KERNEL32.dll!WriteFile
    arg 0: 0x54 (type=HANDLE, size=0x8)
    arg 1: 0x00000096462fcd30 => 0x0000000000000000 (type=void*, size=0x0)
    arg 2: 0x41 (type=DWORD, size=0x4)
    arg 4: <null> (type=<unknown>*, size=0x0)
~~2120~~ KERNELBASE.dll!WriteFile
    arg 0: 0x54 (type=HANDLE, size=0x8)
    arg 1: 0x00000096462fcd30 => 0x0000000000000000 (type=void*, size=0x0)
    arg 2: 0x41 (type=DWORD, size=0x4)
    arg 4: <null> (type=<unknown>*, size=0x0)
~~2120~~ ntdll.dll!ZwWriteFile
    arg 0: 0x0000000000000054
    arg 1: 0x0000000000000000
~~2120~~ ntdll.dll!ZwWriteFile
    arg -1: 0x0000000000000000 (name=retval, type=void, size=0x8)
~~2120~~ KERNELBASE.dll!WriteFile
    arg -1: 0x0000000000000001 (type=BOOL, size=0x4)
~~2120~~ KERNEL32.dll!WriteFile
    arg -1: 0x0000000000000001 (type=BOOL, size=0x4)
~~2120~~ ntdll.dll!RtlLeaveCriticalSection
    arg 0: 0x0000024ef16e8b08
    arg 1: 0x0000000000000001
~~2120~~ ntdll.dll!RtlLeaveCriticalSection
    arg -1: 0x0000000000000000 (name=retval, type=void, size=0x8)
~~2120~~ ntdll.dll!RtlLeaveCriticalSection
    arg 0: 0x00007ff76f114108
    arg 1: 0x0000000000000001
~~2120~~ ntdll.dll!RtlLeaveCriticalSection
    arg -1: 0x0000000000000000 (name=retval, type=void, size=0x8)
~~2120~~ ADVAPI32.dll!RegSetValueExW
    arg 0: 0x0000000000000120 (type=<unknown>, size=0x0)
    arg 1: 0x00007ff76f108678 (type=wchar_t*, size=0x0)
    arg 2: 0x0 (type=DWORD, size=0x4)
    arg 3: 0x1 (type=DWORD, size=0x4)
    arg 4: 0x00007ff76f108688 => 0x56 (type=BYTE*, size=0x1)
    arg 5: 0x7f007e0000000e (type=DWORD, size=0x4)
~~2120~~ KERNELBASE.dll!RegSetValueExW
    arg 0: 0x0000000000000120 (type=<unknown>, size=0x0)
    arg 1: 0x00007ff76f108678 (type=wchar_t*, size=0x0)
    arg 2: 0x0 (type=DWORD, size=0x4)
    arg 3: 0x1 (type=DWORD, size=0x4)
    arg 4: 0x00007ff76f108688 => 0x56 (type=BYTE*, size=0x1)
    arg 5: 0x7f007e0000000e (type=DWORD, size=0x4)
~~2120~~ KERNELBASE.dll!MapPredefinedHandleInternal
    arg 0: 0x0000000000000120
    arg 1: 0x00000096462fe930
~~2120~~ KERNELBASE.dll!MapPredefinedHandleInternal
    arg -1: 0x0000000000000000 (name=retval, type=void, size=0x8)
~~2120~~ ntdll.dll!RtlInitUnicodeStringEx
    arg 0: 0x00000096462fe8f0
    arg 1: 0x00007ff76f108678
~~2120~~ ntdll.dll!RtlInitUnicodeStringEx
    arg -1: 0x0000000000000000 (name=retval, type=void, size=0x8)
~~2120~~ KERNEL32.dll!TermsrvGetPreSetValue
    arg 0: 0x0000000000000120
    arg 1: 0x00000096462fe8f0
~~2120~~ KERNEL32.dll!TermsrvGetPreSetValue
    arg -1: 0x00000000c0000135 (name=retval, type=void, size=0x8)
~~2120~~ KERNEL32.dll!TermsrvSetValueKey
    arg 0: 0x0000000000000120
    arg 1: 0x00000096462fe8f0
~~2120~~ KERNEL32.dll!TermsrvSetValueKey
    arg -1: 0x0000000000000000 (name=retval, type=void, size=0x8)
~~2120~~ ntdll.dll!ZwSetValueKey
    arg 0: 0x0000000000000120
    arg 1: 0x00000096462fe8f0
~~2120~~ ntdll.dll!ZwSetValueKey
    arg -1: 0x0000000000000000 (name=retval, type=void, size=0x8)
~~2120~~ ntdll.dll!RtlNtStatusToDosError
    arg 0: 0x0000000000000000
    arg 1: 0x0000000000000000
~~2120~~ ntdll.dll!RtlNtStatusToDosError
    arg -1: 0x0000000000000000 (name=retval, type=void, size=0x8)
~~2120~~ KERNELBASE.dll!RegSetValueExW
    arg -1: <null> (type=<unknown>, size=0x8)
~~2120~~ ADVAPI32.dll!RegSetValueExW
    arg -1: <null> (type=<unknown>, size=0x8)
~~2120~~ ntdll.dll!RtlEnterCriticalSection
    arg 0: 0x00007ff76f114108
    arg 1: 0x00000096462fe858
~~2120~~ ntdll.dll!RtlEnterCriticalSection
    arg -1: 0x0000000000000000 (name=retval, type=void, size=0x8)
~~2120~~ ntdll.dll!RtlEnterCriticalSection
    arg 0: 0x0000024ef16e8b08
    arg 1: 0x0000000000000001
~~2120~~ ntdll.dll!RtlEnterCriticalSection
    arg -1: 0x0000000000000000 (name=retval, type=void, size=0x8)
~~2120~~ KERNEL32.dll!WriteFile
    arg 0: 0x54 (type=HANDLE, size=0x8)
    arg 1: 0x00000096462fcd30 => 0x0000000000000000 (type=void*, size=0x0)
    arg 2: 0x40 (type=DWORD, size=0x4)
    arg 4: <null> (type=<unknown>*, size=0x0)
~~2120~~ KERNELBASE.dll!WriteFile
    arg 0: 0x54 (type=HANDLE, size=0x8)
    arg 1: 0x00000096462fcd30 => 0x0000000000000000 (type=void*, size=0x0)
    arg 2: 0x40 (type=DWORD, size=0x4)
    arg 4: <null> (type=<unknown>*, size=0x0)
~~2120~~ ntdll.dll!ZwWriteFile
    arg 0: 0x0000000000000054
    arg 1: 0x0000000000000000
~~2120~~ ntdll.dll!ZwWriteFile
    arg -1: 0x0000000000000000 (name=retval, type=void, size=0x8)
~~2120~~ KERNELBASE.dll!WriteFile
    arg -1: 0x0000000000000001 (type=BOOL, size=0x4)
~~2120~~ KERNEL32.dll!WriteFile
    arg -1: 0x0000000000000001 (type=BOOL, size=0x4)
~~2120~~ ntdll.dll!RtlLeaveCriticalSection
    arg 0: 0x0000024ef16e8b08
    arg 1: 0x0000000000000001
~~2120~~ ntdll.dll!RtlLeaveCriticalSection
    arg -1: 0x0000000000000000 (name=retval, type=void, size=0x8)
~~2120~~ ntdll.dll!RtlLeaveCriticalSection
    arg 0: 0x00007ff76f114108
    arg 1: 0x0000000000000001
~~2120~~ ntdll.dll!RtlLeaveCriticalSection
    arg -1: 0x0000000000000000 (name=retval, type=void, size=0x8)
~~2120~~ KERNEL32.dll!Sleep
    arg 0: 0x3c (type=DWORD, size=0x4)
~~2120~~ KERNELBASE.dll!Sleep
    arg 0: 0x3c (type=DWORD, size=0x4)
~~2120~~ KERNELBASE.dll!SleepEx
    arg 0: 0x3c (type=DWORD, size=0x4)
    arg 1: 0x0 (type=BOOL, size=0x4)
~~2120~~ ntdll.dll!RtlGetCurrentUmsThread
    arg 0: 0x00000096462fe918
    arg 1: 0x0000000000000000
~~2120~~ ntdll.dll!RtlGetCurrentUmsThread
    arg -1: 0x00000000c00000bb (name=retval, type=void, size=0x8)
~~2120~~ ntdll.dll!ZwDelayExecution
    arg 0: 0x0000000000000000
    arg 1: 0x00000096462fe880
~~2120~~ ntdll.dll!ZwDelayExecution
    arg -1: 0x0000000000000000 (name=retval, type=void, size=0x8)
~~2120~~ KERNELBASE.dll!SleepEx
    arg -1: 0x0000000000000000 (type=DWORD, size=0x4)
~~2120~~ KERNELBASE.dll!Sleep
    arg -1: 0x0000000000000000 (type=void, size=0x8)
~~2120~~ KERNEL32.dll!Sleep
    arg -1: 0x0000000000000000 (type=void, size=0x8)
~~2120~~ KERNEL32.dll!CreateFileW
    arg 0: 0x00000096462ff020 (type=wchar_t*, size=0x0)
    arg 1: 0xc0000000 (type=DWORD, size=0x4)
    arg 2: 0x1 (type=DWORD, size=0x4)
    arg 3: <null> (type=<unknown>*, size=0x0)
    arg 4: 0x7ff700000002 (type=DWORD, size=0x4)
    arg 5: 0x7f007e00000080 (type=DWORD, size=0x4)
~~2120~~ KERNELBASE.dll!CreateFileW
    arg 0: 0x00000096462ff020 (type=wchar_t*, size=0x0)
    arg 1: 0xc0000000 (type=DWORD, size=0x4)
    arg 2: 0x1 (type=DWORD, size=0x4)
    arg 3: <null> (type=<unknown>*, size=0x0)
    arg 4: 0x7ff700000002 (type=DWORD, size=0x4)
    arg 5: 0x7f007e00000080 (type=DWORD, size=0x4)
~~2120~~ ntdll.dll!RtlInitUnicodeStringEx
    arg 0: 0x00000096462fe808
    arg 1: 0x00000096462ff020
~~2120~~ ntdll.dll!RtlInitUnicodeStringEx
    arg -1: 0x0000000000000000 (name=retval, type=void, size=0x8)
~~2120~~ ntdll.dll!RtlDosPathNameToRelativeNtPathName_U_WithStatus
    arg 0: 0x00000096462ff020
    arg 1: 0x00000096462fe808
~~2120~~ ntdll.dll!RtlInitUnicodeStringEx
    arg 0: 0x00000096462fe740
    arg 1: 0x00000096462ff020
~~2120~~ ntdll.dll!RtlInitUnicodeStringEx
    arg -1: 0x0000000000000000 (name=retval, type=void, size=0x8)
~~2120~~ ntdll.dll!memset
    arg 0: 0x00000096462fe4a0
    arg 1: 0x0000000000000000
~~2120~~ ntdll.dll!memset
    arg -1: 0x00000096462fe4a0 (name=retval, type=void, size=0x8)
~~2120~~ ntdll.dll!RtlAllocateHeap
    arg 0: 0x0000024ef16d0000
    arg 1: 0x0000000000000000
~~2120~~ ntdll.dll!RtlLeaveCriticalSection
    arg 0: 0x0000024ef16d02c0
    arg 1: 0x0000000000000001
~~2120~~ ntdll.dll!RtlLeaveCriticalSection
    arg -1: 0x0000000000000000 (name=retval, type=void, size=0x8)
~~2120~~ ntdll.dll!RtlAllocateHeap
    arg -1: 0x0000024ef16ef4d0 (name=retval, type=void, size=0x8)
~~2120~~ ntdll.dll!memmove
    arg 0: 0x0000024ef16ef4d0
    arg 1: 0x00007ffa2a4588c0
~~2120~~ ntdll.dll!memmove
    arg -1: 0x0000024ef16ef4d0 (name=retval, type=void, size=0x8)
~~2120~~ ntdll.dll!memmove
    arg 0: 0x0000024ef16ef4d8
    arg 1: 0x00000096462fe4a0
~~2120~~ ntdll.dll!memmove
    arg -1: 0x0000024ef16ef4d8 (name=retval, type=void, size=0x8)
~~2120~~ ntdll.dll!RtlDosPathNameToRelativeNtPathName_U_WithStatus
    arg -1: 0x0000000000000000 (name=retval, type=void, size=0x8)
~~2120~~ ntdll.dll!SbSelectProcedure
    arg 0: 0x00000000abababab
    arg 1: 0x0000000000000001
~~2120~~ ntdll.dll!memset
    arg 0: 0x00000096462fe6a0
    arg 1: 0x0000000000000000
~~2120~~ ntdll.dll!memset
    arg -1: 0x00000096462fe6a0 (name=retval, type=void, size=0x8)
~~2120~~ ntdll.dll!SbSelectProcedure
    arg -1: 0x00007ffa2803efe0 (name=retval, type=void, size=0x8)
~~2120~~ KERNELBASE.dll!_amsg_exit
    arg 0: 0x00000096462fe7c0
    arg 1: 0xffffffffffffffff
~~2120~~ KERNELBASE.dll!_amsg_exit
    arg -1: 0x00007ffa2803efe0 (name=retval, type=void, size=0x8)
~~2120~~ ntdll.dll!ZwCreateFile
    arg 0: 0x00000096462fe7e0
    arg 1: 0x00000000c0100080
~~2120~~ ntdll.dll!ZwCreateFile
    arg -1: 0x0000000000000000 (name=retval, type=void, size=0x8)
~~2120~~ ntdll.dll!RtlReleaseRelativeName
    arg 0: 0x00000096462fe820
    arg 1: 0x0000000000000000
~~2120~~ ntdll.dll!RtlReleaseRelativeName
    arg -1: 0x0000000000000000 (name=retval, type=void, size=0x8)
~~2120~~ ntdll.dll!RtlFreeHeap
    arg 0: 0x0000024ef16d0000
    arg 1: 0x0000000000000000
~~2120~~ ntdll.dll!RtlTryEnterCriticalSection
    arg 0: 0x0000024ef16d02c0
    arg 1: 0x0000000000000002
~~2120~~ ntdll.dll!RtlTryEnterCriticalSection
    arg -1: 0x0000000000000001 (name=retval, type=void, size=0x8)
~~2120~~ ntdll.dll!RtlFreeHeap
    arg -1: 0x0000000000000001 (name=retval, type=void, size=0x8)
~~2120~~ ntdll.dll!RtlFreeHeap
    arg 0: 0x0000024ef16d0000
    arg 1: 0x0000000000000000
~~2120~~ ntdll.dll!RtlFreeHeap
    arg -1: 0x0000000000000001 (name=retval, type=void, size=0x8)
~~2120~~ ntdll.dll!RtlSetLastWin32Error
    arg 0: 0x0000000000000000
    arg 1: 0x0000000000000000
~~2120~~ ntdll.dll!RtlSetLastWin32Error
    arg -1: 0x000000964613b000 (name=retval, type=void, size=0x8)
~~2120~~ KERNELBASE.dll!CreateFileW
    arg -1: 0x000000000000011c (type=HANDLE, size=0x8)
~~2120~~ KERNEL32.dll!CreateFileW
    arg -1: 0x000000000000011c (type=HANDLE, size=0x8)
~~2120~~ ntdll.dll!RtlEnterCriticalSection
    arg 0: 0x00007ff76f114108
    arg 1: 0x00000096462fe858
~~2120~~ ntdll.dll!RtlEnterCriticalSection
    arg -1: 0x0000000000000000 (name=retval, type=void, size=0x8)
~~2120~~ ntdll.dll!RtlEnterCriticalSection
    arg 0: 0x0000024ef16e8b08
    arg 1: 0x0000000000000001
~~2120~~ ntdll.dll!RtlEnterCriticalSection
    arg -1: 0x0000000000000000 (name=retval, type=void, size=0x8)
~~2120~~ KERNEL32.dll!WriteFile
    arg 0: 0x54 (type=HANDLE, size=0x8)
    arg 1: 0x00000096462fcd30 => 0x0000000000000000 (type=void*, size=0x0)
    arg 2: 0x44 (type=DWORD, size=0x4)
    arg 4: <null> (type=<unknown>*, size=0x0)
~~2120~~ KERNELBASE.dll!WriteFile
    arg 0: 0x54 (type=HANDLE, size=0x8)
    arg 1: 0x00000096462fcd30 => 0x0000000000000000 (type=void*, size=0x0)
    arg 2: 0x44 (type=DWORD, size=0x4)
    arg 4: <null> (type=<unknown>*, size=0x0)
~~2120~~ ntdll.dll!ZwWriteFile
    arg 0: 0x0000000000000054
    arg 1: 0x0000000000000000
~~2120~~ ntdll.dll!ZwWriteFile
    arg -1: 0x0000000000000000 (name=retval, type=void, size=0x8)
~~2120~~ KERNELBASE.dll!WriteFile
    arg -1: 0x0000000000000001 (type=BOOL, size=0x4)
~~2120~~ KERNEL32.dll!WriteFile
    arg -1: 0x0000000000000001 (type=BOOL, size=0x4)
~~2120~~ ntdll.dll!RtlLeaveCriticalSection
    arg 0: 0x0000024ef16e8b08
    arg 1: 0x0000000000000001
~~2120~~ ntdll.dll!RtlLeaveCriticalSection
    arg -1: 0x0000000000000000 (name=retval, type=void, size=0x8)
~~2120~~ ntdll.dll!RtlLeaveCriticalSection
    arg 0: 0x00007ff76f114108
    arg 1: 0x0000000000000001
~~2120~~ ntdll.dll!RtlLeaveCriticalSection
    arg -1: 0x0000000000000000 (name=retval, type=void, size=0x8)
~~2120~~ KERNEL32.dll!WriteFile
    arg 0: 0x11c (type=HANDLE, size=0x8)
    arg 1: 0x00007ff76f108c68 => 0x0000000000000000 (type=void*, size=0x0)
    arg 2: 0x2 (type=DWORD, size=0x4)
    arg 4: <null> (type=<unknown>*, size=0x0)
~~2120~~ KERNELBASE.dll!WriteFile
    arg 0: 0x11c (type=HANDLE, size=0x8)
    arg 1: 0x00007ff76f108c68 => 0x0000000000000000 (type=void*, size=0x0)
    arg 2: 0x2 (type=DWORD, size=0x4)
    arg 4: <null> (type=<unknown>*, size=0x0)
~~2120~~ ntdll.dll!ZwWriteFile
    arg 0: 0x000000000000011c
    arg 1: 0x0000000000000000
~~2120~~ ntdll.dll!ZwWriteFile
    arg -1: 0x0000000000000000 (name=retval, type=void, size=0x8)
~~2120~~ KERNELBASE.dll!WriteFile
    arg -1: 0x0000000000000001 (type=BOOL, size=0x4)
~~2120~~ KERNEL32.dll!WriteFile
    arg -1: 0x0000000000000001 (type=BOOL, size=0x4)
~~2120~~ KERNEL32.dll!WriteFile
    arg 0: 0x11c (type=HANDLE, size=0x8)
    arg 1: 0x00007ff76f108758 => 0x0000000000000000 (type=void*, size=0x0)
    arg 2: 0x28 (type=DWORD, size=0x4)
    arg 4: <null> (type=<unknown>*, size=0x0)
~~2120~~ KERNELBASE.dll!WriteFile
    arg 0: 0x11c (type=HANDLE, size=0x8)
    arg 1: 0x00007ff76f108758 => 0x0000000000000000 (type=void*, size=0x0)
    arg 2: 0x28 (type=DWORD, size=0x4)
    arg 4: <null> (type=<unknown>*, size=0x0)
~~2120~~ ntdll.dll!ZwWriteFile
    arg 0: 0x000000000000011c
    arg 1: 0x0000000000000000
~~2120~~ ntdll.dll!ZwWriteFile
    arg -1: 0x0000000000000000 (name=retval, type=void, size=0x8)
~~2120~~ KERNELBASE.dll!WriteFile
    arg -1: 0x0000000000000001 (type=BOOL, size=0x4)
~~2120~~ KERNEL32.dll!WriteFile
    arg -1: 0x0000000000000001 (type=BOOL, size=0x4)
~~2120~~ ntdll.dll!RtlEnterCriticalSection
    arg 0: 0x00007ff76f114108
    arg 1: 0x00000096462fe858
~~2120~~ ntdll.dll!RtlEnterCriticalSection
    arg -1: 0x0000000000000000 (name=retval, type=void, size=0x8)
~~2120~~ ntdll.dll!RtlEnterCriticalSection
    arg 0: 0x0000024ef16e8b08
    arg 1: 0x0000000000000001
~~2120~~ ntdll.dll!RtlEnterCriticalSection
    arg -1: 0x0000000000000000 (name=retval, type=void, size=0x8)
~~2120~~ KERNEL32.dll!WriteFile
    arg 0: 0x54 (type=HANDLE, size=0x8)
    arg 1: 0x00000096462fcd30 => 0x0000000000000000 (type=void*, size=0x0)
    arg 2: 0x15 (type=DWORD, size=0x4)
    arg 4: <null> (type=<unknown>*, size=0x0)
~~2120~~ KERNELBASE.dll!WriteFile
    arg 0: 0x54 (type=HANDLE, size=0x8)
    arg 1: 0x00000096462fcd30 => 0x0000000000000000 (type=void*, size=0x0)
    arg 2: 0x15 (type=DWORD, size=0x4)
    arg 4: <null> (type=<unknown>*, size=0x0)
~~2120~~ ntdll.dll!ZwWriteFile
    arg 0: 0x0000000000000054
    arg 1: 0x0000000000000000
~~2120~~ ntdll.dll!ZwWriteFile
    arg -1: 0x0000000000000000 (name=retval, type=void, size=0x8)
~~2120~~ KERNELBASE.dll!WriteFile
    arg -1: 0x0000000000000001 (type=BOOL, size=0x4)
~~2120~~ KERNEL32.dll!WriteFile
    arg -1: 0x0000000000000001 (type=BOOL, size=0x4)
~~2120~~ ntdll.dll!RtlLeaveCriticalSection
    arg 0: 0x0000024ef16e8b08
    arg 1: 0x0000000000000001
~~2120~~ ntdll.dll!RtlLeaveCriticalSection
    arg -1: 0x0000000000000000 (name=retval, type=void, size=0x8)
~~2120~~ ntdll.dll!RtlLeaveCriticalSection
    arg 0: 0x00007ff76f114108
    arg 1: 0x0000000000000001
~~2120~~ ntdll.dll!RtlLeaveCriticalSection
    arg -1: 0x0000000000000000 (name=retval, type=void, size=0x8)
~~2120~~ KERNEL32.dll!Sleep
    arg 0: 0x3c (type=DWORD, size=0x4)
~~2120~~ KERNELBASE.dll!Sleep
    arg 0: 0x3c (type=DWORD, size=0x4)
~~2120~~ KERNELBASE.dll!SleepEx
    arg 0: 0x3c (type=DWORD, size=0x4)
    arg 1: 0x0 (type=BOOL, size=0x4)
~~2120~~ ntdll.dll!RtlGetCurrentUmsThread
    arg 0: 0x00000096462fe918
    arg 1: 0x0000000000000000
~~2120~~ ntdll.dll!RtlGetCurrentUmsThread
    arg -1: 0x00000000c00000bb (name=retval, type=void, size=0x8)
~~2120~~ ntdll.dll!ZwDelayExecution
    arg 0: 0x0000000000000000
    arg 1: 0x00000096462fe880
~~2120~~ ntdll.dll!ZwDelayExecution
    arg -1: 0x0000000000000000 (name=retval, type=void, size=0x8)
~~2120~~ KERNELBASE.dll!SleepEx
    arg -1: 0x0000000000000000 (type=DWORD, size=0x4)
~~2120~~ KERNELBASE.dll!Sleep
    arg -1: 0x0000000000000000 (type=void, size=0x8)
~~2120~~ KERNEL32.dll!Sleep
    arg -1: 0x0000000000000000 (type=void, size=0x8)
~~2120~~ ADVAPI32.dll!RegCreateKeyExW
    arg 0: 0xffffffff80000001 (type=<unknown>, size=0x0)
    arg 1: 0x00007ff76f1087e0 (type=wchar_t*, size=0x0)
    arg 2: 0x0 (type=DWORD, size=0x4)
    arg 3: <null> (type=wchar_t*, size=0x0)
    arg 4: 0x7ff700000000 (type=DWORD, size=0x4)
    arg 5: 0x007f007e000f003f (type=<unknown>, size=0x0)
~~2120~~ KERNELBASE.dll!RegCreateKeyExW
    arg 0: 0xffffffff80000001 (type=<unknown>, size=0x0)
    arg 1: 0x00007ff76f1087e0 (type=wchar_t*, size=0x0)
    arg 2: 0x0 (type=DWORD, size=0x4)
    arg 3: <null> (type=wchar_t*, size=0x0)
    arg 4: 0x7ff700000000 (type=DWORD, size=0x4)
    arg 5: 0x007f007e000f003f (type=<unknown>, size=0x0)
~~2120~~ KERNELBASE.dll!RegCreateKeyExInternalW
    arg 0: 0xffffffff80000001
    arg 1: 0x00007ff76f1087e0
~~2120~~ KERNELBASE.dll!MapPredefinedHandleInternal
    arg 0: 0xffffffff80000001
    arg 1: 0x00000096462fe8d0
~~2120~~ ntdll.dll!RtlGetCurrentTransaction
    arg 0: 0x00007ffa27febf3b
    arg 1: 0x00000096462fe8d0
~~2120~~ ntdll.dll!RtlGetCurrentTransaction
    arg -1: 0x0000000000000000 (name=retval, type=void, size=0x8)
~~2120~~ ntdll.dll!RtlSetCurrentTransaction
    arg 0: 0x0000000000000000
    arg 1: 0x00000096462fe8d0
~~2120~~ ntdll.dll!RtlSetCurrentTransaction
    arg -1: 0x0000000000000001 (name=retval, type=void, size=0x8)
~~2120~~ ntdll.dll!RtlAcquireSRWLockExclusive
    arg 0: 0x00007ffa28278908
    arg 1: 0x00000096462fe8d0
~~2120~~ ntdll.dll!RtlAcquireSRWLockExclusive
    arg -1: 0x0000000000000001 (name=retval, type=void, size=0x8)
~~2120~~ ntdll.dll!RtlReleaseSRWLockExclusive
    arg 0: 0x00007ffa28278908
    arg 1: 0x00000096462fe8d0
~~2120~~ ntdll.dll!RtlReleaseSRWLockExclusive
    arg -1: 0x0000000000000001 (name=retval, type=void, size=0x8)
~~2120~~ ntdll.dll!RtlSetCurrentTransaction
    arg 0: 0x0000000000000000
    arg 1: 0x0000000000000000
~~2120~~ ntdll.dll!RtlSetCurrentTransaction
    arg -1: 0x0000000000000001 (name=retval, type=void, size=0x8)
~~2120~~ KERNELBASE.dll!MapPredefinedHandleInternal
    arg -1: 0x0000000000000000 (name=retval, type=void, size=0x8)
~~2120~~ ntdll.dll!RtlInitUnicodeStringEx
    arg 0: 0x00000096462fe878
    arg 1: 0x00007ff76f1087e0
~~2120~~ ntdll.dll!RtlInitUnicodeStringEx
    arg -1: 0x0000000000000000 (name=retval, type=void, size=0x8)
~~2120~~ ntdll.dll!memset
    arg 0: 0x00000096462fe5a0
    arg 1: 0x0000000000000000
~~2120~~ ntdll.dll!memset
    arg -1: 0x00000096462fe5a0 (name=retval, type=void, size=0x8)
~~2120~~ ntdll.dll!ZwQueryKey
    arg 0: 0x0000000000000124
    arg 1: 0x0000000000000007
~~2120~~ ntdll.dll!ZwQueryKey
    arg -1: 0x0000000000000000 (name=retval, type=void, size=0x8)
~~2120~~ ntdll.dll!ZwCreateKey
    arg 0: 0x00000096462fe3e8
    arg 1: 0x00000000000f003f
~~2120~~ ntdll.dll!ZwCreateKey
    arg -1: 0x0000000000000000 (name=retval, type=void, size=0x8)
~~2120~~ KERNEL32.dll!TermsrvCreateRegEntry
    arg 0: 0x0000000000000118
    arg 1: 0x00000096462fe548
~~2120~~ KERNEL32.dll!TermsrvCreateRegEntry
    arg -1: 0x0000000000000000 (name=retval, type=void, size=0x8)
~~2120~~ ntdll.dll!RtlNtStatusToDosError
    arg 0: 0x0000000000000000
    arg 1: 0x0000000000000000
~~2120~~ ntdll.dll!RtlNtStatusToDosError
    arg -1: 0x0000000000000000 (name=retval, type=void, size=0x8)
~~2120~~ ntdll.dll!RtlAcquireSRWLockExclusive
    arg 0: 0x00007ffa28278908
    arg 1: 0x0000000000000000
~~2120~~ ntdll.dll!RtlAcquireSRWLockExclusive
    arg -1: 0x0000000000000000 (name=retval, type=void, size=0x8)
~~2120~~ ntdll.dll!RtlReleaseSRWLockExclusive
    arg 0: 0x00007ffa28278908
    arg 1: 0x0000000000000000
~~2120~~ ntdll.dll!RtlReleaseSRWLockExclusive
    arg -1: 0x0000000000000001 (name=retval, type=void, size=0x8)
~~2120~~ KERNELBASE.dll!RegCreateKeyExInternalW
    arg -1: 0x0000000000000000 (name=retval, type=void, size=0x8)
~~2120~~ KERNELBASE.dll!RegCreateKeyExW
    arg -1: <null> (type=<unknown>, size=0x8)
~~2120~~ ADVAPI32.dll!RegCreateKeyExW
    arg -1: <null> (type=<unknown>, size=0x8)
~~2120~~ ntdll.dll!RtlEnterCriticalSection
    arg 0: 0x00007ff76f114108
    arg 1: 0x00000096462fe858
~~2120~~ ntdll.dll!RtlEnterCriticalSection
    arg -1: 0x0000000000000000 (name=retval, type=void, size=0x8)
~~2120~~ ntdll.dll!RtlEnterCriticalSection
    arg 0: 0x0000024ef16e8b08
    arg 1: 0x0000000000000001
~~2120~~ ntdll.dll!RtlEnterCriticalSection
    arg -1: 0x0000000000000000 (name=retval, type=void, size=0x8)
~~2120~~ KERNEL32.dll!WriteFile
    arg 0: 0x54 (type=HANDLE, size=0x8)
    arg 1: 0x00000096462fcd30 => 0x0000000000000000 (type=void*, size=0x0)
    arg 2: 0x41 (type=DWORD, size=0x4)
    arg 4: <null> (type=<unknown>*, size=0x0)
~~2120~~ KERNELBASE.dll!WriteFile
    arg 0: 0x54 (type=HANDLE, size=0x8)
    arg 1: 0x00000096462fcd30 => 0x0000000000000000 (type=void*, size=0x0)
    arg 2: 0x41 (type=DWORD, size=0x4)
    arg 4: <null> (type=<unknown>*, size=0x0)
~~2120~~ ntdll.dll!ZwWriteFile
    arg 0: 0x0000000000000054
    arg 1: 0x0000000000000000
~~2120~~ ntdll.dll!ZwWriteFile
    arg -1: 0x0000000000000000 (name=retval, type=void, size=0x8)
~~2120~~ KERNELBASE.dll!WriteFile
    arg -1: 0x0000000000000001 (type=BOOL, size=0x4)
~~2120~~ KERNEL32.dll!WriteFile
    arg -1: 0x0000000000000001 (type=BOOL, size=0x4)
~~2120~~ ntdll.dll!RtlLeaveCriticalSection
    arg 0: 0x0000024ef16e8b08
    arg 1: 0x0000000000000001
~~2120~~ ntdll.dll!RtlLeaveCriticalSection
    arg -1: 0x0000000000000000 (name=retval, type=void, size=0x8)
~~2120~~ ntdll.dll!RtlLeaveCriticalSection
    arg 0: 0x00007ff76f114108
    arg 1: 0x0000000000000001
~~2120~~ ntdll.dll!RtlLeaveCriticalSection
    arg -1: 0x0000000000000000 (name=retval, type=void, size=0x8)
~~2120~~ ADVAPI32.dll!RegSetValueExW
    arg 0: 0x0000000000000118 (type=<unknown>, size=0x0)
    arg 1: 0x00007ff76f108678 (type=wchar_t*, size=0x0)
    arg 2: 0x0 (type=DWORD, size=0x4)
    arg 3: 0x1 (type=DWORD, size=0x4)
    arg 4: 0x00007ff76f108898 => 0x56 (type=BYTE*, size=0x1)
    arg 5: 0x7f007e0000000e (type=DWORD, size=0x4)
~~2120~~ KERNELBASE.dll!RegSetValueExW
    arg 0: 0x0000000000000118 (type=<unknown>, size=0x0)
    arg 1: 0x00007ff76f108678 (type=wchar_t*, size=0x0)
    arg 2: 0x0 (type=DWORD, size=0x4)
    arg 3: 0x1 (type=DWORD, size=0x4)
    arg 4: 0x00007ff76f108898 => 0x56 (type=BYTE*, size=0x1)
    arg 5: 0x7f007e0000000e (type=DWORD, size=0x4)
~~2120~~ KERNELBASE.dll!MapPredefinedHandleInternal
    arg 0: 0x0000000000000118
    arg 1: 0x00000096462fe930
~~2120~~ KERNELBASE.dll!MapPredefinedHandleInternal
    arg -1: 0x0000000000000000 (name=retval, type=void, size=0x8)
~~2120~~ ntdll.dll!RtlInitUnicodeStringEx
    arg 0: 0x00000096462fe8f0
    arg 1: 0x00007ff76f108678
~~2120~~ ntdll.dll!RtlInitUnicodeStringEx
    arg -1: 0x0000000000000000 (name=retval, type=void, size=0x8)
~~2120~~ KERNEL32.dll!TermsrvGetPreSetValue
    arg 0: 0x0000000000000118
    arg 1: 0x00000096462fe8f0
~~2120~~ KERNEL32.dll!TermsrvGetPreSetValue
    arg -1: 0x00000000c0000135 (name=retval, type=void, size=0x8)
~~2120~~ KERNEL32.dll!TermsrvSetValueKey
    arg 0: 0x0000000000000118
    arg 1: 0x00000096462fe8f0
~~2120~~ KERNEL32.dll!TermsrvSetValueKey
    arg -1: 0x0000000000000000 (name=retval, type=void, size=0x8)
~~2120~~ ntdll.dll!ZwSetValueKey
    arg 0: 0x0000000000000118
    arg 1: 0x00000096462fe8f0
~~2120~~ ntdll.dll!ZwSetValueKey
    arg -1: 0x0000000000000000 (name=retval, type=void, size=0x8)
~~2120~~ ntdll.dll!RtlNtStatusToDosError
    arg 0: 0x0000000000000000
    arg 1: 0x0000000000000000
~~2120~~ ntdll.dll!RtlNtStatusToDosError
    arg -1: 0x0000000000000000 (name=retval, type=void, size=0x8)
~~2120~~ KERNELBASE.dll!RegSetValueExW
    arg -1: <null> (type=<unknown>, size=0x8)
~~2120~~ ADVAPI32.dll!RegSetValueExW
    arg -1: <null> (type=<unknown>, size=0x8)
~~2120~~ ntdll.dll!RtlEnterCriticalSection
    arg 0: 0x00007ff76f114108
    arg 1: 0x00000096462fe858
~~2120~~ ntdll.dll!RtlEnterCriticalSection
    arg -1: 0x0000000000000000 (name=retval, type=void, size=0x8)
~~2120~~ ntdll.dll!RtlEnterCriticalSection
    arg 0: 0x0000024ef16e8b08
    arg 1: 0x0000000000000001
~~2120~~ ntdll.dll!RtlEnterCriticalSection
    arg -1: 0x0000000000000000 (name=retval, type=void, size=0x8)
~~2120~~ KERNEL32.dll!WriteFile
    arg 0: 0x54 (type=HANDLE, size=0x8)
    arg 1: 0x00000096462fcd30 => 0x0000000000000000 (type=void*, size=0x0)
    arg 2: 0x40 (type=DWORD, size=0x4)
    arg 4: <null> (type=<unknown>*, size=0x0)
~~2120~~ KERNELBASE.dll!WriteFile
    arg 0: 0x54 (type=HANDLE, size=0x8)
    arg 1: 0x00000096462fcd30 => 0x0000000000000000 (type=void*, size=0x0)
    arg 2: 0x40 (type=DWORD, size=0x4)
    arg 4: <null> (type=<unknown>*, size=0x0)
~~2120~~ ntdll.dll!ZwWriteFile
    arg 0: 0x0000000000000054
    arg 1: 0x0000000000000000
~~2120~~ ntdll.dll!ZwWriteFile
    arg -1: 0x0000000000000000 (name=retval, type=void, size=0x8)
~~2120~~ KERNELBASE.dll!WriteFile
    arg -1: 0x0000000000000001 (type=BOOL, size=0x4)
~~2120~~ KERNEL32.dll!WriteFile
    arg -1: 0x0000000000000001 (type=BOOL, size=0x4)
~~2120~~ ntdll.dll!RtlLeaveCriticalSection
    arg 0: 0x0000024ef16e8b08
    arg 1: 0x0000000000000001
~~2120~~ ntdll.dll!RtlLeaveCriticalSection
    arg -1: 0x0000000000000000 (name=retval, type=void, size=0x8)
~~2120~~ ntdll.dll!RtlLeaveCriticalSection
    arg 0: 0x00007ff76f114108
    arg 1: 0x0000000000000001
~~2120~~ ntdll.dll!RtlLeaveCriticalSection
    arg -1: 0x0000000000000000 (name=retval, type=void, size=0x8)
~~2120~~ KERNEL32.dll!Sleep
    arg 0: 0x3c (type=DWORD, size=0x4)
~~2120~~ KERNELBASE.dll!Sleep
    arg 0: 0x3c (type=DWORD, size=0x4)
~~2120~~ KERNELBASE.dll!SleepEx
    arg 0: 0x3c (type=DWORD, size=0x4)
    arg 1: 0x0 (type=BOOL, size=0x4)
~~2120~~ ntdll.dll!RtlGetCurrentUmsThread
    arg 0: 0x00000096462fe918
    arg 1: 0x0000000000000000
~~2120~~ ntdll.dll!RtlGetCurrentUmsThread
    arg -1: 0x00000000c00000bb (name=retval, type=void, size=0x8)
~~2120~~ ntdll.dll!ZwDelayExecution
    arg 0: 0x0000000000000000
    arg 1: 0x00000096462fe880
~~2120~~ ntdll.dll!ZwDelayExecution
    arg -1: 0x0000000000000000 (name=retval, type=void, size=0x8)
~~2120~~ KERNELBASE.dll!SleepEx
    arg -1: 0x0000000000000000 (type=DWORD, size=0x4)
~~2120~~ KERNELBASE.dll!Sleep
    arg -1: 0x0000000000000000 (type=void, size=0x8)
~~2120~~ KERNEL32.dll!Sleep
    arg -1: 0x0000000000000000 (type=void, size=0x8)
~~2120~~ KERNEL32.dll!SetFilePointer
    arg 0: 0x128 (type=HANDLE, size=0x8)
    arg 1: 0x2 (type=long, size=0x4)
    arg 2: 0x0000000000000000 (type=long*, size=0x4)
    arg 3: 0x0 (type=DWORD, size=0x4)
~~2120~~ KERNELBASE.dll!SetFilePointer
    arg 0: 0x128 (type=HANDLE, size=0x8)
    arg 1: 0x2 (type=long, size=0x4)
    arg 2: 0x0000000000000000 (type=long*, size=0x4)
    arg 3: 0x0 (type=DWORD, size=0x4)
~~2120~~ ntdll.dll!ZwSetInformationFile
    arg 0: 0x0000000000000128
    arg 1: 0x00000096462fe8d8
~~2120~~ ntdll.dll!ZwSetInformationFile
    arg -1: 0x0000000000000000 (name=retval, type=void, size=0x8)
~~2120~~ KERNELBASE.dll!SetFilePointer
    arg -1: 0x0000000000000002 (type=DWORD, size=0x4)
~~2120~~ KERNEL32.dll!SetFilePointer
    arg -1: 0x0000000000000002 (type=DWORD, size=0x4)
~~2120~~ KERNEL32.dll!ReadFile
    arg 0: 0x128 (type=HANDLE, size=0x8)
    arg 2: 0x1fe (type=DWORD, size=0x4)
    arg 4: <null> (type=<unknown>*, size=0x0)
~~2120~~ KERNELBASE.dll!ReadFile
    arg 0: 0x128 (type=HANDLE, size=0x8)
    arg 2: 0x1fe (type=DWORD, size=0x4)
    arg 4: <null> (type=<unknown>*, size=0x0)
~~2120~~ ntdll.dll!ZwReadFile
    arg 0: 0x0000000000000128
    arg 1: 0x0000000000000000
~~2120~~ ntdll.dll!ZwReadFile
    arg -1: 0x0000000000000000 (name=retval, type=void, size=0x8)
~~2120~~ KERNELBASE.dll!ReadFile
    arg -1: 0x0000000000000001 (type=BOOL, size=0x4)
~~2120~~ KERNEL32.dll!ReadFile
    arg -1: 0x0000000000000001 (type=BOOL, size=0x4)
~~2120~~ ntdll.dll!RtlEnterCriticalSection
    arg 0: 0x00007ff76f114108
    arg 1: 0x00000096462fe858
~~2120~~ ntdll.dll!RtlEnterCriticalSection
    arg -1: 0x0000000000000000 (name=retval, type=void, size=0x8)
~~2120~~ ntdll.dll!RtlEnterCriticalSection
    arg 0: 0x0000024ef16e8b08
    arg 1: 0x0000000000000001
~~2120~~ ntdll.dll!RtlEnterCriticalSection
    arg -1: 0x0000000000000000 (name=retval, type=void, size=0x8)
~~2120~~ KERNEL32.dll!WriteFile
    arg 0: 0x54 (type=HANDLE, size=0x8)
    arg 1: 0x00000096462fcd30 => 0x0000000000000000 (type=void*, size=0x0)
    arg 2: 0x2a (type=DWORD, size=0x4)
    arg 4: <null> (type=<unknown>*, size=0x0)
~~2120~~ KERNELBASE.dll!WriteFile
    arg 0: 0x54 (type=HANDLE, size=0x8)
    arg 1: 0x00000096462fcd30 => 0x0000000000000000 (type=void*, size=0x0)
    arg 2: 0x2a (type=DWORD, size=0x4)
    arg 4: <null> (type=<unknown>*, size=0x0)
~~2120~~ ntdll.dll!ZwWriteFile
    arg 0: 0x0000000000000054
    arg 1: 0x0000000000000000
~~2120~~ ntdll.dll!ZwWriteFile
    arg -1: 0x0000000000000000 (name=retval, type=void, size=0x8)
~~2120~~ KERNELBASE.dll!WriteFile
    arg -1: 0x0000000000000001 (type=BOOL, size=0x4)
~~2120~~ KERNEL32.dll!WriteFile
    arg -1: 0x0000000000000001 (type=BOOL, size=0x4)
~~2120~~ ntdll.dll!RtlLeaveCriticalSection
    arg 0: 0x0000024ef16e8b08
    arg 1: 0x0000000000000001
~~2120~~ ntdll.dll!RtlLeaveCriticalSection
    arg -1: 0x0000000000000000 (name=retval, type=void, size=0x8)
~~2120~~ ntdll.dll!RtlLeaveCriticalSection
    arg 0: 0x00007ff76f114108
    arg 1: 0x0000000000000001
~~2120~~ ntdll.dll!RtlLeaveCriticalSection
    arg -1: 0x0000000000000000 (name=retval, type=void, size=0x8)
~~2120~~ KERNEL32.dll!CloseHandle
    arg 0: 0x128 (type=HANDLE, size=0x8)
~~2120~~ KERNELBASE.dll!CloseHandle
    arg 0: 0x128 (type=HANDLE, size=0x8)
~~2120~~ ntdll.dll!SbSelectProcedure
    arg 0: 0x00000000abababab
    arg 1: 0x0000000000000001
~~2120~~ ntdll.dll!memset
    arg 0: 0x00000096462fe840
    arg 1: 0x0000000000000000
~~2120~~ ntdll.dll!memset
    arg -1: 0x00000096462fe840 (name=retval, type=void, size=0x8)
~~2120~~ ntdll.dll!SbSelectProcedure
    arg -1: 0x00007ffa280231d0 (name=retval, type=void, size=0x8)
~~2120~~ ntdll.dll!ZwClose
    arg 0: 0x0000000000000128
    arg 1: 0xffffffffffffffff
~~2120~~ ntdll.dll!ZwClose
    arg -1: 0x0000000000000000 (name=retval, type=void, size=0x8)
~~2120~~ KERNELBASE.dll!CloseHandle
    arg -1: 0x0000000000000001 (type=BOOL, size=0x4)
~~2120~~ KERNEL32.dll!CloseHandle
    arg -1: 0x0000000000000001 (type=BOOL, size=0x4)
~~2120~~ KERNEL32.dll!MoveFileExW
    arg 0: 0x00000096462fec00 (type=wchar_t*, size=0x0)
    arg 1: 0x00000096462fee10 (type=wchar_t*, size=0x0)
    arg 2: 0x1 (type=DWORD, size=0x4)
~~2120~~ KERNELBASE.dll!MoveFileExW
    arg 0: 0x00000096462fec00 (type=wchar_t*, size=0x0)
    arg 1: 0x00000096462fee10 (type=wchar_t*, size=0x0)
    arg 2: 0x1 (type=DWORD, size=0x4)
~~2120~~ KERNELBASE.dll!MoveFileWithProgressTransactedW
    arg 0: 0x00000096462fec00
    arg 1: 0x00000096462fee10
~~2120~~ ntdll.dll!RtlIsDosDeviceName_U
    arg 0: 0x00000096462fee10
    arg 1: 0x00000096462fee10
~~2120~~ ntdll.dll!RtlInitUnicodeStringEx
    arg 0: 0x00000096462fe6b0
    arg 1: 0x00000096462fee10
~~2120~~ ntdll.dll!RtlInitUnicodeStringEx
    arg -1: 0x0000000000000000 (name=retval, type=void, size=0x8)
~~2120~~ ntdll.dll!RtlIsDosDeviceName_U
    arg -1: 0x0000000000000000 (name=retval, type=void, size=0x8)
~~2120~~ ntdll.dll!RtlDosPathNameToNtPathName_U
    arg 0: 0x00000096462fec00
    arg 1: 0x00000096462fe760
~~2120~~ ntdll.dll!RtlInitUnicodeStringEx
    arg 0: 0x00000096462fe670
    arg 1: 0x00000096462fec00
~~2120~~ ntdll.dll!RtlInitUnicodeStringEx
    arg -1: 0x0000000000000000 (name=retval, type=void, size=0x8)
~~2120~~ ntdll.dll!memset
    arg 0: 0x00000096462fe3d0
    arg 1: 0x0000000000000000
~~2120~~ ntdll.dll!memset
    arg -1: 0x00000096462fe3d0 (name=retval, type=void, size=0x8)
~~2120~~ ntdll.dll!RtlAllocateHeap
    arg 0: 0x0000024ef16d0000
    arg 1: 0x0000000000000000
~~2120~~ ntdll.dll!RtlLeaveCriticalSection
    arg 0: 0x0000024ef16d02c0
    arg 1: 0x0000000000000001
~~2120~~ ntdll.dll!RtlLeaveCriticalSection
    arg -1: 0x0000000000000000 (name=retval, type=void, size=0x8)
~~2120~~ ntdll.dll!RtlAllocateHeap
    arg -1: 0x0000024ef16ef4d0 (name=retval, type=void, size=0x8)
~~2120~~ ntdll.dll!memmove
    arg 0: 0x0000024ef16ef4d0
    arg 1: 0x00007ffa2a4588c0
~~2120~~ ntdll.dll!memmove
    arg -1: 0x0000024ef16ef4d0 (name=retval, type=void, size=0x8)
~~2120~~ ntdll.dll!memmove
    arg 0: 0x0000024ef16ef4d8
    arg 1: 0x00000096462fe3d0
~~2120~~ ntdll.dll!memmove
    arg -1: 0x0000024ef16ef4d8 (name=retval, type=void, size=0x8)
~~2120~~ ntdll.dll!RtlDosPathNameToNtPathName_U
    arg -1: 0x0000000000000001 (name=retval, type=void, size=0x8)
~~2120~~ ntdll.dll!ZwOpenFile
    arg 0: 0x00000096462fe738
    arg 1: 0x0000000000110080
~~2120~~ ntdll.dll!ZwOpenFile
    arg -1: 0x0000000000000000 (name=retval, type=void, size=0x8)
~~2120~~ ntdll.dll!ZwQueryInformationFile
    arg 0: 0x0000000000000128
    arg 1: 0x00000096462fe7e0
~~2120~~ ntdll.dll!ZwQueryInformationFile
    arg -1: 0x0000000000000000 (name=retval, type=void, size=0x8)
~~2120~~ ntdll.dll!RtlDosPathNameToNtPathName_U
    arg 0: 0x00000096462fee10
    arg 1: 0x00000096462fe740
~~2120~~ ntdll.dll!RtlInitUnicodeStringEx
    arg 0: 0x00000096462fe670
    arg 1: 0x00000096462fee10
~~2120~~ ntdll.dll!RtlInitUnicodeStringEx
    arg -1: 0x0000000000000000 (name=retval, type=void, size=0x8)
~~2120~~ ntdll.dll!memset
    arg 0: 0x00000096462fe3d0
    arg 1: 0x0000000000000000
~~2120~~ ntdll.dll!memset
    arg -1: 0x00000096462fe3d0 (name=retval, type=void, size=0x8)
~~2120~~ ntdll.dll!RtlAllocateHeap
    arg 0: 0x0000024ef16d0000
    arg 1: 0x0000000000000000
~~2120~~ ntdll.dll!RtlLeaveCriticalSection
    arg 0: 0x0000024ef16d02c0
    arg 1: 0x0000000000000001
~~2120~~ ntdll.dll!RtlLeaveCriticalSection
    arg -1: 0x0000000000000000 (name=retval, type=void, size=0x8)
~~2120~~ ntdll.dll!RtlAllocateHeap
    arg -1: 0x0000024ef16ef540 (name=retval, type=void, size=0x8)
~~2120~~ ntdll.dll!memmove
    arg 0: 0x0000024ef16ef540
    arg 1: 0x00007ffa2a4588c0
~~2120~~ ntdll.dll!memmove
    arg -1: 0x0000024ef16ef540 (name=retval, type=void, size=0x8)
~~2120~~ ntdll.dll!memmove
    arg 0: 0x0000024ef16ef548
    arg 1: 0x00000096462fe3d0
~~2120~~ ntdll.dll!memmove
    arg -1: 0x0000024ef16ef548 (name=retval, type=void, size=0x8)
~~2120~~ ntdll.dll!RtlDosPathNameToNtPathName_U
    arg -1: 0x0000000000000001 (name=retval, type=void, size=0x8)
~~2120~~ ntdll.dll!RtlAllocateHeap
    arg 0: 0x0000024ef16d0000
    arg 1: 0x0000000000000000
~~2120~~ ntdll.dll!RtlLeaveCriticalSection
    arg 0: 0x0000024ef16d02c0
    arg 1: 0x0000000000000001
~~2120~~ ntdll.dll!RtlLeaveCriticalSection
    arg -1: 0x0000000000000000 (name=retval, type=void, size=0x8)
~~2120~~ ntdll.dll!RtlAllocateHeap
    arg -1: 0x0000024ef16ef5c0 (name=retval, type=void, size=0x8)
~~2120~~ ntdll.dll!memmove
    arg 0: 0x0000024ef16ef5d4
    arg 1: 0x0000024ef16ef540
~~2120~~ ntdll.dll!memmove
    arg -1: 0x0000024ef16ef5d4 (name=retval, type=void, size=0x8)
~~2120~~ ntdll.dll!ZwSetInformationFile
    arg 0: 0x0000000000000128
    arg 1: 0x00000096462fe7e0
~~2120~~ ntdll.dll!ZwSetInformationFile
    arg -1: 0x0000000000000000 (name=retval, type=void, size=0x8)
~~2120~~ ntdll.dll!RtlFreeHeap
    arg 0: 0x0000024ef16d0000
    arg 1: 0x0000000000000000
~~2120~~ ntdll.dll!RtlTryEnterCriticalSection
    arg 0: 0x0000024ef16d02c0
    arg 1: 0x0000000000000002
~~2120~~ ntdll.dll!RtlTryEnterCriticalSection
    arg -1: 0x0000000000000001 (name=retval, type=void, size=0x8)
~~2120~~ ntdll.dll!RtlFreeHeap
    arg -1: 0x0000000000000001 (name=retval, type=void, size=0x8)
~~2120~~ ntdll.dll!ZwClose
    arg 0: 0x0000000000000128
    arg 1: 0x0000024ef16d0000
~~2120~~ ntdll.dll!ZwClose
    arg -1: 0x0000000000000000 (name=retval, type=void, size=0x8)
~~2120~~ ntdll.dll!RtlFreeHeap
    arg 0: 0x0000024ef16d0000
    arg 1: 0x0000000000000000
~~2120~~ ntdll.dll!RtlTryEnterCriticalSection
    arg 0: 0x0000024ef16d02c0
    arg 1: 0x0000000000000002
~~2120~~ ntdll.dll!RtlTryEnterCriticalSection
    arg -1: 0x0000000000000001 (name=retval, type=void, size=0x8)
~~2120~~ ntdll.dll!RtlFreeHeap
    arg -1: 0x0000000000000001 (name=retval, type=void, size=0x8)
~~2120~~ ntdll.dll!RtlFreeHeap
    arg 0: 0x0000024ef16d0000
    arg 1: 0x0000000000000000
~~2120~~ ntdll.dll!RtlTryEnterCriticalSection
    arg 0: 0x0000024ef16d02c0
    arg 1: 0x0000000000000002
~~2120~~ ntdll.dll!RtlTryEnterCriticalSection
    arg -1: 0x0000000000000001 (name=retval, type=void, size=0x8)
~~2120~~ ntdll.dll!RtlFreeHeap
    arg -1: 0x0000000000000001 (name=retval, type=void, size=0x8)
~~2120~~ KERNELBASE.dll!MoveFileWithProgressTransactedW
    arg -1: 0x0000000000000001 (name=retval, type=void, size=0x8)
~~2120~~ KERNELBASE.dll!MoveFileExW
    arg -1: 0x0000000000000001 (type=BOOL, size=0x4)
~~2120~~ KERNEL32.dll!MoveFileExW
    arg -1: 0x0000000000000001 (type=BOOL, size=0x4)
~~2120~~ ntdll.dll!RtlEnterCriticalSection
    arg 0: 0x00007ff76f114108
    arg 1: 0x00000096462fe858
~~2120~~ ntdll.dll!RtlEnterCriticalSection
    arg -1: 0x0000000000000000 (name=retval, type=void, size=0x8)
~~2120~~ ntdll.dll!RtlEnterCriticalSection
    arg 0: 0x0000024ef16e8b08
    arg 1: 0x0000000000000001
~~2120~~ ntdll.dll!RtlEnterCriticalSection
    arg -1: 0x0000000000000000 (name=retval, type=void, size=0x8)
~~2120~~ KERNEL32.dll!WriteFile
    arg 0: 0x54 (type=HANDLE, size=0x8)
    arg 1: 0x00000096462fcd30 => 0x0000000000000000 (type=void*, size=0x0)
    arg 2: 0x49 (type=DWORD, size=0x4)
    arg 4: <null> (type=<unknown>*, size=0x0)
~~2120~~ KERNELBASE.dll!WriteFile
    arg 0: 0x54 (type=HANDLE, size=0x8)
    arg 1: 0x00000096462fcd30 => 0x0000000000000000 (type=void*, size=0x0)
    arg 2: 0x49 (type=DWORD, size=0x4)
    arg 4: <null> (type=<unknown>*, size=0x0)
~~2120~~ ntdll.dll!ZwWriteFile
    arg 0: 0x0000000000000054
    arg 1: 0x0000000000000000
~~2120~~ ntdll.dll!ZwWriteFile
    arg -1: 0x0000000000000000 (name=retval, type=void, size=0x8)
~~2120~~ KERNELBASE.dll!WriteFile
    arg -1: 0x0000000000000001 (type=BOOL, size=0x4)
~~2120~~ KERNEL32.dll!WriteFile
    arg -1: 0x0000000000000001 (type=BOOL, size=0x4)
~~2120~~ ntdll.dll!RtlLeaveCriticalSection
    arg 0: 0x0000024ef16e8b08
    arg 1: 0x0000000000000001
~~2120~~ ntdll.dll!RtlLeaveCriticalSection
    arg -1: 0x0000000000000000 (name=retval, type=void, size=0x8)
~~2120~~ ntdll.dll!RtlLeaveCriticalSection
    arg 0: 0x00007ff76f114108
    arg 1: 0x0000000000000001
~~2120~~ ntdll.dll!RtlLeaveCriticalSection
    arg -1: 0x0000000000000000 (name=retval, type=void, size=0x8)
~~2120~~ KERNEL32.dll!Sleep
    arg 0: 0x3c (type=DWORD, size=0x4)
~~2120~~ KERNELBASE.dll!Sleep
    arg 0: 0x3c (type=DWORD, size=0x4)
~~2120~~ KERNELBASE.dll!SleepEx
    arg 0: 0x3c (type=DWORD, size=0x4)
    arg 1: 0x0 (type=BOOL, size=0x4)
~~2120~~ ntdll.dll!RtlGetCurrentUmsThread
    arg 0: 0x00000096462fe918
    arg 1: 0x0000000000000000
~~2120~~ ntdll.dll!RtlGetCurrentUmsThread
    arg -1: 0x00000000c00000bb (name=retval, type=void, size=0x8)
~~2120~~ ntdll.dll!ZwDelayExecution
    arg 0: 0x0000000000000000
    arg 1: 0x00000096462fe880
~~2120~~ ntdll.dll!ZwDelayExecution
    arg -1: 0x0000000000000000 (name=retval, type=void, size=0x8)
~~2120~~ KERNELBASE.dll!SleepEx
    arg -1: 0x0000000000000000 (type=DWORD, size=0x4)
~~2120~~ KERNELBASE.dll!Sleep
    arg -1: 0x0000000000000000 (type=void, size=0x8)
~~2120~~ KERNEL32.dll!Sleep
    arg -1: 0x0000000000000000 (type=void, size=0x8)
~~2120~~ KERNEL32.dll!DeleteFileW
    arg 0: 0x00000096462fee10 (type=wchar_t*, size=0x0)
~~2120~~ KERNELBASE.dll!DeleteFileW
    arg 0: 0x00000096462fee10 (type=wchar_t*, size=0x0)
~~2120~~ ntdll.dll!RtlDosPathNameToRelativeNtPathName_U_WithStatus
    arg 0: 0x00000096462fee10
    arg 1: 0x00000096462fe888
~~2120~~ ntdll.dll!RtlInitUnicodeStringEx
    arg 0: 0x00000096462fe820
    arg 1: 0x00000096462fee10
~~2120~~ ntdll.dll!RtlInitUnicodeStringEx
    arg -1: 0x0000000000000000 (name=retval, type=void, size=0x8)
~~2120~~ ntdll.dll!memset
    arg 0: 0x00000096462fe580
    arg 1: 0x0000000000000000
~~2120~~ ntdll.dll!memset
    arg -1: 0x00000096462fe580 (name=retval, type=void, size=0x8)
~~2120~~ ntdll.dll!RtlAllocateHeap
    arg 0: 0x0000024ef16d0000
    arg 1: 0x0000000000000000
~~2120~~ ntdll.dll!RtlLeaveCriticalSection
    arg 0: 0x0000024ef16d02c0
    arg 1: 0x0000000000000001
~~2120~~ ntdll.dll!RtlLeaveCriticalSection
    arg -1: 0x0000000000000000 (name=retval, type=void, size=0x8)
~~2120~~ ntdll.dll!RtlAllocateHeap
    arg -1: 0x0000024ef16ef4d0 (name=retval, type=void, size=0x8)
~~2120~~ ntdll.dll!memmove
    arg 0: 0x0000024ef16ef4d0
    arg 1: 0x00007ffa2a4588c0
~~2120~~ ntdll.dll!memmove
    arg -1: 0x0000024ef16ef4d0 (name=retval, type=void, size=0x8)
~~2120~~ ntdll.dll!memmove
    arg 0: 0x0000024ef16ef4d8
    arg 1: 0x00000096462fe580
~~2120~~ ntdll.dll!memmove
    arg -1: 0x0000024ef16ef4d8 (name=retval, type=void, size=0x8)
~~2120~~ ntdll.dll!RtlDosPathNameToRelativeNtPathName_U_WithStatus
    arg -1: 0x0000000000000000 (name=retval, type=void, size=0x8)
~~2120~~ ntdll.dll!ZwOpenFile
    arg 0: 0x00000096462fe948
    arg 1: 0x0000000000010080
~~2120~~ ntdll.dll!ZwOpenFile
    arg -1: 0x0000000000000000 (name=retval, type=void, size=0x8)
~~2120~~ ntdll.dll!ZwQueryInformationFile
    arg 0: 0x000000000000012c
    arg 1: 0x00000096462fe878
~~2120~~ ntdll.dll!ZwQueryInformationFile
    arg -1: 0x0000000000000000 (name=retval, type=void, size=0x8)
~~2120~~ ntdll.dll!RtlReleaseRelativeName
    arg 0: 0x00000096462fe898
    arg 1: 0x0000000000000000
~~2120~~ ntdll.dll!RtlReleaseRelativeName
    arg -1: 0x0000000000000000 (name=retval, type=void, size=0x8)
~~2120~~ ntdll.dll!RtlFreeHeap
    arg 0: 0x0000024ef16d0000
    arg 1: 0x0000000000000000
~~2120~~ ntdll.dll!RtlTryEnterCriticalSection
    arg 0: 0x0000024ef16d02c0
    arg 1: 0x0000000000000002
~~2120~~ ntdll.dll!RtlTryEnterCriticalSection
    arg -1: 0x0000000000000001 (name=retval, type=void, size=0x8)
~~2120~~ ntdll.dll!RtlFreeHeap
    arg -1: 0x0000000000000001 (name=retval, type=void, size=0x8)
~~2120~~ ntdll.dll!ZwSetInformationFile
    arg 0: 0x000000000000012c
    arg 1: 0x00000096462fe878
~~2120~~ ntdll.dll!ZwSetInformationFile
    arg -1: 0x0000000000000000 (name=retval, type=void, size=0x8)
~~2120~~ ntdll.dll!ZwClose
    arg 0: 0x000000000000012c
    arg 1: 0x0000000000000000
~~2120~~ ntdll.dll!ZwClose
    arg -1: 0x0000000000000000 (name=retval, type=void, size=0x8)
~~2120~~ KERNELBASE.dll!DeleteFileW
    arg -1: 0x0000000000000001 (type=BOOL, size=0x4)
~~2120~~ KERNEL32.dll!DeleteFileW
    arg -1: 0x0000000000000001 (type=BOOL, size=0x4)
~~2120~~ ntdll.dll!RtlEnterCriticalSection
    arg 0: 0x00007ff76f114108
    arg 1: 0x00000096462fe858
~~2120~~ ntdll.dll!RtlEnterCriticalSection
    arg -1: 0x0000000000000000 (name=retval, type=void, size=0x8)
~~2120~~ ntdll.dll!RtlEnterCriticalSection
    arg 0: 0x0000024ef16e8b08
    arg 1: 0x0000000000000001
~~2120~~ ntdll.dll!RtlEnterCriticalSection
    arg -1: 0x0000000000000000 (name=retval, type=void, size=0x8)
~~2120~~ KERNEL32.dll!WriteFile
    arg 0: 0x54 (type=HANDLE, size=0x8)
    arg 1: 0x00000096462fcd30 => 0x0000000000000000 (type=void*, size=0x0)
    arg 2: 0x1e (type=DWORD, size=0x4)
    arg 4: <null> (type=<unknown>*, size=0x0)
~~2120~~ KERNELBASE.dll!WriteFile
    arg 0: 0x54 (type=HANDLE, size=0x8)
    arg 1: 0x00000096462fcd30 => 0x0000000000000000 (type=void*, size=0x0)
    arg 2: 0x1e (type=DWORD, size=0x4)
    arg 4: <null> (type=<unknown>*, size=0x0)
~~2120~~ ntdll.dll!ZwWriteFile
    arg 0: 0x0000000000000054
    arg 1: 0x0000000000000000
~~2120~~ ntdll.dll!ZwWriteFile
    arg -1: 0x0000000000000000 (name=retval, type=void, size=0x8)
~~2120~~ KERNELBASE.dll!WriteFile
    arg -1: 0x0000000000000001 (type=BOOL, size=0x4)
~~2120~~ KERNEL32.dll!WriteFile
    arg -1: 0x0000000000000001 (type=BOOL, size=0x4)
~~2120~~ ntdll.dll!RtlLeaveCriticalSection
    arg 0: 0x0000024ef16e8b08
    arg 1: 0x0000000000000001
~~2120~~ ntdll.dll!RtlLeaveCriticalSection
    arg -1: 0x0000000000000000 (name=retval, type=void, size=0x8)
~~2120~~ ntdll.dll!RtlLeaveCriticalSection
    arg 0: 0x00007ff76f114108
    arg 1: 0x0000000000000001
~~2120~~ ntdll.dll!RtlLeaveCriticalSection
    arg -1: 0x0000000000000000 (name=retval, type=void, size=0x8)
~~2120~~ KERNEL32.dll!Sleep
    arg 0: 0x3c (type=DWORD, size=0x4)
~~2120~~ KERNELBASE.dll!Sleep
    arg 0: 0x3c (type=DWORD, size=0x4)
~~2120~~ KERNELBASE.dll!SleepEx
    arg 0: 0x3c (type=DWORD, size=0x4)
    arg 1: 0x0 (type=BOOL, size=0x4)
~~2120~~ ntdll.dll!RtlGetCurrentUmsThread
    arg 0: 0x00000096462fe918
    arg 1: 0x0000000000000000
~~2120~~ ntdll.dll!RtlGetCurrentUmsThread
    arg -1: 0x00000000c00000bb (name=retval, type=void, size=0x8)
~~2120~~ ntdll.dll!ZwDelayExecution
    arg 0: 0x0000000000000000
    arg 1: 0x00000096462fe880
~~2120~~ ntdll.dll!ZwDelayExecution
    arg -1: 0x0000000000000000 (name=retval, type=void, size=0x8)
~~2120~~ KERNELBASE.dll!SleepEx
    arg -1: 0x0000000000000000 (type=DWORD, size=0x4)
~~2120~~ KERNELBASE.dll!Sleep
    arg -1: 0x0000000000000000 (type=void, size=0x8)
~~2120~~ KERNEL32.dll!Sleep
    arg -1: 0x0000000000000000 (type=void, size=0x8)
~~2120~~ KERNEL32.dll!SetFilePointer
    arg 0: 0x11c (type=HANDLE, size=0x8)
    arg 1: 0x2 (type=long, size=0x4)
    arg 2: 0x0000000000000000 (type=long*, size=0x4)
    arg 3: 0x0 (type=DWORD, size=0x4)
~~2120~~ KERNELBASE.dll!SetFilePointer
    arg 0: 0x11c (type=HANDLE, size=0x8)
    arg 1: 0x2 (type=long, size=0x4)
    arg 2: 0x0000000000000000 (type=long*, size=0x4)
    arg 3: 0x0 (type=DWORD, size=0x4)
~~2120~~ ntdll.dll!ZwSetInformationFile
    arg 0: 0x000000000000011c
    arg 1: 0x00000096462fe8d8
~~2120~~ ntdll.dll!ZwSetInformationFile
    arg -1: 0x0000000000000000 (name=retval, type=void, size=0x8)
~~2120~~ KERNELBASE.dll!SetFilePointer
    arg -1: 0x0000000000000002 (type=DWORD, size=0x4)
~~2120~~ KERNEL32.dll!SetFilePointer
    arg -1: 0x0000000000000002 (type=DWORD, size=0x4)
~~2120~~ KERNEL32.dll!ReadFile
    arg 0: 0x11c (type=HANDLE, size=0x8)
    arg 2: 0x1fe (type=DWORD, size=0x4)
    arg 4: <null> (type=<unknown>*, size=0x0)
~~2120~~ KERNELBASE.dll!ReadFile
    arg 0: 0x11c (type=HANDLE, size=0x8)
    arg 2: 0x1fe (type=DWORD, size=0x4)
    arg 4: <null> (type=<unknown>*, size=0x0)
~~2120~~ ntdll.dll!ZwReadFile
    arg 0: 0x000000000000011c
    arg 1: 0x0000000000000000
~~2120~~ ntdll.dll!ZwReadFile
    arg -1: 0x0000000000000000 (name=retval, type=void, size=0x8)
~~2120~~ KERNELBASE.dll!ReadFile
    arg -1: 0x0000000000000001 (type=BOOL, size=0x4)
~~2120~~ KERNEL32.dll!ReadFile
    arg -1: 0x0000000000000001 (type=BOOL, size=0x4)
~~2120~~ ntdll.dll!RtlEnterCriticalSection
    arg 0: 0x00007ff76f114108
    arg 1: 0x00000096462fe858
~~2120~~ ntdll.dll!RtlEnterCriticalSection
    arg -1: 0x0000000000000000 (name=retval, type=void, size=0x8)
~~2120~~ ntdll.dll!RtlEnterCriticalSection
    arg 0: 0x0000024ef16e8b08
    arg 1: 0x0000000000000001
~~2120~~ ntdll.dll!RtlEnterCriticalSection
    arg -1: 0x0000000000000000 (name=retval, type=void, size=0x8)
~~2120~~ KERNEL32.dll!WriteFile
    arg 0: 0x54 (type=HANDLE, size=0x8)
    arg 1: 0x00000096462fcd30 => 0x0000000000000000 (type=void*, size=0x0)
    arg 2: 0x2a (type=DWORD, size=0x4)
    arg 4: <null> (type=<unknown>*, size=0x0)
~~2120~~ KERNELBASE.dll!WriteFile
    arg 0: 0x54 (type=HANDLE, size=0x8)
    arg 1: 0x00000096462fcd30 => 0x0000000000000000 (type=void*, size=0x0)
    arg 2: 0x2a (type=DWORD, size=0x4)
    arg 4: <null> (type=<unknown>*, size=0x0)
~~2120~~ ntdll.dll!ZwWriteFile
    arg 0: 0x0000000000000054
    arg 1: 0x0000000000000000
~~2120~~ ntdll.dll!ZwWriteFile
    arg -1: 0x0000000000000000 (name=retval, type=void, size=0x8)
~~2120~~ KERNELBASE.dll!WriteFile
    arg -1: 0x0000000000000001 (type=BOOL, size=0x4)
~~2120~~ KERNEL32.dll!WriteFile
    arg -1: 0x0000000000000001 (type=BOOL, size=0x4)
~~2120~~ ntdll.dll!RtlLeaveCriticalSection
    arg 0: 0x0000024ef16e8b08
    arg 1: 0x0000000000000001
~~2120~~ ntdll.dll!RtlLeaveCriticalSection
    arg -1: 0x0000000000000000 (name=retval, type=void, size=0x8)
~~2120~~ ntdll.dll!RtlLeaveCriticalSection
    arg 0: 0x00007ff76f114108
    arg 1: 0x0000000000000001
~~2120~~ ntdll.dll!RtlLeaveCriticalSection
    arg -1: 0x0000000000000000 (name=retval, type=void, size=0x8)
~~2120~~ KERNEL32.dll!CloseHandle
    arg 0: 0x11c (type=HANDLE, size=0x8)
~~2120~~ KERNELBASE.dll!CloseHandle
    arg 0: 0x11c (type=HANDLE, size=0x8)
~~2120~~ ntdll.dll!SbSelectProcedure
    arg 0: 0x00000000abababab
    arg 1: 0x0000000000000001
~~2120~~ ntdll.dll!memset
    arg 0: 0x00000096462fe840
    arg 1: 0x0000000000000000
~~2120~~ ntdll.dll!memset
    arg -1: 0x00000096462fe840 (name=retval, type=void, size=0x8)
~~2120~~ ntdll.dll!SbSelectProcedure
    arg -1: 0x00007ffa280231d0 (name=retval, type=void, size=0x8)
~~2120~~ ntdll.dll!ZwClose
    arg 0: 0x000000000000011c
    arg 1: 0xffffffffffffffff
~~2120~~ ntdll.dll!ZwClose
    arg -1: 0x0000000000000000 (name=retval, type=void, size=0x8)
~~2120~~ KERNELBASE.dll!CloseHandle
    arg -1: 0x0000000000000001 (type=BOOL, size=0x4)
~~2120~~ KERNEL32.dll!CloseHandle
    arg -1: 0x0000000000000001 (type=BOOL, size=0x4)
~~2120~~ KERNEL32.dll!DeleteFileW
    arg 0: 0x00000096462ff020 (type=wchar_t*, size=0x0)
~~2120~~ KERNELBASE.dll!DeleteFileW
    arg 0: 0x00000096462ff020 (type=wchar_t*, size=0x0)
~~2120~~ ntdll.dll!RtlDosPathNameToRelativeNtPathName_U_WithStatus
    arg 0: 0x00000096462ff020
    arg 1: 0x00000096462fe888
~~2120~~ ntdll.dll!RtlInitUnicodeStringEx
    arg 0: 0x00000096462fe820
    arg 1: 0x00000096462ff020
~~2120~~ ntdll.dll!RtlInitUnicodeStringEx
    arg -1: 0x0000000000000000 (name=retval, type=void, size=0x8)
~~2120~~ ntdll.dll!memset
    arg 0: 0x00000096462fe580
    arg 1: 0x0000000000000000
~~2120~~ ntdll.dll!memset
    arg -1: 0x00000096462fe580 (name=retval, type=void, size=0x8)
~~2120~~ ntdll.dll!RtlAllocateHeap
    arg 0: 0x0000024ef16d0000
    arg 1: 0x0000000000000000
~~2120~~ ntdll.dll!RtlLeaveCriticalSection
    arg 0: 0x0000024ef16d02c0
    arg 1: 0x0000000000000001
~~2120~~ ntdll.dll!RtlLeaveCriticalSection
    arg -1: 0x0000000000000000 (name=retval, type=void, size=0x8)
~~2120~~ ntdll.dll!RtlAllocateHeap
    arg -1: 0x0000024ef16ef4d0 (name=retval, type=void, size=0x8)
~~2120~~ ntdll.dll!memmove
    arg 0: 0x0000024ef16ef4d0
    arg 1: 0x00007ffa2a4588c0
~~2120~~ ntdll.dll!memmove
    arg -1: 0x0000024ef16ef4d0 (name=retval, type=void, size=0x8)
~~2120~~ ntdll.dll!memmove
    arg 0: 0x0000024ef16ef4d8
    arg 1: 0x00000096462fe580
~~2120~~ ntdll.dll!memmove
    arg -1: 0x0000024ef16ef4d8 (name=retval, type=void, size=0x8)
~~2120~~ ntdll.dll!RtlDosPathNameToRelativeNtPathName_U_WithStatus
    arg -1: 0x0000000000000000 (name=retval, type=void, size=0x8)
~~2120~~ ntdll.dll!ZwOpenFile
    arg 0: 0x00000096462fe948
    arg 1: 0x0000000000010080
~~2120~~ ntdll.dll!ZwOpenFile
    arg -1: 0x0000000000000000 (name=retval, type=void, size=0x8)
~~2120~~ ntdll.dll!ZwQueryInformationFile
    arg 0: 0x000000000000011c
    arg 1: 0x00000096462fe878
~~2120~~ ntdll.dll!ZwQueryInformationFile
    arg -1: 0x0000000000000000 (name=retval, type=void, size=0x8)
~~2120~~ ntdll.dll!RtlReleaseRelativeName
    arg 0: 0x00000096462fe898
    arg 1: 0x0000000000000000
~~2120~~ ntdll.dll!RtlReleaseRelativeName
    arg -1: 0x0000000000000000 (name=retval, type=void, size=0x8)
~~2120~~ ntdll.dll!RtlFreeHeap
    arg 0: 0x0000024ef16d0000
    arg 1: 0x0000000000000000
~~2120~~ ntdll.dll!RtlTryEnterCriticalSection
    arg 0: 0x0000024ef16d02c0
    arg 1: 0x0000000000000002
~~2120~~ ntdll.dll!RtlTryEnterCriticalSection
    arg -1: 0x0000000000000001 (name=retval, type=void, size=0x8)
~~2120~~ ntdll.dll!RtlFreeHeap
    arg -1: 0x0000000000000001 (name=retval, type=void, size=0x8)
~~2120~~ ntdll.dll!ZwSetInformationFile
    arg 0: 0x000000000000011c
    arg 1: 0x00000096462fe878
~~2120~~ ntdll.dll!ZwSetInformationFile
    arg -1: 0x0000000000000000 (name=retval, type=void, size=0x8)
~~2120~~ ntdll.dll!ZwClose
    arg 0: 0x000000000000011c
    arg 1: 0x0000000000000000
~~2120~~ ntdll.dll!ZwClose
    arg -1: 0x0000000000000000 (name=retval, type=void, size=0x8)
~~2120~~ KERNELBASE.dll!DeleteFileW
    arg -1: 0x0000000000000001 (type=BOOL, size=0x4)
~~2120~~ KERNEL32.dll!DeleteFileW
    arg -1: 0x0000000000000001 (type=BOOL, size=0x4)
~~2120~~ ntdll.dll!RtlEnterCriticalSection
    arg 0: 0x00007ff76f114108
    arg 1: 0x00000096462fe858
~~2120~~ ntdll.dll!RtlEnterCriticalSection
    arg -1: 0x0000000000000000 (name=retval, type=void, size=0x8)
~~2120~~ ntdll.dll!RtlEnterCriticalSection
    arg 0: 0x0000024ef16e8b08
    arg 1: 0x0000000000000001
~~2120~~ ntdll.dll!RtlEnterCriticalSection
    arg -1: 0x0000000000000000 (name=retval, type=void, size=0x8)
~~2120~~ KERNEL32.dll!WriteFile
    arg 0: 0x54 (type=HANDLE, size=0x8)
    arg 1: 0x00000096462fcd30 => 0x0000000000000000 (type=void*, size=0x0)
    arg 2: 0x14 (type=DWORD, size=0x4)
    arg 4: <null> (type=<unknown>*, size=0x0)
~~2120~~ KERNELBASE.dll!WriteFile
    arg 0: 0x54 (type=HANDLE, size=0x8)
    arg 1: 0x00000096462fcd30 => 0x0000000000000000 (type=void*, size=0x0)
    arg 2: 0x14 (type=DWORD, size=0x4)
    arg 4: <null> (type=<unknown>*, size=0x0)
~~2120~~ ntdll.dll!ZwWriteFile
    arg 0: 0x0000000000000054
    arg 1: 0x0000000000000000
~~2120~~ ntdll.dll!ZwWriteFile
    arg -1: 0x0000000000000000 (name=retval, type=void, size=0x8)
~~2120~~ KERNELBASE.dll!WriteFile
    arg -1: 0x0000000000000001 (type=BOOL, size=0x4)
~~2120~~ KERNEL32.dll!WriteFile
    arg -1: 0x0000000000000001 (type=BOOL, size=0x4)
~~2120~~ ntdll.dll!RtlLeaveCriticalSection
    arg 0: 0x0000024ef16e8b08
    arg 1: 0x0000000000000001
~~2120~~ ntdll.dll!RtlLeaveCriticalSection
    arg -1: 0x0000000000000000 (name=retval, type=void, size=0x8)
~~2120~~ ntdll.dll!RtlLeaveCriticalSection
    arg 0: 0x00007ff76f114108
    arg 1: 0x0000000000000001
~~2120~~ ntdll.dll!RtlLeaveCriticalSection
    arg -1: 0x0000000000000000 (name=retval, type=void, size=0x8)
~~2120~~ KERNEL32.dll!Sleep
    arg 0: 0x3c (type=DWORD, size=0x4)
~~2120~~ KERNELBASE.dll!Sleep
    arg 0: 0x3c (type=DWORD, size=0x4)
~~2120~~ KERNELBASE.dll!SleepEx
    arg 0: 0x3c (type=DWORD, size=0x4)
    arg 1: 0x0 (type=BOOL, size=0x4)
~~2120~~ ntdll.dll!RtlGetCurrentUmsThread
    arg 0: 0x00000096462fe918
    arg 1: 0x0000000000000000
~~2120~~ ntdll.dll!RtlGetCurrentUmsThread
    arg -1: 0x00000000c00000bb (name=retval, type=void, size=0x8)
~~2120~~ ntdll.dll!ZwDelayExecution
    arg 0: 0x0000000000000000
    arg 1: 0x00000096462fe880
~~2120~~ ntdll.dll!ZwDelayExecution
    arg -1: 0x0000000000000000 (name=retval, type=void, size=0x8)
~~2120~~ KERNELBASE.dll!SleepEx
    arg -1: 0x0000000000000000 (type=DWORD, size=0x4)
~~2120~~ KERNELBASE.dll!Sleep
    arg -1: 0x0000000000000000 (type=void, size=0x8)
~~2120~~ KERNEL32.dll!Sleep
    arg -1: 0x0000000000000000 (type=void, size=0x8)
~~2120~~ ADVAPI32.dll!RegQueryValueExW
    arg 0: 0x0000000000000120 (type=<unknown>, size=0x0)
    arg 1: 0x00007ff76f108678 (type=wchar_t*, size=0x0)
    arg 2: 0x0000000000000000 (type=DWORD*, size=0x4)
    arg 5: 0x00000096462fe9c0 => 0x200 (type=DWORD*, size=0x4)
~~2120~~ KERNELBASE.dll!RegQueryValueExW
    arg 0: 0x0000000000000120 (type=<unknown>, size=0x0)
    arg 1: 0x00007ff76f108678 (type=wchar_t*, size=0x0)
    arg 2: 0x0000000000000000 (type=DWORD*, size=0x4)
    arg 5: 0x00000096462fe9c0 => 0x200 (type=DWORD*, size=0x4)
~~2120~~ KERNELBASE.dll!MapPredefinedHandleInternal
    arg 0: 0x0000000000000120
    arg 1: 0x00000096462fe930
~~2120~~ KERNELBASE.dll!MapPredefinedHandleInternal
    arg -1: 0x0000000000000000 (name=retval, type=void, size=0x8)
~~2120~~ ntdll.dll!RtlInitUnicodeStringEx
    arg 0: 0x00000096462fe8d8
    arg 1: 0x00007ff76f108678
~~2120~~ ntdll.dll!RtlInitUnicodeStringEx
    arg -1: 0x0000000000000000 (name=retval, type=void, size=0x8)
~~2120~~ ntdll.dll!ZwQueryValueKey
    arg 0: 0x0000000000000120
    arg 1: 0x00000096462fe8d8
~~2120~~ ntdll.dll!ZwQueryValueKey
    arg -1: 0x0000000000000000 (name=retval, type=void, size=0x8)
~~2120~~ ntdll.dll!memmove
    arg 0: 0x00000096462ff630
    arg 1: 0x00000096462fe79c
~~2120~~ ntdll.dll!memmove
    arg -1: 0x00000096462ff630 (name=retval, type=void, size=0x8)
~~2120~~ ntdll.dll!RtlNtStatusToDosError
    arg 0: 0x0000000000000000
    arg 1: 0x0000004100650075
~~2120~~ ntdll.dll!RtlNtStatusToDosError
    arg -1: 0x0000000000000000 (name=retval, type=void, size=0x8)
~~2120~~ KERNELBASE.dll!RegQueryValueExW
    arg -1: <null> (type=<unknown>, size=0x8)
~~2120~~ ADVAPI32.dll!RegQueryValueExW
    arg -1: <null> (type=<unknown>, size=0x8)
~~2120~~ ntdll.dll!RtlEnterCriticalSection
    arg 0: 0x00007ff76f114108
    arg 1: 0x00000096462fe858
~~2120~~ ntdll.dll!RtlEnterCriticalSection
    arg -1: 0x0000000000000000 (name=retval, type=void, size=0x8)
~~2120~~ ntdll.dll!RtlEnterCriticalSection
    arg 0: 0x0000024ef16e8b08
    arg 1: 0x0000000000000001
~~2120~~ ntdll.dll!RtlEnterCriticalSection
    arg -1: 0x0000000000000000 (name=retval, type=void, size=0x8)
~~2120~~ KERNEL32.dll!WriteFile
    arg 0: 0x54 (type=HANDLE, size=0x8)
    arg 1: 0x00000096462fcd30 => 0x0000000000000000 (type=void*, size=0x0)
    arg 2: 0x43 (type=DWORD, size=0x4)
    arg 4: <null> (type=<unknown>*, size=0x0)
~~2120~~ KERNELBASE.dll!WriteFile
    arg 0: 0x54 (type=HANDLE, size=0x8)
    arg 1: 0x00000096462fcd30 => 0x0000000000000000 (type=void*, size=0x0)
    arg 2: 0x43 (type=DWORD, size=0x4)
    arg 4: <null> (type=<unknown>*, size=0x0)
~~2120~~ ntdll.dll!ZwWriteFile
    arg 0: 0x0000000000000054
    arg 1: 0x0000000000000000
~~2120~~ ntdll.dll!ZwWriteFile
    arg -1: 0x0000000000000000 (name=retval, type=void, size=0x8)
~~2120~~ KERNELBASE.dll!WriteFile
    arg -1: 0x0000000000000001 (type=BOOL, size=0x4)
~~2120~~ KERNEL32.dll!WriteFile
    arg -1: 0x0000000000000001 (type=BOOL, size=0x4)
~~2120~~ ntdll.dll!RtlLeaveCriticalSection
    arg 0: 0x0000024ef16e8b08
    arg 1: 0x0000000000000001
~~2120~~ ntdll.dll!RtlLeaveCriticalSection
    arg -1: 0x0000000000000000 (name=retval, type=void, size=0x8)
~~2120~~ ntdll.dll!RtlLeaveCriticalSection
    arg 0: 0x00007ff76f114108
    arg 1: 0x0000000000000001
~~2120~~ ntdll.dll!RtlLeaveCriticalSection
    arg -1: 0x0000000000000000 (name=retval, type=void, size=0x8)
~~2120~~ ADVAPI32.dll!RegDeleteValueW
    arg 0: 0x0000000000000120 (type=<unknown>, size=0x0)
    arg 1: 0x00007ff76f108678 (type=wchar_t*, size=0x0)
~~2120~~ KERNELBASE.dll!RegDeleteValueW
    arg 0: 0x0000000000000120 (type=<unknown>, size=0x0)
    arg 1: 0x00007ff76f108678 (type=wchar_t*, size=0x0)
~~2120~~ KERNELBASE.dll!MapPredefinedHandleInternal
    arg 0: 0x0000000000000120
    arg 1: 0x00000096462fe930
~~2120~~ KERNELBASE.dll!MapPredefinedHandleInternal
    arg -1: 0x0000000000000000 (name=retval, type=void, size=0x8)
~~2120~~ ntdll.dll!RtlInitUnicodeStringEx
    arg 0: 0x00000096462fe908
    arg 1: 0x00007ff76f108678
~~2120~~ ntdll.dll!RtlInitUnicodeStringEx
    arg -1: 0x0000000000000000 (name=retval, type=void, size=0x8)
~~2120~~ KERNEL32.dll!TermsrvDeleteValue
    arg 0: 0x0000000000000120
    arg 1: 0x00000096462fe908
~~2120~~ KERNEL32.dll!TermsrvDeleteValue
    arg -1: 0x0000000000000000 (name=retval, type=void, size=0x8)
~~2120~~ ntdll.dll!ZwDeleteValueKey
    arg 0: 0x0000000000000120
    arg 1: 0x00000096462fe908
~~2120~~ ntdll.dll!ZwDeleteValueKey
    arg -1: 0x0000000000000000 (name=retval, type=void, size=0x8)
~~2120~~ ntdll.dll!RtlNtStatusToDosError
    arg 0: 0x0000000000000000
    arg 1: 0x0000000000000000
~~2120~~ ntdll.dll!RtlNtStatusToDosError
    arg -1: 0x0000000000000000 (name=retval, type=void, size=0x8)
~~2120~~ KERNELBASE.dll!CLOSE_LOCAL_HANDLE_INTERNAL
    arg 0: 0x0000000000000000
    arg 1: 0x0000000000000000
~~2120~~ KERNELBASE.dll!CLOSE_LOCAL_HANDLE_INTERNAL
    arg -1: 0x0000000000000000 (name=retval, type=void, size=0x8)
~~2120~~ KERNELBASE.dll!RegDeleteValueW
    arg -1: <null> (type=<unknown>, size=0x8)
~~2120~~ ADVAPI32.dll!RegDeleteValueW
    arg -1: <null> (type=<unknown>, size=0x8)
~~2120~~ ADVAPI32.dll!RegCloseKey
    arg 0: 0x0000000000000120 (type=<unknown>, size=0x0)
~~2120~~ KERNELBASE.dll!RegCloseKey
    arg 0: 0x0000000000000120 (type=<unknown>, size=0x0)
~~2120~~ ntdll.dll!SbSelectProcedure
    arg 0: 0x00000000abababab
    arg 1: 0x0000000000000001
~~2120~~ ntdll.dll!RtlAcquireSRWLockShared
    arg 0: 0x00007ffa2a49d650
    arg 1: 0x0000024ef1540000
~~2120~~ ntdll.dll!RtlAcquireSRWLockShared
    arg -1: 0x0000000000000000 (name=retval, type=void, size=0x8)
~~2120~~ ntdll.dll!RtlReleaseSRWLockShared
    arg 0: 0x00007ffa2a49d650
    arg 1: 0x0000024ef1540000
~~2120~~ ntdll.dll!RtlReleaseSRWLockShared
    arg -1: 0x0000000000000011 (name=retval, type=void, size=0x8)
~~2120~~ ntdll.dll!memset
    arg 0: 0x00000096462fe820
    arg 1: 0x0000000000000000
~~2120~~ ntdll.dll!memset
    arg -1: 0x00000096462fe820 (name=retval, type=void, size=0x8)
~~2120~~ ntdll.dll!SbSelectProcedure
    arg -1: 0x00007ffa28027410 (name=retval, type=void, size=0x8)
~~2120~~ ntdll.dll!ZwSetInformationProcess
    arg 0: 0xffffffffffffffff
    arg 1: 0x0000000000000047
~~2120~~ ntdll.dll!ZwSetInformationProcess
    arg -1: 0x0000000000000000 (name=retval, type=void, size=0x8)
~~2120~~ ntdll.dll!ZwClose
    arg 0: 0x0000000000000120
    arg 1: 0x0000000000000000
~~2120~~ ntdll.dll!ZwClose
    arg -1: 0x0000000000000000 (name=retval, type=void, size=0x8)
~~2120~~ KERNELBASE.dll!RegCloseKey
    arg -1: <null> (type=<unknown>, size=0x8)
~~2120~~ ADVAPI32.dll!RegCloseKey
    arg -1: <null> (type=<unknown>, size=0x8)
~~2120~~ ADVAPI32.dll!RegDeleteKeyW
    arg 0: 0xffffffff80000001 (type=<unknown>, size=0x0)
    arg 1: 0x00007ff76f1085c0 (type=wchar_t*, size=0x0)
~~2120~~ KERNELBASE.dll!MapPredefinedHandleInternal
    arg 0: 0xffffffff80000001
    arg 1: 0x00000096462fe930
~~2120~~ ntdll.dll!RtlGetCurrentTransaction
    arg 0: 0x00007ffa27febf3b
    arg 1: 0x00000096462fe930
~~2120~~ ntdll.dll!RtlGetCurrentTransaction
    arg -1: 0x0000000000000000 (name=retval, type=void, size=0x8)
~~2120~~ ntdll.dll!RtlSetCurrentTransaction
    arg 0: 0x0000000000000000
    arg 1: 0x00000096462fe930
~~2120~~ ntdll.dll!RtlSetCurrentTransaction
    arg -1: 0x0000000000000001 (name=retval, type=void, size=0x8)
~~2120~~ ntdll.dll!RtlAcquireSRWLockExclusive
    arg 0: 0x00007ffa28278908
    arg 1: 0x00000096462fe930
~~2120~~ ntdll.dll!RtlAcquireSRWLockExclusive
    arg -1: 0x0000000000000001 (name=retval, type=void, size=0x8)
~~2120~~ ntdll.dll!RtlReleaseSRWLockExclusive
    arg 0: 0x00007ffa28278908
    arg 1: 0x00000096462fe930
~~2120~~ ntdll.dll!RtlReleaseSRWLockExclusive
    arg -1: 0x0000000000000001 (name=retval, type=void, size=0x8)
~~2120~~ ntdll.dll!RtlSetCurrentTransaction
    arg 0: 0x0000000000000000
    arg 1: 0x0000000000000000
~~2120~~ ntdll.dll!RtlSetCurrentTransaction
    arg -1: 0x0000000000000001 (name=retval, type=void, size=0x8)
~~2120~~ KERNELBASE.dll!MapPredefinedHandleInternal
    arg -1: 0x0000000000000000 (name=retval, type=void, size=0x8)
~~2120~~ ntdll.dll!RtlInitUnicodeStringEx
    arg 0: 0x00000096462fe8f8
    arg 1: 0x00007ff76f1085c0
~~2120~~ ntdll.dll!RtlInitUnicodeStringEx
    arg -1: 0x0000000000000000 (name=retval, type=void, size=0x8)
~~2120~~ KERNELBASE.dll!RegKrnGetTermsrvRegistryExtensionFlags
    arg 0: 0x000000000000003e
    arg 1: 0x00007ff76f1085c0
~~2120~~ KERNELBASE.dll!RegKrnGetTermsrvRegistryExtensionFlags
    arg -1: 0x0000000000000000 (name=retval, type=void, size=0x8)
~~2120~~ ntdll.dll!ZwQueryKey
    arg 0: 0x0000000000000124
    arg 1: 0x0000000000000007
~~2120~~ ntdll.dll!ZwQueryKey
    arg -1: 0x0000000000000000 (name=retval, type=void, size=0x8)
~~2120~~ ntdll.dll!ZwOpenKeyEx
    arg 0: 0x00000096462fe850
    arg 1: 0x0000000000010000
~~2120~~ ntdll.dll!ZwOpenKeyEx
    arg -1: 0x0000000000000000 (name=retval, type=void, size=0x8)
~~2120~~ ntdll.dll!ApiSetQueryApiSetPresence
    arg 0: 0x00007ffa28edb388
    arg 1: 0x00000096462fe830
~~2120~~ ntdll.dll!RtlCompareUnicodeStrings
    arg 0: 0x00007ffa28ef0460
    arg 1: 0x0000000000000021
~~2120~~ ntdll.dll!RtlCompareUnicodeStrings
    arg -1: 0x0000000000000000 (name=retval, type=void, size=0x8)
~~2120~~ ntdll.dll!ApiSetQueryApiSetPresence
    arg -1: 0x0000000000000000 (name=retval, type=void, size=0x8)
~~2120~~ KERNEL32.dll!TermsrvDeleteKey
    arg 0: 0x0000000000000120
    arg 1: 0x0000000000000001
~~2120~~ KERNEL32.dll!TermsrvDeleteKey
    arg -1: 0x0000000000000000 (name=retval, type=void, size=0x8)
~~2120~~ ntdll.dll!ZwDeleteKey
    arg 0: 0x0000000000000120
    arg 1: 0x0000000000000001
~~2120~~ ntdll.dll!ZwDeleteKey
    arg -1: 0x0000000000000000 (name=retval, type=void, size=0x8)
~~2120~~ ntdll.dll!ZwClose
    arg 0: 0x0000000000000120
    arg 1: 0x0000000000000000
~~2120~~ ntdll.dll!ZwClose
    arg -1: 0x0000000000000000 (name=retval, type=void, size=0x8)
~~2120~~ ntdll.dll!RtlNtStatusToDosError
    arg 0: 0x0000000000000000
    arg 1: 0x0000000000000000
~~2120~~ ntdll.dll!RtlNtStatusToDosError
    arg -1: 0x0000000000000000 (name=retval, type=void, size=0x8)
~~2120~~ KERNELBASE.dll!CLOSE_LOCAL_HANDLE_INTERNAL
    arg 0: 0x0000000000000000
    arg 1: 0x0000024ef16ef3d0
~~2120~~ ntdll.dll!RtlAcquireSRWLockExclusive
    arg 0: 0x00007ffa28278908
    arg 1: 0x0000024ef16ef3d0
~~2120~~ ntdll.dll!RtlAcquireSRWLockExclusive
    arg -1: 0x0000000000000000 (name=retval, type=void, size=0x8)
~~2120~~ ntdll.dll!RtlReleaseSRWLockExclusive
    arg 0: 0x00007ffa28278908
    arg 1: 0x0000024ef16ef3d0
~~2120~~ ntdll.dll!RtlReleaseSRWLockExclusive
    arg -1: 0x0000000000000001 (name=retval, type=void, size=0x8)
~~2120~~ KERNELBASE.dll!CLOSE_LOCAL_HANDLE_INTERNAL
    arg -1: 0x0000000000000001 (name=retval, type=void, size=0x8)
~~2120~~ ADVAPI32.dll!RegDeleteKeyW
    arg -1: <null> (type=<unknown>, size=0x8)
~~2120~~ ntdll.dll!RtlEnterCriticalSection
    arg 0: 0x00007ff76f114108
    arg 1: 0x00000096462fe858
~~2120~~ ntdll.dll!RtlEnterCriticalSection
    arg -1: 0x0000000000000000 (name=retval, type=void, size=0x8)
~~2120~~ ntdll.dll!RtlEnterCriticalSection
    arg 0: 0x0000024ef16e8b08
    arg 1: 0x0000000000000001
~~2120~~ ntdll.dll!RtlEnterCriticalSection
    arg -1: 0x0000000000000000 (name=retval, type=void, size=0x8)
~~2120~~ KERNEL32.dll!WriteFile
    arg 0: 0x54 (type=HANDLE, size=0x8)
    arg 1: 0x00000096462fcd30 => 0x0000000000000000 (type=void*, size=0x0)
    arg 2: 0x39 (type=DWORD, size=0x4)
    arg 4: <null> (type=<unknown>*, size=0x0)
~~2120~~ KERNELBASE.dll!WriteFile
    arg 0: 0x54 (type=HANDLE, size=0x8)
    arg 1: 0x00000096462fcd30 => 0x0000000000000000 (type=void*, size=0x0)
    arg 2: 0x39 (type=DWORD, size=0x4)
    arg 4: <null> (type=<unknown>*, size=0x0)
~~2120~~ ntdll.dll!ZwWriteFile
    arg 0: 0x0000000000000054
    arg 1: 0x0000000000000000
~~2120~~ ntdll.dll!ZwWriteFile
    arg -1: 0x0000000000000000 (name=retval, type=void, size=0x8)
~~2120~~ KERNELBASE.dll!WriteFile
    arg -1: 0x0000000000000001 (type=BOOL, size=0x4)
~~2120~~ KERNEL32.dll!WriteFile
    arg -1: 0x0000000000000001 (type=BOOL, size=0x4)
~~2120~~ ntdll.dll!RtlLeaveCriticalSection
    arg 0: 0x0000024ef16e8b08
    arg 1: 0x0000000000000001
~~2120~~ ntdll.dll!RtlLeaveCriticalSection
    arg -1: 0x0000000000000000 (name=retval, type=void, size=0x8)
~~2120~~ ntdll.dll!RtlLeaveCriticalSection
    arg 0: 0x00007ff76f114108
    arg 1: 0x0000000000000001
~~2120~~ ntdll.dll!RtlLeaveCriticalSection
    arg -1: 0x0000000000000000 (name=retval, type=void, size=0x8)
~~2120~~ ADVAPI32.dll!RegDeleteValueW
    arg 0: 0x0000000000000118 (type=<unknown>, size=0x0)
    arg 1: 0x00007ff76f108678 (type=wchar_t*, size=0x0)
~~2120~~ KERNELBASE.dll!RegDeleteValueW
    arg 0: 0x0000000000000118 (type=<unknown>, size=0x0)
    arg 1: 0x00007ff76f108678 (type=wchar_t*, size=0x0)
~~2120~~ KERNELBASE.dll!MapPredefinedHandleInternal
    arg 0: 0x0000000000000118
    arg 1: 0x00000096462fe930
~~2120~~ KERNELBASE.dll!MapPredefinedHandleInternal
    arg -1: 0x0000000000000000 (name=retval, type=void, size=0x8)
~~2120~~ ntdll.dll!RtlInitUnicodeStringEx
    arg 0: 0x00000096462fe908
    arg 1: 0x00007ff76f108678
~~2120~~ ntdll.dll!RtlInitUnicodeStringEx
    arg -1: 0x0000000000000000 (name=retval, type=void, size=0x8)
~~2120~~ KERNEL32.dll!TermsrvDeleteValue
    arg 0: 0x0000000000000118
    arg 1: 0x00000096462fe908
~~2120~~ KERNEL32.dll!TermsrvDeleteValue
    arg -1: 0x0000000000000000 (name=retval, type=void, size=0x8)
~~2120~~ ntdll.dll!ZwDeleteValueKey
    arg 0: 0x0000000000000118
    arg 1: 0x00000096462fe908
~~2120~~ ntdll.dll!ZwDeleteValueKey
    arg -1: 0x0000000000000000 (name=retval, type=void, size=0x8)
~~2120~~ ntdll.dll!RtlNtStatusToDosError
    arg 0: 0x0000000000000000
    arg 1: 0x0000000000000000
~~2120~~ ntdll.dll!RtlNtStatusToDosError
    arg -1: 0x0000000000000000 (name=retval, type=void, size=0x8)
~~2120~~ KERNELBASE.dll!CLOSE_LOCAL_HANDLE_INTERNAL
    arg 0: 0x0000000000000000
    arg 1: 0x0000000000000000
~~2120~~ KERNELBASE.dll!CLOSE_LOCAL_HANDLE_INTERNAL
    arg -1: 0x0000000000000000 (name=retval, type=void, size=0x8)
~~2120~~ KERNELBASE.dll!RegDeleteValueW
    arg -1: <null> (type=<unknown>, size=0x8)
~~2120~~ ADVAPI32.dll!RegDeleteValueW
    arg -1: <null> (type=<unknown>, size=0x8)
~~2120~~ ADVAPI32.dll!RegCloseKey
    arg 0: 0x0000000000000118 (type=<unknown>, size=0x0)
~~2120~~ KERNELBASE.dll!RegCloseKey
    arg 0: 0x0000000000000118 (type=<unknown>, size=0x0)
~~2120~~ ntdll.dll!SbSelectProcedure
    arg 0: 0x00000000abababab
    arg 1: 0x0000000000000001
~~2120~~ ntdll.dll!memset
    arg 0: 0x00000096462fe820
    arg 1: 0x0000000000000000
~~2120~~ ntdll.dll!memset
    arg -1: 0x00000096462fe820 (name=retval, type=void, size=0x8)
~~2120~~ ntdll.dll!SbSelectProcedure
    arg -1: 0x00007ffa28027410 (name=retval, type=void, size=0x8)
~~2120~~ ntdll.dll!ZwClose
    arg 0: 0x0000000000000118
    arg 1: 0xffffffffffffffff
~~2120~~ ntdll.dll!ZwClose
    arg -1: 0x0000000000000000 (name=retval, type=void, size=0x8)
~~2120~~ KERNELBASE.dll!RegCloseKey
    arg -1: <null> (type=<unknown>, size=0x8)
~~2120~~ ADVAPI32.dll!RegCloseKey
    arg -1: <null> (type=<unknown>, size=0x8)
~~2120~~ ADVAPI32.dll!RegDeleteKeyW
    arg 0: 0xffffffff80000001 (type=<unknown>, size=0x0)
    arg 1: 0x00007ff76f1087e0 (type=wchar_t*, size=0x0)
~~2120~~ KERNELBASE.dll!MapPredefinedHandleInternal
    arg 0: 0xffffffff80000001
    arg 1: 0x00000096462fe930
~~2120~~ ntdll.dll!RtlGetCurrentTransaction
    arg 0: 0x00007ffa27febf3b
    arg 1: 0x00000096462fe930
~~2120~~ ntdll.dll!RtlGetCurrentTransaction
    arg -1: 0x0000000000000000 (name=retval, type=void, size=0x8)
~~2120~~ ntdll.dll!RtlSetCurrentTransaction
    arg 0: 0x0000000000000000
    arg 1: 0x00000096462fe930
~~2120~~ ntdll.dll!RtlSetCurrentTransaction
    arg -1: 0x0000000000000001 (name=retval, type=void, size=0x8)
~~2120~~ ntdll.dll!RtlAcquireSRWLockExclusive
    arg 0: 0x00007ffa28278908
    arg 1: 0x00000096462fe930
~~2120~~ ntdll.dll!RtlAcquireSRWLockExclusive
    arg -1: 0x0000000000000001 (name=retval, type=void, size=0x8)
~~2120~~ ntdll.dll!RtlReleaseSRWLockExclusive
    arg 0: 0x00007ffa28278908
    arg 1: 0x00000096462fe930
~~2120~~ ntdll.dll!RtlReleaseSRWLockExclusive
    arg -1: 0x0000000000000001 (name=retval, type=void, size=0x8)
~~2120~~ ntdll.dll!RtlSetCurrentTransaction
    arg 0: 0x0000000000000000
    arg 1: 0x0000000000000000
~~2120~~ ntdll.dll!RtlSetCurrentTransaction
    arg -1: 0x0000000000000001 (name=retval, type=void, size=0x8)
~~2120~~ KERNELBASE.dll!MapPredefinedHandleInternal
    arg -1: 0x0000000000000000 (name=retval, type=void, size=0x8)
~~2120~~ ntdll.dll!RtlInitUnicodeStringEx
    arg 0: 0x00000096462fe8f8
    arg 1: 0x00007ff76f1087e0
~~2120~~ ntdll.dll!RtlInitUnicodeStringEx
    arg -1: 0x0000000000000000 (name=retval, type=void, size=0x8)
~~2120~~ KERNELBASE.dll!RegKrnGetTermsrvRegistryExtensionFlags
    arg 0: 0x000000000000003e
    arg 1: 0x00007ff76f1087e0
~~2120~~ KERNELBASE.dll!RegKrnGetTermsrvRegistryExtensionFlags
    arg -1: 0x0000000000000000 (name=retval, type=void, size=0x8)
~~2120~~ ntdll.dll!ZwQueryKey
    arg 0: 0x0000000000000124
    arg 1: 0x0000000000000007
~~2120~~ ntdll.dll!ZwQueryKey
    arg -1: 0x0000000000000000 (name=retval, type=void, size=0x8)
~~2120~~ ntdll.dll!ZwOpenKeyEx
    arg 0: 0x00000096462fe850
    arg 1: 0x0000000000010000
~~2120~~ ntdll.dll!ZwOpenKeyEx
    arg -1: 0x0000000000000000 (name=retval, type=void, size=0x8)
~~2120~~ KERNEL32.dll!TermsrvDeleteKey
    arg 0: 0x0000000000000118
    arg 1: 0x0000000000000000
~~2120~~ KERNEL32.dll!TermsrvDeleteKey
    arg -1: 0x0000000000000000 (name=retval, type=void, size=0x8)
~~2120~~ ntdll.dll!ZwDeleteKey
    arg 0: 0x0000000000000118
    arg 1: 0x0000000000000000
~~2120~~ ntdll.dll!ZwDeleteKey
    arg -1: 0x0000000000000000 (name=retval, type=void, size=0x8)
~~2120~~ ntdll.dll!ZwClose
    arg 0: 0x0000000000000118
    arg 1: 0x0000000000000000
~~2120~~ ntdll.dll!ZwClose
    arg -1: 0x0000000000000000 (name=retval, type=void, size=0x8)
~~2120~~ ntdll.dll!RtlNtStatusToDosError
    arg 0: 0x0000000000000000
    arg 1: 0x0000000000000000
~~2120~~ ntdll.dll!RtlNtStatusToDosError
    arg -1: 0x0000000000000000 (name=retval, type=void, size=0x8)
~~2120~~ KERNELBASE.dll!CLOSE_LOCAL_HANDLE_INTERNAL
    arg 0: 0x0000000000000000
    arg 1: 0x0000024ef16ef3d0
~~2120~~ ntdll.dll!RtlAcquireSRWLockExclusive
    arg 0: 0x00007ffa28278908
    arg 1: 0x0000024ef16ef3d0
~~2120~~ ntdll.dll!RtlAcquireSRWLockExclusive
    arg -1: 0x0000000000000000 (name=retval, type=void, size=0x8)
~~2120~~ ntdll.dll!RtlReleaseSRWLockExclusive
    arg 0: 0x00007ffa28278908
    arg 1: 0x0000024ef16ef3d0
~~2120~~ ntdll.dll!RtlReleaseSRWLockExclusive
    arg -1: 0x0000000000000001 (name=retval, type=void, size=0x8)
~~2120~~ KERNELBASE.dll!CLOSE_LOCAL_HANDLE_INTERNAL
    arg -1: 0x0000000000000001 (name=retval, type=void, size=0x8)
~~2120~~ ADVAPI32.dll!RegDeleteKeyW
    arg -1: <null> (type=<unknown>, size=0x8)
~~2120~~ ntdll.dll!RtlEnterCriticalSection
    arg 0: 0x00007ff76f114108
    arg 1: 0x00000096462fe858
~~2120~~ ntdll.dll!RtlEnterCriticalSection
    arg -1: 0x0000000000000000 (name=retval, type=void, size=0x8)
~~2120~~ ntdll.dll!RtlEnterCriticalSection
    arg 0: 0x0000024ef16e8b08
    arg 1: 0x0000000000000001
~~2120~~ ntdll.dll!RtlEnterCriticalSection
    arg -1: 0x0000000000000000 (name=retval, type=void, size=0x8)
~~2120~~ KERNEL32.dll!WriteFile
    arg 0: 0x54 (type=HANDLE, size=0x8)
    arg 1: 0x00000096462fcd30 => 0x0000000000000000 (type=void*, size=0x0)
    arg 2: 0x39 (type=DWORD, size=0x4)
    arg 4: <null> (type=<unknown>*, size=0x0)
~~2120~~ KERNELBASE.dll!WriteFile
    arg 0: 0x54 (type=HANDLE, size=0x8)
    arg 1: 0x00000096462fcd30 => 0x0000000000000000 (type=void*, size=0x0)
    arg 2: 0x39 (type=DWORD, size=0x4)
    arg 4: <null> (type=<unknown>*, size=0x0)
~~2120~~ ntdll.dll!ZwWriteFile
    arg 0: 0x0000000000000054
    arg 1: 0x0000000000000000
~~2120~~ ntdll.dll!ZwWriteFile
    arg -1: 0x0000000000000000 (name=retval, type=void, size=0x8)
~~2120~~ KERNELBASE.dll!WriteFile
    arg -1: 0x0000000000000001 (type=BOOL, size=0x4)
~~2120~~ KERNEL32.dll!WriteFile
    arg -1: 0x0000000000000001 (type=BOOL, size=0x4)
~~2120~~ ntdll.dll!RtlLeaveCriticalSection
    arg 0: 0x0000024ef16e8b08
    arg 1: 0x0000000000000001
~~2120~~ ntdll.dll!RtlLeaveCriticalSection
    arg -1: 0x0000000000000000 (name=retval, type=void, size=0x8)
~~2120~~ ntdll.dll!RtlLeaveCriticalSection
    arg 0: 0x00007ff76f114108
    arg 1: 0x0000000000000001
~~2120~~ ntdll.dll!RtlLeaveCriticalSection
    arg -1: 0x0000000000000000 (name=retval, type=void, size=0x8)
~~2120~~ ntdll.dll!RtlEnterCriticalSection
    arg 0: 0x00007ff76f114108
    arg 1: 0x00000096462fe858
~~2120~~ ntdll.dll!RtlEnterCriticalSection
    arg -1: 0x0000000000000000 (name=retval, type=void, size=0x8)
~~2120~~ ntdll.dll!RtlEnterCriticalSection
    arg 0: 0x0000024ef16e8b08
    arg 1: 0x0000000000000001
~~2120~~ ntdll.dll!RtlEnterCriticalSection
    arg -1: 0x0000000000000000 (name=retval, type=void, size=0x8)
~~2120~~ KERNEL32.dll!WriteFile
    arg 0: 0x54 (type=HANDLE, size=0x8)
    arg 1: 0x00000096462fcd30 => 0x0000000000000000 (type=void*, size=0x0)
    arg 2: 0x33 (type=DWORD, size=0x4)
    arg 4: <null> (type=<unknown>*, size=0x0)
~~2120~~ KERNELBASE.dll!WriteFile
    arg 0: 0x54 (type=HANDLE, size=0x8)
    arg 1: 0x00000096462fcd30 => 0x0000000000000000 (type=void*, size=0x0)
    arg 2: 0x33 (type=DWORD, size=0x4)
    arg 4: <null> (type=<unknown>*, size=0x0)
~~2120~~ ntdll.dll!ZwWriteFile
    arg 0: 0x0000000000000054
    arg 1: 0x0000000000000000
~~2120~~ ntdll.dll!ZwWriteFile
    arg -1: 0x0000000000000000 (name=retval, type=void, size=0x8)
~~2120~~ KERNELBASE.dll!WriteFile
    arg -1: 0x0000000000000001 (type=BOOL, size=0x4)
~~2120~~ KERNEL32.dll!WriteFile
    arg -1: 0x0000000000000001 (type=BOOL, size=0x4)
~~2120~~ ntdll.dll!RtlLeaveCriticalSection
    arg 0: 0x0000024ef16e8b08
    arg 1: 0x0000000000000001
~~2120~~ ntdll.dll!RtlLeaveCriticalSection
    arg -1: 0x0000000000000000 (name=retval, type=void, size=0x8)
~~2120~~ ntdll.dll!RtlLeaveCriticalSection
    arg 0: 0x00007ff76f114108
    arg 1: 0x0000000000000001
~~2120~~ ntdll.dll!RtlLeaveCriticalSection
    arg -1: 0x0000000000000000 (name=retval, type=void, size=0x8)
~~2120~~ KERNEL32.dll!GetModuleHandleW
    arg 0: <null> (type=wchar_t*, size=0x0)
~~2120~~ KERNELBASE.dll!GetModuleHandleW
    arg 0: <null> (type=wchar_t*, size=0x0)
~~2120~~ KERNELBASE.dll!GetModuleHandleW
    arg -1: 0x00007ff76f0f0000 (type=HMODULE, size=0x4)
~~2120~~ KERNEL32.dll!GetModuleHandleW
    arg -1: 0x00007ff76f0f0000 (type=HMODULE, size=0x4)
~~2120~~ KERNEL32.dll!GetModuleHandleW
    arg 0: <null> (type=wchar_t*, size=0x0)
~~2120~~ KERNELBASE.dll!GetModuleHandleW
    arg 0: <null> (type=wchar_t*, size=0x0)
~~2120~~ KERNELBASE.dll!GetModuleHandleW
    arg -1: 0x00007ff76f0f0000 (type=HMODULE, size=0x4)
~~2120~~ KERNEL32.dll!GetModuleHandleW
    arg -1: 0x00007ff76f0f0000 (type=HMODULE, size=0x4)
~~2120~~ ntdll.dll!RtlEnterCriticalSection
    arg 0: 0x00007ff76f115b70
    arg 1: 0x00000096462ff818
~~2120~~ ntdll.dll!RtlEnterCriticalSection
    arg -1: 0x0000000000000000 (name=retval, type=void, size=0x8)
~~2120~~ ntdll.dll!RtlEnterCriticalSection
    arg 0: 0x00007ff76f115b70
    arg 1: 0x00000096462ff798
~~2120~~ ntdll.dll!RtlEnterCriticalSection
    arg -1: 0x0000000000000000 (name=retval, type=void, size=0x8)
~~2120~~ KERNEL32.dll!HeapFree
    arg 0: 0x24ef16d0000 (type=HANDLE, size=0x8)
    arg 1: 0x0 (type=DWORD, size=0x4)
    arg 2: 0x0000024ef16e42f0 => 0x0000000000000000 (type=void*, size=0x0)
~~2120~~ ntdll.dll!RtlFreeHeap
    arg 0: 0x0000024ef16d0000
    arg 1: 0x0000000000000000
~~2120~~ ntdll.dll!RtlGetCurrentServiceSessionId
    arg 0: 0x0000024ef16e42e0
    arg 1: 0x0000000000000004
~~2120~~ ntdll.dll!RtlGetCurrentServiceSessionId
    arg -1: 0x0000000000000000 (name=retval, type=void, size=0x8)
~~2120~~ ntdll.dll!RtlFreeHeap
    arg -1: 0x0000000000000001 (name=retval, type=void, size=0x8)
~~2120~~ KERNEL32.dll!HeapFree
    arg -1: 0x0000000000000001 (type=BOOL, size=0x4)
~~2120~~ ntdll.dll!RtlLeaveCriticalSection
    arg 0: 0x00007ff76f115b70
    arg 1: 0x0000024ef16d0000
~~2120~~ ntdll.dll!RtlLeaveCriticalSection
    arg -1: 0x0000000000000000 (name=retval, type=void, size=0x8)
~~2120~~ ntdll.dll!RtlEnterCriticalSection
    arg 0: 0x00007ff76f115bc0
    arg 1: 0x00000096462ff760
~~2120~~ ntdll.dll!RtlEnterCriticalSection
    arg -1: 0x0000000000000000 (name=retval, type=void, size=0x8)
~~2120~~ ntdll.dll!RtlLeaveCriticalSection
    arg 0: 0x00007ff76f115bc0
    arg 1: 0x00000096462ff760
~~2120~~ ntdll.dll!RtlLeaveCriticalSection
    arg -1: 0x0000000000000000 (name=retval, type=void, size=0x8)
~~2120~~ ntdll.dll!RtlEnterCriticalSection
    arg 0: 0x00007ff76f115c60
    arg 1: 0x00000096462ff6f4
~~2120~~ ntdll.dll!RtlEnterCriticalSection
    arg -1: 0x0000000000000000 (name=retval, type=void, size=0x8)
~~2120~~ ntdll.dll!RtlLeaveCriticalSection
    arg 0: 0x00007ff76f115c60
    arg 1: 0x00000096462ff738
~~2120~~ ntdll.dll!RtlLeaveCriticalSection
    arg -1: 0x0000000000000000 (name=retval, type=void, size=0x8)
~~2120~~ ntdll.dll!RtlEnterCriticalSection
    arg 0: 0x00007ff76f115c60
    arg 1: 0x00000096462ff738
~~2120~~ ntdll.dll!RtlEnterCriticalSection
    arg -1: 0x0000000000000000 (name=retval, type=void, size=0x8)
~~2120~~ ntdll.dll!RtlLeaveCriticalSection
    arg 0: 0x00007ff76f115c60
    arg 1: 0x00000096462ff738
~~2120~~ ntdll.dll!RtlLeaveCriticalSection
    arg -1: 0x0000000000000000 (name=retval, type=void, size=0x8)
~~2120~~ ntdll.dll!RtlDeleteCriticalSection
    arg 0: 0x00007ff76f1140b0
    arg 1: 0x00000096462ff738
~~2120~~ ntdll.dll!RtlDeleteCriticalSection
    arg -1: 0x0000000000000000 (name=retval, type=void, size=0x8)
~~2120~~ ntdll.dll!RtlDeleteCriticalSection
    arg 0: 0x00007ff76f114108
    arg 1: 0x00000096462ff738
~~2120~~ ntdll.dll!RtlDeleteCriticalSection
    arg -1: 0x0000000000000000 (name=retval, type=void, size=0x8)
~~2120~~ ntdll.dll!RtlDeleteCriticalSection
    arg 0: 0x00007ff76f114160
    arg 1: 0x00000096462ff738
~~2120~~ ntdll.dll!RtlDeleteCriticalSection
    arg -1: 0x0000000000000000 (name=retval, type=void, size=0x8)
~~2120~~ KERNEL32.dll!HeapFree
    arg 0: 0x24ef16d0000 (type=HANDLE, size=0x8)
    arg 1: 0x0 (type=DWORD, size=0x4)
    arg 2: 0x0000024ef16ec820 => 0x0000000000000000 (type=void*, size=0x0)
~~2120~~ ntdll.dll!RtlFreeHeap
    arg 0: 0x0000024ef16d0000
    arg 1: 0x0000000000000000
~~2120~~ ntdll.dll!RtlTryEnterCriticalSection
    arg 0: 0x0000024ef16d02c0
    arg 1: 0x0000000000000002
~~2120~~ ntdll.dll!RtlTryEnterCriticalSection
    arg -1: 0x0000000000000001 (name=retval, type=void, size=0x8)
~~2120~~ ntdll.dll!RtlFreeHeap
    arg -1: 0x0000000000000001 (name=retval, type=void, size=0x8)
~~2120~~ KERNEL32.dll!HeapFree
    arg -1: 0x0000000000000001 (type=BOOL, size=0x4)
~~2120~~ ntdll.dll!RtlLeaveCriticalSection
    arg 0: 0x00007ff76f115b70
    arg 1: 0x00007ff76f108388
~~2120~~ ntdll.dll!RtlLeaveCriticalSection
    arg -1: 0x0000000000000000 (name=retval, type=void, size=0x8)
~~2120~~ KERNEL32.dll!LoadLibraryExW
    arg 0: 0x00007ff76f10a6d0 (type=wchar_t*, size=0x0)
    arg 1: 0x0 (type=HANDLE, size=0x8)
    arg 2: 0x800 (type=DWORD, size=0x4)
~~2120~~ KERNELBASE.dll!LoadLibraryExW
    arg 0: 0x00007ff76f10a6d0 (type=wchar_t*, size=0x0)
    arg 1: 0x0 (type=HANDLE, size=0x8)
    arg 2: 0x800 (type=DWORD, size=0x4)
~~2120~~ ntdll.dll!RtlInitUnicodeStringEx
    arg 0: 0x00000096462ff6b0
    arg 1: 0x00007ff76f10a6d0
~~2120~~ ntdll.dll!RtlInitUnicodeStringEx
    arg -1: 0x0000000000000000 (name=retval, type=void, size=0x8)
~~2120~~ ntdll.dll!LdrLoadDll
    arg 0: 0x0000000000000801
    arg 1: 0x00000096462ff6e0
~~2120~~ ntdll.dll!memset
    arg 0: 0x00000096462ff5c0
    arg 1: 0x0000000000000000
~~2120~~ ntdll.dll!memset
    arg -1: 0x00000096462ff5c0 (name=retval, type=void, size=0x8)
~~2120~~ ntdll.dll!RtlCompareUnicodeStrings
    arg 0: 0x00007ff76f10a6d0
    arg 1: 0x0000000000000020
~~2120~~ ntdll.dll!RtlCompareUnicodeStrings
    arg -1: 0x0000000000000000 (name=retval, type=void, size=0x8)
~~2120~~ ntdll.dll!RtlGetNtSystemRoot
    arg 0: 0x00000096462ff420
    arg 1: 0x00000096462ff310
~~2120~~ ntdll.dll!RtlGetCurrentServiceSessionId
    arg 0: 0x00000096462ff420
    arg 1: 0x00000096462ff310
~~2120~~ ntdll.dll!RtlGetCurrentServiceSessionId
    arg -1: 0x0000000000000000 (name=retval, type=void, size=0x8)
~~2120~~ ntdll.dll!RtlGetNtSystemRoot
    arg -1: 0x000000007ffe0030 (name=retval, type=void, size=0x8)
~~2120~~ ntdll.dll!RtlInitUnicodeString
    arg 0: 0x00000096462ff2a0
    arg 1: 0x000000007ffe0030
~~2120~~ ntdll.dll!RtlInitUnicodeString
    arg -1: 0x0000000000000016 (name=retval, type=void, size=0x8)
~~2120~~ ntdll.dll!memmove
    arg 0: 0x00000096462ff430
    arg 1: 0x000000007ffe0030
~~2120~~ ntdll.dll!memmove
    arg -1: 0x00000096462ff430 (name=retval, type=void, size=0x8)
~~2120~~ ntdll.dll!memmove
    arg 0: 0x00000096462ff444
    arg 1: 0x00007ffa2a458318
~~2120~~ ntdll.dll!memmove
    arg -1: 0x00000096462ff444 (name=retval, type=void, size=0x8)
~~2120~~ ntdll.dll!memmove
    arg 0: 0x00000096462ff458
    arg 1: 0x0000024ef151548c
~~2120~~ ntdll.dll!memmove
    arg -1: 0x00000096462ff458 (name=retval, type=void, size=0x8)
~~2120~~ ntdll.dll!RtlAcquireSRWLockExclusive
    arg 0: 0x00007ffa2a49d280
    arg 1: 0x0000000000000024
~~2120~~ ntdll.dll!RtlAcquireSRWLockExclusive
    arg -1: 0x000000000000004c (name=retval, type=void, size=0x8)
~~2120~~ ntdll.dll!RtlReleaseSRWLockExclusive
    arg 0: 0x00007ffa2a49d280
    arg 1: 0x00000096462ff420
~~2120~~ ntdll.dll!RtlReleaseSRWLockExclusive
    arg -1: 0x0000000000000001 (name=retval, type=void, size=0x8)
~~2120~~ ntdll.dll!RtlGetCurrentServiceSessionId
    arg 0: 0x00007ffa2a49d280
    arg 1: 0x0000000000000000
~~2120~~ ntdll.dll!RtlGetCurrentServiceSessionId
    arg -1: 0x0000000000000000 (name=retval, type=void, size=0x8)
~~2120~~ ntdll.dll!RtlEnterCriticalSection
    arg 0: 0x00007ffa2a49c3c0
    arg 1: 0x0000000000000000
~~2120~~ ntdll.dll!RtlEnterCriticalSection
    arg -1: 0x0000000000000000 (name=retval, type=void, size=0x8)
~~2120~~ ntdll.dll!RtlLeaveCriticalSection
    arg 0: 0x00007ffa2a49c3c0
    arg 1: 0x0000000000000000
~~2120~~ ntdll.dll!RtlLeaveCriticalSection
    arg -1: 0x0000000000000000 (name=retval, type=void, size=0x8)
~~2120~~ ntdll.dll!ZwSetInformationProcess
    arg 0: 0xffffffffffffffff
    arg 1: 0x000000000000005d
~~2120~~ ntdll.dll!ZwSetInformationProcess
    arg -1: 0x0000000000000000 (name=retval, type=void, size=0x8)
~~2120~~ ntdll.dll!ZwQueryInformationThread
    arg 0: 0xfffffffffffffffe
    arg 1: 0x000000000000002a
~~2120~~ ntdll.dll!ZwQueryInformationThread
    arg -1: 0x0000000000000000 (name=retval, type=void, size=0x8)
~~2120~~ ntdll.dll!TpWaitForWork
    arg 0: 0x0000024ef16db660
    arg 1: 0x0000000000000001
~~2120~~ ntdll.dll!RtlGetCurrentServiceSessionId
    arg 0: 0x0000024ef16db601
    arg 1: 0x0000000000000000
~~2120~~ ntdll.dll!RtlGetCurrentServiceSessionId
    arg -1: 0x0000000000000000 (name=retval, type=void, size=0x8)
~~2120~~ ntdll.dll!TpWaitForWork
    arg -1: 0x0000000000000000 (name=retval, type=void, size=0x8)
~~2120~~ ntdll.dll!TpReleaseWork
    arg 0: 0x0000024ef16db660
    arg 1: 0x0000000000000000
~~2120~~ ntdll.dll!RtlReleaseActivationContext
    arg 0: 0x0000000000000000
    arg 1: 0x0000000000000001
~~2120~~ ntdll.dll!RtlReleaseActivationContext
    arg -1: 0x0000cc9ce3ff1112 (name=retval, type=void, size=0x8)
~~2120~~ ntdll.dll!RtlAcquireSRWLockExclusive
    arg 0: 0x0000024ef16db4c8
    arg 1: 0x0000000000000001
~~2120~~ ntdll.dll!RtlAcquireSRWLockExclusive
    arg -1: 0x0000cc9ce3ff1112 (name=retval, type=void, size=0x8)
~~2120~~ ntdll.dll!RtlReleaseSRWLockExclusive
    arg 0: 0x0000024ef16db4c8
    arg 1: 0x0000024ef16dbac8
~~2120~~ ntdll.dll!RtlReleaseSRWLockExclusive
    arg -1: 0x0000000000000001 (name=retval, type=void, size=0x8)
~~2120~~ ntdll.dll!RtlFreeHeap
    arg 0: 0x0000024ef16d0000
    arg 1: 0x0000000000200000
~~2120~~ ntdll.dll!RtlTryEnterCriticalSection
    arg 0: 0x0000024ef16d02c0
    arg 1: 0x0000000000200002
~~2120~~ ntdll.dll!RtlTryEnterCriticalSection
    arg -1: 0x0000000000000001 (name=retval, type=void, size=0x8)
~~2120~~ ntdll.dll!RtlFreeHeap
    arg -1: 0x0000000000000001 (name=retval, type=void, size=0x8)
~~2120~~ ntdll.dll!TpReleaseWork
    arg -1: 0x0000000000000001 (name=retval, type=void, size=0x8)
~~2120~~ ntdll.dll!RtlAcquireSRWLockExclusive
    arg 0: 0x00007ffa2a49d280
    arg 1: 0x0000000000000024
~~2120~~ ntdll.dll!RtlAcquireSRWLockExclusive
    arg -1: 0x000000000000004c (name=retval, type=void, size=0x8)
~~2120~~ ntdll.dll!RtlReleaseSRWLockExclusive
    arg 0: 0x00007ffa2a49d280
    arg 1: 0x00000096462ff420
~~2120~~ ntdll.dll!RtlReleaseSRWLockExclusive
    arg -1: 0x0000000000000001 (name=retval, type=void, size=0x8)
~~2120~~ ntdll.dll!RtlGetCurrentServiceSessionId
    arg 0: 0x00007ffa2a49d280
    arg 1: 0x0000000000000000
~~2120~~ ntdll.dll!RtlGetCurrentServiceSessionId
    arg -1: 0x0000000000000000 (name=retval, type=void, size=0x8)
~~2120~~ ntdll.dll!RtlAllocateHeap
    arg 0: 0x0000024ef16d0000
    arg 1: 0x0000000000040008
~~2120~~ ntdll.dll!RtlLeaveCriticalSection
    arg 0: 0x0000024ef16d02c0
    arg 1: 0x0000000000000001
~~2120~~ ntdll.dll!RtlLeaveCriticalSection
    arg -1: 0x0000000000000000 (name=retval, type=void, size=0x8)
~~2120~~ ntdll.dll!memset
    arg 0: 0x0000024ef16ec820
    arg 1: 0x0000000000000000
~~2120~~ ntdll.dll!memset
    arg -1: 0x0000024ef16ec820 (name=retval, type=void, size=0x8)
~~2120~~ ntdll.dll!RtlAllocateHeap
    arg -1: 0x0000024ef16ec820 (name=retval, type=void, size=0x8)
~~2120~~ ntdll.dll!memmove
    arg 0: 0x0000024ef16ec8e0
    arg 1: 0x00000096462ff430
~~2120~~ ntdll.dll!memmove
    arg -1: 0x0000024ef16ec8e0 (name=retval, type=void, size=0x8)
~~2120~~ ntdll.dll!RtlAllocateHeap
    arg 0: 0x0000024ef16d0000
    arg 1: 0x0000000000040008
~~2120~~ ntdll.dll!RtlLeaveCriticalSection
    arg 0: 0x0000024ef16d02c0
    arg 1: 0x0000000000000001
~~2120~~ ntdll.dll!RtlLeaveCriticalSection
    arg -1: 0x0000000000000000 (name=retval, type=void, size=0x8)
~~2120~~ ntdll.dll!memset
    arg 0: 0x0000024ef16ec940
    arg 1: 0x0000000000000000
~~2120~~ ntdll.dll!memset
    arg -1: 0x0000024ef16ec940 (name=retval, type=void, size=0x8)
~~2120~~ ntdll.dll!RtlAllocateHeap
    arg -1: 0x0000024ef16ec940 (name=retval, type=void, size=0x8)
~~2120~~ ntdll.dll!RtlAllocateHeap
    arg 0: 0x0000024ef16d0000
    arg 1: 0x0000000000040008
~~2120~~ ntdll.dll!memset
    arg 0: 0x0000024ef16e74c0
    arg 1: 0x0000000000000000
~~2120~~ ntdll.dll!memset
    arg -1: 0x0000024ef16e74c0 (name=retval, type=void, size=0x8)
~~2120~~ ntdll.dll!RtlAllocateHeap
    arg -1: 0x0000024ef16e74c0 (name=retval, type=void, size=0x8)
~~2120~~ ntdll.dll!RtlGetActiveActivationContext
    arg 0: 0x0000024ef16ec9c8
    arg 1: 0x0000000000000800
~~2120~~ ntdll.dll!RtlGetActiveActivationContext
    arg -1: 0x0000000000000000 (name=retval, type=void, size=0x8)
~~2120~~ ntdll.dll!RtlEqualUnicodeString
    arg 0: 0x00000096462ff260
    arg 1: 0x00007ffa2a49c010
~~2120~~ ntdll.dll!RtlEqualUnicodeString
    arg -1: 0x0000024ef16ec901 (name=retval, type=void, size=0x8)
~~2120~~ ntdll.dll!ZwOpenSection
    arg 0: 0x00000096462ff2e8
    arg 1: 0x000000000000000d
~~2120~~ ntdll.dll!ZwOpenSection
    arg -1: 0x00000000c0000034 (name=retval, type=void, size=0x8)
~~2120~~ ntdll.dll!RtlAllocateHeap
    arg 0: 0x0000024ef16d0000
    arg 1: 0x0000000000000000
~~2120~~ ntdll.dll!RtlAllocateHeap
    arg -1: 0x0000024ef16e72e0 (name=retval, type=void, size=0x8)
~~2120~~ ntdll.dll!memmove
    arg 0: 0x0000024ef16e72e0
    arg 1: 0x0000024ef16ec8e0
~~2120~~ ntdll.dll!memmove
    arg -1: 0x0000024ef16e72e0 (name=retval, type=void, size=0x8)
~~2120~~ ntdll.dll!memmove
    arg 0: 0x00000096462ff1b0
    arg 1: 0x00007ffa2a4588c0
~~2120~~ ntdll.dll!memmove
    arg -1: 0x00000096462ff1b0 (name=retval, type=void, size=0x8)
~~2120~~ ntdll.dll!memmove
    arg 0: 0x00000096462ff1b8
    arg 1: 0x0000024ef16e72e0
~~2120~~ ntdll.dll!memmove
    arg -1: 0x00000096462ff1b8 (name=retval, type=void, size=0x8)
~~2120~~ ntdll.dll!ZwQueryAttributesFile
    arg 0: 0x00000096462ff078
    arg 1: 0x00000096462ff0a8
~~2120~~ ntdll.dll!ZwQueryAttributesFile
    arg -1: 0x0000000000000000 (name=retval, type=void, size=0x8)
~~2120~~ ntdll.dll!RtlInitUnicodeStringEx
    arg 0: 0x0000024ef16ec998
    arg 1: 0x0000024ef16e7308
~~2120~~ ntdll.dll!RtlInitUnicodeStringEx
    arg -1: 0x0000000000000000 (name=retval, type=void, size=0x8)
~~2120~~ ntdll.dll!RtlHashUnicodeString
    arg 0: 0x0000024ef16ec998
    arg 1: 0x0000024ef16ec901
~~2120~~ ntdll.dll!RtlHashUnicodeString
    arg -1: 0x0000000000000000 (name=retval, type=void, size=0x8)
~~2120~~ ntdll.dll!RtlAcquireSRWLockExclusive
    arg 0: 0x00007ffa2a49d280
    arg 1: 0x0000024ef16ec988
~~2120~~ ntdll.dll!RtlAcquireSRWLockExclusive
    arg -1: 0x00000096462ff158 (name=retval, type=void, size=0x8)
~~2120~~ ntdll.dll!RtlReleaseSRWLockExclusive
    arg 0: 0x00007ffa2a49d280
    arg 1: 0x0000024ef16ec988
~~2120~~ ntdll.dll!RtlReleaseSRWLockExclusive
    arg -1: 0x0000000000000001 (name=retval, type=void, size=0x8)
~~2120~~ ntdll.dll!RtlEnterCriticalSection
    arg 0: 0x00007ffa2a49c3c0
    arg 1: 0x0000000000000000
~~2120~~ ntdll.dll!RtlEnterCriticalSection
    arg -1: 0x0000000000000000 (name=retval, type=void, size=0x8)
~~2120~~ ntdll.dll!RtlLeaveCriticalSection
    arg 0: 0x00007ffa2a49c3c0
    arg 1: 0x0000000000000000
~~2120~~ ntdll.dll!RtlLeaveCriticalSection
    arg -1: 0x0000000000000000 (name=retval, type=void, size=0x8)
~~2120~~ ntdll.dll!RtlGetCurrentServiceSessionId
    arg 0: 0x0000000000000840
    arg 1: 0x0000024ef16ec988
~~2120~~ ntdll.dll!RtlGetCurrentServiceSessionId
    arg -1: 0x0000000000000000 (name=retval, type=void, size=0x8)
~~2120~~ ntdll.dll!ZwOpenFile
    arg 0: 0x00000096462ff0a0
    arg 1: 0x0000000000100021
~~2120~~ ntdll.dll!ZwOpenFile
    arg -1: 0x0000000000000000 (name=retval, type=void, size=0x8)
~~2120~~ ntdll.dll!ZwCreateSection
    arg 0: 0x00000096462ff0a8
    arg 1: 0x000000000000000d
~~2120~~ ntdll.dll!ZwCreateSection
    arg -1: 0x0000000000000000 (name=retval, type=void, size=0x8)
~~2120~~ ntdll.dll!RtlGetCurrentServiceSessionId
    arg 0: 0x00007ff6ef134042
    arg 1: 0x0000000000000000
~~2120~~ ntdll.dll!RtlGetCurrentServiceSessionId
    arg -1: 0x0000000000000000 (name=retval, type=void, size=0x8)
~~2120~~ ntdll.dll!RtlEqualUnicodeString
    arg 0: 0x0000024ef16ec998
    arg 1: 0x00007ffa2a44d1e0
~~2120~~ ntdll.dll!RtlEqualUnicodeString
    arg -1: 0x0000000000000000 (name=retval, type=void, size=0x8)
~~2120~~ ntdll.dll!ZwMapViewOfSection
    arg 0: 0x0000000000000120
    arg 1: 0xffffffffffffffff
~~2120~~ ntdll.dll!ZwMapViewOfSection
    arg -1: 0x0000000000000000 (name=retval, type=void, size=0x8)
~~2120~~ ntdll.dll!RtlImageNtHeaderEx
    arg 0: 0x0000000000000000
    arg 1: 0x00007ffa25870000
~~2120~~ ntdll.dll!RtlImageNtHeaderEx
    arg -1: 0x0000000000000000 (name=retval, type=void, size=0x8)
~~2120~~ ntdll.dll!RtlAcquireSRWLockExclusive
    arg 0: 0x00007ffa2a49d280
    arg 1: 0x00007ffa25870000
~~2120~~ ntdll.dll!RtlAcquireSRWLockExclusive
    arg -1: 0x0000000000000000 (name=retval, type=void, size=0x8)
~~2120~~ ntdll.dll!RtlRbInsertNodeEx
    arg 0: 0x00007ffa2a49d4b8
    arg 1: 0x0000024ef16dc0f0
~~2120~~ ntdll.dll!RtlRbInsertNodeEx
    arg -1: 0x0000024ef16d61f0 (name=retval, type=void, size=0x8)
~~2120~~ ntdll.dll!RtlRbInsertNodeEx
    arg 0: 0x00007ffa2a49d4a8
    arg 1: 0x0000024ef16e1298
~~2120~~ ntdll.dll!RtlRbInsertNodeEx
    arg -1: 0x0000000000000000 (name=retval, type=void, size=0x8)
~~2120~~ ntdll.dll!RtlReleaseSRWLockExclusive
    arg 0: 0x00007ffa2a49d280
    arg 1: 0x0000000000000000
~~2120~~ ntdll.dll!RtlReleaseSRWLockExclusive
    arg -1: 0x0000000000000001 (name=retval, type=void, size=0x8)
~~2120~~ ntdll.dll!RtlIsCriticalSectionLockedByThread
    arg 0: 0x00007ffa2a4964c0
    arg 1: 0x0000000000000000
~~2120~~ ntdll.dll!RtlIsCriticalSectionLockedByThread
    arg -1: 0x0000000000000000 (name=retval, type=void, size=0x8)
~~2120~~ ntdll.dll!RtlImageNtHeaderEx
    arg 0: 0x0000000000000001
    arg 1: 0x00007ffa25870000
~~2120~~ ntdll.dll!RtlImageNtHeaderEx
    arg -1: 0x0000000000000000 (name=retval, type=void, size=0x8)
~~2120~~ ntdll.dll!RtlImageNtHeaderEx
    arg 0: 0x0000000000000003
    arg 1: 0x00007ffa25870000
~~2120~~ ntdll.dll!RtlImageNtHeaderEx
    arg -1: 0x0000000000000000 (name=retval, type=void, size=0x8)
~~2120~~ ntdll.dll!RtlImageNtHeaderEx
    arg 0: 0x0000000000000003
    arg 1: 0x00007ffa25870000
~~2120~~ ntdll.dll!RtlImageNtHeaderEx
    arg -1: 0x0000000000000000 (name=retval, type=void, size=0x8)
~~2120~~ ntdll.dll!RtlIsProcessorFeaturePresent
    arg 0: 0x000000000000001c
    arg 1: 0x0000000000003f10
~~2120~~ ntdll.dll!RtlIsProcessorFeaturePresent
    arg -1: 0x0000000000000001 (name=retval, type=void, size=0x8)
~~2120~~ ntdll.dll!RtlImageNtHeaderEx
    arg 0: 0x0000000000000001
    arg 1: 0x00007ffa25870000
~~2120~~ ntdll.dll!RtlImageNtHeaderEx
    arg -1: 0x0000000000000000 (name=retval, type=void, size=0x8)
~~2120~~ ntdll.dll!RtlImageNtHeaderEx
    arg 0: 0x0000000000000001
    arg 1: 0x00007ffa25870000
~~2120~~ ntdll.dll!RtlImageNtHeaderEx
    arg -1: 0x0000000000000000 (name=retval, type=void, size=0x8)
~~2120~~ ntdll.dll!RtlImageNtHeaderEx
    arg 0: 0x0000000000000001
    arg 1: 0x00007ffa25870000
~~2120~~ ntdll.dll!RtlImageNtHeaderEx
    arg -1: 0x0000000000000000 (name=retval, type=void, size=0x8)
~~2120~~ ntdll.dll!RtlImageRvaToSection
    arg 0: 0x00007ffa258700e8
    arg 1: 0x00007ffa25881ff8
~~2120~~ ntdll.dll!RtlImageRvaToSection
    arg -1: 0x00007ffa25870240 (name=retval, type=void, size=0x8)
~~2120~~ ntdll.dll!ZwQueryPerformanceCounter
    arg 0: 0x00000096462fef40
    arg 1: 0x0000000000000000
~~2120~~ ntdll.dll!ZwQueryPerformanceCounter
    arg -1: 0x0000000000000000 (name=retval, type=void, size=0x8)
~~2120~~ ntdll.dll!RtlImageNtHeaderEx
    arg 0: 0x0000000000000001
    arg 1: 0x00007ffa25870000
~~2120~~ ntdll.dll!RtlImageNtHeaderEx
    arg -1: 0x0000000000000000 (name=retval, type=void, size=0x8)
~~2120~~ ntdll.dll!ZwProtectVirtualMemory
    arg 0: 0xffffffffffffffff
    arg 1: 0x00000096462fef58
~~2120~~ ntdll.dll!ZwProtectVirtualMemory
    arg -1: 0x0000000000000000 (name=retval, type=void, size=0x8)
~~2120~~ ntdll.dll!LdrControlFlowGuardEnforced
    arg 0: 0x00007ff6ef134042
    arg 1: 0x0000000000000000
~~2120~~ ntdll.dll!LdrControlFlowGuardEnforced
    arg -1: 0x0000000000000000 (name=retval, type=void, size=0x8)
~~2120~~ ntdll.dll!LdrControlFlowGuardEnforced
    arg 0: 0x00007ff6ef134042
    arg 1: 0x0000000000000000
~~2120~~ ntdll.dll!LdrControlFlowGuardEnforced
    arg -1: 0x0000000000000000 (name=retval, type=void, size=0x8)
~~2120~~ ntdll.dll!RtlImageNtHeaderEx
    arg 0: 0x0000000000000001
    arg 1: 0x00007ffa25870000
~~2120~~ ntdll.dll!RtlImageNtHeaderEx
    arg -1: 0x0000000000000000 (name=retval, type=void, size=0x8)
~~2120~~ ntdll.dll!RtlAcquireSRWLockExclusive
    arg 0: 0x00007ffa2a49d500
    arg 1: 0x0000000000000000
~~2120~~ ntdll.dll!RtlAcquireSRWLockExclusive
    arg -1: 0x0000000000000000 (name=retval, type=void, size=0x8)
~~2120~~ ntdll.dll!RtlAcquireSRWLockExclusive
    arg 0: 0x00007ffa2a49c110
    arg 1: 0x0000000000000000
~~2120~~ ntdll.dll!RtlAcquireSRWLockExclusive
    arg -1: 0x0000000000000000 (name=retval, type=void, size=0x8)
~~2120~~ ntdll.dll!ZwProtectVirtualMemory
    arg 0: 0xffffffffffffffff
    arg 1: 0x00000096462fef50
~~2120~~ ntdll.dll!ZwProtectVirtualMemory
    arg -1: 0x0000000000000000 (name=retval, type=void, size=0x8)
~~2120~~ ntdll.dll!RtlReleaseSRWLockExclusive
    arg 0: 0x00007ffa2a49c110
    arg 1: 0x0000000000000000
~~2120~~ ntdll.dll!RtlReleaseSRWLockExclusive
    arg -1: 0x0000000000000001 (name=retval, type=void, size=0x8)
~~2120~~ ntdll.dll!memmove
    arg 0: 0x00007ffa2a4b1588
    arg 1: 0x00007ffa2a4b1570
~~2120~~ ntdll.dll!memmove
    arg -1: 0x00007ffa2a4b1588 (name=retval, type=void, size=0x8)
~~2120~~ ntdll.dll!RtlAcquireSRWLockExclusive
    arg 0: 0x00007ffa2a49c110
    arg 1: 0xffffffffffffffe8
~~2120~~ ntdll.dll!RtlAcquireSRWLockExclusive
    arg -1: 0x00000000000004ec (name=retval, type=void, size=0x8)
~~2120~~ ntdll.dll!ZwProtectVirtualMemory
    arg 0: 0xffffffffffffffff
    arg 1: 0x00000096462fef50
~~2120~~ ntdll.dll!ZwProtectVirtualMemory
    arg -1: 0x0000000000000000 (name=retval, type=void, size=0x8)
~~2120~~ ntdll.dll!RtlReleaseSRWLockExclusive
    arg 0: 0x00007ffa2a49c110
    arg 1: 0x0000000000000000
~~2120~~ ntdll.dll!RtlReleaseSRWLockExclusive
    arg -1: 0x0000000000000001 (name=retval, type=void, size=0x8)
~~2120~~ ntdll.dll!RtlReleaseSRWLockExclusive
    arg 0: 0x00007ffa2a49d500
    arg 1: 0x0000000000000000
~~2120~~ ntdll.dll!RtlReleaseSRWLockExclusive
    arg -1: 0x0000000000000001 (name=retval, type=void, size=0x8)
~~2120~~ ntdll.dll!RtlAcquireSRWLockExclusive
    arg 0: 0x00007ffa2a49d280
    arg 1: 0x0000000000000000
~~2120~~ ntdll.dll!RtlAcquireSRWLockExclusive
    arg -1: 0x0000000000000001 (name=retval, type=void, size=0x8)
~~2120~~ ntdll.dll!RtlReleaseSRWLockExclusive
    arg 0: 0x00007ffa2a49d280
    arg 1: 0x0000000000000000
~~2120~~ ntdll.dll!RtlReleaseSRWLockExclusive
    arg -1: 0x0000000000000001 (name=retval, type=void, size=0x8)
~~2120~~ ntdll.dll!RtlGetCurrentServiceSessionId
    arg 0: 0x0000000000000000
    arg 1: 0x0000024ef16ec940
~~2120~~ ntdll.dll!RtlGetCurrentServiceSessionId
    arg -1: 0x0000000000000000 (name=retval, type=void, size=0x8)
~~2120~~ ntdll.dll!RtlGetCurrentServiceSessionId
    arg 0: 0x0000000000000000
    arg 1: 0x0000024ef16ec940
~~2120~~ ntdll.dll!RtlGetCurrentServiceSessionId
    arg -1: 0x0000000000000000 (name=retval, type=void, size=0x8)
~~2120~~ KERNELBASE.dll!InitOnceExecuteOnce
    arg 0: 0x00007ffa28e57ea0 (type=<unknown>*, size=0x0)
    arg 1: 0x00007ffa28dbcbf0 (type=<unknown>*, size=0x0)
    arg 2: 0x0000000000000000 => 0x0000000000000000 (type=void*, size=0x0)
    arg 3: 0x0000000000000000 => 0x0000000000000000 (type=void*, size=0x0)
~~2120~~ ntdll.dll!RtlRunOnceExecuteOnce
    arg 0: 0x00007ffa28e57ea0
    arg 1: 0x00007ffa28dbcbf0
~~2120~~ ntdll.dll!RtlRunOnceExecuteOnce
    arg -1: 0x0000000000000000 (name=retval, type=void, size=0x8)
~~2120~~ KERNELBASE.dll!InitOnceExecuteOnce
    arg -1: 0x0000000000000001 (type=BOOL, size=0x4)
~~2120~~ ntdll.dll!LdrResFindResourceDirectory
    arg 0: 0x00007ffa25870000
    arg 1: 0x0000000000000018
~~2120~~ ntdll.dll!LdrResSearchResource
    arg 0: 0x00007ffa25870000
    arg 1: 0x00000096462fee90
~~2120~~ ntdll.dll!RtlGetCurrentServiceSessionId
    arg 0: 0x00007ffa25870000
    arg 1: 0x00000096462fee90
~~2120~~ ntdll.dll!RtlGetCurrentServiceSessionId
    arg -1: 0x0000000000000000 (name=retval, type=void, size=0x8)
~~2120~~ ntdll.dll!memmove
    arg 0: 0x00000096462fede8
    arg 1: 0x00000096462fee90
~~2120~~ ntdll.dll!memmove
    arg -1: 0x00000096462fede8 (name=retval, type=void, size=0x8)
~~2120~~ ntdll.dll!LdrpResGetMappingSize
    arg 0: 0x00007ffa25870000
    arg 1: 0x00000096462fed28
~~2120~~ ntdll.dll!RtlGetCurrentServiceSessionId
    arg 0: 0x00007ffa25870000
    arg 1: 0x00000096462fed28
~~2120~~ ntdll.dll!RtlGetCurrentServiceSessionId
    arg -1: 0x0000000000000000 (name=retval, type=void, size=0x8)
~~2120~~ ntdll.dll!RtlImageNtHeaderEx
    arg 0: 0x0000000000000001
    arg 1: 0x00007ffa25870000
~~2120~~ ntdll.dll!RtlImageNtHeaderEx
    arg -1: 0x0000000000000000 (name=retval, type=void, size=0x8)
~~2120~~ ntdll.dll!RtlGetCurrentServiceSessionId
    arg 0: 0x000000000000020b
    arg 1: 0x00007ffa25870000
~~2120~~ ntdll.dll!RtlGetCurrentServiceSessionId
    arg -1: 0x0000000000000000 (name=retval, type=void, size=0x8)
~~2120~~ ntdll.dll!LdrpResGetMappingSize
    arg -1: 0x0000000000000000 (name=retval, type=void, size=0x8)
~~2120~~ ntdll.dll!RtlGetCurrentServiceSessionId
    arg 0: 0x0000000000000000
    arg 1: 0x0000000000012000
~~2120~~ ntdll.dll!RtlGetCurrentServiceSessionId
    arg -1: 0x0000000000000000 (name=retval, type=void, size=0x8)
~~2120~~ ntdll.dll!LdrpResGetResourceDirectory
    arg 0: 0x00007ffa25870000
    arg 1: 0x0000000000012000
~~2120~~ ntdll.dll!RtlGetCurrentServiceSessionId
    arg 0: 0x00007ffa25870000
    arg 1: 0x0000000000012000
~~2120~~ ntdll.dll!RtlGetCurrentServiceSessionId
    arg -1: 0x0000000000000000 (name=retval, type=void, size=0x8)
~~2120~~ ntdll.dll!RtlImageNtHeaderEx
    arg 0: 0x0000000000000000
    arg 1: 0x00007ffa25870000
~~2120~~ ntdll.dll!RtlImageNtHeaderEx
    arg -1: 0x0000000000000000 (name=retval, type=void, size=0x8)
~~2120~~ ntdll.dll!RtlGetCurrentServiceSessionId
    arg 0: 0x00007ffa25880008
    arg 1: 0x00007ffa25880000
~~2120~~ ntdll.dll!RtlGetCurrentServiceSessionId
    arg -1: 0x0000000000000000 (name=retval, type=void, size=0x8)
~~2120~~ ntdll.dll!LdrpResGetResourceDirectory
    arg -1: 0x0000000000000000 (name=retval, type=void, size=0x8)
~~2120~~ ntdll.dll!RtlGetCurrentServiceSessionId
    arg 0: 0x00000096462fef50
    arg 1: 0x0000000000000000
~~2120~~ ntdll.dll!RtlGetCurrentServiceSessionId
    arg -1: 0x0000000000000000 (name=retval, type=void, size=0x8)
~~2120~~ ntdll.dll!RtlGetCurrentServiceSessionId
    arg 0: 0x0000000000000001
    arg 1: 0x00000096462fedf0
~~2120~~ ntdll.dll!RtlGetCurrentServiceSessionId
    arg -1: 0x0000000000000000 (name=retval, type=void, size=0x8)
~~2120~~ ntdll.dll!RtlGetCurrentServiceSessionId
    arg 0: 0xcc0aa5d0e0720000
    arg 1: 0x00000096462fedf0
~~2120~~ ntdll.dll!RtlGetCurrentServiceSessionId
    arg -1: 0x0000000000000000 (name=retval, type=void, size=0x8)
~~2120~~ ntdll.dll!RtlGetCurrentServiceSessionId
    arg 0: 0xcc0aa5d0e0720000
    arg 1: 0x00000096462fedf0
~~2120~~ ntdll.dll!RtlGetCurrentServiceSessionId
    arg -1: 0x0000000000000000 (name=retval, type=void, size=0x8)
~~2120~~ ntdll.dll!LdrResSearchResource
    arg -1: 0x00000000c000008a (name=retval, type=void, size=0x8)
~~2120~~ ntdll.dll!LdrResFindResourceDirectory
    arg -1: 0x00000000c000008a (name=retval, type=void, size=0x8)
~~2120~~ ntdll.dll!RtlImageNtHeaderEx
    arg 0: 0x0000000000000001
    arg 1: 0x00007ffa25870000
~~2120~~ ntdll.dll!RtlImageNtHeaderEx
    arg -1: 0x0000000000000000 (name=retval, type=void, size=0x8)
~~2120~~ ntdll.dll!RtlImageNtHeaderEx
    arg 0: 0x0000000000000003
    arg 1: 0x00007ffa25870000
~~2120~~ ntdll.dll!RtlImageNtHeaderEx
    arg -1: 0x0000000000000000 (name=retval, type=void, size=0x8)
~~2120~~ ntdll.dll!RtlImageNtHeaderEx
    arg 0: 0x0000000000000001
    arg 1: 0x00007ffa25870000
~~2120~~ ntdll.dll!RtlImageNtHeaderEx
    arg -1: 0x0000000000000000 (name=retval, type=void, size=0x8)
~~2120~~ ntdll.dll!RtlImageNtHeaderEx
    arg 0: 0x0000000000000001
    arg 1: 0x00007ffa25870000
~~2120~~ ntdll.dll!RtlImageNtHeaderEx
    arg -1: 0x0000000000000000 (name=retval, type=void, size=0x8)
~~2120~~ ntdll.dll!ZwProtectVirtualMemory
    arg 0: 0xffffffffffffffff
    arg 1: 0x00000096462fefa0
~~2120~~ ntdll.dll!ZwProtectVirtualMemory
    arg -1: 0x0000000000000000 (name=retval, type=void, size=0x8)
~~2120~~ ntdll.dll!RtlImageNtHeaderEx
    arg 0: 0x0000000000000001
    arg 1: 0x00007ffa25870000
~~2120~~ ntdll.dll!RtlImageNtHeaderEx
    arg -1: 0x0000000000000000 (name=retval, type=void, size=0x8)
~~2120~~ ntdll.dll!RtlAllocateHeap
    arg 0: 0x0000024ef16d0000
    arg 1: 0x0000000000180008
~~2120~~ ntdll.dll!RtlLeaveCriticalSection
    arg 0: 0x0000024ef16d02c0
    arg 1: 0x0000000000000001
~~2120~~ ntdll.dll!RtlLeaveCriticalSection
    arg -1: 0x0000000000000000 (name=retval, type=void, size=0x8)
~~2120~~ ntdll.dll!memset
    arg 0: 0x0000024ef16db660
    arg 1: 0x0000000000000000
~~2120~~ ntdll.dll!memset
    arg -1: 0x0000024ef16db660 (name=retval, type=void, size=0x8)
~~2120~~ ntdll.dll!RtlAllocateHeap
    arg -1: 0x0000024ef16db660 (name=retval, type=void, size=0x8)
~~2120~~ ntdll.dll!RtlAnsiStringToUnicodeString
    arg 0: 0x00000096462feb38
    arg 1: 0x00000096462fefc0
~~2120~~ ntdll.dll!RtlAnsiStringToUnicodeString
    arg -1: 0x0000000000000000 (name=retval, type=void, size=0x8)
~~2120~~ ntdll.dll!RtlDosApplyFileIsolationRedirection_Ustr
    arg 0: 0x0000000000000001
    arg 1: 0x00000096462fee30
~~2120~~ ntdll.dll!RtlFindCharInUnicodeString
    arg 0: 0x0000000000000001
    arg 1: 0x00000096462fe800
~~2120~~ ntdll.dll!RtlFindCharInUnicodeString
    arg -1: 0x0000000000000000 (name=retval, type=void, size=0x8)
~~2120~~ ntdll.dll!memset
    arg 0: 0x00000096462fe6c4
    arg 1: 0x0000000000000000
~~2120~~ ntdll.dll!memset
    arg -1: 0x00000096462fe6c4 (name=retval, type=void, size=0x8)
~~2120~~ ntdll.dll!RtlFindActivationContextSectionString
    arg 0: 0x0000000000000003
    arg 1: 0x0000000000000000
~~2120~~ ntdll.dll!bsearch
    arg 0: 0x00000096462fe4c0
    arg 1: 0x0000024ef15300ec
~~2120~~ ntdll.dll!bsearch
    arg -1: 0x0000024ef15300fc (name=retval, type=void, size=0x8)
~~2120~~ ntdll.dll!RtlHashUnicodeString
    arg 0: 0x00000096462fe690
    arg 1: 0x0000000000000401
~~2120~~ ntdll.dll!RtlHashUnicodeString
    arg -1: 0x0000000000000000 (name=retval, type=void, size=0x8)
~~2120~~ ntdll.dll!RtlFindActivationContextSectionString
    arg -1: 0x00000000c0150008 (name=retval, type=void, size=0x8)
~~2120~~ ntdll.dll!memset
    arg 0: 0x00000096462fe8e0
    arg 1: 0x0000000000000000
~~2120~~ ntdll.dll!memset
    arg -1: 0x00000096462fe8e0 (name=retval, type=void, size=0x8)
~~2120~~ ntdll.dll!RtlDosApplyFileIsolationRedirection_Ustr
    arg -1: 0x00000000c0150008 (name=retval, type=void, size=0x8)
~~2120~~ ntdll.dll!memmove
    arg 0: 0x00000096462fed30
    arg 1: 0x00000096462fee40
~~2120~~ ntdll.dll!memmove
    arg -1: 0x00000096462fed30 (name=retval, type=void, size=0x8)
~~2120~~ ntdll.dll!RtlAllocateHeap
    arg 0: 0x0000024ef16d0000
    arg 1: 0x0000000000280000
~~2120~~ ntdll.dll!RtlAllocateHeap
    arg -1: 0x0000024ef16ef3a0 (name=retval, type=void, size=0x8)
~~2120~~ ntdll.dll!RtlAcquireSRWLockExclusive
    arg 0: 0x00007ffa2a49d280
    arg 1: 0x0000000000000000
~~2120~~ ntdll.dll!RtlAcquireSRWLockExclusive
    arg -1: 0x000000000000004c (name=retval, type=void, size=0x8)
~~2120~~ ntdll.dll!RtlEqualUnicodeString
    arg 0: 0x00000096462fed20
    arg 1: 0x0000024ef16d5508
~~2120~~ ntdll.dll!RtlEqualUnicodeString
    arg -1: 0x00000096462fed01 (name=retval, type=void, size=0x8)
~~2120~~ ntdll.dll!RtlReleaseSRWLockExclusive
    arg 0: 0x00007ffa2a49d280
    arg 1: 0x0000000000000009
~~2120~~ ntdll.dll!RtlReleaseSRWLockExclusive
    arg -1: 0x0000000000000001 (name=retval, type=void, size=0x8)
~~2120~~ ntdll.dll!RtlGetCurrentServiceSessionId
    arg 0: 0x00007ffa2a49d280
    arg 1: 0x0000000000000000
~~2120~~ ntdll.dll!RtlGetCurrentServiceSessionId
    arg -1: 0x0000000000000000 (name=retval, type=void, size=0x8)
~~2120~~ ntdll.dll!RtlAcquireSRWLockExclusive
    arg 0: 0x00007ffa2a49d280
    arg 1: 0x0000000000000000
~~2120~~ ntdll.dll!RtlAcquireSRWLockExclusive
    arg -1: 0x0000000000000000 (name=retval, type=void, size=0x8)
~~2120~~ ntdll.dll!RtlAcquireSRWLockExclusive
    arg 0: 0x00007ffa2a49d280
    arg 1: 0x0000000000000000
~~2120~~ ntdll.dll!RtlAcquireSRWLockExclusive
    arg -1: 0x0000000000000001 (name=retval, type=void, size=0x8)
~~2120~~ ntdll.dll!RtlDeactivateActivationContextUnsafeFast
    arg 0: 0x00000096462febf0
    arg 1: 0x00000000ffffffff
~~2120~~ ntdll.dll!RtlDeactivateActivationContextUnsafeFast
    arg -1: 0x00007ffa2a3494c0 (name=retval, type=void, size=0x8)
~~2120~~ ntdll.dll!RtlAnsiStringToUnicodeString
    arg 0: 0x00000096462feb38
    arg 1: 0x00000096462fefc0
~~2120~~ ntdll.dll!RtlAnsiStringToUnicodeString
    arg -1: 0x0000000000000000 (name=retval, type=void, size=0x8)
~~2120~~ ntdll.dll!RtlCompareUnicodeStrings
    arg 0: 0x00000096462fee40
    arg 1: 0x000000000000001c
~~2120~~ ntdll.dll!RtlCompareUnicodeStrings
    arg -1: 0x0000000000000000 (name=retval, type=void, size=0x8)
~~2120~~ ntdll.dll!memmove
    arg 0: 0x00000096462fed30
    arg 1: 0x000000007ffe0030
~~2120~~ ntdll.dll!memmove
    arg -1: 0x00000096462fed30 (name=retval, type=void, size=0x8)
~~2120~~ ntdll.dll!memmove
    arg 0: 0x00000096462fed58
    arg 1: 0x0000024ef1515a98
~~2120~~ ntdll.dll!memmove
    arg -1: 0x00000096462fed58 (name=retval, type=void, size=0x8)
~~2120~~ ntdll.dll!RtlAcquireSRWLockExclusive
    arg 0: 0x00007ffa2a49d280
    arg 1: 0x00000096462fed74
~~2120~~ ntdll.dll!RtlAcquireSRWLockExclusive
    arg -1: 0x0000000000000000 (name=retval, type=void, size=0x8)
~~2120~~ ntdll.dll!RtlGetCurrentServiceSessionId
    arg 0: 0x00000096462feab4
    arg 1: 0x00000096462fed74
~~2120~~ ntdll.dll!RtlGetCurrentServiceSessionId
    arg -1: 0x0000000000000000 (name=retval, type=void, size=0x8)
~~2120~~ ntdll.dll!RtlAcquireSRWLockExclusive
    arg 0: 0x00007ffa2a49d280
    arg 1: 0x00000096462fed74
~~2120~~ ntdll.dll!RtlAcquireSRWLockExclusive
    arg -1: 0x0000000000000000 (name=retval, type=void, size=0x8)
~~2120~~ ntdll.dll!RtlAcquireSRWLockExclusive
    arg 0: 0x00007ffa2a49d280
    arg 1: 0x00000096462fed74
~~2120~~ ntdll.dll!RtlAcquireSRWLockExclusive
    arg -1: 0x0000000000000001 (name=retval, type=void, size=0x8)
~~2120~~ ntdll.dll!RtlDeactivateActivationContextUnsafeFast
    arg 0: 0x00000096462febf0
    arg 1: 0x00000000ffffffff
~~2120~~ ntdll.dll!RtlDeactivateActivationContextUnsafeFast
    arg -1: 0x00007ffa2a3494c0 (name=retval, type=void, size=0x8)
~~2120~~ ntdll.dll!RtlAnsiStringToUnicodeString
    arg 0: 0x00000096462feb38
    arg 1: 0x00000096462fefc0
~~2120~~ ntdll.dll!RtlAnsiStringToUnicodeString
    arg -1: 0x0000000000000000 (name=retval, type=void, size=0x8)
~~2120~~ ntdll.dll!RtlCompareUnicodeStrings
    arg 0: 0x00000096462fee40
    arg 1: 0x0000000000000023
~~2120~~ ntdll.dll!RtlCompareUnicodeStrings
    arg -1: 0x0000000000000000 (name=retval, type=void, size=0x8)
~~2120~~ ntdll.dll!RtlCompareUnicodeStrings
    arg 0: 0x0000024ef16e7308
    arg 1: 0x0000000000000012
~~2120~~ ntdll.dll!RtlCompareUnicodeStrings
    arg -1: 0x00000000fffffffb (name=retval, type=void, size=0x8)
~~2120~~ ntdll.dll!memmove
    arg 0: 0x00000096462fed30
    arg 1: 0x000000007ffe0030
~~2120~~ ntdll.dll!memmove
    arg -1: 0x00000096462fed30 (name=retval, type=void, size=0x8)
~~2120~~ ntdll.dll!memmove
    arg 0: 0x00000096462fed58
    arg 1: 0x0000024ef1515b6c
~~2120~~ ntdll.dll!memmove
    arg -1: 0x00000096462fed58 (name=retval, type=void, size=0x8)
~~2120~~ ntdll.dll!RtlAcquireSRWLockExclusive
    arg 0: 0x00007ffa2a49d280
    arg 1: 0x00000096462fed70
~~2120~~ ntdll.dll!RtlAcquireSRWLockExclusive
    arg -1: 0x0000000000000000 (name=retval, type=void, size=0x8)
~~2120~~ ntdll.dll!RtlGetCurrentServiceSessionId
    arg 0: 0x00000096462feab4
    arg 1: 0x00000096462fed70
~~2120~~ ntdll.dll!RtlGetCurrentServiceSessionId
    arg -1: 0x0000000000000000 (name=retval, type=void, size=0x8)
~~2120~~ ntdll.dll!RtlAcquireSRWLockExclusive
    arg 0: 0x00007ffa2a49d280
    arg 1: 0x00000096462fed70
~~2120~~ ntdll.dll!RtlAcquireSRWLockExclusive
    arg -1: 0x0000000000000000 (name=retval, type=void, size=0x8)
~~2120~~ ntdll.dll!RtlAcquireSRWLockExclusive
    arg 0: 0x00007ffa2a49d280
    arg 1: 0x00000096462fed70
~~2120~~ ntdll.dll!RtlAcquireSRWLockExclusive
    arg -1: 0x0000000000000001 (name=retval, type=void, size=0x8)
~~2120~~ ntdll.dll!RtlDeactivateActivationContextUnsafeFast
    arg 0: 0x00000096462febf0
    arg 1: 0x00000000ffffffff
~~2120~~ ntdll.dll!RtlDeactivateActivationContextUnsafeFast
    arg -1: 0x00007ffa2a3494c0 (name=retval, type=void, size=0x8)
~~2120~~ ntdll.dll!RtlAnsiStringToUnicodeString
    arg 0: 0x00000096462feb38
    arg 1: 0x00000096462fefc0
~~2120~~ ntdll.dll!RtlAnsiStringToUnicodeString
    arg -1: 0x0000000000000000 (name=retval, type=void, size=0x8)
~~2120~~ ntdll.dll!RtlCompareUnicodeStrings
    arg 0: 0x00000096462fee40
    arg 1: 0x000000000000001c
~~2120~~ ntdll.dll!RtlCompareUnicodeStrings
    arg -1: 0x0000000000000000 (name=retval, type=void, size=0x8)
~~2120~~ ntdll.dll!memmove
    arg 0: 0x00000096462fed30
    arg 1: 0x000000007ffe0030
~~2120~~ ntdll.dll!memmove
    arg -1: 0x00000096462fed30 (name=retval, type=void, size=0x8)
~~2120~~ ntdll.dll!memmove
    arg 0: 0x00000096462fed58
    arg 1: 0x0000024ef1515a98
~~2120~~ ntdll.dll!memmove
    arg -1: 0x00000096462fed58 (name=retval, type=void, size=0x8)
~~2120~~ ntdll.dll!RtlAcquireSRWLockExclusive
    arg 0: 0x00007ffa2a49d280
    arg 1: 0x00000096462fed74
~~2120~~ ntdll.dll!RtlAcquireSRWLockExclusive
    arg -1: 0x0000000000000000 (name=retval, type=void, size=0x8)
~~2120~~ ntdll.dll!RtlGetCurrentServiceSessionId
    arg 0: 0x00000096462feab4
    arg 1: 0x00000096462fed74
~~2120~~ ntdll.dll!RtlGetCurrentServiceSessionId
    arg -1: 0x0000000000000000 (name=retval, type=void, size=0x8)
~~2120~~ ntdll.dll!RtlAcquireSRWLockExclusive
    arg 0: 0x00007ffa2a49d280
    arg 1: 0x00000096462fed74
~~2120~~ ntdll.dll!RtlAcquireSRWLockExclusive
    arg -1: 0x0000000000000000 (name=retval, type=void, size=0x8)
~~2120~~ ntdll.dll!RtlAcquireSRWLockExclusive
    arg 0: 0x00007ffa2a49d280
    arg 1: 0x00000096462fed74
~~2120~~ ntdll.dll!RtlAcquireSRWLockExclusive
    arg -1: 0x0000000000000001 (name=retval, type=void, size=0x8)
~~2120~~ ntdll.dll!RtlDeactivateActivationContextUnsafeFast
    arg 0: 0x00000096462febf0
    arg 1: 0x00000000ffffffff
~~2120~~ ntdll.dll!RtlDeactivateActivationContextUnsafeFast
    arg -1: 0x00007ffa2a3494c0 (name=retval, type=void, size=0x8)
~~2120~~ ntdll.dll!RtlAnsiStringToUnicodeString
    arg 0: 0x00000096462feb38
    arg 1: 0x00000096462fefc0
~~2120~~ ntdll.dll!RtlAnsiStringToUnicodeString
    arg -1: 0x0000000000000000 (name=retval, type=void, size=0x8)
~~2120~~ ntdll.dll!RtlCompareUnicodeStrings
    arg 0: 0x00000096462fee40
    arg 1: 0x000000000000001f
~~2120~~ ntdll.dll!RtlCompareUnicodeStrings
    arg -1: 0x0000000000000000 (name=retval, type=void, size=0x8)
~~2120~~ ntdll.dll!memmove
    arg 0: 0x00000096462fed30
    arg 1: 0x000000007ffe0030
~~2120~~ ntdll.dll!memmove
    arg -1: 0x00000096462fed30 (name=retval, type=void, size=0x8)
~~2120~~ ntdll.dll!memmove
    arg 0: 0x00000096462fed58
    arg 1: 0x0000024ef1515a30
~~2120~~ ntdll.dll!memmove
    arg -1: 0x00000096462fed58 (name=retval, type=void, size=0x8)
~~2120~~ ntdll.dll!RtlAcquireSRWLockExclusive
    arg 0: 0x00007ffa2a49d280
    arg 1: 0x00000096462fed6a
~~2120~~ ntdll.dll!RtlAcquireSRWLockExclusive
    arg -1: 0x0000000000000000 (name=retval, type=void, size=0x8)
~~2120~~ ntdll.dll!RtlGetCurrentServiceSessionId
    arg 0: 0x00000096462feab4
    arg 1: 0x00000096462fed6a
~~2120~~ ntdll.dll!RtlGetCurrentServiceSessionId
    arg -1: 0x0000000000000000 (name=retval, type=void, size=0x8)
~~2120~~ ntdll.dll!RtlAcquireSRWLockExclusive
    arg 0: 0x00007ffa2a49d280
    arg 1: 0x00000096462fed6a
~~2120~~ ntdll.dll!RtlAcquireSRWLockExclusive
    arg -1: 0x0000000000000000 (name=retval, type=void, size=0x8)
~~2120~~ ntdll.dll!RtlAcquireSRWLockExclusive
    arg 0: 0x00007ffa2a49d280
    arg 1: 0x00000096462fed6a
~~2120~~ ntdll.dll!RtlAcquireSRWLockExclusive
    arg -1: 0x0000000000000001 (name=retval, type=void, size=0x8)
~~2120~~ ntdll.dll!RtlDeactivateActivationContextUnsafeFast
    arg 0: 0x00000096462febf0
    arg 1: 0x00000000ffffffff
~~2120~~ ntdll.dll!RtlDeactivateActivationContextUnsafeFast
    arg -1: 0x00007ffa2a3494c0 (name=retval, type=void, size=0x8)
~~2120~~ ntdll.dll!RtlAnsiStringToUnicodeString
    arg 0: 0x00000096462feb38
    arg 1: 0x00000096462fefc0
~~2120~~ ntdll.dll!RtlAnsiStringToUnicodeString
    arg -1: 0x0000000000000000 (name=retval, type=void, size=0x8)
~~2120~~ ntdll.dll!RtlCompareUnicodeStrings
    arg 0: 0x00000096462fee40
    arg 1: 0x0000000000000022
~~2120~~ ntdll.dll!RtlCompareUnicodeStrings
    arg -1: 0x0000000000000000 (name=retval, type=void, size=0x8)
~~2120~~ ntdll.dll!memmove
    arg 0: 0x00000096462fed30
    arg 1: 0x000000007ffe0030
~~2120~~ ntdll.dll!memmove
    arg -1: 0x00000096462fed30 (name=retval, type=void, size=0x8)
~~2120~~ ntdll.dll!memmove
    arg 0: 0x00000096462fed58
    arg 1: 0x0000024ef1515a98
~~2120~~ ntdll.dll!memmove
    arg -1: 0x00000096462fed58 (name=retval, type=void, size=0x8)
~~2120~~ ntdll.dll!RtlAcquireSRWLockExclusive
    arg 0: 0x00007ffa2a49d280
    arg 1: 0x00000096462fed74
~~2120~~ ntdll.dll!RtlAcquireSRWLockExclusive
    arg -1: 0x0000000000000000 (name=retval, type=void, size=0x8)
~~2120~~ ntdll.dll!RtlGetCurrentServiceSessionId
    arg 0: 0x00000096462feab4
    arg 1: 0x00000096462fed74
~~2120~~ ntdll.dll!RtlGetCurrentServiceSessionId
    arg -1: 0x0000000000000000 (name=retval, type=void, size=0x8)
~~2120~~ ntdll.dll!RtlAcquireSRWLockExclusive
    arg 0: 0x00007ffa2a49d280
    arg 1: 0x00000096462fed74
~~2120~~ ntdll.dll!RtlAcquireSRWLockExclusive
    arg -1: 0x0000000000000000 (name=retval, type=void, size=0x8)
~~2120~~ ntdll.dll!RtlAcquireSRWLockExclusive
    arg 0: 0x00007ffa2a49d280
    arg 1: 0x00000096462fed74
~~2120~~ ntdll.dll!RtlAcquireSRWLockExclusive
    arg -1: 0x0000000000000001 (name=retval, type=void, size=0x8)
~~2120~~ ntdll.dll!RtlDeactivateActivationContextUnsafeFast
    arg 0: 0x00000096462febf0
    arg 1: 0x00000000ffffffff
~~2120~~ ntdll.dll!RtlDeactivateActivationContextUnsafeFast
    arg -1: 0x00007ffa2a3494c0 (name=retval, type=void, size=0x8)
~~2120~~ ntdll.dll!RtlAnsiStringToUnicodeString
    arg 0: 0x00000096462feb38
    arg 1: 0x00000096462fefc0
~~2120~~ ntdll.dll!RtlAnsiStringToUnicodeString
    arg -1: 0x0000000000000000 (name=retval, type=void, size=0x8)
~~2120~~ ntdll.dll!RtlDosApplyFileIsolationRedirection_Ustr
    arg 0: 0x0000000000000001
    arg 1: 0x00000096462fee30
~~2120~~ ntdll.dll!RtlFindCharInUnicodeString
    arg 0: 0x0000000000000001
    arg 1: 0x00000096462fe800
~~2120~~ ntdll.dll!RtlFindCharInUnicodeString
    arg -1: 0x0000000000000000 (name=retval, type=void, size=0x8)
~~2120~~ ntdll.dll!memset
    arg 0: 0x00000096462fe6c4
    arg 1: 0x0000000000000000
~~2120~~ ntdll.dll!memset
    arg -1: 0x00000096462fe6c4 (name=retval, type=void, size=0x8)
~~2120~~ ntdll.dll!RtlFindActivationContextSectionString
    arg 0: 0x0000000000000003
    arg 1: 0x0000000000000000
~~2120~~ ntdll.dll!bsearch
    arg 0: 0x00000096462fe4c0
    arg 1: 0x0000024ef15300ec
~~2120~~ ntdll.dll!bsearch
    arg -1: 0x0000024ef15300fc (name=retval, type=void, size=0x8)
~~2120~~ ntdll.dll!RtlHashUnicodeString
    arg 0: 0x00000096462fe690
    arg 1: 0x0000000000000401
~~2120~~ ntdll.dll!RtlHashUnicodeString
    arg -1: 0x0000000000000000 (name=retval, type=void, size=0x8)
~~2120~~ ntdll.dll!RtlFindActivationContextSectionString
    arg -1: 0x00000000c0150008 (name=retval, type=void, size=0x8)
~~2120~~ ntdll.dll!memset
    arg 0: 0x00000096462fe8e0
    arg 1: 0x0000000000000000
~~2120~~ ntdll.dll!memset
    arg -1: 0x00000096462fe8e0 (name=retval, type=void, size=0x8)
~~2120~~ ntdll.dll!RtlDosApplyFileIsolationRedirection_Ustr
    arg -1: 0x00000000c0150008 (name=retval, type=void, size=0x8)
~~2120~~ ntdll.dll!memmove
    arg 0: 0x00000096462fed30
    arg 1: 0x00000096462fee40
~~2120~~ ntdll.dll!memmove
    arg -1: 0x00000096462fed30 (name=retval, type=void, size=0x8)
~~2120~~ ntdll.dll!RtlAcquireSRWLockExclusive
    arg 0: 0x00007ffa2a49d280
    arg 1: 0x0000000000000000
~~2120~~ ntdll.dll!RtlAcquireSRWLockExclusive
    arg -1: 0x000000000000004c (name=retval, type=void, size=0x8)
~~2120~~ ntdll.dll!RtlEqualUnicodeString
    arg 0: 0x00000096462fed20
    arg 1: 0x0000024ef16d6168
~~2120~~ ntdll.dll!RtlEqualUnicodeString
    arg -1: 0x00000096462fed01 (name=retval, type=void, size=0x8)
~~2120~~ ntdll.dll!RtlReleaseSRWLockExclusive
    arg 0: 0x00007ffa2a49d280
    arg 1: 0x0000000000000009
~~2120~~ ntdll.dll!RtlReleaseSRWLockExclusive
    arg -1: 0x0000000000000001 (name=retval, type=void, size=0x8)
~~2120~~ ntdll.dll!RtlGetCurrentServiceSessionId
    arg 0: 0x00007ffa2a49d280
    arg 1: 0x0000000000000000
~~2120~~ ntdll.dll!RtlGetCurrentServiceSessionId
    arg -1: 0x0000000000000000 (name=retval, type=void, size=0x8)
~~2120~~ ntdll.dll!RtlAcquireSRWLockExclusive
    arg 0: 0x00007ffa2a49d280
    arg 1: 0x0000000000000000
~~2120~~ ntdll.dll!RtlAcquireSRWLockExclusive
    arg -1: 0x0000000000000000 (name=retval, type=void, size=0x8)
~~2120~~ ntdll.dll!RtlAcquireSRWLockExclusive
    arg 0: 0x00007ffa2a49d280
    arg 1: 0x0000000000000000
~~2120~~ ntdll.dll!RtlAcquireSRWLockExclusive
    arg -1: 0x0000000000000001 (name=retval, type=void, size=0x8)
~~2120~~ ntdll.dll!RtlDeactivateActivationContextUnsafeFast
    arg 0: 0x00000096462febf0
    arg 1: 0x00000000ffffffff
~~2120~~ ntdll.dll!RtlDeactivateActivationContextUnsafeFast
    arg -1: 0x00007ffa2a3494c0 (name=retval, type=void, size=0x8)
~~2120~~ ntdll.dll!RtlAnsiStringToUnicodeString
    arg 0: 0x00000096462feb38
    arg 1: 0x00000096462fefc0
~~2120~~ ntdll.dll!RtlAnsiStringToUnicodeString
    arg -1: 0x0000000000000000 (name=retval, type=void, size=0x8)
~~2120~~ ntdll.dll!RtlDosApplyFileIsolationRedirection_Ustr
    arg 0: 0x0000000000000001
    arg 1: 0x00000096462fee30
~~2120~~ ntdll.dll!RtlFindCharInUnicodeString
    arg 0: 0x0000000000000001
    arg 1: 0x00000096462fe800
~~2120~~ ntdll.dll!RtlFindCharInUnicodeString
    arg -1: 0x0000000000000000 (name=retval, type=void, size=0x8)
~~2120~~ ntdll.dll!memset
    arg 0: 0x00000096462fe6c4
    arg 1: 0x0000000000000000
~~2120~~ ntdll.dll!memset
    arg -1: 0x00000096462fe6c4 (name=retval, type=void, size=0x8)
~~2120~~ ntdll.dll!RtlFindActivationContextSectionString
    arg 0: 0x0000000000000003
    arg 1: 0x0000000000000000
~~2120~~ ntdll.dll!bsearch
    arg 0: 0x00000096462fe4c0
    arg 1: 0x0000024ef15300ec
~~2120~~ ntdll.dll!bsearch
    arg -1: 0x0000024ef15300fc (name=retval, type=void, size=0x8)
~~2120~~ ntdll.dll!RtlHashUnicodeString
    arg 0: 0x00000096462fe690
    arg 1: 0x0000000000000401
~~2120~~ ntdll.dll!RtlHashUnicodeString
    arg -1: 0x0000000000000000 (name=retval, type=void, size=0x8)
~~2120~~ ntdll.dll!RtlFindActivationContextSectionString
    arg -1: 0x00000000c0150008 (name=retval, type=void, size=0x8)
~~2120~~ ntdll.dll!memset
    arg 0: 0x00000096462fe8e0
    arg 1: 0x0000000000000000
~~2120~~ ntdll.dll!memset
    arg -1: 0x00000096462fe8e0 (name=retval, type=void, size=0x8)
~~2120~~ ntdll.dll!RtlDosApplyFileIsolationRedirection_Ustr
    arg -1: 0x00000000c0150008 (name=retval, type=void, size=0x8)
~~2120~~ ntdll.dll!memmove
    arg 0: 0x00000096462fed30
    arg 1: 0x00000096462fee40
~~2120~~ ntdll.dll!memmove
    arg -1: 0x00000096462fed30 (name=retval, type=void, size=0x8)
~~2120~~ ntdll.dll!RtlAcquireSRWLockExclusive
    arg 0: 0x00007ffa2a49d280
    arg 1: 0x0000000000000000
~~2120~~ ntdll.dll!RtlAcquireSRWLockExclusive
    arg -1: 0x000000000000004c (name=retval, type=void, size=0x8)
~~2120~~ ntdll.dll!RtlEqualUnicodeString
    arg 0: 0x00000096462fed20
    arg 1: 0x0000024ef16dbc88
~~2120~~ ntdll.dll!RtlEqualUnicodeString
    arg -1: 0x00000096462fed01 (name=retval, type=void, size=0x8)
~~2120~~ ntdll.dll!RtlReleaseSRWLockExclusive
    arg 0: 0x00007ffa2a49d280
    arg 1: 0x0000000000000009
~~2120~~ ntdll.dll!RtlReleaseSRWLockExclusive
    arg -1: 0x0000000000000001 (name=retval, type=void, size=0x8)
~~2120~~ ntdll.dll!RtlGetCurrentServiceSessionId
    arg 0: 0x00007ffa2a49d280
    arg 1: 0x0000000000000000
~~2120~~ ntdll.dll!RtlGetCurrentServiceSessionId
    arg -1: 0x0000000000000000 (name=retval, type=void, size=0x8)
~~2120~~ ntdll.dll!RtlAcquireSRWLockExclusive
    arg 0: 0x00007ffa2a49d280
    arg 1: 0x0000000000000000
~~2120~~ ntdll.dll!RtlAcquireSRWLockExclusive
    arg -1: 0x0000000000000000 (name=retval, type=void, size=0x8)
~~2120~~ ntdll.dll!RtlAcquireSRWLockExclusive
    arg 0: 0x00007ffa2a49d280
    arg 1: 0x0000000000000000
~~2120~~ ntdll.dll!RtlAcquireSRWLockExclusive
    arg -1: 0x0000000000000001 (name=retval, type=void, size=0x8)
~~2120~~ ntdll.dll!RtlDeactivateActivationContextUnsafeFast
    arg 0: 0x00000096462febf0
    arg 1: 0x0000000000000002
~~2120~~ ntdll.dll!RtlDeactivateActivationContextUnsafeFast
    arg -1: 0x00007ffa2a3494c0 (name=retval, type=void, size=0x8)
~~2120~~ ntdll.dll!RtlAnsiStringToUnicodeString
    arg 0: 0x00000096462feb38
    arg 1: 0x00000096462fefc0
~~2120~~ ntdll.dll!RtlAnsiStringToUnicodeString
    arg -1: 0x0000000000000000 (name=retval, type=void, size=0x8)
~~2120~~ ntdll.dll!RtlDosApplyFileIsolationRedirection_Ustr
    arg 0: 0x0000000000000001
    arg 1: 0x00000096462fee30
~~2120~~ ntdll.dll!RtlFindCharInUnicodeString
    arg 0: 0x0000000000000001
    arg 1: 0x00000096462fe800
~~2120~~ ntdll.dll!RtlFindCharInUnicodeString
    arg -1: 0x0000000000000000 (name=retval, type=void, size=0x8)
~~2120~~ ntdll.dll!memset
    arg 0: 0x00000096462fe6c4
    arg 1: 0x0000000000000000
~~2120~~ ntdll.dll!memset
    arg -1: 0x00000096462fe6c4 (name=retval, type=void, size=0x8)
~~2120~~ ntdll.dll!RtlFindActivationContextSectionString
    arg 0: 0x0000000000000003
    arg 1: 0x0000000000000000
~~2120~~ ntdll.dll!bsearch
    arg 0: 0x00000096462fe4c0
    arg 1: 0x0000024ef15300ec
~~2120~~ ntdll.dll!bsearch
    arg -1: 0x0000024ef15300fc (name=retval, type=void, size=0x8)
~~2120~~ ntdll.dll!RtlHashUnicodeString
    arg 0: 0x00000096462fe690
    arg 1: 0x0000000000000401
~~2120~~ ntdll.dll!RtlHashUnicodeString
    arg -1: 0x0000000000000000 (name=retval, type=void, size=0x8)
~~2120~~ ntdll.dll!RtlFindActivationContextSectionString
    arg -1: 0x00000000c0150008 (name=retval, type=void, size=0x8)
~~2120~~ ntdll.dll!memset
    arg 0: 0x00000096462fe8e0
    arg 1: 0x0000000000000000
~~2120~~ ntdll.dll!memset
    arg -1: 0x00000096462fe8e0 (name=retval, type=void, size=0x8)
~~2120~~ ntdll.dll!RtlDosApplyFileIsolationRedirection_Ustr
    arg -1: 0x00000000c0150008 (name=retval, type=void, size=0x8)
~~2120~~ ntdll.dll!memmove
    arg 0: 0x00000096462fed30
    arg 1: 0x00000096462fee40
~~2120~~ ntdll.dll!memmove
    arg -1: 0x00000096462fed30 (name=retval, type=void, size=0x8)
~~2120~~ ntdll.dll!RtlAcquireSRWLockExclusive
    arg 0: 0x00007ffa2a49d280
    arg 1: 0x0000000000000000
~~2120~~ ntdll.dll!RtlAcquireSRWLockExclusive
    arg -1: 0x000000000000004c (name=retval, type=void, size=0x8)
~~2120~~ ntdll.dll!RtlEqualUnicodeString
    arg 0: 0x00000096462fed20
    arg 1: 0x0000024ef16e0298
~~2120~~ ntdll.dll!RtlEqualUnicodeString
    arg -1: 0x00000096462fed01 (name=retval, type=void, size=0x8)
~~2120~~ ntdll.dll!RtlReleaseSRWLockExclusive
    arg 0: 0x00007ffa2a49d280
    arg 1: 0x0000000000000009
~~2120~~ ntdll.dll!RtlReleaseSRWLockExclusive
    arg -1: 0x0000000000000001 (name=retval, type=void, size=0x8)
~~2120~~ ntdll.dll!RtlGetCurrentServiceSessionId
    arg 0: 0x00007ffa2a49d280
    arg 1: 0x0000000000000000
~~2120~~ ntdll.dll!RtlGetCurrentServiceSessionId
    arg -1: 0x0000000000000000 (name=retval, type=void, size=0x8)
~~2120~~ ntdll.dll!RtlAcquireSRWLockExclusive
    arg 0: 0x00007ffa2a49d280
    arg 1: 0x0000000000000000
~~2120~~ ntdll.dll!RtlAcquireSRWLockExclusive
    arg -1: 0x0000000000000000 (name=retval, type=void, size=0x8)
~~2120~~ ntdll.dll!RtlAcquireSRWLockExclusive
    arg 0: 0x00007ffa2a49d280
    arg 1: 0x0000000000000000
~~2120~~ ntdll.dll!RtlAcquireSRWLockExclusive
    arg -1: 0x0000000000000001 (name=retval, type=void, size=0x8)
~~2120~~ ntdll.dll!RtlDeactivateActivationContextUnsafeFast
    arg 0: 0x00000096462febf0
    arg 1: 0x0000000000000003
~~2120~~ ntdll.dll!RtlDeactivateActivationContextUnsafeFast
    arg -1: 0x00007ffa2a3494c0 (name=retval, type=void, size=0x8)
~~2120~~ ntdll.dll!RtlAnsiStringToUnicodeString
    arg 0: 0x00000096462feb38
    arg 1: 0x00000096462fefc0
~~2120~~ ntdll.dll!RtlAnsiStringToUnicodeString
    arg -1: 0x0000000000000000 (name=retval, type=void, size=0x8)
~~2120~~ ntdll.dll!RtlCompareUnicodeStrings
    arg 0: 0x00000096462fee40
    arg 1: 0x000000000000001c
~~2120~~ ntdll.dll!RtlCompareUnicodeStrings
    arg -1: 0x0000000000000000 (name=retval, type=void, size=0x8)
~~2120~~ ntdll.dll!memmove
    arg 0: 0x00000096462fed30
    arg 1: 0x000000007ffe0030
~~2120~~ ntdll.dll!memmove
    arg -1: 0x00000096462fed30 (name=retval, type=void, size=0x8)
~~2120~~ ntdll.dll!memmove
    arg 0: 0x00000096462fed58
    arg 1: 0x0000024ef1515a98
~~2120~~ ntdll.dll!memmove
    arg -1: 0x00000096462fed58 (name=retval, type=void, size=0x8)
~~2120~~ ntdll.dll!RtlAcquireSRWLockExclusive
    arg 0: 0x00007ffa2a49d280
    arg 1: 0x00000096462fed74
~~2120~~ ntdll.dll!RtlAcquireSRWLockExclusive
    arg -1: 0x0000000000000000 (name=retval, type=void, size=0x8)
~~2120~~ ntdll.dll!RtlGetCurrentServiceSessionId
    arg 0: 0x00000096462feab4
    arg 1: 0x00000096462fed74
~~2120~~ ntdll.dll!RtlGetCurrentServiceSessionId
    arg -1: 0x0000000000000000 (name=retval, type=void, size=0x8)
~~2120~~ ntdll.dll!RtlAcquireSRWLockExclusive
    arg 0: 0x00007ffa2a49d280
    arg 1: 0x00000096462fed74
~~2120~~ ntdll.dll!RtlAcquireSRWLockExclusive
    arg -1: 0x0000000000000000 (name=retval, type=void, size=0x8)
~~2120~~ ntdll.dll!RtlAcquireSRWLockExclusive
    arg 0: 0x00007ffa2a49d280
    arg 1: 0x00000096462fed74
~~2120~~ ntdll.dll!RtlAcquireSRWLockExclusive
    arg -1: 0x0000000000000001 (name=retval, type=void, size=0x8)
~~2120~~ ntdll.dll!RtlDeactivateActivationContextUnsafeFast
    arg 0: 0x00000096462febf0
    arg 1: 0x00000000ffffffff
~~2120~~ ntdll.dll!RtlDeactivateActivationContextUnsafeFast
    arg -1: 0x00007ffa2a3494c0 (name=retval, type=void, size=0x8)
~~2120~~ ntdll.dll!RtlAnsiStringToUnicodeString
    arg 0: 0x00000096462feb38
    arg 1: 0x00000096462fefc0
~~2120~~ ntdll.dll!RtlAnsiStringToUnicodeString
    arg -1: 0x0000000000000000 (name=retval, type=void, size=0x8)
~~2120~~ ntdll.dll!RtlCompareUnicodeStrings
    arg 0: 0x00000096462fee40
    arg 1: 0x000000000000001c
~~2120~~ ntdll.dll!RtlCompareUnicodeStrings
    arg -1: 0x0000000000000000 (name=retval, type=void, size=0x8)
~~2120~~ ntdll.dll!memmove
    arg 0: 0x00000096462fed30
    arg 1: 0x000000007ffe0030
~~2120~~ ntdll.dll!memmove
    arg -1: 0x00000096462fed30 (name=retval, type=void, size=0x8)
~~2120~~ ntdll.dll!memmove
    arg 0: 0x00000096462fed58
    arg 1: 0x0000024ef1515a98
~~2120~~ ntdll.dll!memmove
    arg -1: 0x00000096462fed58 (name=retval, type=void, size=0x8)
~~2120~~ ntdll.dll!RtlAcquireSRWLockExclusive
    arg 0: 0x00007ffa2a49d280
    arg 1: 0x00000096462fed74
~~2120~~ ntdll.dll!RtlAcquireSRWLockExclusive
    arg -1: 0x0000000000000000 (name=retval, type=void, size=0x8)
~~2120~~ ntdll.dll!RtlGetCurrentServiceSessionId
    arg 0: 0x00000096462feab4
    arg 1: 0x00000096462fed74
~~2120~~ ntdll.dll!RtlGetCurrentServiceSessionId
    arg -1: 0x0000000000000000 (name=retval, type=void, size=0x8)
~~2120~~ ntdll.dll!RtlAcquireSRWLockExclusive
    arg 0: 0x00007ffa2a49d280
    arg 1: 0x00000096462fed74
~~2120~~ ntdll.dll!RtlAcquireSRWLockExclusive
    arg -1: 0x0000000000000000 (name=retval, type=void, size=0x8)
~~2120~~ ntdll.dll!RtlAcquireSRWLockExclusive
    arg 0: 0x00007ffa2a49d280
    arg 1: 0x00000096462fed74
~~2120~~ ntdll.dll!RtlAcquireSRWLockExclusive
    arg -1: 0x0000000000000001 (name=retval, type=void, size=0x8)
~~2120~~ ntdll.dll!RtlDeactivateActivationContextUnsafeFast
    arg 0: 0x00000096462febf0
    arg 1: 0x00000000ffffffff
~~2120~~ ntdll.dll!RtlDeactivateActivationContextUnsafeFast
    arg -1: 0x00007ffa2a3494c0 (name=retval, type=void, size=0x8)
~~2120~~ ntdll.dll!RtlAnsiStringToUnicodeString
    arg 0: 0x00000096462feb38
    arg 1: 0x00000096462fefc0
~~2120~~ ntdll.dll!RtlAnsiStringToUnicodeString
    arg -1: 0x0000000000000000 (name=retval, type=void, size=0x8)
~~2120~~ ntdll.dll!RtlCompareUnicodeStrings
    arg 0: 0x00000096462fee40
    arg 1: 0x000000000000001d
~~2120~~ ntdll.dll!RtlCompareUnicodeStrings
    arg -1: 0x0000000000000000 (name=retval, type=void, size=0x8)
~~2120~~ ntdll.dll!memmove
    arg 0: 0x00000096462fed30
    arg 1: 0x000000007ffe0030
~~2120~~ ntdll.dll!memmove
    arg -1: 0x00000096462fed30 (name=retval, type=void, size=0x8)
~~2120~~ ntdll.dll!memmove
    arg 0: 0x00000096462fed58
    arg 1: 0x0000024ef1515a98
~~2120~~ ntdll.dll!memmove
    arg -1: 0x00000096462fed58 (name=retval, type=void, size=0x8)
~~2120~~ ntdll.dll!RtlAcquireSRWLockExclusive
    arg 0: 0x00007ffa2a49d280
    arg 1: 0x00000096462fed74
~~2120~~ ntdll.dll!RtlAcquireSRWLockExclusive
    arg -1: 0x0000000000000000 (name=retval, type=void, size=0x8)
~~2120~~ ntdll.dll!RtlGetCurrentServiceSessionId
    arg 0: 0x00000096462feab4
    arg 1: 0x00000096462fed74
~~2120~~ ntdll.dll!RtlGetCurrentServiceSessionId
    arg -1: 0x0000000000000000 (name=retval, type=void, size=0x8)
~~2120~~ ntdll.dll!RtlAcquireSRWLockExclusive
    arg 0: 0x00007ffa2a49d280
    arg 1: 0x00000096462fed74
~~2120~~ ntdll.dll!RtlAcquireSRWLockExclusive
    arg -1: 0x0000000000000000 (name=retval, type=void, size=0x8)
~~2120~~ ntdll.dll!RtlAcquireSRWLockExclusive
    arg 0: 0x00007ffa2a49d280
    arg 1: 0x00000096462fed74
~~2120~~ ntdll.dll!RtlAcquireSRWLockExclusive
    arg -1: 0x0000000000000001 (name=retval, type=void, size=0x8)
~~2120~~ ntdll.dll!RtlDeactivateActivationContextUnsafeFast
    arg 0: 0x00000096462febf0
    arg 1: 0x00000000ffffffff
~~2120~~ ntdll.dll!RtlDeactivateActivationContextUnsafeFast
    arg -1: 0x00007ffa2a3494c0 (name=retval, type=void, size=0x8)
~~2120~~ ntdll.dll!RtlAnsiStringToUnicodeString
    arg 0: 0x00000096462feb38
    arg 1: 0x00000096462fefc0
~~2120~~ ntdll.dll!RtlAnsiStringToUnicodeString
    arg -1: 0x0000000000000000 (name=retval, type=void, size=0x8)
~~2120~~ ntdll.dll!RtlCompareUnicodeStrings
    arg 0: 0x00000096462fee40
    arg 1: 0x000000000000001d
~~2120~~ ntdll.dll!RtlCompareUnicodeStrings
    arg -1: 0x0000000000000000 (name=retval, type=void, size=0x8)
~~2120~~ ntdll.dll!memmove
    arg 0: 0x00000096462fed30
    arg 1: 0x000000007ffe0030
~~2120~~ ntdll.dll!memmove
    arg -1: 0x00000096462fed30 (name=retval, type=void, size=0x8)
~~2120~~ ntdll.dll!memmove
    arg 0: 0x00000096462fed58
    arg 1: 0x0000024ef1515a30
~~2120~~ ntdll.dll!memmove
    arg -1: 0x00000096462fed58 (name=retval, type=void, size=0x8)
~~2120~~ ntdll.dll!RtlAcquireSRWLockExclusive
    arg 0: 0x00007ffa2a49d280
    arg 1: 0x00000096462fed6a
~~2120~~ ntdll.dll!RtlAcquireSRWLockExclusive
    arg -1: 0x0000000000000000 (name=retval, type=void, size=0x8)
~~2120~~ ntdll.dll!RtlGetCurrentServiceSessionId
    arg 0: 0x00000096462feab4
    arg 1: 0x00000096462fed6a
~~2120~~ ntdll.dll!RtlGetCurrentServiceSessionId
    arg -1: 0x0000000000000000 (name=retval, type=void, size=0x8)
~~2120~~ ntdll.dll!RtlAcquireSRWLockExclusive
    arg 0: 0x00007ffa2a49d280
    arg 1: 0x00000096462fed6a
~~2120~~ ntdll.dll!RtlAcquireSRWLockExclusive
    arg -1: 0x0000000000000000 (name=retval, type=void, size=0x8)
~~2120~~ ntdll.dll!RtlAcquireSRWLockExclusive
    arg 0: 0x00007ffa2a49d280
    arg 1: 0x00000096462fed6a
~~2120~~ ntdll.dll!RtlAcquireSRWLockExclusive
    arg -1: 0x0000000000000001 (name=retval, type=void, size=0x8)
~~2120~~ ntdll.dll!RtlDeactivateActivationContextUnsafeFast
    arg 0: 0x00000096462febf0
    arg 1: 0x00000000ffffffff
~~2120~~ ntdll.dll!RtlDeactivateActivationContextUnsafeFast
    arg -1: 0x00007ffa2a3494c0 (name=retval, type=void, size=0x8)
~~2120~~ ntdll.dll!RtlAnsiStringToUnicodeString
    arg 0: 0x00000096462feb38
    arg 1: 0x00000096462fefc0
~~2120~~ ntdll.dll!RtlAnsiStringToUnicodeString
    arg -1: 0x0000000000000000 (name=retval, type=void, size=0x8)
~~2120~~ ntdll.dll!RtlCompareUnicodeStrings
    arg 0: 0x00000096462fee40
    arg 1: 0x0000000000000022
~~2120~~ ntdll.dll!RtlCompareUnicodeStrings
    arg -1: 0x0000000000000000 (name=retval, type=void, size=0x8)
~~2120~~ ntdll.dll!memmove
    arg 0: 0x00000096462fed30
    arg 1: 0x000000007ffe0030
~~2120~~ ntdll.dll!memmove
    arg -1: 0x00000096462fed30 (name=retval, type=void, size=0x8)
~~2120~~ ntdll.dll!memmove
    arg 0: 0x00000096462fed58
    arg 1: 0x0000024ef1515a98
~~2120~~ ntdll.dll!memmove
    arg -1: 0x00000096462fed58 (name=retval, type=void, size=0x8)
~~2120~~ ntdll.dll!RtlAcquireSRWLockExclusive
    arg 0: 0x00007ffa2a49d280
    arg 1: 0x00000096462fed74
~~2120~~ ntdll.dll!RtlAcquireSRWLockExclusive
    arg -1: 0x0000000000000000 (name=retval, type=void, size=0x8)
~~2120~~ ntdll.dll!RtlGetCurrentServiceSessionId
    arg 0: 0x00000096462feab4
    arg 1: 0x00000096462fed74
~~2120~~ ntdll.dll!RtlGetCurrentServiceSessionId
    arg -1: 0x0000000000000000 (name=retval, type=void, size=0x8)
~~2120~~ ntdll.dll!RtlAcquireSRWLockExclusive
    arg 0: 0x00007ffa2a49d280
    arg 1: 0x00000096462fed74
~~2120~~ ntdll.dll!RtlAcquireSRWLockExclusive
    arg -1: 0x0000000000000000 (name=retval, type=void, size=0x8)
~~2120~~ ntdll.dll!RtlAcquireSRWLockExclusive
    arg 0: 0x00007ffa2a49d280
    arg 1: 0x00000096462fed74
~~2120~~ ntdll.dll!RtlAcquireSRWLockExclusive
    arg -1: 0x0000000000000001 (name=retval, type=void, size=0x8)
~~2120~~ ntdll.dll!RtlDeactivateActivationContextUnsafeFast
    arg 0: 0x00000096462febf0
    arg 1: 0x00000000ffffffff
~~2120~~ ntdll.dll!RtlDeactivateActivationContextUnsafeFast
    arg -1: 0x00007ffa2a3494c0 (name=retval, type=void, size=0x8)
~~2120~~ ntdll.dll!RtlAnsiStringToUnicodeString
    arg 0: 0x00000096462feb38
    arg 1: 0x00000096462fefc0
~~2120~~ ntdll.dll!RtlAnsiStringToUnicodeString
    arg -1: 0x0000000000000000 (name=retval, type=void, size=0x8)
~~2120~~ ntdll.dll!RtlCompareUnicodeStrings
    arg 0: 0x00000096462fee40
    arg 1: 0x0000000000000019
~~2120~~ ntdll.dll!RtlCompareUnicodeStrings
    arg -1: 0x0000000000000000 (name=retval, type=void, size=0x8)
~~2120~~ ntdll.dll!memmove
    arg 0: 0x00000096462fed30
    arg 1: 0x000000007ffe0030
~~2120~~ ntdll.dll!memmove
    arg -1: 0x00000096462fed30 (name=retval, type=void, size=0x8)
~~2120~~ ntdll.dll!memmove
    arg 0: 0x00000096462fed58
    arg 1: 0x0000024ef1515a98
~~2120~~ ntdll.dll!memmove
    arg -1: 0x00000096462fed58 (name=retval, type=void, size=0x8)
~~2120~~ ntdll.dll!RtlAcquireSRWLockExclusive
    arg 0: 0x00007ffa2a49d280
    arg 1: 0x00000096462fed74
~~2120~~ ntdll.dll!RtlAcquireSRWLockExclusive
    arg -1: 0x0000000000000000 (name=retval, type=void, size=0x8)
~~2120~~ ntdll.dll!RtlGetCurrentServiceSessionId
    arg 0: 0x00000096462feab4
    arg 1: 0x00000096462fed74
~~2120~~ ntdll.dll!RtlGetCurrentServiceSessionId
    arg -1: 0x0000000000000000 (name=retval, type=void, size=0x8)
~~2120~~ ntdll.dll!RtlAcquireSRWLockExclusive
    arg 0: 0x00007ffa2a49d280
    arg 1: 0x00000096462fed74
~~2120~~ ntdll.dll!RtlAcquireSRWLockExclusive
    arg -1: 0x0000000000000000 (name=retval, type=void, size=0x8)
~~2120~~ ntdll.dll!RtlAcquireSRWLockExclusive
    arg 0: 0x00007ffa2a49d280
    arg 1: 0x00000096462fed74
~~2120~~ ntdll.dll!RtlAcquireSRWLockExclusive
    arg -1: 0x0000000000000001 (name=retval, type=void, size=0x8)
~~2120~~ ntdll.dll!RtlDeactivateActivationContextUnsafeFast
    arg 0: 0x00000096462febf0
    arg 1: 0x00000000ffffffff
~~2120~~ ntdll.dll!RtlDeactivateActivationContextUnsafeFast
    arg -1: 0x00007ffa2a3494c0 (name=retval, type=void, size=0x8)
~~2120~~ ntdll.dll!RtlAnsiStringToUnicodeString
    arg 0: 0x00000096462feb38
    arg 1: 0x00000096462fefc0
~~2120~~ ntdll.dll!RtlAnsiStringToUnicodeString
    arg -1: 0x0000000000000000 (name=retval, type=void, size=0x8)
~~2120~~ ntdll.dll!RtlCompareUnicodeStrings
    arg 0: 0x00000096462fee40
    arg 1: 0x000000000000001a
~~2120~~ ntdll.dll!RtlCompareUnicodeStrings
    arg -1: 0x0000000000000000 (name=retval, type=void, size=0x8)
~~2120~~ ntdll.dll!memmove
    arg 0: 0x00000096462fed30
    arg 1: 0x000000007ffe0030
~~2120~~ ntdll.dll!memmove
    arg -1: 0x00000096462fed30 (name=retval, type=void, size=0x8)
~~2120~~ ntdll.dll!memmove
    arg 0: 0x00000096462fed58
    arg 1: 0x0000024ef1515a98
~~2120~~ ntdll.dll!memmove
    arg -1: 0x00000096462fed58 (name=retval, type=void, size=0x8)
~~2120~~ ntdll.dll!RtlAcquireSRWLockExclusive
    arg 0: 0x00007ffa2a49d280
    arg 1: 0x00000096462fed74
~~2120~~ ntdll.dll!RtlAcquireSRWLockExclusive
    arg -1: 0x0000000000000000 (name=retval, type=void, size=0x8)
~~2120~~ ntdll.dll!RtlGetCurrentServiceSessionId
    arg 0: 0x00000096462feab4
    arg 1: 0x00000096462fed74
~~2120~~ ntdll.dll!RtlGetCurrentServiceSessionId
    arg -1: 0x0000000000000000 (name=retval, type=void, size=0x8)
~~2120~~ ntdll.dll!RtlAcquireSRWLockExclusive
    arg 0: 0x00007ffa2a49d280
    arg 1: 0x00000096462fed74
~~2120~~ ntdll.dll!RtlAcquireSRWLockExclusive
    arg -1: 0x0000000000000000 (name=retval, type=void, size=0x8)
~~2120~~ ntdll.dll!RtlAcquireSRWLockExclusive
    arg 0: 0x00007ffa2a49d280
    arg 1: 0x00000096462fed74
~~2120~~ ntdll.dll!RtlAcquireSRWLockExclusive
    arg -1: 0x0000000000000001 (name=retval, type=void, size=0x8)
~~2120~~ ntdll.dll!RtlDeactivateActivationContextUnsafeFast
    arg 0: 0x00000096462febf0
    arg 1: 0x00000000ffffffff
~~2120~~ ntdll.dll!RtlDeactivateActivationContextUnsafeFast
    arg -1: 0x00007ffa2a3494c0 (name=retval, type=void, size=0x8)
~~2120~~ ntdll.dll!RtlAnsiStringToUnicodeString
    arg 0: 0x00000096462feb38
    arg 1: 0x00000096462fefc0
~~2120~~ ntdll.dll!RtlAnsiStringToUnicodeString
    arg -1: 0x0000000000000000 (name=retval, type=void, size=0x8)
~~2120~~ ntdll.dll!RtlCompareUnicodeStrings
    arg 0: 0x00000096462fee40
    arg 1: 0x000000000000001b
~~2120~~ ntdll.dll!RtlCompareUnicodeStrings
    arg -1: 0x0000000000000000 (name=retval, type=void, size=0x8)
~~2120~~ ntdll.dll!memmove
    arg 0: 0x00000096462fed30
    arg 1: 0x000000007ffe0030
~~2120~~ ntdll.dll!memmove
    arg -1: 0x00000096462fed30 (name=retval, type=void, size=0x8)
~~2120~~ ntdll.dll!memmove
    arg 0: 0x00000096462fed58
    arg 1: 0x0000024ef1515a98
~~2120~~ ntdll.dll!memmove
    arg -1: 0x00000096462fed58 (name=retval, type=void, size=0x8)
~~2120~~ ntdll.dll!RtlAcquireSRWLockExclusive
    arg 0: 0x00007ffa2a49d280
    arg 1: 0x00000096462fed74
~~2120~~ ntdll.dll!RtlAcquireSRWLockExclusive
    arg -1: 0x0000000000000000 (name=retval, type=void, size=0x8)
~~2120~~ ntdll.dll!RtlGetCurrentServiceSessionId
    arg 0: 0x00000096462feab4
    arg 1: 0x00000096462fed74
~~2120~~ ntdll.dll!RtlGetCurrentServiceSessionId
    arg -1: 0x0000000000000000 (name=retval, type=void, size=0x8)
~~2120~~ ntdll.dll!RtlAcquireSRWLockExclusive
    arg 0: 0x00007ffa2a49d280
    arg 1: 0x00000096462fed74
~~2120~~ ntdll.dll!RtlAcquireSRWLockExclusive
    arg -1: 0x0000000000000000 (name=retval, type=void, size=0x8)
~~2120~~ ntdll.dll!RtlAcquireSRWLockExclusive
    arg 0: 0x00007ffa2a49d280
    arg 1: 0x00000096462fed74
~~2120~~ ntdll.dll!RtlAcquireSRWLockExclusive
    arg -1: 0x0000000000000001 (name=retval, type=void, size=0x8)
~~2120~~ ntdll.dll!RtlDeactivateActivationContextUnsafeFast
    arg 0: 0x00000096462febf0
    arg 1: 0x00000000ffffffff
~~2120~~ ntdll.dll!RtlDeactivateActivationContextUnsafeFast
    arg -1: 0x00007ffa2a3494c0 (name=retval, type=void, size=0x8)
~~2120~~ ntdll.dll!RtlAnsiStringToUnicodeString
    arg 0: 0x00000096462feb38
    arg 1: 0x00000096462fefc0
~~2120~~ ntdll.dll!RtlAnsiStringToUnicodeString
    arg -1: 0x0000000000000000 (name=retval, type=void, size=0x8)
~~2120~~ ntdll.dll!RtlCompareUnicodeStrings
    arg 0: 0x00000096462fee40
    arg 1: 0x0000000000000019
~~2120~~ ntdll.dll!RtlCompareUnicodeStrings
    arg -1: 0x0000000000000000 (name=retval, type=void, size=0x8)
~~2120~~ ntdll.dll!memmove
    arg 0: 0x00000096462fed30
    arg 1: 0x000000007ffe0030
~~2120~~ ntdll.dll!memmove
    arg -1: 0x00000096462fed30 (name=retval, type=void, size=0x8)
~~2120~~ ntdll.dll!memmove
    arg 0: 0x00000096462fed58
    arg 1: 0x0000024ef1515a98
~~2120~~ ntdll.dll!memmove
    arg -1: 0x00000096462fed58 (name=retval, type=void, size=0x8)
~~2120~~ ntdll.dll!RtlAcquireSRWLockExclusive
    arg 0: 0x00007ffa2a49d280
    arg 1: 0x00000096462fed74
~~2120~~ ntdll.dll!RtlAcquireSRWLockExclusive
    arg -1: 0x0000000000000000 (name=retval, type=void, size=0x8)
~~2120~~ ntdll.dll!RtlGetCurrentServiceSessionId
    arg 0: 0x00000096462feab4
    arg 1: 0x00000096462fed74
~~2120~~ ntdll.dll!RtlGetCurrentServiceSessionId
    arg -1: 0x0000000000000000 (name=retval, type=void, size=0x8)
~~2120~~ ntdll.dll!RtlAcquireSRWLockExclusive
    arg 0: 0x00007ffa2a49d280
    arg 1: 0x00000096462fed74
~~2120~~ ntdll.dll!RtlAcquireSRWLockExclusive
    arg -1: 0x0000000000000000 (name=retval, type=void, size=0x8)
~~2120~~ ntdll.dll!RtlAcquireSRWLockExclusive
    arg 0: 0x00007ffa2a49d280
    arg 1: 0x00000096462fed74
~~2120~~ ntdll.dll!RtlAcquireSRWLockExclusive
    arg -1: 0x0000000000000001 (name=retval, type=void, size=0x8)
~~2120~~ ntdll.dll!RtlDeactivateActivationContextUnsafeFast
    arg 0: 0x00000096462febf0
    arg 1: 0x00000000ffffffff
~~2120~~ ntdll.dll!RtlDeactivateActivationContextUnsafeFast
    arg -1: 0x00007ffa2a3494c0 (name=retval, type=void, size=0x8)
~~2120~~ ntdll.dll!RtlFreeHeap
    arg 0: 0x0000024ef16d0000
    arg 1: 0x0000000000000000
~~2120~~ ntdll.dll!RtlGetCurrentServiceSessionId
    arg 0: 0x0000024ef16ef390
    arg 1: 0x0000000000000023
~~2120~~ ntdll.dll!RtlGetCurrentServiceSessionId
    arg -1: 0x0000000000000000 (name=retval, type=void, size=0x8)
~~2120~~ ntdll.dll!RtlFreeHeap
    arg -1: 0x0000000000000001 (name=retval, type=void, size=0x8)
~~2120~~ ntdll.dll!RtlAcquireSRWLockExclusive
    arg 0: 0x00007ffa2a49d280
    arg 1: 0x0000024ef16d0000
~~2120~~ ntdll.dll!RtlAcquireSRWLockExclusive
    arg -1: 0x0000000000000001 (name=retval, type=void, size=0x8)
~~2120~~ ntdll.dll!RtlReleaseSRWLockExclusive
    arg 0: 0x00007ffa2a49d280
    arg 1: 0x0000024ef16d0000
~~2120~~ ntdll.dll!RtlReleaseSRWLockExclusive
    arg -1: 0x0000000000000001 (name=retval, type=void, size=0x8)
~~2120~~ ntdll.dll!RtlImageNtHeaderEx
    arg 0: 0x0000000000000001
    arg 1: 0x00007ffa2a330000
~~2120~~ ntdll.dll!RtlImageNtHeaderEx
    arg -1: 0x0000000000000000 (name=retval, type=void, size=0x8)
~~2120~~ ntdll.dll!RtlImageNtHeaderEx
    arg 0: 0x0000000000000001
    arg 1: 0x00007ffa27fc0000
~~2120~~ ntdll.dll!RtlImageNtHeaderEx
    arg -1: 0x0000000000000000 (name=retval, type=void, size=0x8)
~~2120~~ ntdll.dll!strrchr
    arg 0: 0x00007ffa2826b778
    arg 1: 0x000000000000002e
~~2120~~ ntdll.dll!strrchr
    arg -1: 0x00007ffa2826b77d (name=retval, type=void, size=0x8)
~~2120~~ ntdll.dll!RtlImageNtHeaderEx
    arg 0: 0x0000000000000001
    arg 1: 0x00007ffa2a330000
~~2120~~ ntdll.dll!RtlImageNtHeaderEx
    arg -1: 0x0000000000000000 (name=retval, type=void, size=0x8)
~~2120~~ ntdll.dll!LdrControlFlowGuardEnforced
    arg 0: 0x00007ffa2a370160
    arg 1: 0x0000000000000534
~~2120~~ ntdll.dll!LdrControlFlowGuardEnforced
    arg -1: 0x0000000000000000 (name=retval, type=void, size=0x8)
~~2120~~ ntdll.dll!RtlImageNtHeaderEx
    arg 0: 0x0000000000000001
    arg 1: 0x00007ffa28da0000
~~2120~~ ntdll.dll!RtlImageNtHeaderEx
    arg -1: 0x0000000000000000 (name=retval, type=void, size=0x8)
~~2120~~ ntdll.dll!strrchr
    arg 0: 0x00007ffa28e4693c
    arg 1: 0x000000000000002e
~~2120~~ ntdll.dll!strrchr
    arg -1: 0x00007ffa28e46961 (name=retval, type=void, size=0x8)
~~2120~~ ntdll.dll!RtlAnsiStringToUnicodeString
    arg 0: 0x00000096462fe9a8
    arg 1: 0x00000096462fee48
~~2120~~ ntdll.dll!RtlAnsiStringToUnicodeString
    arg -1: 0x0000000000000000 (name=retval, type=void, size=0x8)
~~2120~~ ntdll.dll!RtlCompareUnicodeStrings
    arg 0: 0x00000096462fecb0
    arg 1: 0x0000000000000023
~~2120~~ ntdll.dll!RtlCompareUnicodeStrings
    arg -1: 0x0000000000000000 (name=retval, type=void, size=0x8)
~~2120~~ ntdll.dll!RtlCompareUnicodeStrings
    arg 0: 0x0000024ef16d5cb8
    arg 1: 0x000000000000000c
~~2120~~ ntdll.dll!RtlCompareUnicodeStrings
    arg -1: 0x0000000000000000 (name=retval, type=void, size=0x8)
~~2120~~ ntdll.dll!memmove
    arg 0: 0x00000096462feba0
    arg 1: 0x000000007ffe0030
~~2120~~ ntdll.dll!memmove
    arg -1: 0x00000096462feba0 (name=retval, type=void, size=0x8)
~~2120~~ ntdll.dll!memmove
    arg 0: 0x00000096462febc8
    arg 1: 0x0000024ef1515a98
~~2120~~ ntdll.dll!memmove
    arg -1: 0x00000096462febc8 (name=retval, type=void, size=0x8)
~~2120~~ ntdll.dll!RtlAllocateHeap
    arg 0: 0x0000024ef16d0000
    arg 1: 0x0000000000280000
~~2120~~ ntdll.dll!RtlAllocateHeap
    arg -1: 0x0000024ef16ef100 (name=retval, type=void, size=0x8)
~~2120~~ ntdll.dll!RtlAcquireSRWLockExclusive
    arg 0: 0x00007ffa2a49d280
    arg 1: 0x00000096462febe4
~~2120~~ ntdll.dll!RtlAcquireSRWLockExclusive
    arg -1: 0x0000000000000000 (name=retval, type=void, size=0x8)
~~2120~~ ntdll.dll!RtlGetCurrentServiceSessionId
    arg 0: 0x00000096462fe924
    arg 1: 0x00000096462febe4
~~2120~~ ntdll.dll!RtlGetCurrentServiceSessionId
    arg -1: 0x0000000000000000 (name=retval, type=void, size=0x8)
~~2120~~ ntdll.dll!RtlAcquireSRWLockExclusive
    arg 0: 0x00007ffa2a49d280
    arg 1: 0x00000096462febe4
~~2120~~ ntdll.dll!RtlAcquireSRWLockExclusive
    arg -1: 0x0000000000000000 (name=retval, type=void, size=0x8)
~~2120~~ ntdll.dll!RtlAcquireSRWLockExclusive
    arg 0: 0x00007ffa2a49d280
    arg 1: 0x00000096462febe4
~~2120~~ ntdll.dll!RtlAcquireSRWLockExclusive
    arg -1: 0x0000000000000001 (name=retval, type=void, size=0x8)
~~2120~~ ntdll.dll!RtlDeactivateActivationContextUnsafeFast
    arg 0: 0x00000096462fea60
    arg 1: 0x00000000ffffffff
~~2120~~ ntdll.dll!RtlDeactivateActivationContextUnsafeFast
    arg -1: 0x00007ffa2a3494c0 (name=retval, type=void, size=0x8)
~~2120~~ ntdll.dll!RtlImageNtHeaderEx
    arg 0: 0x0000000000000001
    arg 1: 0x00007ffa27fc0000
~~2120~~ ntdll.dll!RtlImageNtHeaderEx
    arg -1: 0x0000000000000000 (name=retval, type=void, size=0x8)
~~2120~~ ntdll.dll!LdrControlFlowGuardEnforced
    arg 0: 0x00007ffa28039150
    arg 1: 0x0000000000000370
~~2120~~ ntdll.dll!LdrControlFlowGuardEnforced
    arg -1: 0x0000000000000000 (name=retval, type=void, size=0x8)
~~2120~~ ntdll.dll!RtlFreeHeap
    arg 0: 0x0000024ef16d0000
    arg 1: 0x0000000000000000
~~2120~~ ntdll.dll!RtlGetCurrentServiceSessionId
    arg 0: 0x0000024ef16ef0f0
    arg 1: 0x0000000000000015
~~2120~~ ntdll.dll!RtlGetCurrentServiceSessionId
    arg -1: 0x0000000000000000 (name=retval, type=void, size=0x8)
~~2120~~ ntdll.dll!RtlFreeHeap
    arg -1: 0x0000000000000001 (name=retval, type=void, size=0x8)
~~2120~~ ntdll.dll!strrchr
    arg 0: 0x00007ffa28e4a652
    arg 1: 0x000000000000002e
~~2120~~ ntdll.dll!strrchr
    arg -1: 0x00007ffa28e4a677 (name=retval, type=void, size=0x8)
~~2120~~ ntdll.dll!RtlAnsiStringToUnicodeString
    arg 0: 0x00000096462fe9a8
    arg 1: 0x00000096462fee48
~~2120~~ ntdll.dll!RtlAnsiStringToUnicodeString
    arg -1: 0x0000000000000000 (name=retval, type=void, size=0x8)
~~2120~~ ntdll.dll!RtlCompareUnicodeStrings
    arg 0: 0x00000096462fecb0
    arg 1: 0x0000000000000023
~~2120~~ ntdll.dll!RtlCompareUnicodeStrings
    arg -1: 0x0000000000000000 (name=retval, type=void, size=0x8)
~~2120~~ ntdll.dll!RtlCompareUnicodeStrings
    arg 0: 0x0000024ef16d5cb8
    arg 1: 0x000000000000000c
~~2120~~ ntdll.dll!RtlCompareUnicodeStrings
    arg -1: 0x0000000000000000 (name=retval, type=void, size=0x8)
~~2120~~ ntdll.dll!memmove
    arg 0: 0x00000096462feba0
    arg 1: 0x000000007ffe0030
~~2120~~ ntdll.dll!memmove
    arg -1: 0x00000096462feba0 (name=retval, type=void, size=0x8)
~~2120~~ ntdll.dll!memmove
    arg 0: 0x00000096462febc8
    arg 1: 0x0000024ef1515a98
~~2120~~ ntdll.dll!memmove
    arg -1: 0x00000096462febc8 (name=retval, type=void, size=0x8)
~~2120~~ ntdll.dll!RtlAllocateHeap
    arg 0: 0x0000024ef16d0000
    arg 1: 0x0000000000280000
~~2120~~ ntdll.dll!RtlAllocateHeap
    arg -1: 0x0000024ef16ef1f0 (name=retval, type=void, size=0x8)
~~2120~~ ntdll.dll!RtlAcquireSRWLockExclusive
    arg 0: 0x00007ffa2a49d280
    arg 1: 0x00000096462febe4
~~2120~~ ntdll.dll!RtlAcquireSRWLockExclusive
    arg -1: 0x0000000000000000 (name=retval, type=void, size=0x8)
~~2120~~ ntdll.dll!RtlGetCurrentServiceSessionId
    arg 0: 0x00000096462fe924
    arg 1: 0x00000096462febe4
~~2120~~ ntdll.dll!RtlGetCurrentServiceSessionId
    arg -1: 0x0000000000000000 (name=retval, type=void, size=0x8)
~~2120~~ ntdll.dll!RtlAcquireSRWLockExclusive
    arg 0: 0x00007ffa2a49d280
    arg 1: 0x00000096462febe4
~~2120~~ ntdll.dll!RtlAcquireSRWLockExclusive
    arg -1: 0x0000000000000000 (name=retval, type=void, size=0x8)
~~2120~~ ntdll.dll!RtlAcquireSRWLockExclusive
    arg 0: 0x00007ffa2a49d280
    arg 1: 0x00000096462febe4
~~2120~~ ntdll.dll!RtlAcquireSRWLockExclusive
    arg -1: 0x0000000000000001 (name=retval, type=void, size=0x8)
~~2120~~ ntdll.dll!RtlDeactivateActivationContextUnsafeFast
    arg 0: 0x00000096462fea60
    arg 1: 0x00000000ffffffff
~~2120~~ ntdll.dll!RtlDeactivateActivationContextUnsafeFast
    arg -1: 0x00007ffa2a3494c0 (name=retval, type=void, size=0x8)
~~2120~~ ntdll.dll!RtlImageNtHeaderEx
    arg 0: 0x0000000000000001
    arg 1: 0x00007ffa27fc0000
~~2120~~ ntdll.dll!RtlImageNtHeaderEx
    arg -1: 0x0000000000000000 (name=retval, type=void, size=0x8)
~~2120~~ ntdll.dll!LdrControlFlowGuardEnforced
    arg 0: 0x00007ffa28036260
    arg 1: 0x00000000000006d6
~~2120~~ ntdll.dll!LdrControlFlowGuardEnforced
    arg -1: 0x0000000000000000 (name=retval, type=void, size=0x8)
~~2120~~ ntdll.dll!RtlFreeHeap
    arg 0: 0x0000024ef16d0000
    arg 1: 0x0000000000000000
~~2120~~ ntdll.dll!RtlGetCurrentServiceSessionId
    arg 0: 0x0000024ef16ef1e0
    arg 1: 0x000000000000001a
~~2120~~ ntdll.dll!RtlGetCurrentServiceSessionId
    arg -1: 0x0000000000000000 (name=retval, type=void, size=0x8)
~~2120~~ ntdll.dll!RtlFreeHeap
    arg -1: 0x0000000000000001 (name=retval, type=void, size=0x8)
~~2120~~ ntdll.dll!RtlImageNtHeaderEx
    arg 0: 0x0000000000000001
    arg 1: 0x00007ffa27fc0000
~~2120~~ ntdll.dll!RtlImageNtHeaderEx
    arg -1: 0x0000000000000000 (name=retval, type=void, size=0x8)
~~2120~~ ntdll.dll!RtlImageNtHeaderEx
    arg 0: 0x0000000000000001
    arg 1: 0x00007ffa2a330000
~~2120~~ ntdll.dll!RtlImageNtHeaderEx
    arg -1: 0x0000000000000000 (name=retval, type=void, size=0x8)
~~2120~~ ntdll.dll!RtlImageNtHeaderEx
    arg 0: 0x0000000000000001
    arg 1: 0x00007ffa27fc0000
~~2120~~ ntdll.dll!RtlImageNtHeaderEx
    arg -1: 0x0000000000000000 (name=retval, type=void, size=0x8)
~~2120~~ ntdll.dll!RtlImageNtHeaderEx
    arg 0: 0x0000000000000001
    arg 1: 0x00007ffa27fc0000
~~2120~~ ntdll.dll!RtlImageNtHeaderEx
    arg -1: 0x0000000000000000 (name=retval, type=void, size=0x8)
~~2120~~ ntdll.dll!RtlImageNtHeaderEx
    arg 0: 0x0000000000000001
    arg 1: 0x00007ffa29d40000
~~2120~~ ntdll.dll!RtlImageNtHeaderEx
    arg -1: 0x0000000000000000 (name=retval, type=void, size=0x8)
~~2120~~ ntdll.dll!RtlImageNtHeaderEx
    arg 0: 0x0000000000000001
    arg 1: 0x00007ffa29e70000
~~2120~~ ntdll.dll!RtlImageNtHeaderEx
    arg -1: 0x0000000000000000 (name=retval, type=void, size=0x8)
~~2120~~ ntdll.dll!RtlImageNtHeaderEx
    arg 0: 0x0000000000000001
    arg 1: 0x00007ffa27fc0000
~~2120~~ ntdll.dll!RtlImageNtHeaderEx
    arg -1: 0x0000000000000000 (name=retval, type=void, size=0x8)
~~2120~~ ntdll.dll!RtlImageNtHeaderEx
    arg 0: 0x0000000000000001
    arg 1: 0x00007ffa27fc0000
~~2120~~ ntdll.dll!RtlImageNtHeaderEx
    arg -1: 0x0000000000000000 (name=retval, type=void, size=0x8)
~~2120~~ ntdll.dll!RtlImageNtHeaderEx
    arg 0: 0x0000000000000001
    arg 1: 0x00007ffa27fc0000
~~2120~~ ntdll.dll!RtlImageNtHeaderEx
    arg -1: 0x0000000000000000 (name=retval, type=void, size=0x8)
~~2120~~ ntdll.dll!RtlImageNtHeaderEx
    arg 0: 0x0000000000000001
    arg 1: 0x00007ffa2a330000
~~2120~~ ntdll.dll!RtlImageNtHeaderEx
    arg -1: 0x0000000000000000 (name=retval, type=void, size=0x8)
~~2120~~ ntdll.dll!RtlImageNtHeaderEx
    arg 0: 0x0000000000000001
    arg 1: 0x00007ffa27fc0000
~~2120~~ ntdll.dll!RtlImageNtHeaderEx
    arg -1: 0x0000000000000000 (name=retval, type=void, size=0x8)
~~2120~~ ntdll.dll!RtlImageNtHeaderEx
    arg 0: 0x0000000000000001
    arg 1: 0x00007ffa27fc0000
~~2120~~ ntdll.dll!RtlImageNtHeaderEx
    arg -1: 0x0000000000000000 (name=retval, type=void, size=0x8)
~~2120~~ ntdll.dll!RtlImageNtHeaderEx
    arg 0: 0x0000000000000001
    arg 1: 0x00007ffa27fc0000
~~2120~~ ntdll.dll!RtlImageNtHeaderEx
    arg -1: 0x0000000000000000 (name=retval, type=void, size=0x8)
~~2120~~ ntdll.dll!strrchr
    arg 0: 0x00007ffa2826c285
    arg 1: 0x000000000000002e
~~2120~~ ntdll.dll!strrchr
    arg -1: 0x00007ffa2826c28a (name=retval, type=void, size=0x8)
~~2120~~ ntdll.dll!RtlImageNtHeaderEx
    arg 0: 0x0000000000000001
    arg 1: 0x00007ffa2a330000
~~2120~~ ntdll.dll!RtlImageNtHeaderEx
    arg -1: 0x0000000000000000 (name=retval, type=void, size=0x8)
~~2120~~ ntdll.dll!LdrControlFlowGuardEnforced
    arg 0: 0x00007ffa2a342c70
    arg 1: 0x0000000000000569
~~2120~~ ntdll.dll!LdrControlFlowGuardEnforced
    arg -1: 0x0000000000000000 (name=retval, type=void, size=0x8)
~~2120~~ ntdll.dll!strrchr
    arg 0: 0x00007ffa282646cb
    arg 1: 0x000000000000002e
~~2120~~ ntdll.dll!strrchr
    arg -1: 0x00007ffa282646d0 (name=retval, type=void, size=0x8)
~~2120~~ ntdll.dll!RtlImageNtHeaderEx
    arg 0: 0x0000000000000001
    arg 1: 0x00007ffa2a330000
~~2120~~ ntdll.dll!RtlImageNtHeaderEx
    arg -1: 0x0000000000000000 (name=retval, type=void, size=0x8)
~~2120~~ ntdll.dll!LdrControlFlowGuardEnforced
    arg 0: 0x00007ffa2a3590a0
    arg 1: 0x00000000000002b0
~~2120~~ ntdll.dll!LdrControlFlowGuardEnforced
    arg -1: 0x0000000000000000 (name=retval, type=void, size=0x8)
~~2120~~ ntdll.dll!RtlImageNtHeaderEx
    arg 0: 0x0000000000000001
    arg 1: 0x00007ffa27fc0000
~~2120~~ ntdll.dll!RtlImageNtHeaderEx
    arg -1: 0x0000000000000000 (name=retval, type=void, size=0x8)
~~2120~~ ntdll.dll!RtlImageNtHeaderEx
    arg 0: 0x0000000000000001
    arg 1: 0x00007ffa27fc0000
~~2120~~ ntdll.dll!RtlImageNtHeaderEx
    arg -1: 0x0000000000000000 (name=retval, type=void, size=0x8)
~~2120~~ ntdll.dll!strrchr
    arg 0: 0x00007ffa282691d4
    arg 1: 0x000000000000002e
~~2120~~ ntdll.dll!strrchr
    arg -1: 0x00007ffa282691d9 (name=retval, type=void, size=0x8)
~~2120~~ ntdll.dll!RtlImageNtHeaderEx
    arg 0: 0x0000000000000001
    arg 1: 0x00007ffa2a330000
~~2120~~ ntdll.dll!RtlImageNtHeaderEx
    arg -1: 0x0000000000000000 (name=retval, type=void, size=0x8)
~~2120~~ ntdll.dll!LdrControlFlowGuardEnforced
    arg 0: 0x00007ffa2a35a9a0
    arg 1: 0x00000000000002d6
~~2120~~ ntdll.dll!LdrControlFlowGuardEnforced
    arg -1: 0x0000000000000000 (name=retval, type=void, size=0x8)
~~2120~~ ntdll.dll!ZwProtectVirtualMemory
    arg 0: 0xffffffffffffffff
    arg 1: 0x0000024ef16ec888
~~2120~~ ntdll.dll!ZwProtectVirtualMemory
    arg -1: 0x0000000000000000 (name=retval, type=void, size=0x8)
~~2120~~ ntdll.dll!RtlImageNtHeaderEx
    arg 0: 0x0000000000000001
    arg 1: 0x00007ffa25870000
~~2120~~ ntdll.dll!RtlImageNtHeaderEx
    arg -1: 0x0000000000000000 (name=retval, type=void, size=0x8)
~~2120~~ ntdll.dll!LdrControlFlowGuardEnforced
    arg 0: 0xcc0aa5d0e0720000
    arg 1: 0x0000000000000000
~~2120~~ ntdll.dll!LdrControlFlowGuardEnforced
    arg -1: 0x0000000000000000 (name=retval, type=void, size=0x8)
~~2120~~ ntdll.dll!ZwClose
    arg 0: 0x0000000000000120
    arg 1: 0x0000000000000000
~~2120~~ ntdll.dll!ZwClose
    arg -1: 0x0000000000000000 (name=retval, type=void, size=0x8)
~~2120~~ ntdll.dll!ZwClose
    arg 0: 0x0000000000000118
    arg 1: 0x0000000000000000
~~2120~~ ntdll.dll!ZwClose
    arg -1: 0x0000000000000000 (name=retval, type=void, size=0x8)
~~2120~~ ntdll.dll!RtlEnterCriticalSection
    arg 0: 0x00007ffa2a49c3c0
    arg 1: 0x0000000000000000
~~2120~~ ntdll.dll!RtlEnterCriticalSection
    arg -1: 0x0000000000000000 (name=retval, type=void, size=0x8)
~~2120~~ ntdll.dll!RtlLeaveCriticalSection
    arg 0: 0x00007ffa2a49c3c0
    arg 1: 0x0000000000000000
~~2120~~ ntdll.dll!RtlLeaveCriticalSection
    arg -1: 0x0000000000000000 (name=retval, type=void, size=0x8)
~~2120~~ ntdll.dll!RtlIsCriticalSectionLockedByThread
    arg 0: 0x00007ffa2a4964c0
    arg 1: 0x00000096462ff418
~~2120~~ ntdll.dll!RtlIsCriticalSectionLockedByThread
    arg -1: 0x0000000000000000 (name=retval, type=void, size=0x8)
~~2120~~ ntdll.dll!RtlEnterCriticalSection
    arg 0: 0x00007ffa2a4964c0
    arg 1: 0x0000000000000000
~~2120~~ ntdll.dll!RtlEnterCriticalSection
    arg -1: 0x0000000000000000 (name=retval, type=void, size=0x8)
~~2120~~ ntdll.dll!RtlImageNtHeader
    arg 0: 0x00007ffa25870000
    arg 1: 0x00000096462ff278
~~2120~~ ntdll.dll!RtlImageNtHeaderEx
    arg 0: 0x0000000000000001
    arg 1: 0x00007ffa25870000
~~2120~~ ntdll.dll!RtlImageNtHeaderEx
    arg -1: 0x0000000000000000 (name=retval, type=void, size=0x8)
~~2120~~ ntdll.dll!RtlImageNtHeader
    arg -1: 0x00007ffa258700e8 (name=retval, type=void, size=0x8)
~~2120~~ ntdll.dll!memset
    arg 0: 0x00000096462ff0e0
    arg 1: 0x0000000000000000
~~2120~~ ntdll.dll!memset
    arg -1: 0x00000096462ff0e0 (name=retval, type=void, size=0x8)
~~2120~~ ntdll.dll!wcsrchr
    arg 0: 0x0000024ef16e72e0
    arg 1: 0x000000000000005c
~~2120~~ ntdll.dll!wcsrchr
    arg -1: 0x0000024ef16e7306 (name=retval, type=void, size=0x8)
~~2120~~ ntdll.dll!RtlInitUnicodeStringEx
    arg 0: 0x00000096462ff1c8
    arg 1: 0x0000024ef16e7308
~~2120~~ ntdll.dll!RtlInitUnicodeStringEx
    arg -1: 0x0000000000000000 (name=retval, type=void, size=0x8)
~~2120~~ ntdll.dll!ZwApphelpCacheControl
    arg 0: 0x0000000000000006
    arg 1: 0x00000096462ff0e0
~~2120~~ ntdll.dll!ZwApphelpCacheControl
    arg -1: 0x0000000000000000 (name=retval, type=void, size=0x8)
~~2120~~ ntdll.dll!RtlEnterCriticalSection
    arg 0: 0x00007ffa2a4964c0
    arg 1: 0x0000000000000001
~~2120~~ ntdll.dll!RtlEnterCriticalSection
    arg -1: 0x0000000000000000 (name=retval, type=void, size=0x8)
~~2120~~ ntdll.dll!RtlLeaveCriticalSection
    arg 0: 0x00007ffa2a4964c0
    arg 1: 0x0000000000000001
~~2120~~ ntdll.dll!RtlLeaveCriticalSection
    arg -1: 0x0000000000000000 (name=retval, type=void, size=0x8)
~~2120~~ ntdll.dll!RtlLeaveCriticalSection
    arg 0: 0x00007ffa2a4964c0
    arg 1: 0x0000024ef16ec988
~~2120~~ ntdll.dll!RtlLeaveCriticalSection
    arg -1: 0x0000000000000000 (name=retval, type=void, size=0x8)
~~2120~~ ntdll.dll!RtlGetCurrentServiceSessionId
    arg 0: 0x0000024ef16e74c0
    arg 1: 0x0000024ef16ec988
~~2120~~ ntdll.dll!RtlGetCurrentServiceSessionId
    arg -1: 0x0000000000000000 (name=retval, type=void, size=0x8)
~~2120~~ ntdll.dll!RtlEnterCriticalSection
    arg 0: 0x00007ffa2a4965c8
    arg 1: 0x0000024ef16ec988
~~2120~~ ntdll.dll!RtlEnterCriticalSection
    arg -1: 0x0000000000000000 (name=retval, type=void, size=0x8)
~~2120~~ ntdll.dll!RtlGetCurrentServiceSessionId
    arg 0: 0x00007ffa2a4965c8
    arg 1: 0x0000024ef16ec988
~~2120~~ ntdll.dll!RtlGetCurrentServiceSessionId
    arg -1: 0x0000000000000000 (name=retval, type=void, size=0x8)
~~2120~~ ntdll.dll!ZwSetInformationVirtualMemory
    arg 0: 0xffffffffffffffff
    arg 1: 0x0000000000000004
~~2120~~ ntdll.dll!ZwSetInformationVirtualMemory
    arg -1: 0x00000000c00000bb (name=retval, type=void, size=0x8)
~~2120~~ ntdll.dll!RtlActivateActivationContextUnsafeFast
    arg 0: 0x00000096462ff240
    arg 1: 0x0000000000000000
~~2120~~ ntdll.dll!RtlActivateActivationContextUnsafeFast
    arg -1: 0x00000096462ff250 (name=retval, type=void, size=0x8)
~~2120~~ ntdll.dll!RtlGetCurrentServiceSessionId
    arg 0: 0x00007ffa25873f10
    arg 1: 0x00007ffa25870000
~~2120~~ ntdll.dll!RtlGetCurrentServiceSessionId
    arg -1: 0x0000000000000000 (name=retval, type=void, size=0x8)
~~2120~~ ntdll.dll!RtlGetCurrentServiceSessionId
    arg 0: 0x00007ffa25870000
    arg 1: 0x0000000000000001
~~2120~~ ntdll.dll!RtlGetCurrentServiceSessionId
    arg -1: 0x0000000000000000 (name=retval, type=void, size=0x8)
~~2120~~ ntdll.dll!RtlDeactivateActivationContextUnsafeFast
    arg 0: 0x00000096462ff240
    arg 1: 0x0000000000000001
~~2120~~ ntdll.dll!RtlDeactivateActivationContextUnsafeFast
    arg -1: 0x00007ffa2a39d30e (name=retval, type=void, size=0x8)
~~2120~~ ntdll.dll!RtlLeaveCriticalSection
    arg 0: 0x00007ffa2a4965c8
    arg 1: 0x0000000000000002
~~2120~~ ntdll.dll!RtlLeaveCriticalSection
    arg -1: 0x0000000000000000 (name=retval, type=void, size=0x8)
~~2120~~ ntdll.dll!RtlGetCurrentServiceSessionId
    arg 0: 0x00000000ffffffff
    arg 1: 0x0000000000000002
~~2120~~ ntdll.dll!RtlGetCurrentServiceSessionId
    arg -1: 0x0000000000000000 (name=retval, type=void, size=0x8)
~~2120~~ ntdll.dll!RtlFreeHeap
    arg 0: 0x0000024ef16d0000
    arg 1: 0x0000000000000000
~~2120~~ ntdll.dll!RtlTryEnterCriticalSection
    arg 0: 0x0000024ef16d02c0
    arg 1: 0x0000000000000002
~~2120~~ ntdll.dll!RtlTryEnterCriticalSection
    arg -1: 0x0000000000000001 (name=retval, type=void, size=0x8)
~~2120~~ ntdll.dll!RtlFreeHeap
    arg -1: 0x0000000000000001 (name=retval, type=void, size=0x8)
~~2120~~ ntdll.dll!RtlFreeHeap
    arg 0: 0x0000024ef16d0000
    arg 1: 0x0000000000000000
~~2120~~ ntdll.dll!RtlTryEnterCriticalSection
    arg 0: 0x0000024ef16d02c0
    arg 1: 0x0000000000000002
~~2120~~ ntdll.dll!RtlTryEnterCriticalSection
    arg -1: 0x0000000000000001 (name=retval, type=void, size=0x8)
~~2120~~ ntdll.dll!RtlFreeHeap
    arg -1: 0x0000000000000001 (name=retval, type=void, size=0x8)
~~2120~~ ntdll.dll!RtlEnterCriticalSection
    arg 0: 0x00007ffa2a49c3c0
    arg 1: 0x0000024ef16d0000
~~2120~~ ntdll.dll!RtlEnterCriticalSection
    arg -1: 0x0000000000000000 (name=retval, type=void, size=0x8)
~~2120~~ ntdll.dll!RtlLeaveCriticalSection
    arg 0: 0x00007ffa2a49c3c0
    arg 1: 0x0000024ef16d0000
~~2120~~ ntdll.dll!RtlLeaveCriticalSection
    arg -1: 0x0000000000000000 (name=retval, type=void, size=0x8)
~~2120~~ ntdll.dll!ZwSetEvent
    arg 0: 0x000000000000003c
    arg 1: 0x0000000000000000
~~2120~~ ntdll.dll!ZwSetEvent
    arg -1: 0x0000000000000000 (name=retval, type=void, size=0x8)
~~2120~~ ntdll.dll!LdrLoadDll
    arg -1: 0x0000000000000000 (name=retval, type=void, size=0x8)
~~2120~~ KERNELBASE.dll!LoadLibraryExW
    arg -1: 0x00007ffa25870000 (type=HMODULE, size=0x4)
~~2120~~ KERNEL32.dll!LoadLibraryExW
    arg -1: 0x00007ffa25870000 (type=HMODULE, size=0x4)
~~2120~~ KERNEL32.dll!GetProcAddress
    arg 0: 0x00007ffa25870000
    arg 1: 0x00007ff76f10a790
~~2120~~ KERNELBASE.dll!GetProcAddressForCaller
    arg 0: 0x00007ffa25870000
    arg 1: 0x00007ff76f10a790
~~2120~~ ntdll.dll!RtlInitString
    arg 0: 0x00000096462ff6c0
    arg 1: 0x00007ff76f10a790
~~2120~~ ntdll.dll!RtlInitString
    arg -1: 0x0000000000000025 (name=retval, type=void, size=0x8)
~~2120~~ ntdll.dll!LdrGetProcedureAddressForCaller
    arg 0: 0x00007ffa25870000
    arg 1: 0x00000096462ff6c0
~~2120~~ ntdll.dll!RtlEnterCriticalSection
    arg 0: 0x00007ffa2a49cbe0
    arg 1: 0x00000096462ff601
~~2120~~ ntdll.dll!RtlEnterCriticalSection
    arg -1: 0x0000000000000000 (name=retval, type=void, size=0x8)
~~2120~~ ntdll.dll!RtlLeaveCriticalSection
    arg 0: 0x00007ffa2a49cbe0
    arg 1: 0x00000096462ff601
~~2120~~ ntdll.dll!RtlLeaveCriticalSection
    arg -1: 0x0000000000000000 (name=retval, type=void, size=0x8)
~~2120~~ ntdll.dll!RtlAcquireSRWLockExclusive
    arg 0: 0x00007ffa2a49d280
    arg 1: 0x00000096462ff601
~~2120~~ ntdll.dll!RtlAcquireSRWLockExclusive
    arg -1: 0x0000000000000000 (name=retval, type=void, size=0x8)
~~2120~~ ntdll.dll!RtlReleaseSRWLockExclusive
    arg 0: 0x00007ffa2a49d280
    arg 1: 0x0000000000000000
~~2120~~ ntdll.dll!RtlReleaseSRWLockExclusive
    arg -1: 0x0000000000000001 (name=retval, type=void, size=0x8)
~~2120~~ ntdll.dll!RtlAcquireSRWLockExclusive
    arg 0: 0x00007ffa2a49d280
    arg 1: 0x00000096462ff590
~~2120~~ ntdll.dll!RtlAcquireSRWLockExclusive
    arg -1: 0x000000964613b000 (name=retval, type=void, size=0x8)
~~2120~~ ntdll.dll!RtlReleaseSRWLockExclusive
    arg 0: 0x00007ffa2a49d280
    arg 1: 0x0000024ef16d5640
~~2120~~ ntdll.dll!RtlReleaseSRWLockExclusive
    arg -1: 0x0000000000000001 (name=retval, type=void, size=0x8)
~~2120~~ ntdll.dll!memset
    arg 0: 0x00000096462ff450
    arg 1: 0x0000000000000000
~~2120~~ ntdll.dll!memset
    arg -1: 0x00000096462ff450 (name=retval, type=void, size=0x8)
~~2120~~ ntdll.dll!RtlImageNtHeaderEx
    arg 0: 0x0000000000000001
    arg 1: 0x00007ffa25870000
~~2120~~ ntdll.dll!RtlImageNtHeaderEx
    arg -1: 0x0000000000000000 (name=retval, type=void, size=0x8)
~~2120~~ ntdll.dll!LdrControlFlowGuardEnforced
    arg 0: 0x00007ffa258730e0
    arg 1: 0x000000000000000f
~~2120~~ ntdll.dll!LdrControlFlowGuardEnforced
    arg -1: 0x0000000000000000 (name=retval, type=void, size=0x8)
~~2120~~ ntdll.dll!LdrControlFlowGuardEnforced
    arg 0: 0x0000024ef16ec940
    arg 1: 0x000000000000000f
~~2120~~ ntdll.dll!LdrControlFlowGuardEnforced
    arg -1: 0x0000000000000000 (name=retval, type=void, size=0x8)
~~2120~~ ntdll.dll!LdrGetProcedureAddressForCaller
    arg -1: 0x0000000000000000 (name=retval, type=void, size=0x8)
~~2120~~ KERNELBASE.dll!GetProcAddressForCaller
    arg -1: 0x00007ffa258730e0 (name=retval, type=void, size=0x8)
~~2120~~ KERNEL32.dll!GetProcAddress
    arg -1: 0x00007ffa258730e0 (name=retval, type=void, size=0x8)
~~2120~~ AppCore.dll!AppPolicyGetProcessTerminationMethod
    arg 0: 0xfffffffffffffffa
    arg 1: 0x00000096462ff790
~~2120~~ KERNELBASE.dll!AppPolicyGetProcessTerminationMethod
    arg 0: 0xfffffffffffffffa
    arg 1: 0x00000096462ff790
~~2120~~ ntdll.dll!RtlQueryPackageClaims
    arg 0: 0xfffffffffffffffa
    arg 1: 0x0000000000000000
~~2120~~ ntdll.dll!ZwQuerySecurityAttributesToken
    arg 0: 0xfffffffffffffffa
    arg 1: 0x00007ffa2a44d420
~~2120~~ ntdll.dll!ZwQuerySecurityAttributesToken
    arg -1: 0x00000000c0000225 (name=retval, type=void, size=0x8)
~~2120~~ ntdll.dll!ZwQuerySecurityAttributesToken
    arg 0: 0xfffffffffffffffa
    arg 1: 0x00007ffa2a44d420
~~2120~~ ntdll.dll!ZwQuerySecurityAttributesToken
    arg -1: 0x00000000c0000225 (name=retval, type=void, size=0x8)
~~2120~~ ntdll.dll!RtlQueryPackageClaims
    arg -1: 0x00000000c0000225 (name=retval, type=void, size=0x8)
~~2120~~ KERNELBASE.dll!AppPolicyGetProcessTerminationMethod
    arg -1: 0x0000000000000000 (name=retval, type=void, size=0x8)
~~2120~~ AppCore.dll!AppPolicyGetProcessTerminationMethod
    arg -1: 0x0000000000000000 (name=retval, type=void, size=0x8)
~~2120~~ KERNEL32.dll!GetModuleHandleExW
    arg 0: 0x0 (type=DWORD, size=0x4)
    arg 1: 0x00007ff76f109f20 (type=wchar_t*, size=0x0)
~~2120~~ KERNELBASE.dll!GetModuleHandleExW
    arg 0: 0x0 (type=DWORD, size=0x4)
    arg 1: 0x00007ff76f109f20 (type=wchar_t*, size=0x0)
~~2120~~ ntdll.dll!RtlInitUnicodeString
    arg 0: 0x00000096462ff760
    arg 1: 0x00007ff76f109f20
~~2120~~ ntdll.dll!RtlInitUnicodeString
    arg -1: 0x0000000000000018 (name=retval, type=void, size=0x8)
~~2120~~ ntdll.dll!LdrGetDllHandle
    arg 0: 0x0000000000000000
    arg 1: 0x0000000000000000
~~2120~~ ntdll.dll!LdrGetDllHandleEx
    arg 0: 0x0000000000000001
    arg 1: 0x0000000000000000
~~2120~~ ntdll.dll!memset
    arg 0: 0x00000096462ff650
    arg 1: 0x0000000000000000
~~2120~~ ntdll.dll!memset
    arg -1: 0x00000096462ff650 (name=retval, type=void, size=0x8)
~~2120~~ ntdll.dll!RtlDosApplyFileIsolationRedirection_Ustr
    arg 0: 0x0000000000000001
    arg 1: 0x00000096462ff760
~~2120~~ ntdll.dll!RtlFindCharInUnicodeString
    arg 0: 0x0000000000000001
    arg 1: 0x00000096462ff140
~~2120~~ ntdll.dll!RtlFindCharInUnicodeString
    arg -1: 0x0000000000000000 (name=retval, type=void, size=0x8)
~~2120~~ ntdll.dll!memset
    arg 0: 0x00000096462ff004
    arg 1: 0x0000000000000000
~~2120~~ ntdll.dll!memset
    arg -1: 0x00000096462ff004 (name=retval, type=void, size=0x8)
~~2120~~ ntdll.dll!RtlFindActivationContextSectionString
    arg 0: 0x0000000000000003
    arg 1: 0x0000000000000000
~~2120~~ ntdll.dll!bsearch
    arg 0: 0x00000096462fee00
    arg 1: 0x0000024ef15300ec
~~2120~~ ntdll.dll!bsearch
    arg -1: 0x0000024ef15300fc (name=retval, type=void, size=0x8)
~~2120~~ ntdll.dll!RtlHashUnicodeString
    arg 0: 0x00000096462fefd0
    arg 1: 0x0000000000000401
~~2120~~ ntdll.dll!RtlHashUnicodeString
    arg -1: 0x0000000000000000 (name=retval, type=void, size=0x8)
~~2120~~ ntdll.dll!RtlFindActivationContextSectionString
    arg -1: 0x00000000c0150008 (name=retval, type=void, size=0x8)
~~2120~~ ntdll.dll!memset
    arg 0: 0x00000096462ff220
    arg 1: 0x0000000000000000
~~2120~~ ntdll.dll!memset
    arg -1: 0x00000096462ff220 (name=retval, type=void, size=0x8)
~~2120~~ ntdll.dll!RtlDosApplyFileIsolationRedirection_Ustr
    arg -1: 0x00000000c0150008 (name=retval, type=void, size=0x8)
~~2120~~ ntdll.dll!memmove
    arg 0: 0x00000096462ff4d0
    arg 1: 0x00007ff76f109f20
~~2120~~ ntdll.dll!memmove
    arg -1: 0x00000096462ff4d0 (name=retval, type=void, size=0x8)
~~2120~~ ntdll.dll!RtlAcquireSRWLockExclusive
    arg 0: 0x00007ffa2a49d280
    arg 1: 0x0000000000000000
~~2120~~ ntdll.dll!RtlAcquireSRWLockExclusive
    arg -1: 0x000000000000004c (name=retval, type=void, size=0x8)
~~2120~~ ntdll.dll!RtlReleaseSRWLockExclusive
    arg 0: 0x00007ffa2a49d280
    arg 1: 0x0000000000000000
~~2120~~ ntdll.dll!RtlReleaseSRWLockExclusive
    arg -1: 0x0000000000000001 (name=retval, type=void, size=0x8)
~~2120~~ ntdll.dll!RtlGetCurrentServiceSessionId
    arg 0: 0x00007ffa2a49d280
    arg 1: 0x0000000000000000
~~2120~~ ntdll.dll!RtlGetCurrentServiceSessionId
    arg -1: 0x0000000000000000 (name=retval, type=void, size=0x8)
~~2120~~ ntdll.dll!LdrGetDllHandleEx
    arg -1: 0x00000000c0000135 (name=retval, type=void, size=0x8)
~~2120~~ ntdll.dll!LdrGetDllHandle
    arg -1: 0x00000000c0000135 (name=retval, type=void, size=0x8)
~~2120~~ ntdll.dll!RtlNtStatusToDosError
    arg 0: 0x00000000c0000135
    arg 1: 0x0000000000000000
~~2120~~ ntdll.dll!RtlNtStatusToDosError
    arg -1: 0x000000000000007e (name=retval, type=void, size=0x8)
~~2120~~ ntdll.dll!RtlSetLastWin32Error
    arg 0: 0x000000000000007e
    arg 1: 0x00000000c0000135
~~2120~~ ntdll.dll!RtlSetLastWin32Error
    arg -1: 0x000000000000007e (name=retval, type=void, size=0x8)
~~2120~~ KERNELBASE.dll!GetModuleHandleExW
    arg -1: 0x0000000000000000 (type=BOOL, size=0x4)
~~2120~~ KERNEL32.dll!GetModuleHandleExW
    arg -1: 0x0000000000000000 (type=BOOL, size=0x4)
~~2120~~ KERNEL32.dll!FatalExit
    arg 0: 0x0 (type=int, size=0x4)
~~2120~~ ntdll.dll!RtlExitUserProcess
    arg 0: 0x0000000000000000
    arg 1: 0x0000000000000000
~~2120~~ ntdll.dll!RtlEnterCriticalSection
    arg 0: 0x00007ffa2a49c3c0
    arg 1: 0x0000000000000000
~~2120~~ ntdll.dll!RtlEnterCriticalSection
    arg -1: 0x0000000000000000 (name=retval, type=void, size=0x8)
~~2120~~ ntdll.dll!RtlLeaveCriticalSection
    arg 0: 0x00007ffa2a49c3c0
    arg 1: 0x0000000000000000
~~2120~~ ntdll.dll!RtlLeaveCriticalSection
    arg -1: 0x0000000000000000 (name=retval, type=void, size=0x8)
~~2120~~ ntdll.dll!RtlGetCurrentServiceSessionId
    arg 0: 0x0000000000001000
    arg 1: 0x0000000000000000
~~2120~~ ntdll.dll!RtlGetCurrentServiceSessionId
    arg -1: 0x0000000000000000 (name=retval, type=void, size=0x8)
~~2120~~ ntdll.dll!RtlEnterCriticalSection
    arg 0: 0x00007ffa2a4965c8
    arg 1: 0x0000000000000000
~~2120~~ ntdll.dll!RtlEnterCriticalSection
    arg -1: 0x0000000000000000 (name=retval, type=void, size=0x8)
~~2120~~ ntdll.dll!RtlGetCurrentServiceSessionId
    arg 0: 0x00007ffa2a4965c8
    arg 1: 0x0000000000000000
~~2120~~ ntdll.dll!RtlGetCurrentServiceSessionId
    arg -1: 0x0000000000000000 (name=retval, type=void, size=0x8)
~~2120~~ ntdll.dll!RtlEnterCriticalSection
    arg 0: 0x00007ffa2a49c0e0
    arg 1: 0x0000000000000000
~~2120~~ ntdll.dll!RtlEnterCriticalSection
    arg -1: 0x0000000000000000 (name=retval, type=void, size=0x8)
~~2120~~ ntdll.dll!RtlLockHeap
    arg 0: 0x0000024ef16d0000
    arg 1: 0x0000000000000000
~~2120~~ ntdll.dll!RtlEnterCriticalSection
    arg 0: 0x0000024ef16d02c0
    arg 1: 0x00007ffa2a452bc0
~~2120~~ ntdll.dll!RtlEnterCriticalSection
    arg -1: 0x0000000000000000 (name=retval, type=void, size=0x8)
~~2120~~ ntdll.dll!RtlLockHeap
    arg -1: 0x000000964613a001 (name=retval, type=void, size=0x8)
~~2120~~ ntdll.dll!ZwTerminateProcess
    arg 0: 0x0000000000000000
    arg 1: 0x0000000000000000
~~2120~~ ntdll.dll!ZwTerminateProcess
    arg -1: 0x0000000000000000 (name=retval, type=void, size=0x8)
~~2120~~ ntdll.dll!RtlUnlockHeap
    arg 0: 0x0000024ef16d0000
    arg 1: 0x0000024ef16d02c0
~~2120~~ ntdll.dll!RtlLeaveCriticalSection
    arg 0: 0x0000024ef16d02c0
    arg 1: 0x00007ffa2a452bd0
~~2120~~ ntdll.dll!RtlLeaveCriticalSection
    arg -1: 0x0000000000000000 (name=retval, type=void, size=0x8)
~~2120~~ ntdll.dll!RtlUnlockHeap
    arg -1: 0x000000964613a001 (name=retval, type=void, size=0x8)
~~2120~~ ntdll.dll!RtlLeaveCriticalSection
    arg 0: 0x00007ffa2a49c0e0
    arg 1: 0x0000000000000848
~~2120~~ ntdll.dll!RtlLeaveCriticalSection
    arg -1: 0x0000000000000000 (name=retval, type=void, size=0x8)
~~2120~~ ntdll.dll!RtlReportSilentProcessExit
    arg 0: 0xffffffffffffffff
    arg 1: 0x0000000000000000
~~2120~~ ntdll.dll!memset
    arg 0: 0x00000096462ff1a0
    arg 1: 0x0000000000000000
~~2120~~ ntdll.dll!memset
    arg -1: 0x00000096462ff1a0 (name=retval, type=void, size=0x8)
~~2120~~ ntdll.dll!memset
    arg 0: 0x00000096462fec20
    arg 1: 0x0000000000000000
~~2120~~ ntdll.dll!memset
    arg -1: 0x00000096462fec20 (name=retval, type=void, size=0x8)
~~2120~~ ntdll.dll!RtlReportSilentProcessExit
    arg -1: 0x0000000000000000 (name=retval, type=void, size=0x8)
~~2120~~ ntdll.dll!LdrShutdownProcess
    arg 0: 0xcc0aa5d0e0720000
    arg 1: 0x0000000000000000
~~2120~~ ntdll.dll!RtlAcquireSRWLockShared
    arg 0: 0x0000024ef16e38d8
    arg 1: 0x0000000000000001
~~2120~~ ntdll.dll!RtlAcquireSRWLockShared
    arg -1: 0x0000000000000000 (name=retval, type=void, size=0x8)
~~2120~~ msvcrt.dll!_lock
    arg 0: 0x000000000000000d
    arg 1: 0x0000000000000001
~~2120~~ ntdll.dll!RtlEnterCriticalSection
    arg 0: 0x00007ffa29dcf608
    arg 1: 0x0000000000000001
~~2120~~ ntdll.dll!RtlEnterCriticalSection
    arg -1: 0x0000000000000000 (name=retval, type=void, size=0x8)
~~2120~~ msvcrt.dll!_lock
    arg -1: 0x0000000000000000 (name=retval, type=void, size=0x8)
~~2120~~ msvcrt.dll!_unlock
    arg 0: 0x000000000000000d
    arg 1: 0x0000000000000001
~~2120~~ ntdll.dll!RtlLeaveCriticalSection
    arg 0: 0x00007ffa29dcf608
    arg 1: 0x0000000000000001
~~2120~~ ntdll.dll!RtlLeaveCriticalSection
    arg -1: 0x0000000000000000 (name=retval, type=void, size=0x8)
~~2120~~ msvcrt.dll!_unlock
    arg -1: 0x0000000000000000 (name=retval, type=void, size=0x8)
~~2120~~ msvcrt.dll!_lock
    arg 0: 0x000000000000000c
    arg 1: 0x0000000000000001
~~2120~~ ntdll.dll!RtlEnterCriticalSection
    arg 0: 0x00007ffa29dcf5b0
    arg 1: 0x0000000000000001
~~2120~~ ntdll.dll!RtlEnterCriticalSection
    arg -1: 0x0000000000000000 (name=retval, type=void, size=0x8)
~~2120~~ msvcrt.dll!_lock
    arg -1: 0x0000000000000000 (name=retval, type=void, size=0x8)
~~2120~~ msvcrt.dll!_unlock
    arg 0: 0x000000000000000c
    arg 1: 0x00007ffa29dba838
~~2120~~ ntdll.dll!RtlLeaveCriticalSection
    arg 0: 0x00007ffa29dcf5b0
    arg 1: 0x00007ffa29dba838
~~2120~~ ntdll.dll!RtlLeaveCriticalSection
    arg -1: 0x0000000000000000 (name=retval, type=void, size=0x8)
~~2120~~ msvcrt.dll!_unlock
    arg -1: 0x0000000000000000 (name=retval, type=void, size=0x8)
~~2120~~ msvcrt.dll!free
    arg 0: 0x0000024ef19b0860
    arg 1: 0x00007ffa29dba838
~~2120~~ ntdll.dll!RtlFreeHeap
    arg 0: 0x0000024ef19b0000
    arg 1: 0x0000000000000000
~~2120~~ ntdll.dll!RtlTryEnterCriticalSection
    arg 0: 0x0000024ef19b02c0
    arg 1: 0x0000000000000002
~~2120~~ ntdll.dll!RtlTryEnterCriticalSection
    arg -1: 0x0000000000000001 (name=retval, type=void, size=0x8)
~~2120~~ ntdll.dll!RtlFreeHeap
    arg -1: 0x0000000000000001 (name=retval, type=void, size=0x8)
~~2120~~ msvcrt.dll!free
    arg -1: 0x0000000000000001 (name=retval, type=void, size=0x8)
~~2120~~ ntdll.dll!RtlReleaseSRWLockShared
    arg 0: 0x0000024ef16e38d8
    arg 1: 0x0000024ef19b0000
~~2120~~ ntdll.dll!RtlReleaseSRWLockShared
    arg -1: 0x0000000000000011 (name=retval, type=void, size=0x8)
~~2120~~ ntdll.dll!RtlAcquireSRWLockShared
    arg 0: 0x0000024ef16e38e8
    arg 1: 0x0000000000000002
~~2120~~ ntdll.dll!RtlAcquireSRWLockShared
    arg -1: 0x0000000000000000 (name=retval, type=void, size=0x8)
~~2120~~ ntdll.dll!RtlReleaseSRWLockShared
    arg 0: 0x0000024ef16e38e8
    arg 1: 0x0000000000000002
~~2120~~ ntdll.dll!RtlReleaseSRWLockShared
    arg -1: 0x0000000000000011 (name=retval, type=void, size=0x8)
~~2120~~ ntdll.dll!RtlAcquireSRWLockShared
    arg 0: 0x0000024ef16e38f8
    arg 1: 0x0000000000000003
~~2120~~ ntdll.dll!RtlAcquireSRWLockShared
    arg -1: 0x0000000000000000 (name=retval, type=void, size=0x8)
~~2120~~ ntdll.dll!RtlEnterCriticalSection
    arg 0: 0x00007ff76f115be8
    arg 1: 0x00000096462ff5f8
~~2120~~ ntdll.dll!RtlEnterCriticalSection
    arg -1: 0x0000000000000000 (name=retval, type=void, size=0x8)
~~2120~~ ntdll.dll!RtlLeaveCriticalSection
    arg 0: 0x00007ff76f115be8
    arg 1: 0x00000096462ff5f8
~~2120~~ ntdll.dll!RtlLeaveCriticalSection
    arg -1: 0x0000000000000000 (name=retval, type=void, size=0x8)
~~2120~~ ntdll.dll!RtlEnterCriticalSection
    arg 0: 0x00007ff76f115bc0
    arg 1: 0x00000096462ff5b4
~~2120~~ ntdll.dll!RtlEnterCriticalSection
    arg -1: 0x0000000000000000 (name=retval, type=void, size=0x8)
~~2120~~ ntdll.dll!RtlLeaveCriticalSection
    arg 0: 0x00007ff76f115bc0
    arg 1: 0x00007ff76f114358
~~2120~~ ntdll.dll!RtlLeaveCriticalSection
    arg -1: 0x0000000000000000 (name=retval, type=void, size=0x8)
~~2120~~ KERNEL32.dll!HeapFree
    arg 0: 0x24ef16d0000 (type=HANDLE, size=0x8)
    arg 1: 0x0 (type=DWORD, size=0x4)
    arg 2: 0x0000024ef16e86f0 => 0x0000000000000000 (type=void*, size=0x0)
~~2120~~ ntdll.dll!RtlFreeHeap
    arg 0: 0x0000024ef16d0000
    arg 1: 0x0000000000000000
~~2120~~ ntdll.dll!RtlTryEnterCriticalSection
    arg 0: 0x0000024ef16d02c0
    arg 1: 0x0000000000000002
~~2120~~ ntdll.dll!RtlTryEnterCriticalSection
    arg -1: 0x0000000000000001 (name=retval, type=void, size=0x8)
~~2120~~ ntdll.dll!RtlFreeHeap
    arg -1: 0x0000000000000001 (name=retval, type=void, size=0x8)
~~2120~~ KERNEL32.dll!HeapFree
    arg -1: 0x0000000000000001 (type=BOOL, size=0x4)
~~2120~~ ntdll.dll!RtlReleaseSRWLockShared
    arg 0: 0x0000024ef16e38f8
    arg 1: 0x0000024ef16d0000
~~2120~~ ntdll.dll!RtlReleaseSRWLockShared
    arg -1: 0x0000000000000011 (name=retval, type=void, size=0x8)
~~2120~~ ntdll.dll!RtlAcquireSRWLockExclusive
    arg 0: 0x00007ffa2a49d2f0
    arg 1: 0x0000024ef16d0000
~~2120~~ ntdll.dll!RtlAcquireSRWLockExclusive
    arg -1: 0x0000000000000011 (name=retval, type=void, size=0x8)
~~2120~~ ntdll.dll!RtlReleaseSRWLockExclusive
    arg 0: 0x00007ffa2a49d2f0
    arg 1: 0x00007ffa2a49d338
~~2120~~ ntdll.dll!RtlReleaseSRWLockExclusive
    arg -1: 0x0000000000000001 (name=retval, type=void, size=0x8)
~~2120~~ ntdll.dll!RtlActivateActivationContextUnsafeFast
    arg 0: 0x00000096462ff6a0
    arg 1: 0x0000000000000000
~~2120~~ ntdll.dll!RtlActivateActivationContextUnsafeFast
    arg -1: 0x00000096462ff6b0 (name=retval, type=void, size=0x8)
~~2120~~ ntdll.dll!RtlGetCurrentServiceSessionId
    arg 0: 0x00007ffa25873f10
    arg 1: 0x00007ffa25870000
~~2120~~ ntdll.dll!RtlGetCurrentServiceSessionId
    arg -1: 0x0000000000000000 (name=retval, type=void, size=0x8)
~~2120~~ ntdll.dll!RtlGetCurrentServiceSessionId
    arg 0: 0x00007ffa25870000
    arg 1: 0x0000000000000000
~~2120~~ ntdll.dll!RtlGetCurrentServiceSessionId
    arg -1: 0x0000000000000000 (name=retval, type=void, size=0x8)
~~2120~~ ntdll.dll!RtlDeactivateActivationContextUnsafeFast
    arg 0: 0x00000096462ff6a0
    arg 1: 0x0000000000000000
~~2120~~ ntdll.dll!RtlDeactivateActivationContextUnsafeFast
    arg -1: 0x00007ffa2a38f1d5 (name=retval, type=void, size=0x8)
~~2120~~ ntdll.dll!RtlActivateActivationContextUnsafeFast
    arg 0: 0x00000096462ff6a0
    arg 1: 0x0000000000000000
~~2120~~ ntdll.dll!RtlActivateActivationContextUnsafeFast
    arg -1: 0x00000096462ff6b0 (name=retval, type=void, size=0x8)
~~2120~~ ntdll.dll!RtlGetCurrentServiceSessionId
    arg 0: 0x00007ffa28e85810
    arg 1: 0x00007ffa28e70000
~~2120~~ ntdll.dll!RtlGetCurrentServiceSessionId
    arg -1: 0x0000000000000000 (name=retval, type=void, size=0x8)
~~2120~~ ntdll.dll!RtlGetCurrentServiceSessionId
    arg 0: 0x0000000000000000
    arg 1: 0x0000000000000000
~~2120~~ ntdll.dll!RtlGetCurrentServiceSessionId
    arg -1: 0x0000000000000000 (name=retval, type=void, size=0x8)
~~2120~~ ntdll.dll!RtlDeactivateActivationContextUnsafeFast
    arg 0: 0x00000096462ff6a0
    arg 1: 0x0000000000000000
~~2120~~ ntdll.dll!RtlDeactivateActivationContextUnsafeFast
    arg -1: 0x00007ffa2a38f1d5 (name=retval, type=void, size=0x8)
~~2120~~ ntdll.dll!RtlActivateActivationContextUnsafeFast
    arg 0: 0x00000096462ff6a0
    arg 1: 0x0000000000000000
~~2120~~ ntdll.dll!RtlActivateActivationContextUnsafeFast
    arg -1: 0x00000096462ff6b0 (name=retval, type=void, size=0x8)
~~2120~~ ntdll.dll!RtlGetCurrentServiceSessionId
    arg 0: 0x00007ffa28d1cfb0
    arg 1: 0x00007ffa28d00000
~~2120~~ ntdll.dll!RtlGetCurrentServiceSessionId
    arg -1: 0x0000000000000000 (name=retval, type=void, size=0x8)
~~2120~~ ntdll.dll!RtlDeleteCriticalSection
    arg 0: 0x00007ffa28d916f0
    arg 1: 0x0000000000000000
~~2120~~ ntdll.dll!RtlAcquireSRWLockExclusive
    arg 0: 0x00007ffa2a49d4d8
    arg 1: 0x0000000000000000
~~2120~~ ntdll.dll!RtlAcquireSRWLockExclusive
    arg -1: 0x00007ffa28d917ef (name=retval, type=void, size=0x8)
~~2120~~ ntdll.dll!RtlDeleteCriticalSection
    arg -1: 0x0000000000000000 (name=retval, type=void, size=0x8)
~~2120~~ ntdll.dll!RtlDeleteCriticalSection
    arg 0: 0x00007ffa28d916c8
    arg 1: 0x0000000000000000
~~2120~~ ntdll.dll!RtlAcquireSRWLockExclusive
    arg 0: 0x00007ffa2a49d4d8
    arg 1: 0x0000000000000000
~~2120~~ ntdll.dll!RtlAcquireSRWLockExclusive
    arg -1: 0x00007ffa28d917bf (name=retval, type=void, size=0x8)
~~2120~~ ntdll.dll!RtlDeleteCriticalSection
    arg -1: 0x0000000000000000 (name=retval, type=void, size=0x8)
~~2120~~ ntdll.dll!EtwEventUnregister
    arg 0: 0x0013024ef16e4b70
    arg 1: 0x0000000000000000
~~2120~~ ntdll.dll!EtwNotificationUnregister
    arg 0: 0x0013024ef16e4b70
    arg 1: 0x0000000000000000
~~2120~~ ntdll.dll!RtlAcquireSRWLockExclusive
    arg 0: 0x0000024ef16e4bb8
    arg 1: 0x0000000000000000
~~2120~~ ntdll.dll!RtlAcquireSRWLockExclusive
    arg -1: 0x0000ffffffffffff (name=retval, type=void, size=0x8)
~~2120~~ ntdll.dll!RtlAcquireSRWLockExclusive
    arg 0: 0x00007ffa2a49d5f8
    arg 1: 0x0000000000000000
~~2120~~ ntdll.dll!RtlAcquireSRWLockExclusive
    arg -1: 0x0000000000000013 (name=retval, type=void, size=0x8)
~~2120~~ ntdll.dll!RtlRbRemoveNode
    arg 0: 0x00007ffa2a49d600
    arg 1: 0x0000024ef16e4b70
~~2120~~ ntdll.dll!RtlRbRemoveNode
    arg -1: 0x0000000000000001 (name=retval, type=void, size=0x8)
~~2120~~ ntdll.dll!RtlReleaseSRWLockExclusive
    arg 0: 0x00007ffa2a49d5f8
    arg 1: 0x0000024ef16e4b70
~~2120~~ ntdll.dll!RtlReleaseSRWLockExclusive
    arg -1: 0x0000000000000001 (name=retval, type=void, size=0x8)
~~2120~~ ntdll.dll!RtlReleaseSRWLockExclusive
    arg 0: 0x0000024ef16e4bb8
    arg 1: 0x0000000000000000
~~2120~~ ntdll.dll!RtlReleaseSRWLockExclusive
    arg -1: 0x0000000000000001 (name=retval, type=void, size=0x8)
~~2120~~ ntdll.dll!ZwClose
    arg 0: 0x00000000000000d4
    arg 1: 0x0000000000000000
~~2120~~ ntdll.dll!ZwClose
    arg -1: 0x0000000000000000 (name=retval, type=void, size=0x8)
~~2120~~ ntdll.dll!memset
    arg 0: 0x0000024ef16e4bc8
    arg 1: 0x0000000000000000
~~2120~~ ntdll.dll!memset
    arg -1: 0x0000024ef16e4bc8 (name=retval, type=void, size=0x8)
~~2120~~ ntdll.dll!EtwNotificationUnregister
    arg -1: 0x0000000000000000 (name=retval, type=void, size=0x8)
~~2120~~ ntdll.dll!EtwEventUnregister
    arg -1: 0x0000000000000000 (name=retval, type=void, size=0x8)
~~2120~~ KERNELBASE.dll!GetProcessHeap
    arg 0: 0x0000024ef16e5910 (type=void, size=0x0)
~~2120~~ KERNELBASE.dll!GetProcessHeap
    arg -1: 0x0000024ef16d0000 (type=HANDLE, size=0x8)
~~2120~~ ntdll.dll!RtlFreeHeap
    arg 0: 0x0000024ef16d0000
    arg 1: 0x0000000000000000
~~2120~~ ntdll.dll!RtlTryEnterCriticalSection
    arg 0: 0x0000024ef16d02c0
    arg 1: 0x0000000000000002
~~2120~~ ntdll.dll!RtlTryEnterCriticalSection
    arg -1: 0x0000000000000001 (name=retval, type=void, size=0x8)
~~2120~~ ntdll.dll!RtlFreeHeap
    arg -1: 0x0000000000000001 (name=retval, type=void, size=0x8)
~~2120~~ KERNELBASE.dll!GetProcessHeap
    arg 0: 0x0000024ef16e1700 (type=void, size=0x0)
~~2120~~ KERNELBASE.dll!GetProcessHeap
    arg -1: 0x0000024ef16d0000 (type=HANDLE, size=0x8)
~~2120~~ ntdll.dll!RtlFreeHeap
    arg 0: 0x0000024ef16d0000
    arg 1: 0x0000000000000000
~~2120~~ ntdll.dll!RtlGetCurrentServiceSessionId
    arg 0: 0x0000024ef16e16f0
    arg 1: 0x000000000000000e
~~2120~~ ntdll.dll!RtlGetCurrentServiceSessionId
    arg -1: 0x0000000000000000 (name=retval, type=void, size=0x8)
~~2120~~ ntdll.dll!RtlFreeHeap
    arg -1: 0x0000000000000001 (name=retval, type=void, size=0x8)
~~2120~~ KERNELBASE.dll!GetProcessHeap
    arg 0: 0x0000024ef16e5750 (type=void, size=0x0)
~~2120~~ KERNELBASE.dll!GetProcessHeap
    arg -1: 0x0000024ef16d0000 (type=HANDLE, size=0x8)
~~2120~~ ntdll.dll!RtlFreeHeap
    arg 0: 0x0000024ef16d0000
    arg 1: 0x0000000000000000
~~2120~~ ntdll.dll!RtlGetCurrentServiceSessionId
    arg 0: 0x0000024ef16e5740
    arg 1: 0x0000000000000018
~~2120~~ ntdll.dll!RtlGetCurrentServiceSessionId
    arg -1: 0x0000000000000000 (name=retval, type=void, size=0x8)
~~2120~~ ntdll.dll!RtlFreeHeap
    arg -1: 0x0000000000000001 (name=retval, type=void, size=0x8)
~~2120~~ KERNELBASE.dll!GetProcessHeap
    arg 0: 0x0000024ef16e6e00 (type=void, size=0x0)
~~2120~~ KERNELBASE.dll!GetProcessHeap
    arg -1: 0x0000024ef16d0000 (type=HANDLE, size=0x8)
~~2120~~ ntdll.dll!RtlFreeHeap
    arg 0: 0x0000024ef16d0000
    arg 1: 0x0000000000000000
~~2120~~ ntdll.dll!RtlTryEnterCriticalSection
    arg 0: 0x0000024ef16d02c0
    arg 1: 0x0000000000000002
~~2120~~ ntdll.dll!RtlTryEnterCriticalSection
    arg -1: 0x0000000000000001 (name=retval, type=void, size=0x8)
~~2120~~ ntdll.dll!RtlFreeHeap
    arg -1: 0x0000000000000001 (name=retval, type=void, size=0x8)
~~2120~~ KERNELBASE.dll!GetProcessHeap
    arg 0: 0x0000024ef16e65c0 (type=void, size=0x0)
~~2120~~ KERNELBASE.dll!GetProcessHeap
    arg -1: 0x0000024ef16d0000 (type=HANDLE, size=0x8)
~~2120~~ ntdll.dll!RtlFreeHeap
    arg 0: 0x0000024ef16d0000
    arg 1: 0x0000000000000000
~~2120~~ ntdll.dll!RtlGetCurrentServiceSessionId
    arg 0: 0x0000024ef16e65b0
    arg 1: 0x000000000000001e
~~2120~~ ntdll.dll!RtlGetCurrentServiceSessionId
    arg -1: 0x0000000000000000 (name=retval, type=void, size=0x8)
~~2120~~ ntdll.dll!RtlFreeHeap
    arg -1: 0x0000000000000001 (name=retval, type=void, size=0x8)
~~2120~~ KERNELBASE.dll!GetProcessHeap
    arg 0: 0x0000024ef16e4f40 (type=void, size=0x0)
~~2120~~ KERNELBASE.dll!GetProcessHeap
    arg -1: 0x0000024ef16d0000 (type=HANDLE, size=0x8)
~~2120~~ ntdll.dll!RtlFreeHeap
    arg 0: 0x0000024ef16d0000
    arg 1: 0x0000000000000000
~~2120~~ ntdll.dll!RtlTryEnterCriticalSection
    arg 0: 0x0000024ef16d02c0
    arg 1: 0x0000000000000002
~~2120~~ ntdll.dll!RtlTryEnterCriticalSection
    arg -1: 0x0000000000000001 (name=retval, type=void, size=0x8)
~~2120~~ ntdll.dll!RtlFreeHeap
    arg -1: 0x0000000000000001 (name=retval, type=void, size=0x8)
~~2120~~ KERNELBASE.dll!GetProcessHeap
    arg 0: 0x0000024ef16e4f80 (type=void, size=0x0)
~~2120~~ KERNELBASE.dll!GetProcessHeap
    arg -1: 0x0000024ef16d0000 (type=HANDLE, size=0x8)
~~2120~~ ntdll.dll!RtlFreeHeap
    arg 0: 0x0000024ef16d0000
    arg 1: 0x0000000000000000
~~2120~~ ntdll.dll!RtlTryEnterCriticalSection
    arg 0: 0x0000024ef16d02c0
    arg 1: 0x0000000000000002
~~2120~~ ntdll.dll!RtlTryEnterCriticalSection
    arg -1: 0x0000000000000001 (name=retval, type=void, size=0x8)
~~2120~~ ntdll.dll!RtlFreeHeap
    arg -1: 0x0000000000000001 (name=retval, type=void, size=0x8)
~~2120~~ KERNELBASE.dll!GetProcessHeap
    arg 0: 0x0000024ef16e1790 (type=void, size=0x0)
~~2120~~ KERNELBASE.dll!GetProcessHeap
    arg -1: 0x0000024ef16d0000 (type=HANDLE, size=0x8)
~~2120~~ ntdll.dll!RtlFreeHeap
    arg 0: 0x0000024ef16d0000
    arg 1: 0x0000000000000000
~~2120~~ ntdll.dll!RtlGetCurrentServiceSessionId
    arg 0: 0x0000024ef16e1780
    arg 1: 0x0000000000000011
~~2120~~ ntdll.dll!RtlGetCurrentServiceSessionId
    arg -1: 0x0000000000000000 (name=retval, type=void, size=0x8)
~~2120~~ ntdll.dll!RtlFreeHeap
    arg -1: 0x0000000000000001 (name=retval, type=void, size=0x8)
~~2120~~ KERNELBASE.dll!GetProcessHeap
    arg 0: 0x0000024ef16e52d0 (type=void, size=0x0)
~~2120~~ KERNELBASE.dll!GetProcessHeap
    arg -1: 0x0000024ef16d0000 (type=HANDLE, size=0x8)
~~2120~~ ntdll.dll!RtlFreeHeap
    arg 0: 0x0000024ef16d0000
    arg 1: 0x0000000000000000
~~2120~~ ntdll.dll!RtlGetCurrentServiceSessionId
    arg 0: 0x0000024ef16e52c0
    arg 1: 0x0000000000000006
~~2120~~ ntdll.dll!RtlGetCurrentServiceSessionId
    arg -1: 0x0000000000000000 (name=retval, type=void, size=0x8)
~~2120~~ ntdll.dll!RtlFreeHeap
    arg -1: 0x0000000000000001 (name=retval, type=void, size=0x8)
~~2120~~ KERNELBASE.dll!GetProcessHeap
    arg 0: 0x0000024ef16e5040 (type=void, size=0x0)
~~2120~~ KERNELBASE.dll!GetProcessHeap
    arg -1: 0x0000024ef16d0000 (type=HANDLE, size=0x8)
~~2120~~ ntdll.dll!RtlFreeHeap
    arg 0: 0x0000024ef16d0000
    arg 1: 0x0000000000000000
~~2120~~ ntdll.dll!RtlTryEnterCriticalSection
    arg 0: 0x0000024ef16d02c0
    arg 1: 0x0000000000000002
~~2120~~ ntdll.dll!RtlTryEnterCriticalSection
    arg -1: 0x0000000000000001 (name=retval, type=void, size=0x8)
~~2120~~ ntdll.dll!RtlFreeHeap
    arg -1: 0x0000000000000001 (name=retval, type=void, size=0x8)
~~2120~~ KERNELBASE.dll!GetProcessHeap
    arg 0: 0x0000024ef16e5080 (type=void, size=0x0)
~~2120~~ KERNELBASE.dll!GetProcessHeap
    arg -1: 0x0000024ef16d0000 (type=HANDLE, size=0x8)
~~2120~~ ntdll.dll!RtlFreeHeap
    arg 0: 0x0000024ef16d0000
    arg 1: 0x0000000000000000
~~2120~~ ntdll.dll!RtlTryEnterCriticalSection
    arg 0: 0x0000024ef16d02c0
    arg 1: 0x0000000000000002
~~2120~~ ntdll.dll!RtlTryEnterCriticalSection
    arg -1: 0x0000000000000001 (name=retval, type=void, size=0x8)
~~2120~~ ntdll.dll!RtlFreeHeap
    arg -1: 0x0000000000000001 (name=retval, type=void, size=0x8)
~~2120~~ KERNELBASE.dll!GetProcessHeap
    arg 0: 0x0000024ef16e57d0 (type=void, size=0x0)
~~2120~~ KERNELBASE.dll!GetProcessHeap
    arg -1: 0x0000024ef16d0000 (type=HANDLE, size=0x8)
~~2120~~ ntdll.dll!RtlFreeHeap
    arg 0: 0x0000024ef16d0000
    arg 1: 0x0000000000000000
~~2120~~ ntdll.dll!RtlGetCurrentServiceSessionId
    arg 0: 0x0000024ef16e57c0
    arg 1: 0x000000000000001a
~~2120~~ ntdll.dll!RtlGetCurrentServiceSessionId
    arg -1: 0x0000000000000000 (name=retval, type=void, size=0x8)
~~2120~~ ntdll.dll!RtlFreeHeap
    arg -1: 0x0000000000000001 (name=retval, type=void, size=0x8)
~~2120~~ KERNELBASE.dll!GetProcessHeap
    arg 0: 0x0000024ef16e5450 (type=void, size=0x0)
~~2120~~ KERNELBASE.dll!GetProcessHeap
    arg -1: 0x0000024ef16d0000 (type=HANDLE, size=0x8)
~~2120~~ ntdll.dll!RtlFreeHeap
    arg 0: 0x0000024ef16d0000
    arg 1: 0x0000000000000000
~~2120~~ ntdll.dll!RtlGetCurrentServiceSessionId
    arg 0: 0x0000024ef16e5440
    arg 1: 0x000000000000000c
~~2120~~ ntdll.dll!RtlGetCurrentServiceSessionId
    arg -1: 0x0000000000000000 (name=retval, type=void, size=0x8)
~~2120~~ ntdll.dll!RtlFreeHeap
    arg -1: 0x0000000000000001 (name=retval, type=void, size=0x8)
~~2120~~ KERNELBASE.dll!GetProcessHeap
    arg 0: 0x0000024ef16e53d0 (type=void, size=0x0)
~~2120~~ KERNELBASE.dll!GetProcessHeap
    arg -1: 0x0000024ef16d0000 (type=HANDLE, size=0x8)
~~2120~~ ntdll.dll!RtlFreeHeap
    arg 0: 0x0000024ef16d0000
    arg 1: 0x0000000000000000
~~2120~~ ntdll.dll!RtlGetCurrentServiceSessionId
    arg 0: 0x0000024ef16e53c0
    arg 1: 0x000000000000000a
~~2120~~ ntdll.dll!RtlGetCurrentServiceSessionId
    arg -1: 0x0000000000000000 (name=retval, type=void, size=0x8)
~~2120~~ ntdll.dll!RtlFreeHeap
    arg -1: 0x0000000000000001 (name=retval, type=void, size=0x8)
~~2120~~ KERNELBASE.dll!GetProcessHeap
    arg 0: 0x0000024ef16e5890 (type=void, size=0x0)
~~2120~~ KERNELBASE.dll!GetProcessHeap
    arg -1: 0x0000024ef16d0000 (type=HANDLE, size=0x8)
~~2120~~ ntdll.dll!RtlFreeHeap
    arg 0: 0x0000024ef16d0000
    arg 1: 0x0000000000000000
~~2120~~ ntdll.dll!RtlGetCurrentServiceSessionId
    arg 0: 0x0000024ef16e5880
    arg 1: 0x000000000000001d
~~2120~~ ntdll.dll!RtlGetCurrentServiceSessionId
    arg -1: 0x0000000000000000 (name=retval, type=void, size=0x8)
~~2120~~ ntdll.dll!RtlFreeHeap
    arg -1: 0x0000000000000001 (name=retval, type=void, size=0x8)
~~2120~~ KERNELBASE.dll!GetProcessHeap
    arg 0: 0x0000024ef16e5790 (type=void, size=0x0)
~~2120~~ KERNELBASE.dll!GetProcessHeap
    arg -1: 0x0000024ef16d0000 (type=HANDLE, size=0x8)
~~2120~~ ntdll.dll!RtlFreeHeap
    arg 0: 0x0000024ef16d0000
    arg 1: 0x0000000000000000
~~2120~~ ntdll.dll!RtlGetCurrentServiceSessionId
    arg 0: 0x0000024ef16e5780
    arg 1: 0x0000000000000019
~~2120~~ ntdll.dll!RtlGetCurrentServiceSessionId
    arg -1: 0x0000000000000000 (name=retval, type=void, size=0x8)
~~2120~~ ntdll.dll!RtlFreeHeap
    arg -1: 0x0000000000000001 (name=retval, type=void, size=0x8)
~~2120~~ KERNELBASE.dll!GetProcessHeap
    arg 0: 0x0000024ef16e5610 (type=void, size=0x0)
~~2120~~ KERNELBASE.dll!GetProcessHeap
    arg -1: 0x0000024ef16d0000 (type=HANDLE, size=0x8)
~~2120~~ ntdll.dll!RtlFreeHeap
    arg 0: 0x0000024ef16d0000
    arg 1: 0x0000000000000000
~~2120~~ ntdll.dll!RtlGetCurrentServiceSessionId
    arg 0: 0x0000024ef16e5600
    arg 1: 0x0000000000000013
~~2120~~ ntdll.dll!RtlGetCurrentServiceSessionId
    arg -1: 0x0000000000000000 (name=retval, type=void, size=0x8)
~~2120~~ ntdll.dll!RtlFreeHeap
    arg -1: 0x0000000000000001 (name=retval, type=void, size=0x8)
~~2120~~ KERNELBASE.dll!GetProcessHeap
    arg 0: 0x0000024ef16e4fc0 (type=void, size=0x0)
~~2120~~ KERNELBASE.dll!GetProcessHeap
    arg -1: 0x0000024ef16d0000 (type=HANDLE, size=0x8)
~~2120~~ ntdll.dll!RtlFreeHeap
    arg 0: 0x0000024ef16d0000
    arg 1: 0x0000000000000000
~~2120~~ ntdll.dll!RtlTryEnterCriticalSection
    arg 0: 0x0000024ef16d02c0
    arg 1: 0x0000000000000002
~~2120~~ ntdll.dll!RtlTryEnterCriticalSection
    arg -1: 0x0000000000000001 (name=retval, type=void, size=0x8)
~~2120~~ ntdll.dll!RtlFreeHeap
    arg -1: 0x0000000000000001 (name=retval, type=void, size=0x8)
~~2120~~ KERNELBASE.dll!GetProcessHeap
    arg 0: 0x0000024ef16e5000 (type=void, size=0x0)
~~2120~~ KERNELBASE.dll!GetProcessHeap
    arg -1: 0x0000024ef16d0000 (type=HANDLE, size=0x8)
~~2120~~ ntdll.dll!RtlFreeHeap
    arg 0: 0x0000024ef16d0000
    arg 1: 0x0000000000000000
~~2120~~ ntdll.dll!RtlTryEnterCriticalSection
    arg 0: 0x0000024ef16d02c0
    arg 1: 0x0000000000000002
~~2120~~ ntdll.dll!RtlTryEnterCriticalSection
    arg -1: 0x0000000000000001 (name=retval, type=void, size=0x8)
~~2120~~ ntdll.dll!RtlFreeHeap
    arg -1: 0x0000000000000001 (name=retval, type=void, size=0x8)
~~2120~~ KERNELBASE.dll!GetProcessHeap
    arg 0: 0x0000024ef16e1490 (type=void, size=0x0)
~~2120~~ KERNELBASE.dll!GetProcessHeap
    arg -1: 0x0000024ef16d0000 (type=HANDLE, size=0x8)
~~2120~~ ntdll.dll!RtlFreeHeap
    arg 0: 0x0000024ef16d0000
    arg 1: 0x0000000000000000
~~2120~~ ntdll.dll!RtlGetCurrentServiceSessionId
    arg 0: 0x0000024ef16e1480
    arg 1: 0x0000000000000001
~~2120~~ ntdll.dll!RtlGetCurrentServiceSessionId
    arg -1: 0x0000000000000000 (name=retval, type=void, size=0x8)
~~2120~~ ntdll.dll!RtlFreeHeap
    arg -1: 0x0000000000000001 (name=retval, type=void, size=0x8)
~~2120~~ KERNELBASE.dll!GetProcessHeap
    arg 0: 0x0000024ef16e5350 (type=void, size=0x0)
~~2120~~ KERNELBASE.dll!GetProcessHeap
    arg -1: 0x0000024ef16d0000 (type=HANDLE, size=0x8)
~~2120~~ ntdll.dll!RtlFreeHeap
    arg 0: 0x0000024ef16d0000
    arg 1: 0x0000000000000000
~~2120~~ ntdll.dll!RtlGetCurrentServiceSessionId
    arg 0: 0x0000024ef16e5340
    arg 1: 0x0000000000000008
~~2120~~ ntdll.dll!RtlGetCurrentServiceSessionId
    arg -1: 0x0000000000000000 (name=retval, type=void, size=0x8)
~~2120~~ ntdll.dll!RtlFreeHeap
    arg -1: 0x0000000000000001 (name=retval, type=void, size=0x8)
~~2120~~ KERNELBASE.dll!GetProcessHeap
    arg 0: 0x0000024ef16e5550 (type=void, size=0x0)
~~2120~~ KERNELBASE.dll!GetProcessHeap
    arg -1: 0x0000024ef16d0000 (type=HANDLE, size=0x8)
~~2120~~ ntdll.dll!RtlFreeHeap
    arg 0: 0x0000024ef16d0000
    arg 1: 0x0000000000000000
~~2120~~ ntdll.dll!RtlGetCurrentServiceSessionId
    arg 0: 0x0000024ef16e5540
    arg 1: 0x0000000000000010
~~2120~~ ntdll.dll!RtlGetCurrentServiceSessionId
    arg -1: 0x0000000000000000 (name=retval, type=void, size=0x8)
~~2120~~ ntdll.dll!RtlFreeHeap
    arg -1: 0x0000000000000001 (name=retval, type=void, size=0x8)
~~2120~~ KERNELBASE.dll!GetProcessHeap
    arg 0: 0x0000024ef16e56d0 (type=void, size=0x0)
~~2120~~ KERNELBASE.dll!GetProcessHeap
    arg -1: 0x0000024ef16d0000 (type=HANDLE, size=0x8)
~~2120~~ ntdll.dll!RtlFreeHeap
    arg 0: 0x0000024ef16d0000
    arg 1: 0x0000000000000000
~~2120~~ ntdll.dll!RtlGetCurrentServiceSessionId
    arg 0: 0x0000024ef16e56c0
    arg 1: 0x0000000000000016
~~2120~~ ntdll.dll!RtlGetCurrentServiceSessionId
    arg -1: 0x0000000000000000 (name=retval, type=void, size=0x8)
~~2120~~ ntdll.dll!RtlFreeHeap
    arg -1: 0x0000000000000001 (name=retval, type=void, size=0x8)
~~2120~~ KERNELBASE.dll!GetProcessHeap
    arg 0: 0x0000024ef16e50c0 (type=void, size=0x0)
~~2120~~ KERNELBASE.dll!GetProcessHeap
    arg -1: 0x0000024ef16d0000 (type=HANDLE, size=0x8)
~~2120~~ ntdll.dll!RtlFreeHeap
    arg 0: 0x0000024ef16d0000
    arg 1: 0x0000000000000000
~~2120~~ ntdll.dll!RtlTryEnterCriticalSection
    arg 0: 0x0000024ef16d02c0
    arg 1: 0x0000000000000002
~~2120~~ ntdll.dll!RtlTryEnterCriticalSection
    arg -1: 0x0000000000000001 (name=retval, type=void, size=0x8)
~~2120~~ ntdll.dll!RtlFreeHeap
    arg -1: 0x0000000000000001 (name=retval, type=void, size=0x8)
~~2120~~ KERNELBASE.dll!GetProcessHeap
    arg 0: 0x0000024ef16e16a0 (type=void, size=0x0)
~~2120~~ KERNELBASE.dll!GetProcessHeap
    arg -1: 0x0000024ef16d0000 (type=HANDLE, size=0x8)
~~2120~~ ntdll.dll!RtlFreeHeap
    arg 0: 0x0000024ef16d0000
    arg 1: 0x0000000000000000
~~2120~~ ntdll.dll!RtlGetCurrentServiceSessionId
    arg 0: 0x0000024ef16e1690
    arg 1: 0x000000000000000c
~~2120~~ ntdll.dll!RtlGetCurrentServiceSessionId
    arg -1: 0x0000000000000000 (name=retval, type=void, size=0x8)
~~2120~~ ntdll.dll!RtlFreeHeap
    arg -1: 0x0000000000000001 (name=retval, type=void, size=0x8)
~~2120~~ KERNELBASE.dll!GetProcessHeap
    arg 0: 0x0000024ef16e55d0 (type=void, size=0x0)
~~2120~~ KERNELBASE.dll!GetProcessHeap
    arg -1: 0x0000024ef16d0000 (type=HANDLE, size=0x8)
~~2120~~ ntdll.dll!RtlFreeHeap
    arg 0: 0x0000024ef16d0000
    arg 1: 0x0000000000000000
~~2120~~ ntdll.dll!RtlGetCurrentServiceSessionId
    arg 0: 0x0000024ef16e55c0
    arg 1: 0x0000000000000012
~~2120~~ ntdll.dll!RtlGetCurrentServiceSessionId
    arg -1: 0x0000000000000000 (name=retval, type=void, size=0x8)
~~2120~~ ntdll.dll!RtlFreeHeap
    arg -1: 0x0000000000000001 (name=retval, type=void, size=0x8)
~~2120~~ KERNELBASE.dll!GetProcessHeap
    arg 0: 0x0000024ef16e5190 (type=void, size=0x0)
~~2120~~ KERNELBASE.dll!GetProcessHeap
    arg -1: 0x0000024ef16d0000 (type=HANDLE, size=0x8)
~~2120~~ ntdll.dll!RtlFreeHeap
    arg 0: 0x0000024ef16d0000
    arg 1: 0x0000000000000000
~~2120~~ ntdll.dll!RtlGetCurrentServiceSessionId
    arg 0: 0x0000024ef16e5180
    arg 1: 0x0000000000000001
~~2120~~ ntdll.dll!RtlGetCurrentServiceSessionId
    arg -1: 0x0000000000000000 (name=retval, type=void, size=0x8)
~~2120~~ ntdll.dll!RtlFreeHeap
    arg -1: 0x0000000000000001 (name=retval, type=void, size=0x8)
~~2120~~ KERNELBASE.dll!GetProcessHeap
    arg 0: 0x0000024ef16e5850 (type=void, size=0x0)
~~2120~~ KERNELBASE.dll!GetProcessHeap
    arg -1: 0x0000024ef16d0000 (type=HANDLE, size=0x8)
~~2120~~ ntdll.dll!RtlFreeHeap
    arg 0: 0x0000024ef16d0000
    arg 1: 0x0000000000000000
~~2120~~ ntdll.dll!RtlGetCurrentServiceSessionId
    arg 0: 0x0000024ef16e5840
    arg 1: 0x000000000000001c
~~2120~~ ntdll.dll!RtlGetCurrentServiceSessionId
    arg -1: 0x0000000000000000 (name=retval, type=void, size=0x8)
~~2120~~ ntdll.dll!RtlFreeHeap
    arg -1: 0x0000000000000001 (name=retval, type=void, size=0x8)
~~2120~~ KERNELBASE.dll!GetProcessHeap
    arg 0: 0x0000024ef16e0a50 (type=void, size=0x0)
~~2120~~ KERNELBASE.dll!GetProcessHeap
    arg -1: 0x0000024ef16d0000 (type=HANDLE, size=0x8)
~~2120~~ ntdll.dll!RtlFreeHeap
    arg 0: 0x0000024ef16d0000
    arg 1: 0x0000000000000000
~~2120~~ ntdll.dll!RtlGetCurrentServiceSessionId
    arg 0: 0x0000024ef16e0a40
    arg 1: 0x0000000000000014
~~2120~~ ntdll.dll!RtlGetCurrentServiceSessionId
    arg -1: 0x0000000000000000 (name=retval, type=void, size=0x8)
~~2120~~ ntdll.dll!RtlFreeHeap
    arg -1: 0x0000000000000001 (name=retval, type=void, size=0x8)
~~2120~~ KERNELBASE.dll!GetProcessHeap
    arg 0: 0x0000024ef16e6d00 (type=void, size=0x0)
~~2120~~ KERNELBASE.dll!GetProcessHeap
    arg -1: 0x0000024ef16d0000 (type=HANDLE, size=0x8)
~~2120~~ ntdll.dll!RtlFreeHeap
    arg 0: 0x0000024ef16d0000
    arg 1: 0x0000000000000000
~~2120~~ ntdll.dll!RtlGetCurrentServiceSessionId
    arg 0: 0x0000024ef16e6cf0
    arg 1: 0x000000000000003b
~~2120~~ ntdll.dll!RtlGetCurrentServiceSessionId
    arg -1: 0x0000000000000000 (name=retval, type=void, size=0x8)
~~2120~~ ntdll.dll!RtlFreeHeap
    arg -1: 0x0000000000000001 (name=retval, type=void, size=0x8)
~~2120~~ KERNELBASE.dll!GetProcessHeap
    arg 0: 0x0000024ef16e0550 (type=void, size=0x0)
~~2120~~ KERNELBASE.dll!GetProcessHeap
    arg -1: 0x0000024ef16d0000 (type=HANDLE, size=0x8)
~~2120~~ ntdll.dll!RtlFreeHeap
    arg 0: 0x0000024ef16d0000
    arg 1: 0x0000000000000000
~~2120~~ ntdll.dll!RtlGetCurrentServiceSessionId
    arg 0: 0x0000024ef16e0540
    arg 1: 0x0000000000000004
~~2120~~ ntdll.dll!RtlGetCurrentServiceSessionId
    arg -1: 0x0000000000000000 (name=retval, type=void, size=0x8)
~~2120~~ ntdll.dll!RtlFreeHeap
    arg -1: 0x0000000000000001 (name=retval, type=void, size=0x8)
~~2120~~ KERNELBASE.dll!GetProcessHeap
    arg 0: 0x0000024ef16e51d0 (type=void, size=0x0)
~~2120~~ KERNELBASE.dll!GetProcessHeap
    arg -1: 0x0000024ef16d0000 (type=HANDLE, size=0x8)
~~2120~~ ntdll.dll!RtlFreeHeap
    arg 0: 0x0000024ef16d0000
    arg 1: 0x0000000000000000
~~2120~~ ntdll.dll!RtlGetCurrentServiceSessionId
    arg 0: 0x0000024ef16e51c0
    arg 1: 0x0000000000000002
~~2120~~ ntdll.dll!RtlGetCurrentServiceSessionId
    arg -1: 0x0000000000000000 (name=retval, type=void, size=0x8)
~~2120~~ ntdll.dll!RtlFreeHeap
    arg -1: 0x0000000000000001 (name=retval, type=void, size=0x8)
~~2120~~ KERNELBASE.dll!GetProcessHeap
    arg 0: 0x0000024ef16e05a0 (type=void, size=0x0)
~~2120~~ KERNELBASE.dll!GetProcessHeap
    arg -1: 0x0000024ef16d0000 (type=HANDLE, size=0x8)
~~2120~~ ntdll.dll!RtlFreeHeap
    arg 0: 0x0000024ef16d0000
    arg 1: 0x0000000000000000
~~2120~~ ntdll.dll!RtlGetCurrentServiceSessionId
    arg 0: 0x0000024ef16e0590
    arg 1: 0x0000000000000005
~~2120~~ ntdll.dll!RtlGetCurrentServiceSessionId
    arg -1: 0x0000000000000000 (name=retval, type=void, size=0x8)
~~2120~~ ntdll.dll!RtlFreeHeap
    arg -1: 0x0000000000000001 (name=retval, type=void, size=0x8)
~~2120~~ KERNELBASE.dll!GetProcessHeap
    arg 0: 0x0000024ef16e5690 (type=void, size=0x0)
~~2120~~ KERNELBASE.dll!GetProcessHeap
    arg -1: 0x0000024ef16d0000 (type=HANDLE, size=0x8)
~~2120~~ ntdll.dll!RtlFreeHeap
    arg 0: 0x0000024ef16d0000
    arg 1: 0x0000000000000000
~~2120~~ ntdll.dll!RtlGetCurrentServiceSessionId
    arg 0: 0x0000024ef16e5680
    arg 1: 0x0000000000000015
~~2120~~ ntdll.dll!RtlGetCurrentServiceSessionId
    arg -1: 0x0000000000000000 (name=retval, type=void, size=0x8)
~~2120~~ ntdll.dll!RtlFreeHeap
    arg -1: 0x0000000000000001 (name=retval, type=void, size=0x8)
~~2120~~ KERNELBASE.dll!GetProcessHeap
    arg 0: 0x0000024ef16e5210 (type=void, size=0x0)
~~2120~~ KERNELBASE.dll!GetProcessHeap
    arg -1: 0x0000024ef16d0000 (type=HANDLE, size=0x8)
~~2120~~ ntdll.dll!RtlFreeHeap
    arg 0: 0x0000024ef16d0000
    arg 1: 0x0000000000000000
~~2120~~ ntdll.dll!RtlGetCurrentServiceSessionId
    arg 0: 0x0000024ef16e5200
    arg 1: 0x0000000000000003
~~2120~~ ntdll.dll!RtlGetCurrentServiceSessionId
    arg -1: 0x0000000000000000 (name=retval, type=void, size=0x8)
~~2120~~ ntdll.dll!RtlFreeHeap
    arg -1: 0x0000000000000001 (name=retval, type=void, size=0x8)
~~2120~~ KERNELBASE.dll!GetProcessHeap
    arg 0: 0x0000024ef16e5390 (type=void, size=0x0)
~~2120~~ KERNELBASE.dll!GetProcessHeap
    arg -1: 0x0000024ef16d0000 (type=HANDLE, size=0x8)
~~2120~~ ntdll.dll!RtlFreeHeap
    arg 0: 0x0000024ef16d0000
    arg 1: 0x0000000000000000
~~2120~~ ntdll.dll!RtlGetCurrentServiceSessionId
    arg 0: 0x0000024ef16e5380
    arg 1: 0x0000000000000009
~~2120~~ ntdll.dll!RtlGetCurrentServiceSessionId
    arg -1: 0x0000000000000000 (name=retval, type=void, size=0x8)
~~2120~~ ntdll.dll!RtlFreeHeap
    arg -1: 0x0000000000000001 (name=retval, type=void, size=0x8)
~~2120~~ KERNELBASE.dll!GetProcessHeap
    arg 0: 0x0000024ef16e0460 (type=void, size=0x0)
~~2120~~ KERNELBASE.dll!GetProcessHeap
    arg -1: 0x0000024ef16d0000 (type=HANDLE, size=0x8)
~~2120~~ ntdll.dll!RtlFreeHeap
    arg 0: 0x0000024ef16d0000
    arg 1: 0x0000000000000000
~~2120~~ ntdll.dll!RtlGetCurrentServiceSessionId
    arg 0: 0x0000024ef16e0450
    arg 1: 0x0000000000000001
~~2120~~ ntdll.dll!RtlGetCurrentServiceSessionId
    arg -1: 0x0000000000000000 (name=retval, type=void, size=0x8)
~~2120~~ ntdll.dll!RtlFreeHeap
    arg -1: 0x0000000000000001 (name=retval, type=void, size=0x8)
~~2120~~ KERNELBASE.dll!GetProcessHeap
    arg 0: 0x0000024ef16e5150 (type=void, size=0x0)
~~2120~~ KERNELBASE.dll!GetProcessHeap
    arg -1: 0x0000024ef16d0000 (type=HANDLE, size=0x8)
~~2120~~ ntdll.dll!RtlFreeHeap
    arg 0: 0x0000024ef16d0000
    arg 1: 0x0000000000000000
~~2120~~ ntdll.dll!RtlGetCurrentServiceSessionId
    arg 0: 0x0000024ef16e5140
    arg 1: 0x0000000000000000
~~2120~~ ntdll.dll!RtlGetCurrentServiceSessionId
    arg -1: 0x0000000000000000 (name=retval, type=void, size=0x8)
~~2120~~ ntdll.dll!RtlFreeHeap
    arg -1: 0x0000000000000001 (name=retval, type=void, size=0x8)
~~2120~~ KERNELBASE.dll!GetProcessHeap
    arg 0: 0x0000024ef16e5510 (type=void, size=0x0)
~~2120~~ KERNELBASE.dll!GetProcessHeap
    arg -1: 0x0000024ef16d0000 (type=HANDLE, size=0x8)
~~2120~~ ntdll.dll!RtlFreeHeap
    arg 0: 0x0000024ef16d0000
    arg 1: 0x0000000000000000
~~2120~~ ntdll.dll!RtlGetCurrentServiceSessionId
    arg 0: 0x0000024ef16e5500
    arg 1: 0x000000000000000f
~~2120~~ ntdll.dll!RtlGetCurrentServiceSessionId
    arg -1: 0x0000000000000000 (name=retval, type=void, size=0x8)
~~2120~~ ntdll.dll!RtlFreeHeap
    arg -1: 0x0000000000000001 (name=retval, type=void, size=0x8)
~~2120~~ KERNELBASE.dll!GetProcessHeap
    arg 0: 0x0000024ef16e07d0 (type=void, size=0x0)
~~2120~~ KERNELBASE.dll!GetProcessHeap
    arg -1: 0x0000024ef16d0000 (type=HANDLE, size=0x8)
~~2120~~ ntdll.dll!RtlFreeHeap
    arg 0: 0x0000024ef16d0000
    arg 1: 0x0000000000000000
~~2120~~ ntdll.dll!RtlGetCurrentServiceSessionId
    arg 0: 0x0000024ef16e07c0
    arg 1: 0x000000000000000c
~~2120~~ ntdll.dll!RtlGetCurrentServiceSessionId
    arg -1: 0x0000000000000000 (name=retval, type=void, size=0x8)
~~2120~~ ntdll.dll!RtlFreeHeap
    arg -1: 0x0000000000000001 (name=retval, type=void, size=0x8)
~~2120~~ KERNELBASE.dll!GetProcessHeap
    arg 0: 0x0000024ef16e6000 (type=void, size=0x0)
~~2120~~ KERNELBASE.dll!GetProcessHeap
    arg -1: 0x0000024ef16d0000 (type=HANDLE, size=0x8)
~~2120~~ ntdll.dll!RtlFreeHeap
    arg 0: 0x0000024ef16d0000
    arg 1: 0x0000000000000000
~~2120~~ ntdll.dll!RtlGetCurrentServiceSessionId
    arg 0: 0x0000024ef16e5ff0
    arg 1: 0x0000000000000007
~~2120~~ ntdll.dll!RtlGetCurrentServiceSessionId
    arg -1: 0x0000000000000000 (name=retval, type=void, size=0x8)
~~2120~~ ntdll.dll!RtlFreeHeap
    arg -1: 0x0000000000000001 (name=retval, type=void, size=0x8)
~~2120~~ KERNELBASE.dll!GetProcessHeap
    arg 0: 0x0000024ef16e5250 (type=void, size=0x0)
~~2120~~ KERNELBASE.dll!GetProcessHeap
    arg -1: 0x0000024ef16d0000 (type=HANDLE, size=0x8)
~~2120~~ ntdll.dll!RtlFreeHeap
    arg 0: 0x0000024ef16d0000
    arg 1: 0x0000000000000000
~~2120~~ ntdll.dll!RtlGetCurrentServiceSessionId
    arg 0: 0x0000024ef16e5240
    arg 1: 0x0000000000000004
~~2120~~ ntdll.dll!RtlGetCurrentServiceSessionId
    arg -1: 0x0000000000000000 (name=retval, type=void, size=0x8)
~~2120~~ ntdll.dll!RtlFreeHeap
    arg -1: 0x0000000000000001 (name=retval, type=void, size=0x8)
~~2120~~ KERNELBASE.dll!GetProcessHeap
    arg 0: 0x0000024ef16e4eb0 (type=void, size=0x0)
~~2120~~ KERNELBASE.dll!GetProcessHeap
    arg -1: 0x0000024ef16d0000 (type=HANDLE, size=0x8)
~~2120~~ ntdll.dll!RtlFreeHeap
    arg 0: 0x0000024ef16d0000
    arg 1: 0x0000000000000000
~~2120~~ ntdll.dll!RtlTryEnterCriticalSection
    arg 0: 0x0000024ef16d02c0
    arg 1: 0x0000000000000002
~~2120~~ ntdll.dll!RtlTryEnterCriticalSection
    arg -1: 0x0000000000000001 (name=retval, type=void, size=0x8)
~~2120~~ ntdll.dll!RtlFreeHeap
    arg -1: 0x0000000000000001 (name=retval, type=void, size=0x8)
~~2120~~ KERNELBASE.dll!GetProcessHeap
    arg 0: 0x0000024ef16e54d0 (type=void, size=0x0)
~~2120~~ KERNELBASE.dll!GetProcessHeap
    arg -1: 0x0000024ef16d0000 (type=HANDLE, size=0x8)
~~2120~~ ntdll.dll!RtlFreeHeap
    arg 0: 0x0000024ef16d0000
    arg 1: 0x0000000000000000
~~2120~~ ntdll.dll!RtlGetCurrentServiceSessionId
    arg 0: 0x0000024ef16e54c0
    arg 1: 0x000000000000000e
~~2120~~ ntdll.dll!RtlGetCurrentServiceSessionId
    arg -1: 0x0000000000000000 (name=retval, type=void, size=0x8)
~~2120~~ ntdll.dll!RtlFreeHeap
    arg -1: 0x0000000000000001 (name=retval, type=void, size=0x8)
~~2120~~ KERNELBASE.dll!GetProcessHeap
    arg 0: 0x0000024ef16e0640 (type=void, size=0x0)
~~2120~~ KERNELBASE.dll!GetProcessHeap
    arg -1: 0x0000024ef16d0000 (type=HANDLE, size=0x8)
~~2120~~ ntdll.dll!RtlFreeHeap
    arg 0: 0x0000024ef16d0000
    arg 1: 0x0000000000000000
~~2120~~ ntdll.dll!RtlGetCurrentServiceSessionId
    arg 0: 0x0000024ef16e0630
    arg 1: 0x0000000000000007
~~2120~~ ntdll.dll!RtlGetCurrentServiceSessionId
    arg -1: 0x0000000000000000 (name=retval, type=void, size=0x8)
~~2120~~ ntdll.dll!RtlFreeHeap
    arg -1: 0x0000000000000001 (name=retval, type=void, size=0x8)
~~2120~~ KERNELBASE.dll!GetProcessHeap
    arg 0: 0x0000024ef16e5810 (type=void, size=0x0)
~~2120~~ KERNELBASE.dll!GetProcessHeap
    arg -1: 0x0000024ef16d0000 (type=HANDLE, size=0x8)
~~2120~~ ntdll.dll!RtlFreeHeap
    arg 0: 0x0000024ef16d0000
    arg 1: 0x0000000000000000
~~2120~~ ntdll.dll!RtlGetCurrentServiceSessionId
    arg 0: 0x0000024ef16e5800
    arg 1: 0x000000000000001b
~~2120~~ ntdll.dll!RtlGetCurrentServiceSessionId
    arg -1: 0x0000000000000000 (name=retval, type=void, size=0x8)
~~2120~~ ntdll.dll!RtlFreeHeap
    arg -1: 0x0000000000000001 (name=retval, type=void, size=0x8)
~~2120~~ KERNELBASE.dll!GetProcessHeap
    arg 0: 0x0000024ef16e5590 (type=void, size=0x0)
~~2120~~ KERNELBASE.dll!GetProcessHeap
    arg -1: 0x0000024ef16d0000 (type=HANDLE, size=0x8)
~~2120~~ ntdll.dll!RtlFreeHeap
    arg 0: 0x0000024ef16d0000
    arg 1: 0x0000000000000000
~~2120~~ ntdll.dll!RtlGetCurrentServiceSessionId
    arg 0: 0x0000024ef16e5580
    arg 1: 0x0000000000000011
~~2120~~ ntdll.dll!RtlGetCurrentServiceSessionId
    arg -1: 0x0000000000000000 (name=retval, type=void, size=0x8)
~~2120~~ ntdll.dll!RtlFreeHeap
    arg -1: 0x0000000000000001 (name=retval, type=void, size=0x8)
~~2120~~ KERNELBASE.dll!GetProcessHeap
    arg 0: 0x0000024ef16e5410 (type=void, size=0x0)
~~2120~~ KERNELBASE.dll!GetProcessHeap
    arg -1: 0x0000024ef16d0000 (type=HANDLE, size=0x8)
~~2120~~ ntdll.dll!RtlFreeHeap
    arg 0: 0x0000024ef16d0000
    arg 1: 0x0000000000000000
~~2120~~ ntdll.dll!RtlGetCurrentServiceSessionId
    arg 0: 0x0000024ef16e5400
    arg 1: 0x000000000000000b
~~2120~~ ntdll.dll!RtlGetCurrentServiceSessionId
    arg -1: 0x0000000000000000 (name=retval, type=void, size=0x8)
~~2120~~ ntdll.dll!RtlFreeHeap
    arg -1: 0x0000000000000001 (name=retval, type=void, size=0x8)
~~2120~~ KERNELBASE.dll!GetProcessHeap
    arg 0: 0x0000024ef16e6ec0 (type=void, size=0x0)
~~2120~~ KERNELBASE.dll!GetProcessHeap
    arg -1: 0x0000024ef16d0000 (type=HANDLE, size=0x8)
~~2120~~ ntdll.dll!RtlFreeHeap
    arg 0: 0x0000024ef16d0000
    arg 1: 0x0000000000000000
~~2120~~ ntdll.dll!RtlTryEnterCriticalSection
    arg 0: 0x0000024ef16d02c0
    arg 1: 0x0000000000000002
~~2120~~ ntdll.dll!RtlTryEnterCriticalSection
    arg -1: 0x0000000000000001 (name=retval, type=void, size=0x8)
~~2120~~ ntdll.dll!RtlFreeHeap
    arg -1: 0x0000000000000001 (name=retval, type=void, size=0x8)
~~2120~~ KERNELBASE.dll!GetProcessHeap
    arg 0: 0x0000024ef16e6300 (type=void, size=0x0)
~~2120~~ KERNELBASE.dll!GetProcessHeap
    arg -1: 0x0000024ef16d0000 (type=HANDLE, size=0x8)
~~2120~~ ntdll.dll!RtlFreeHeap
    arg 0: 0x0000024ef16d0000
    arg 1: 0x0000000000000000
~~2120~~ ntdll.dll!RtlGetCurrentServiceSessionId
    arg 0: 0x0000024ef16e62f0
    arg 1: 0x0000000000000013
~~2120~~ ntdll.dll!RtlGetCurrentServiceSessionId
    arg -1: 0x0000000000000000 (name=retval, type=void, size=0x8)
~~2120~~ ntdll.dll!RtlFreeHeap
    arg -1: 0x0000000000000001 (name=retval, type=void, size=0x8)
~~2120~~ KERNELBASE.dll!GetProcessHeap
    arg 0: 0x0000024ef16e14c0 (type=void, size=0x0)
~~2120~~ KERNELBASE.dll!GetProcessHeap
    arg -1: 0x0000024ef16d0000 (type=HANDLE, size=0x8)
~~2120~~ ntdll.dll!RtlFreeHeap
    arg 0: 0x0000024ef16d0000
    arg 1: 0x0000000000000000
~~2120~~ ntdll.dll!RtlGetCurrentServiceSessionId
    arg 0: 0x0000024ef16e14b0
    arg 1: 0x0000000000000002
~~2120~~ ntdll.dll!RtlGetCurrentServiceSessionId
    arg -1: 0x0000000000000000 (name=retval, type=void, size=0x8)
~~2120~~ ntdll.dll!RtlFreeHeap
    arg -1: 0x0000000000000001 (name=retval, type=void, size=0x8)
~~2120~~ KERNELBASE.dll!GetProcessHeap
    arg 0: 0x0000024ef16e5710 (type=void, size=0x0)
~~2120~~ KERNELBASE.dll!GetProcessHeap
    arg -1: 0x0000024ef16d0000 (type=HANDLE, size=0x8)
~~2120~~ ntdll.dll!RtlFreeHeap
    arg 0: 0x0000024ef16d0000
    arg 1: 0x0000000000000000
~~2120~~ ntdll.dll!RtlGetCurrentServiceSessionId
    arg 0: 0x0000024ef16e5700
    arg 1: 0x0000000000000017
~~2120~~ ntdll.dll!RtlGetCurrentServiceSessionId
    arg -1: 0x0000000000000000 (name=retval, type=void, size=0x8)
~~2120~~ ntdll.dll!RtlFreeHeap
    arg -1: 0x0000000000000001 (name=retval, type=void, size=0x8)
~~2120~~ KERNELBASE.dll!GetProcessHeap
    arg 0: 0x0000024ef16e5d20 (type=void, size=0x0)
~~2120~~ KERNELBASE.dll!GetProcessHeap
    arg -1: 0x0000024ef16d0000 (type=HANDLE, size=0x8)
~~2120~~ ntdll.dll!RtlFreeHeap
    arg 0: 0x0000024ef16d0000
    arg 1: 0x0000000000000000
~~2120~~ ntdll.dll!RtlTryEnterCriticalSection
    arg 0: 0x0000024ef16d02c0
    arg 1: 0x0000000000000002
~~2120~~ ntdll.dll!RtlTryEnterCriticalSection
    arg -1: 0x0000000000000001 (name=retval, type=void, size=0x8)
~~2120~~ ntdll.dll!RtlFreeHeap
    arg -1: 0x0000000000000001 (name=retval, type=void, size=0x8)
~~2120~~ KERNELBASE.dll!GetProcessHeap
    arg 0: 0x0000024ef16e5650 (type=void, size=0x0)
~~2120~~ KERNELBASE.dll!GetProcessHeap
    arg -1: 0x0000024ef16d0000 (type=HANDLE, size=0x8)
~~2120~~ ntdll.dll!RtlFreeHeap
    arg 0: 0x0000024ef16d0000
    arg 1: 0x0000000000000000
~~2120~~ ntdll.dll!RtlGetCurrentServiceSessionId
    arg 0: 0x0000024ef16e5640
    arg 1: 0x0000000000000014
~~2120~~ ntdll.dll!RtlGetCurrentServiceSessionId
    arg -1: 0x0000000000000000 (name=retval, type=void, size=0x8)
~~2120~~ ntdll.dll!RtlFreeHeap
    arg -1: 0x0000000000000001 (name=retval, type=void, size=0x8)
~~2120~~ KERNELBASE.dll!GetProcessHeap
    arg 0: 0x0000024ef16e5d80 (type=void, size=0x0)
~~2120~~ KERNELBASE.dll!GetProcessHeap
    arg -1: 0x0000024ef16d0000 (type=HANDLE, size=0x8)
~~2120~~ ntdll.dll!RtlFreeHeap
    arg 0: 0x0000024ef16d0000
    arg 1: 0x0000000000000000
~~2120~~ ntdll.dll!RtlTryEnterCriticalSection
    arg 0: 0x0000024ef16d02c0
    arg 1: 0x0000000000000002
~~2120~~ ntdll.dll!RtlTryEnterCriticalSection
    arg -1: 0x0000000000000001 (name=retval, type=void, size=0x8)
~~2120~~ ntdll.dll!RtlFreeHeap
    arg -1: 0x0000000000000001 (name=retval, type=void, size=0x8)
~~2120~~ KERNELBASE.dll!GetProcessHeap
    arg 0: 0x0000024ef16e5290 (type=void, size=0x0)
~~2120~~ KERNELBASE.dll!GetProcessHeap
    arg -1: 0x0000024ef16d0000 (type=HANDLE, size=0x8)
~~2120~~ ntdll.dll!RtlFreeHeap
    arg 0: 0x0000024ef16d0000
    arg 1: 0x0000000000000000
~~2120~~ ntdll.dll!RtlGetCurrentServiceSessionId
    arg 0: 0x0000024ef16e5280
    arg 1: 0x0000000000000005
~~2120~~ ntdll.dll!RtlGetCurrentServiceSessionId
    arg -1: 0x0000000000000000 (name=retval, type=void, size=0x8)
~~2120~~ ntdll.dll!RtlFreeHeap
    arg -1: 0x0000000000000001 (name=retval, type=void, size=0x8)
~~2120~~ KERNELBASE.dll!GetProcessHeap
    arg 0: 0x0000024ef16e16d0 (type=void, size=0x0)
~~2120~~ KERNELBASE.dll!GetProcessHeap
    arg -1: 0x0000024ef16d0000 (type=HANDLE, size=0x8)
~~2120~~ ntdll.dll!RtlFreeHeap
    arg 0: 0x0000024ef16d0000
    arg 1: 0x0000000000000000
~~2120~~ ntdll.dll!RtlGetCurrentServiceSessionId
    arg 0: 0x0000024ef16e16c0
    arg 1: 0x000000000000000d
~~2120~~ ntdll.dll!RtlGetCurrentServiceSessionId
    arg -1: 0x0000000000000000 (name=retval, type=void, size=0x8)
~~2120~~ ntdll.dll!RtlFreeHeap
    arg -1: 0x0000000000000001 (name=retval, type=void, size=0x8)
~~2120~~ KERNELBASE.dll!GetProcessHeap
    arg 0: 0x0000024ef16e5310 (type=void, size=0x0)
~~2120~~ KERNELBASE.dll!GetProcessHeap
    arg -1: 0x0000024ef16d0000 (type=HANDLE, size=0x8)
~~2120~~ ntdll.dll!RtlFreeHeap
    arg 0: 0x0000024ef16d0000
    arg 1: 0x0000000000000000
~~2120~~ ntdll.dll!RtlGetCurrentServiceSessionId
    arg 0: 0x0000024ef16e5300
    arg 1: 0x0000000000000007
~~2120~~ ntdll.dll!RtlGetCurrentServiceSessionId
    arg -1: 0x0000000000000000 (name=retval, type=void, size=0x8)
~~2120~~ ntdll.dll!RtlFreeHeap
    arg -1: 0x0000000000000001 (name=retval, type=void, size=0x8)
~~2120~~ KERNELBASE.dll!GetProcessHeap
    arg 0: 0x0000024ef16e6600 (type=void, size=0x0)
~~2120~~ KERNELBASE.dll!GetProcessHeap
    arg -1: 0x0000024ef16d0000 (type=HANDLE, size=0x8)
~~2120~~ ntdll.dll!RtlFreeHeap
    arg 0: 0x0000024ef16d0000
    arg 1: 0x0000000000000000
~~2120~~ ntdll.dll!RtlGetCurrentServiceSessionId
    arg 0: 0x0000024ef16e65f0
    arg 1: 0x000000000000001f
~~2120~~ ntdll.dll!RtlGetCurrentServiceSessionId
    arg -1: 0x0000000000000000 (name=retval, type=void, size=0x8)
~~2120~~ ntdll.dll!RtlFreeHeap
    arg -1: 0x0000000000000001 (name=retval, type=void, size=0x8)
~~2120~~ KERNELBASE.dll!GetProcessHeap
    arg 0: 0x0000024ef16e6480 (type=void, size=0x0)
~~2120~~ KERNELBASE.dll!GetProcessHeap
    arg -1: 0x0000024ef16d0000 (type=HANDLE, size=0x8)
~~2120~~ ntdll.dll!RtlFreeHeap
    arg 0: 0x0000024ef16d0000
    arg 1: 0x0000000000000000
~~2120~~ ntdll.dll!RtlGetCurrentServiceSessionId
    arg 0: 0x0000024ef16e6470
    arg 1: 0x0000000000000019
~~2120~~ ntdll.dll!RtlGetCurrentServiceSessionId
    arg -1: 0x0000000000000000 (name=retval, type=void, size=0x8)
~~2120~~ ntdll.dll!RtlFreeHeap
    arg -1: 0x0000000000000001 (name=retval, type=void, size=0x8)
~~2120~~ KERNELBASE.dll!GetProcessHeap
    arg 0: 0x0000024ef16e0690 (type=void, size=0x0)
~~2120~~ KERNELBASE.dll!GetProcessHeap
    arg -1: 0x0000024ef16d0000 (type=HANDLE, size=0x8)
~~2120~~ ntdll.dll!RtlFreeHeap
    arg 0: 0x0000024ef16d0000
    arg 1: 0x0000000000000000
~~2120~~ ntdll.dll!RtlGetCurrentServiceSessionId
    arg 0: 0x0000024ef16e0680
    arg 1: 0x0000000000000008
~~2120~~ ntdll.dll!RtlGetCurrentServiceSessionId
    arg -1: 0x0000000000000000 (name=retval, type=void, size=0x8)
~~2120~~ ntdll.dll!RtlFreeHeap
    arg -1: 0x0000000000000001 (name=retval, type=void, size=0x8)
~~2120~~ KERNELBASE.dll!GetProcessHeap
    arg 0: 0x0000024ef16e5490 (type=void, size=0x0)
~~2120~~ KERNELBASE.dll!GetProcessHeap
    arg -1: 0x0000024ef16d0000 (type=HANDLE, size=0x8)
~~2120~~ ntdll.dll!RtlFreeHeap
    arg 0: 0x0000024ef16d0000
    arg 1: 0x0000000000000000
~~2120~~ ntdll.dll!RtlGetCurrentServiceSessionId
    arg 0: 0x0000024ef16e5480
    arg 1: 0x000000000000000d
~~2120~~ ntdll.dll!RtlGetCurrentServiceSessionId
    arg -1: 0x0000000000000000 (name=retval, type=void, size=0x8)
~~2120~~ ntdll.dll!RtlFreeHeap
    arg -1: 0x0000000000000001 (name=retval, type=void, size=0x8)
~~2120~~ KERNELBASE.dll!GetProcessHeap
    arg 0: 0x0000024ef16e6540 (type=void, size=0x0)
~~2120~~ KERNELBASE.dll!GetProcessHeap
    arg -1: 0x0000024ef16d0000 (type=HANDLE, size=0x8)
~~2120~~ ntdll.dll!RtlFreeHeap
    arg 0: 0x0000024ef16d0000
    arg 1: 0x0000000000000000
~~2120~~ ntdll.dll!RtlGetCurrentServiceSessionId
    arg 0: 0x0000024ef16e6530
    arg 1: 0x000000000000001c
~~2120~~ ntdll.dll!RtlGetCurrentServiceSessionId
    arg -1: 0x0000000000000000 (name=retval, type=void, size=0x8)
~~2120~~ ntdll.dll!RtlFreeHeap
    arg -1: 0x0000000000000001 (name=retval, type=void, size=0x8)
~~2120~~ KERNELBASE.dll!GetProcessHeap
    arg 0: 0x0000024ef16e6880 (type=void, size=0x0)
~~2120~~ KERNELBASE.dll!GetProcessHeap
    arg -1: 0x0000024ef16d0000 (type=HANDLE, size=0x8)
~~2120~~ ntdll.dll!RtlFreeHeap
    arg 0: 0x0000024ef16d0000
    arg 1: 0x0000000000000000
~~2120~~ ntdll.dll!RtlGetCurrentServiceSessionId
    arg 0: 0x0000024ef16e6870
    arg 1: 0x0000000000000029
~~2120~~ ntdll.dll!RtlGetCurrentServiceSessionId
    arg -1: 0x0000000000000000 (name=retval, type=void, size=0x8)
~~2120~~ ntdll.dll!RtlFreeHeap
    arg -1: 0x0000000000000001 (name=retval, type=void, size=0x8)
~~2120~~ KERNELBASE.dll!GetProcessHeap
    arg 0: 0x0000024ef16e5f80 (type=void, size=0x0)
~~2120~~ KERNELBASE.dll!GetProcessHeap
    arg -1: 0x0000024ef16d0000 (type=HANDLE, size=0x8)
~~2120~~ ntdll.dll!RtlFreeHeap
    arg 0: 0x0000024ef16d0000
    arg 1: 0x0000000000000000
~~2120~~ ntdll.dll!RtlGetCurrentServiceSessionId
    arg 0: 0x0000024ef16e5f70
    arg 1: 0x0000000000000005
~~2120~~ ntdll.dll!RtlGetCurrentServiceSessionId
    arg -1: 0x0000000000000000 (name=retval, type=void, size=0x8)
~~2120~~ ntdll.dll!RtlFreeHeap
    arg -1: 0x0000000000000001 (name=retval, type=void, size=0x8)
~~2120~~ KERNELBASE.dll!GetProcessHeap
    arg 0: 0x0000024ef16e6440 (type=void, size=0x0)
~~2120~~ KERNELBASE.dll!GetProcessHeap
    arg -1: 0x0000024ef16d0000 (type=HANDLE, size=0x8)
~~2120~~ ntdll.dll!RtlFreeHeap
    arg 0: 0x0000024ef16d0000
    arg 1: 0x0000000000000000
~~2120~~ ntdll.dll!RtlGetCurrentServiceSessionId
    arg 0: 0x0000024ef16e6430
    arg 1: 0x0000000000000018
~~2120~~ ntdll.dll!RtlGetCurrentServiceSessionId
    arg -1: 0x0000000000000000 (name=retval, type=void, size=0x8)
~~2120~~ ntdll.dll!RtlFreeHeap
    arg -1: 0x0000000000000001 (name=retval, type=void, size=0x8)
~~2120~~ KERNELBASE.dll!GetProcessHeap
    arg 0: 0x0000024ef16e0410 (type=void, size=0x0)
~~2120~~ KERNELBASE.dll!GetProcessHeap
    arg -1: 0x0000024ef16d0000 (type=HANDLE, size=0x8)
~~2120~~ ntdll.dll!RtlFreeHeap
    arg 0: 0x0000024ef16d0000
    arg 1: 0x0000000000000000
~~2120~~ ntdll.dll!RtlGetCurrentServiceSessionId
    arg 0: 0x0000024ef16e0400
    arg 1: 0x0000000000000000
~~2120~~ ntdll.dll!RtlGetCurrentServiceSessionId
    arg -1: 0x0000000000000000 (name=retval, type=void, size=0x8)
~~2120~~ ntdll.dll!RtlFreeHeap
    arg -1: 0x0000000000000001 (name=retval, type=void, size=0x8)
~~2120~~ KERNELBASE.dll!GetProcessHeap
    arg 0: 0x0000024ef16e6840 (type=void, size=0x0)
~~2120~~ KERNELBASE.dll!GetProcessHeap
    arg -1: 0x0000024ef16d0000 (type=HANDLE, size=0x8)
~~2120~~ ntdll.dll!RtlFreeHeap
    arg 0: 0x0000024ef16d0000
    arg 1: 0x0000000000000000
~~2120~~ ntdll.dll!RtlGetCurrentServiceSessionId
    arg 0: 0x0000024ef16e6830
    arg 1: 0x0000000000000028
~~2120~~ ntdll.dll!RtlGetCurrentServiceSessionId
    arg -1: 0x0000000000000000 (name=retval, type=void, size=0x8)
~~2120~~ ntdll.dll!RtlFreeHeap
    arg -1: 0x0000000000000001 (name=retval, type=void, size=0x8)
~~2120~~ KERNELBASE.dll!GetProcessHeap
    arg 0: 0x0000024ef16e1640 (type=void, size=0x0)
~~2120~~ KERNELBASE.dll!GetProcessHeap
    arg -1: 0x0000024ef16d0000 (type=HANDLE, size=0x8)
~~2120~~ ntdll.dll!RtlFreeHeap
    arg 0: 0x0000024ef16d0000
    arg 1: 0x0000000000000000
~~2120~~ ntdll.dll!RtlGetCurrentServiceSessionId
    arg 0: 0x0000024ef16e1630
    arg 1: 0x000000000000000a
~~2120~~ ntdll.dll!RtlGetCurrentServiceSessionId
    arg -1: 0x0000000000000000 (name=retval, type=void, size=0x8)
~~2120~~ ntdll.dll!RtlFreeHeap
    arg -1: 0x0000000000000001 (name=retval, type=void, size=0x8)
~~2120~~ KERNELBASE.dll!GetProcessHeap
    arg 0: 0x0000024ef16e6200 (type=void, size=0x0)
~~2120~~ KERNELBASE.dll!GetProcessHeap
    arg -1: 0x0000024ef16d0000 (type=HANDLE, size=0x8)
~~2120~~ ntdll.dll!RtlFreeHeap
    arg 0: 0x0000024ef16d0000
    arg 1: 0x0000000000000000
~~2120~~ ntdll.dll!RtlGetCurrentServiceSessionId
    arg 0: 0x0000024ef16e61f0
    arg 1: 0x000000000000000f
~~2120~~ ntdll.dll!RtlGetCurrentServiceSessionId
    arg -1: 0x0000000000000000 (name=retval, type=void, size=0x8)
~~2120~~ ntdll.dll!RtlFreeHeap
    arg -1: 0x0000000000000001 (name=retval, type=void, size=0x8)
~~2120~~ KERNELBASE.dll!GetProcessHeap
    arg 0: 0x0000024ef16e6280 (type=void, size=0x0)
~~2120~~ KERNELBASE.dll!GetProcessHeap
    arg -1: 0x0000024ef16d0000 (type=HANDLE, size=0x8)
~~2120~~ ntdll.dll!RtlFreeHeap
    arg 0: 0x0000024ef16d0000
    arg 1: 0x0000000000000000
~~2120~~ ntdll.dll!RtlGetCurrentServiceSessionId
    arg 0: 0x0000024ef16e6270
    arg 1: 0x0000000000000011
~~2120~~ ntdll.dll!RtlGetCurrentServiceSessionId
    arg -1: 0x0000000000000000 (name=retval, type=void, size=0x8)
~~2120~~ ntdll.dll!RtlFreeHeap
    arg -1: 0x0000000000000001 (name=retval, type=void, size=0x8)
~~2120~~ KERNELBASE.dll!GetProcessHeap
    arg 0: 0x0000024ef16e66c0 (type=void, size=0x0)
~~2120~~ KERNELBASE.dll!GetProcessHeap
    arg -1: 0x0000024ef16d0000 (type=HANDLE, size=0x8)
~~2120~~ ntdll.dll!RtlFreeHeap
    arg 0: 0x0000024ef16d0000
    arg 1: 0x0000000000000000
~~2120~~ ntdll.dll!RtlGetCurrentServiceSessionId
    arg 0: 0x0000024ef16e66b0
    arg 1: 0x0000000000000022
~~2120~~ ntdll.dll!RtlGetCurrentServiceSessionId
    arg -1: 0x0000000000000000 (name=retval, type=void, size=0x8)
~~2120~~ ntdll.dll!RtlFreeHeap
    arg -1: 0x0000000000000001 (name=retval, type=void, size=0x8)
~~2120~~ KERNELBASE.dll!GetProcessHeap
    arg 0: 0x0000024ef16e6ac0 (type=void, size=0x0)
~~2120~~ KERNELBASE.dll!GetProcessHeap
    arg -1: 0x0000024ef16d0000 (type=HANDLE, size=0x8)
~~2120~~ ntdll.dll!RtlFreeHeap
    arg 0: 0x0000024ef16d0000
    arg 1: 0x0000000000000000
~~2120~~ ntdll.dll!RtlGetCurrentServiceSessionId
    arg 0: 0x0000024ef16e6ab0
    arg 1: 0x0000000000000032
~~2120~~ ntdll.dll!RtlGetCurrentServiceSessionId
    arg -1: 0x0000000000000000 (name=retval, type=void, size=0x8)
~~2120~~ ntdll.dll!RtlFreeHeap
    arg -1: 0x0000000000000001 (name=retval, type=void, size=0x8)
~~2120~~ KERNELBASE.dll!GetProcessHeap
    arg 0: 0x0000024ef16e6a80 (type=void, size=0x0)
~~2120~~ KERNELBASE.dll!GetProcessHeap
    arg -1: 0x0000024ef16d0000 (type=HANDLE, size=0x8)
~~2120~~ ntdll.dll!RtlFreeHeap
    arg 0: 0x0000024ef16d0000
    arg 1: 0x0000000000000000
~~2120~~ ntdll.dll!RtlGetCurrentServiceSessionId
    arg 0: 0x0000024ef16e6a70
    arg 1: 0x0000000000000031
~~2120~~ ntdll.dll!RtlGetCurrentServiceSessionId
    arg -1: 0x0000000000000000 (name=retval, type=void, size=0x8)
~~2120~~ ntdll.dll!RtlFreeHeap
    arg -1: 0x0000000000000001 (name=retval, type=void, size=0x8)
~~2120~~ KERNELBASE.dll!GetProcessHeap
    arg 0: 0x0000024ef16e6240 (type=void, size=0x0)
~~2120~~ KERNELBASE.dll!GetProcessHeap
    arg -1: 0x0000024ef16d0000 (type=HANDLE, size=0x8)
~~2120~~ ntdll.dll!RtlFreeHeap
    arg 0: 0x0000024ef16d0000
    arg 1: 0x0000000000000000
~~2120~~ ntdll.dll!RtlGetCurrentServiceSessionId
    arg 0: 0x0000024ef16e6230
    arg 1: 0x0000000000000010
~~2120~~ ntdll.dll!RtlGetCurrentServiceSessionId
    arg -1: 0x0000000000000000 (name=retval, type=void, size=0x8)
~~2120~~ ntdll.dll!RtlFreeHeap
    arg -1: 0x0000000000000001 (name=retval, type=void, size=0x8)
~~2120~~ KERNELBASE.dll!GetProcessHeap
    arg 0: 0x0000024ef16e6a00 (type=void, size=0x0)
~~2120~~ KERNELBASE.dll!GetProcessHeap
    arg -1: 0x0000024ef16d0000 (type=HANDLE, size=0x8)
~~2120~~ ntdll.dll!RtlFreeHeap
    arg 0: 0x0000024ef16d0000
    arg 1: 0x0000000000000000
~~2120~~ ntdll.dll!RtlGetCurrentServiceSessionId
    arg 0: 0x0000024ef16e69f0
    arg 1: 0x000000000000002f
~~2120~~ ntdll.dll!RtlGetCurrentServiceSessionId
    arg -1: 0x0000000000000000 (name=retval, type=void, size=0x8)
~~2120~~ ntdll.dll!RtlFreeHeap
    arg -1: 0x0000000000000001 (name=retval, type=void, size=0x8)
~~2120~~ KERNELBASE.dll!GetProcessHeap
    arg 0: 0x0000024ef16e15b0 (type=void, size=0x0)
~~2120~~ KERNELBASE.dll!GetProcessHeap
    arg -1: 0x0000024ef16d0000 (type=HANDLE, size=0x8)
~~2120~~ ntdll.dll!RtlFreeHeap
    arg 0: 0x0000024ef16d0000
    arg 1: 0x0000000000000000
~~2120~~ ntdll.dll!RtlGetCurrentServiceSessionId
    arg 0: 0x0000024ef16e15a0
    arg 1: 0x0000000000000007
~~2120~~ ntdll.dll!RtlGetCurrentServiceSessionId
    arg -1: 0x0000000000000000 (name=retval, type=void, size=0x8)
~~2120~~ ntdll.dll!RtlFreeHeap
    arg -1: 0x0000000000000001 (name=retval, type=void, size=0x8)
~~2120~~ KERNELBASE.dll!GetProcessHeap
    arg 0: 0x0000024ef16e6c80 (type=void, size=0x0)
~~2120~~ KERNELBASE.dll!GetProcessHeap
    arg -1: 0x0000024ef16d0000 (type=HANDLE, size=0x8)
~~2120~~ ntdll.dll!RtlFreeHeap
    arg 0: 0x0000024ef16d0000
    arg 1: 0x0000000000000000
~~2120~~ ntdll.dll!RtlGetCurrentServiceSessionId
    arg 0: 0x0000024ef16e6c70
    arg 1: 0x0000000000000039
~~2120~~ ntdll.dll!RtlGetCurrentServiceSessionId
    arg -1: 0x0000000000000000 (name=retval, type=void, size=0x8)
~~2120~~ ntdll.dll!RtlFreeHeap
    arg -1: 0x0000000000000001 (name=retval, type=void, size=0x8)
~~2120~~ KERNELBASE.dll!GetProcessHeap
    arg 0: 0x0000024ef16e0730 (type=void, size=0x0)
~~2120~~ KERNELBASE.dll!GetProcessHeap
    arg -1: 0x0000024ef16d0000 (type=HANDLE, size=0x8)
~~2120~~ ntdll.dll!RtlFreeHeap
    arg 0: 0x0000024ef16d0000
    arg 1: 0x0000000000000000
~~2120~~ ntdll.dll!RtlGetCurrentServiceSessionId
    arg 0: 0x0000024ef16e0720
    arg 1: 0x000000000000000a
~~2120~~ ntdll.dll!RtlGetCurrentServiceSessionId
    arg -1: 0x0000000000000000 (name=retval, type=void, size=0x8)
~~2120~~ ntdll.dll!RtlFreeHeap
    arg -1: 0x0000000000000001 (name=retval, type=void, size=0x8)
~~2120~~ KERNELBASE.dll!GetProcessHeap
    arg 0: 0x0000024ef16e6b00 (type=void, size=0x0)
~~2120~~ KERNELBASE.dll!GetProcessHeap
    arg -1: 0x0000024ef16d0000 (type=HANDLE, size=0x8)
~~2120~~ ntdll.dll!RtlFreeHeap
    arg 0: 0x0000024ef16d0000
    arg 1: 0x0000000000000000
~~2120~~ ntdll.dll!RtlGetCurrentServiceSessionId
    arg 0: 0x0000024ef16e6af0
    arg 1: 0x0000000000000033
~~2120~~ ntdll.dll!RtlGetCurrentServiceSessionId
    arg -1: 0x0000000000000000 (name=retval, type=void, size=0x8)
~~2120~~ ntdll.dll!RtlFreeHeap
    arg -1: 0x0000000000000001 (name=retval, type=void, size=0x8)
~~2120~~ KERNELBASE.dll!GetProcessHeap
    arg 0: 0x0000024ef16e6e60 (type=void, size=0x0)
~~2120~~ KERNELBASE.dll!GetProcessHeap
    arg -1: 0x0000024ef16d0000 (type=HANDLE, size=0x8)
~~2120~~ ntdll.dll!RtlFreeHeap
    arg 0: 0x0000024ef16d0000
    arg 1: 0x0000000000000000
~~2120~~ ntdll.dll!RtlTryEnterCriticalSection
    arg 0: 0x0000024ef16d02c0
    arg 1: 0x0000000000000002
~~2120~~ ntdll.dll!RtlTryEnterCriticalSection
    arg -1: 0x0000000000000001 (name=retval, type=void, size=0x8)
~~2120~~ ntdll.dll!RtlFreeHeap
    arg -1: 0x0000000000000001 (name=retval, type=void, size=0x8)
~~2120~~ KERNELBASE.dll!GetProcessHeap
    arg 0: 0x0000024ef16e6b80 (type=void, size=0x0)
~~2120~~ KERNELBASE.dll!GetProcessHeap
    arg -1: 0x0000024ef16d0000 (type=HANDLE, size=0x8)
~~2120~~ ntdll.dll!RtlFreeHeap
    arg 0: 0x0000024ef16d0000
    arg 1: 0x0000000000000000
~~2120~~ ntdll.dll!RtlGetCurrentServiceSessionId
    arg 0: 0x0000024ef16e6b70
    arg 1: 0x0000000000000035
~~2120~~ ntdll.dll!RtlGetCurrentServiceSessionId
    arg -1: 0x0000000000000000 (name=retval, type=void, size=0x8)
~~2120~~ ntdll.dll!RtlFreeHeap
    arg -1: 0x0000000000000001 (name=retval, type=void, size=0x8)
~~2120~~ KERNELBASE.dll!GetProcessHeap
    arg 0: 0x0000024ef16e05f0 (type=void, size=0x0)
~~2120~~ KERNELBASE.dll!GetProcessHeap
    arg -1: 0x0000024ef16d0000 (type=HANDLE, size=0x8)
~~2120~~ ntdll.dll!RtlFreeHeap
    arg 0: 0x0000024ef16d0000
    arg 1: 0x0000000000000000
~~2120~~ ntdll.dll!RtlGetCurrentServiceSessionId
    arg 0: 0x0000024ef16e05e0
    arg 1: 0x0000000000000006
~~2120~~ ntdll.dll!RtlGetCurrentServiceSessionId
    arg -1: 0x0000000000000000 (name=retval, type=void, size=0x8)
~~2120~~ ntdll.dll!RtlFreeHeap
    arg -1: 0x0000000000000001 (name=retval, type=void, size=0x8)
~~2120~~ KERNELBASE.dll!GetProcessHeap
    arg 0: 0x0000024ef16e6740 (type=void, size=0x0)
~~2120~~ KERNELBASE.dll!GetProcessHeap
    arg -1: 0x0000024ef16d0000 (type=HANDLE, size=0x8)
~~2120~~ ntdll.dll!RtlFreeHeap
    arg 0: 0x0000024ef16d0000
    arg 1: 0x0000000000000000
~~2120~~ ntdll.dll!RtlGetCurrentServiceSessionId
    arg 0: 0x0000024ef16e6730
    arg 1: 0x0000000000000024
~~2120~~ ntdll.dll!RtlGetCurrentServiceSessionId
    arg -1: 0x0000000000000000 (name=retval, type=void, size=0x8)
~~2120~~ ntdll.dll!RtlFreeHeap
    arg -1: 0x0000000000000001 (name=retval, type=void, size=0x8)
~~2120~~ KERNELBASE.dll!GetProcessHeap
    arg 0: 0x0000024ef16e4e70 (type=void, size=0x0)
~~2120~~ KERNELBASE.dll!GetProcessHeap
    arg -1: 0x0000024ef16d0000 (type=HANDLE, size=0x8)
~~2120~~ ntdll.dll!RtlFreeHeap
    arg 0: 0x0000024ef16d0000
    arg 1: 0x0000000000000000
~~2120~~ ntdll.dll!RtlTryEnterCriticalSection
    arg 0: 0x0000024ef16d02c0
    arg 1: 0x0000000000000002
~~2120~~ ntdll.dll!RtlTryEnterCriticalSection
    arg -1: 0x0000000000000001 (name=retval, type=void, size=0x8)
~~2120~~ ntdll.dll!RtlFreeHeap
    arg -1: 0x0000000000000001 (name=retval, type=void, size=0x8)
~~2120~~ KERNELBASE.dll!GetProcessHeap
    arg 0: 0x0000024ef16e0870 (type=void, size=0x0)
~~2120~~ KERNELBASE.dll!GetProcessHeap
    arg -1: 0x0000024ef16d0000 (type=HANDLE, size=0x8)
~~2120~~ ntdll.dll!RtlFreeHeap
    arg 0: 0x0000024ef16d0000
    arg 1: 0x0000000000000000
~~2120~~ ntdll.dll!RtlGetCurrentServiceSessionId
    arg 0: 0x0000024ef16e0860
    arg 1: 0x000000000000000e
~~2120~~ ntdll.dll!RtlGetCurrentServiceSessionId
    arg -1: 0x0000000000000000 (name=retval, type=void, size=0x8)
~~2120~~ ntdll.dll!RtlFreeHeap
    arg -1: 0x0000000000000001 (name=retval, type=void, size=0x8)
~~2120~~ KERNELBASE.dll!GetProcessHeap
    arg 0: 0x0000024ef16e7740 (type=void, size=0x0)
~~2120~~ KERNELBASE.dll!GetProcessHeap
    arg -1: 0x0000024ef16d0000 (type=HANDLE, size=0x8)
~~2120~~ ntdll.dll!RtlFreeHeap
    arg 0: 0x0000024ef16d0000
    arg 1: 0x0000000000000000
~~2120~~ ntdll.dll!RtlTryEnterCriticalSection
    arg 0: 0x0000024ef16d02c0
    arg 1: 0x0000000000000002
~~2120~~ ntdll.dll!RtlTryEnterCriticalSection
    arg -1: 0x0000000000000001 (name=retval, type=void, size=0x8)
~~2120~~ ntdll.dll!RtlFreeHeap
    arg -1: 0x0000000000000001 (name=retval, type=void, size=0x8)
~~2120~~ KERNELBASE.dll!GetProcessHeap
    arg 0: 0x0000024ef16e7850 (type=void, size=0x0)
~~2120~~ KERNELBASE.dll!GetProcessHeap
    arg -1: 0x0000024ef16d0000 (type=HANDLE, size=0x8)
~~2120~~ ntdll.dll!RtlFreeHeap
    arg 0: 0x0000024ef16d0000
    arg 1: 0x0000000000000000
~~2120~~ ntdll.dll!RtlTryEnterCriticalSection
    arg 0: 0x0000024ef16d02c0
    arg 1: 0x0000000000000002
~~2120~~ ntdll.dll!RtlTryEnterCriticalSection
    arg -1: 0x0000000000000001 (name=retval, type=void, size=0x8)
~~2120~~ ntdll.dll!RtlFreeHeap
    arg -1: 0x0000000000000001 (name=retval, type=void, size=0x8)
~~2120~~ KERNELBASE.dll!GetProcessHeap
    arg 0: 0x0000024ef16e08c0 (type=void, size=0x0)
~~2120~~ KERNELBASE.dll!GetProcessHeap
    arg -1: 0x0000024ef16d0000 (type=HANDLE, size=0x8)
~~2120~~ ntdll.dll!RtlFreeHeap
    arg 0: 0x0000024ef16d0000
    arg 1: 0x0000000000000000
~~2120~~ ntdll.dll!RtlGetCurrentServiceSessionId
    arg 0: 0x0000024ef16e08b0
    arg 1: 0x000000000000000f
~~2120~~ ntdll.dll!RtlGetCurrentServiceSessionId
    arg -1: 0x0000000000000000 (name=retval, type=void, size=0x8)
~~2120~~ ntdll.dll!RtlFreeHeap
    arg -1: 0x0000000000000001 (name=retval, type=void, size=0x8)
~~2120~~ KERNELBASE.dll!GetProcessHeap
    arg 0: 0x0000024ef16e70a0 (type=void, size=0x0)
~~2120~~ KERNELBASE.dll!GetProcessHeap
    arg -1: 0x0000024ef16d0000 (type=HANDLE, size=0x8)
~~2120~~ ntdll.dll!RtlFreeHeap
    arg 0: 0x0000024ef16d0000
    arg 1: 0x0000000000000000
~~2120~~ ntdll.dll!RtlGetCurrentServiceSessionId
    arg 0: 0x0000024ef16e7090
    arg 1: 0x0000000000000003
~~2120~~ ntdll.dll!RtlGetCurrentServiceSessionId
    arg -1: 0x0000000000000000 (name=retval, type=void, size=0x8)
~~2120~~ ntdll.dll!RtlFreeHeap
    arg -1: 0x0000000000000001 (name=retval, type=void, size=0x8)
~~2120~~ KERNELBASE.dll!GetProcessHeap
    arg 0: 0x0000024ef16e77d0 (type=void, size=0x0)
~~2120~~ KERNELBASE.dll!GetProcessHeap
    arg -1: 0x0000024ef16d0000 (type=HANDLE, size=0x8)
~~2120~~ ntdll.dll!RtlFreeHeap
    arg 0: 0x0000024ef16d0000
    arg 1: 0x0000000000000000
~~2120~~ ntdll.dll!RtlTryEnterCriticalSection
    arg 0: 0x0000024ef16d02c0
    arg 1: 0x0000000000000002
~~2120~~ ntdll.dll!RtlTryEnterCriticalSection
    arg -1: 0x0000000000000001 (name=retval, type=void, size=0x8)
~~2120~~ ntdll.dll!RtlFreeHeap
    arg -1: 0x0000000000000001 (name=retval, type=void, size=0x8)
~~2120~~ KERNELBASE.dll!GetProcessHeap
    arg 0: 0x0000024ef16e0820 (type=void, size=0x0)
~~2120~~ KERNELBASE.dll!GetProcessHeap
    arg -1: 0x0000024ef16d0000 (type=HANDLE, size=0x8)
~~2120~~ ntdll.dll!RtlFreeHeap
    arg 0: 0x0000024ef16d0000
    arg 1: 0x0000000000000000
~~2120~~ ntdll.dll!RtlGetCurrentServiceSessionId
    arg 0: 0x0000024ef16e0810
    arg 1: 0x000000000000000d
~~2120~~ ntdll.dll!RtlGetCurrentServiceSessionId
    arg -1: 0x0000000000000000 (name=retval, type=void, size=0x8)
~~2120~~ ntdll.dll!RtlFreeHeap
    arg -1: 0x0000000000000001 (name=retval, type=void, size=0x8)
~~2120~~ KERNELBASE.dll!GetProcessHeap
    arg 0: 0x0000024ef16e7640 (type=void, size=0x0)
~~2120~~ KERNELBASE.dll!GetProcessHeap
    arg -1: 0x0000024ef16d0000 (type=HANDLE, size=0x8)
~~2120~~ ntdll.dll!RtlFreeHeap
    arg 0: 0x0000024ef16d0000
    arg 1: 0x0000000000000000
~~2120~~ ntdll.dll!RtlGetCurrentServiceSessionId
    arg 0: 0x0000024ef16e7630
    arg 1: 0x0000000000000012
~~2120~~ ntdll.dll!RtlGetCurrentServiceSessionId
    arg -1: 0x0000000000000000 (name=retval, type=void, size=0x8)
~~2120~~ ntdll.dll!RtlFreeHeap
    arg -1: 0x0000000000000001 (name=retval, type=void, size=0x8)
~~2120~~ KERNELBASE.dll!GetProcessHeap
    arg 0: 0x0000024ef16e78d0 (type=void, size=0x0)
~~2120~~ KERNELBASE.dll!GetProcessHeap
    arg -1: 0x0000024ef16d0000 (type=HANDLE, size=0x8)
~~2120~~ ntdll.dll!RtlFreeHeap
    arg 0: 0x0000024ef16d0000
    arg 1: 0x0000000000000000
~~2120~~ ntdll.dll!RtlTryEnterCriticalSection
    arg 0: 0x0000024ef16d02c0
    arg 1: 0x0000000000000002
~~2120~~ ntdll.dll!RtlTryEnterCriticalSection
    arg -1: 0x0000000000000001 (name=retval, type=void, size=0x8)
~~2120~~ ntdll.dll!RtlFreeHeap
    arg -1: 0x0000000000000001 (name=retval, type=void, size=0x8)
~~2120~~ KERNELBASE.dll!GetProcessHeap
    arg 0: 0x0000024ef16e69c0 (type=void, size=0x0)
~~2120~~ KERNELBASE.dll!GetProcessHeap
    arg -1: 0x0000024ef16d0000 (type=HANDLE, size=0x8)
~~2120~~ ntdll.dll!RtlFreeHeap
    arg 0: 0x0000024ef16d0000
    arg 1: 0x0000000000000000
~~2120~~ ntdll.dll!RtlGetCurrentServiceSessionId
    arg 0: 0x0000024ef16e69b0
    arg 1: 0x000000000000002e
~~2120~~ ntdll.dll!RtlGetCurrentServiceSessionId
    arg -1: 0x0000000000000000 (name=retval, type=void, size=0x8)
~~2120~~ ntdll.dll!RtlFreeHeap
    arg -1: 0x0000000000000001 (name=retval, type=void, size=0x8)
~~2120~~ KERNELBASE.dll!GetProcessHeap
    arg 0: 0x0000024ef16e7280 (type=void, size=0x0)
~~2120~~ KERNELBASE.dll!GetProcessHeap
    arg -1: 0x0000024ef16d0000 (type=HANDLE, size=0x8)
~~2120~~ ntdll.dll!RtlFreeHeap
    arg 0: 0x0000024ef16d0000
    arg 1: 0x0000000000000000
~~2120~~ ntdll.dll!RtlGetCurrentServiceSessionId
    arg 0: 0x0000024ef16e7270
    arg 1: 0x0000000000000008
~~2120~~ ntdll.dll!RtlGetCurrentServiceSessionId
    arg -1: 0x0000000000000000 (name=retval, type=void, size=0x8)
~~2120~~ ntdll.dll!RtlFreeHeap
    arg -1: 0x0000000000000001 (name=retval, type=void, size=0x8)
~~2120~~ KERNELBASE.dll!GetProcessHeap
    arg 0: 0x0000024ef16e75e0 (type=void, size=0x0)
~~2120~~ KERNELBASE.dll!GetProcessHeap
    arg -1: 0x0000024ef16d0000 (type=HANDLE, size=0x8)
~~2120~~ ntdll.dll!RtlFreeHeap
    arg 0: 0x0000024ef16d0000
    arg 1: 0x0000000000000000
~~2120~~ ntdll.dll!RtlGetCurrentServiceSessionId
    arg 0: 0x0000024ef16e75d0
    arg 1: 0x0000000000000011
~~2120~~ ntdll.dll!RtlGetCurrentServiceSessionId
    arg -1: 0x0000000000000000 (name=retval, type=void, size=0x8)
~~2120~~ ntdll.dll!RtlFreeHeap
    arg -1: 0x0000000000000001 (name=retval, type=void, size=0x8)
~~2120~~ KERNELBASE.dll!GetProcessHeap
    arg 0: 0x0000024ef16e0780 (type=void, size=0x0)
~~2120~~ KERNELBASE.dll!GetProcessHeap
    arg -1: 0x0000024ef16d0000 (type=HANDLE, size=0x8)
~~2120~~ ntdll.dll!RtlFreeHeap
    arg 0: 0x0000024ef16d0000
    arg 1: 0x0000000000000000
~~2120~~ ntdll.dll!RtlGetCurrentServiceSessionId
    arg 0: 0x0000024ef16e0770
    arg 1: 0x000000000000000b
~~2120~~ ntdll.dll!RtlGetCurrentServiceSessionId
    arg -1: 0x0000000000000000 (name=retval, type=void, size=0x8)
~~2120~~ ntdll.dll!RtlFreeHeap
    arg -1: 0x0000000000000001 (name=retval, type=void, size=0x8)
~~2120~~ ntdll.dll!EtwEventUnregister
    arg 0: 0x0014024ef16e4730
    arg 1: 0x0000024ef16d0000
~~2120~~ ntdll.dll!EtwNotificationUnregister
    arg 0: 0x0014024ef16e4730
    arg 1: 0x0000000000000000
~~2120~~ ntdll.dll!RtlAcquireSRWLockExclusive
    arg 0: 0x0000024ef16e4778
    arg 1: 0x0000000000000000
~~2120~~ ntdll.dll!RtlAcquireSRWLockExclusive
    arg -1: 0x0000ffffffffffff (name=retval, type=void, size=0x8)
~~2120~~ ntdll.dll!RtlAcquireSRWLockExclusive
    arg 0: 0x00007ffa2a49d5f8
    arg 1: 0x0000000000000000
~~2120~~ ntdll.dll!RtlAcquireSRWLockExclusive
    arg -1: 0x0000000000000014 (name=retval, type=void, size=0x8)
~~2120~~ ntdll.dll!RtlRbRemoveNode
    arg 0: 0x00007ffa2a49d600
    arg 1: 0x0000024ef16e4730
~~2120~~ ntdll.dll!RtlRbRemoveNode
    arg -1: 0x00000000000000b0 (name=retval, type=void, size=0x8)
~~2120~~ ntdll.dll!RtlReleaseSRWLockExclusive
    arg 0: 0x00007ffa2a49d5f8
    arg 1: 0x0000024ef16dc6c0
~~2120~~ ntdll.dll!RtlReleaseSRWLockExclusive
    arg -1: 0x0000000000000001 (name=retval, type=void, size=0x8)
~~2120~~ ntdll.dll!RtlReleaseSRWLockExclusive
    arg 0: 0x0000024ef16e4778
    arg 1: 0x0000000000000000
~~2120~~ ntdll.dll!RtlReleaseSRWLockExclusive
    arg -1: 0x0000000000000001 (name=retval, type=void, size=0x8)
~~2120~~ ntdll.dll!ZwClose
    arg 0: 0x00000000000000d8
    arg 1: 0x0000000000000000
~~2120~~ ntdll.dll!ZwClose
    arg -1: 0x0000000000000000 (name=retval, type=void, size=0x8)
~~2120~~ ntdll.dll!memset
    arg 0: 0x0000024ef16e4788
    arg 1: 0x0000000000000000
~~2120~~ ntdll.dll!memset
    arg -1: 0x0000024ef16e4788 (name=retval, type=void, size=0x8)
~~2120~~ ntdll.dll!EtwNotificationUnregister
    arg -1: 0x0000000000000000 (name=retval, type=void, size=0x8)
~~2120~~ ntdll.dll!EtwEventUnregister
    arg -1: 0x0000000000000000 (name=retval, type=void, size=0x8)
~~2120~~ ntdll.dll!RtlDecodePointer
    arg 0: 0xffe9eb5dc0980001
    arg 1: 0x0000000000000000
~~2120~~ ntdll.dll!RtlDecodePointer
    arg -1: 0x00007ffa28d93fc8 (name=retval, type=void, size=0x8)
~~2120~~ ntdll.dll!RtlDecodePointer
    arg 0: 0xffe9eb5dc0380001
    arg 1: 0x00000000520e4fee
~~2120~~ ntdll.dll!RtlDecodePointer
    arg -1: 0x00007ffa28d93fe0 (name=retval, type=void, size=0x8)
~~2120~~ ntdll.dll!RtlDecodePointer
    arg 0: 0xffe9eb7105b80001
    arg 1: 0x00000000520e4fee
~~2120~~ ntdll.dll!RtlDecodePointer
    arg -1: 0x00007ffa28d20e80 (name=retval, type=void, size=0x8)
~~2120~~ KERNELBASE.dll!GetProcessHeap
    arg 0: 0x0000024ef16e3d90 (type=void, size=0x0)
~~2120~~ KERNELBASE.dll!GetProcessHeap
    arg -1: 0x0000024ef16d0000 (type=HANDLE, size=0x8)
~~2120~~ ntdll.dll!RtlFreeHeap
    arg 0: 0x0000024ef16d0000
    arg 1: 0x0000000000000000
~~2120~~ ntdll.dll!RtlTryEnterCriticalSection
    arg 0: 0x0000024ef16d02c0
    arg 1: 0x0000000000000002
~~2120~~ ntdll.dll!RtlTryEnterCriticalSection
    arg -1: 0x0000000000000001 (name=retval, type=void, size=0x8)
~~2120~~ ntdll.dll!RtlFreeHeap
    arg -1: 0x0000000000000001 (name=retval, type=void, size=0x8)
~~2120~~ KERNELBASE.dll!GetProcessHeap
    arg 0: 0x0000024ef16e3e20 (type=void, size=0x0)
~~2120~~ KERNELBASE.dll!GetProcessHeap
    arg -1: 0x0000024ef16d0000 (type=HANDLE, size=0x8)
~~2120~~ ntdll.dll!RtlFreeHeap
    arg 0: 0x0000024ef16d0000
    arg 1: 0x0000000000000000
~~2120~~ ntdll.dll!RtlTryEnterCriticalSection
    arg 0: 0x0000024ef16d02c0
    arg 1: 0x0000000000000002
~~2120~~ ntdll.dll!RtlTryEnterCriticalSection
    arg -1: 0x0000000000000001 (name=retval, type=void, size=0x8)
~~2120~~ ntdll.dll!RtlFreeHeap
    arg -1: 0x0000000000000001 (name=retval, type=void, size=0x8)
~~2120~~ KERNELBASE.dll!GetProcessHeap
    arg 0: 0x0000024ef16e3d50 (type=void, size=0x0)
~~2120~~ KERNELBASE.dll!GetProcessHeap
    arg -1: 0x0000024ef16d0000 (type=HANDLE, size=0x8)
~~2120~~ ntdll.dll!RtlFreeHeap
    arg 0: 0x0000024ef16d0000
    arg 1: 0x0000000000000000
~~2120~~ ntdll.dll!RtlTryEnterCriticalSection
    arg 0: 0x0000024ef16d02c0
    arg 1: 0x0000000000000002
~~2120~~ ntdll.dll!RtlTryEnterCriticalSection
    arg -1: 0x0000000000000001 (name=retval, type=void, size=0x8)
~~2120~~ ntdll.dll!RtlFreeHeap
    arg -1: 0x0000000000000001 (name=retval, type=void, size=0x8)
~~2120~~ ntdll.dll!RtlDecodePointer
    arg 0: 0xffe9eb7106780001
    arg 1: 0x0000024ef16d0000
~~2120~~ ntdll.dll!RtlDecodePointer
    arg -1: 0x00007ffa28d20e70 (name=retval, type=void, size=0x8)
~~2120~~ ntdll.dll!RtlDecodePointer
    arg 0: 0xffe9eb7106f80001
    arg 1: 0x00000000520e4fee
~~2120~~ ntdll.dll!RtlDecodePointer
    arg -1: 0x00007ffa28d20e50 (name=retval, type=void, size=0x8)
~~2120~~ ntdll.dll!RtlEncodePointer
    arg 0: 0x0000000000000000
    arg 1: 0x00000000520e4fee
~~2120~~ ntdll.dll!RtlEncodePointer
    arg -1: 0x000148393fb80000 (name=retval, type=void, size=0x8)
~~2120~~ ntdll.dll!RtlGetCurrentServiceSessionId
    arg 0: 0x000000000000002e
    arg 1: 0x00000000520e4fee
~~2120~~ ntdll.dll!RtlGetCurrentServiceSessionId
    arg -1: 0x0000000000000000 (name=retval, type=void, size=0x8)
~~2120~~ ntdll.dll!RtlDeactivateActivationContextUnsafeFast
    arg 0: 0x00000096462ff6a0
    arg 1: 0x00000000520e4fee
~~2120~~ ntdll.dll!RtlDeactivateActivationContextUnsafeFast
    arg -1: 0x00007ffa2a38f1d5 (name=retval, type=void, size=0x8)
~~2120~~ ntdll.dll!RtlActivateActivationContextUnsafeFast
    arg 0: 0x00000096462ff6a0
    arg 1: 0x0000000000000000
~~2120~~ ntdll.dll!RtlActivateActivationContextUnsafeFast
    arg -1: 0x00000096462ff6b0 (name=retval, type=void, size=0x8)
~~2120~~ ntdll.dll!RtlGetCurrentServiceSessionId
    arg 0: 0x00007ffa27ad93c0
    arg 1: 0x00007ffa27ad0000
~~2120~~ ntdll.dll!RtlGetCurrentServiceSessionId
    arg -1: 0x0000000000000000 (name=retval, type=void, size=0x8)
~~2120~~ ntdll.dll!EtwUnregisterTraceGuids
    arg 0: 0x0010024ef16dc6c0
    arg 1: 0x0000000000000000
~~2120~~ ntdll.dll!EtwNotificationUnregister
    arg 0: 0x0010024ef16dc6c0
    arg 1: 0x00000096462ff578
~~2120~~ ntdll.dll!RtlAcquireSRWLockExclusive
    arg 0: 0x0000024ef16dc708
    arg 1: 0x00000096462ff578
~~2120~~ ntdll.dll!RtlAcquireSRWLockExclusive
    arg -1: 0x0000ffffffffffff (name=retval, type=void, size=0x8)
~~2120~~ ntdll.dll!RtlAcquireSRWLockExclusive
    arg 0: 0x00007ffa2a49d5f8
    arg 1: 0x00000096462ff578
~~2120~~ ntdll.dll!RtlAcquireSRWLockExclusive
    arg -1: 0x0000000000000010 (name=retval, type=void, size=0x8)
~~2120~~ ntdll.dll!RtlRbRemoveNode
    arg 0: 0x00007ffa2a49d600
    arg 1: 0x0000024ef16dc6c0
~~2120~~ ntdll.dll!RtlRbRemoveNode
    arg -1: 0x0000000000000000 (name=retval, type=void, size=0x8)
~~2120~~ ntdll.dll!RtlReleaseSRWLockExclusive
    arg 0: 0x00007ffa2a49d5f8
    arg 1: 0x0000024ef16dc6c0
~~2120~~ ntdll.dll!RtlReleaseSRWLockExclusive
    arg -1: 0x0000000000000001 (name=retval, type=void, size=0x8)
~~2120~~ ntdll.dll!RtlReleaseSRWLockExclusive
    arg 0: 0x0000024ef16dc708
    arg 1: 0x0000000000000000
~~2120~~ ntdll.dll!RtlReleaseSRWLockExclusive
    arg -1: 0x0000000000000001 (name=retval, type=void, size=0x8)
~~2120~~ ntdll.dll!ZwClose
    arg 0: 0x00000000000000b8
    arg 1: 0x0000000000000000
~~2120~~ ntdll.dll!ZwClose
    arg -1: 0x0000000000000000 (name=retval, type=void, size=0x8)
~~2120~~ ntdll.dll!memset
    arg 0: 0x0000024ef16dc718
    arg 1: 0x0000000000000000
~~2120~~ ntdll.dll!memset
    arg -1: 0x0000024ef16dc718 (name=retval, type=void, size=0x8)
~~2120~~ ntdll.dll!EtwNotificationUnregister
    arg -1: 0x0000000000000000 (name=retval, type=void, size=0x8)
~~2120~~ ntdll.dll!RtlFreeHeap
    arg 0: 0x0000024ef16d0000
    arg 1: 0x0000000000000000
~~2120~~ ntdll.dll!RtlGetCurrentServiceSessionId
    arg 0: 0x0000024ef16e06d0
    arg 1: 0x0000000000000009
~~2120~~ ntdll.dll!RtlGetCurrentServiceSessionId
    arg -1: 0x0000000000000000 (name=retval, type=void, size=0x8)
~~2120~~ ntdll.dll!RtlFreeHeap
    arg -1: 0x0000000000000001 (name=retval, type=void, size=0x8)
~~2120~~ ntdll.dll!EtwUnregisterTraceGuids
    arg -1: 0x0000000000000000 (name=retval, type=void, size=0x8)
~~2120~~ ntdll.dll!EtwEventUnregister
    arg 0: 0x0011024ef16e3ac0
    arg 1: 0x0000024ef16d0000
~~2120~~ ntdll.dll!EtwNotificationUnregister
    arg 0: 0x0011024ef16e3ac0
    arg 1: 0x0000000000000000
~~2120~~ ntdll.dll!RtlAcquireSRWLockExclusive
    arg 0: 0x0000024ef16e3b08
    arg 1: 0x0000000000000000
~~2120~~ ntdll.dll!RtlAcquireSRWLockExclusive
    arg -1: 0x0000ffffffffffff (name=retval, type=void, size=0x8)
~~2120~~ ntdll.dll!RtlAcquireSRWLockExclusive
    arg 0: 0x00007ffa2a49d5f8
    arg 1: 0x0000000000000000
~~2120~~ ntdll.dll!RtlAcquireSRWLockExclusive
    arg -1: 0x0000000000000011 (name=retval, type=void, size=0x8)
~~2120~~ ntdll.dll!RtlRbRemoveNode
    arg 0: 0x00007ffa2a49d600
    arg 1: 0x0000024ef16e3ac0
~~2120~~ ntdll.dll!RtlRbRemoveNode
    arg -1: 0x0000024ef16d6dc0 (name=retval, type=void, size=0x8)
~~2120~~ ntdll.dll!RtlReleaseSRWLockExclusive
    arg 0: 0x00007ffa2a49d5f8
    arg 1: 0x0000024ef16e3ac0
~~2120~~ ntdll.dll!RtlReleaseSRWLockExclusive
    arg -1: 0x0000000000000001 (name=retval, type=void, size=0x8)
~~2120~~ ntdll.dll!RtlReleaseSRWLockExclusive
    arg 0: 0x0000024ef16e3b08
    arg 1: 0x0000000000000000
~~2120~~ ntdll.dll!RtlReleaseSRWLockExclusive
    arg -1: 0x0000000000000001 (name=retval, type=void, size=0x8)
~~2120~~ ntdll.dll!ZwClose
    arg 0: 0x00000000000000bc
    arg 1: 0x0000000000000000
~~2120~~ ntdll.dll!ZwClose
    arg -1: 0x0000000000000000 (name=retval, type=void, size=0x8)
~~2120~~ ntdll.dll!memset
    arg 0: 0x0000024ef16e3b18
    arg 1: 0x0000000000000000
~~2120~~ ntdll.dll!memset
    arg -1: 0x0000024ef16e3b18 (name=retval, type=void, size=0x8)
~~2120~~ ntdll.dll!EtwNotificationUnregister
    arg -1: 0x0000000000000000 (name=retval, type=void, size=0x8)
~~2120~~ ntdll.dll!EtwEventUnregister
    arg -1: 0x0000000000000000 (name=retval, type=void, size=0x8)
~~2120~~ ntdll.dll!RtlGetCurrentServiceSessionId
    arg 0: 0x0000024ef16e3ac0
    arg 1: 0x0000024ef16dc6c0
~~2120~~ ntdll.dll!RtlGetCurrentServiceSessionId
    arg -1: 0x0000000000000000 (name=retval, type=void, size=0x8)
~~2120~~ ntdll.dll!RtlDeactivateActivationContextUnsafeFast
    arg 0: 0x00000096462ff6a0
    arg 1: 0x0000024ef16dc6c0
~~2120~~ ntdll.dll!RtlDeactivateActivationContextUnsafeFast
    arg -1: 0x00007ffa2a38f1d5 (name=retval, type=void, size=0x8)
~~2120~~ ntdll.dll!RtlActivateActivationContextUnsafeFast
    arg 0: 0x00000096462ff6a0
    arg 1: 0x0000000000000000
~~2120~~ ntdll.dll!RtlActivateActivationContextUnsafeFast
    arg -1: 0x00000096462ff6b0 (name=retval, type=void, size=0x8)
~~2120~~ ntdll.dll!RtlGetCurrentServiceSessionId
    arg 0: 0x00007ffa29ed0500
    arg 1: 0x00007ffa29e70000
~~2120~~ ntdll.dll!RtlGetCurrentServiceSessionId
    arg -1: 0x0000000000000000 (name=retval, type=void, size=0x8)
~~2120~~ ntdll.dll!RtlQueryFeatureConfiguration
    arg 0: 0x00000000036fa6bf
    arg 1: 0x0000000000000000
~~2120~~ ntdll.dll!RtlQueryFeatureConfiguration
    arg -1: 0x00000000c0000225 (name=retval, type=void, size=0x8)
~~2120~~ ntdll.dll!memset
    arg 0: 0x00000096462ff388
    arg 1: 0x0000000000000000
~~2120~~ ntdll.dll!memset
    arg -1: 0x00000096462ff388 (name=retval, type=void, size=0x8)
~~2120~~ ntdll.dll!ZwQueryWnfStateData
    arg 0: 0x00000096462ff2f0
    arg 1: 0x0000000000000000
~~2120~~ ntdll.dll!ZwQueryWnfStateData
    arg -1: 0x0000000000000000 (name=retval, type=void, size=0x8)
~~2120~~ ntdll.dll!RtlGetCurrentServiceSessionId
    arg 0: 0x0000000000000000
    arg 1: 0x0000000000000057
~~2120~~ ntdll.dll!RtlGetCurrentServiceSessionId
    arg -1: 0x0000000000000000 (name=retval, type=void, size=0x8)
~~2120~~ ntdll.dll!RtlDeactivateActivationContextUnsafeFast
    arg 0: 0x00000096462ff6a0
    arg 1: 0x0000000000000057
~~2120~~ ntdll.dll!RtlDeactivateActivationContextUnsafeFast
    arg -1: 0x00007ffa2a38f1d5 (name=retval, type=void, size=0x8)
~~2120~~ ntdll.dll!RtlActivateActivationContextUnsafeFast
    arg 0: 0x00000096462ff6a0
    arg 1: 0x0000000000000000
~~2120~~ ntdll.dll!RtlActivateActivationContextUnsafeFast
    arg -1: 0x00000096462ff6b0 (name=retval, type=void, size=0x8)
~~2120~~ ntdll.dll!RtlAcquireSRWLockShared
    arg 0: 0x00007ffa2a49d398
    arg 1: 0x0000024ef16dbc30
~~2120~~ ntdll.dll!RtlAcquireSRWLockShared
    arg -1: 0x0000000000000000 (name=retval, type=void, size=0x8)
~~2120~~ ntdll.dll!RtlReleaseSRWLockShared
    arg 0: 0x00007ffa2a49d398
    arg 1: 0x00007ffa2a4965f0
~~2120~~ ntdll.dll!RtlReleaseSRWLockShared
    arg -1: 0x0000000000000011 (name=retval, type=void, size=0x8)
~~2120~~ ntdll.dll!RtlGetCurrentServiceSessionId
    arg 0: 0x00007ffa29d47850
    arg 1: 0x00007ffa29d40000
~~2120~~ ntdll.dll!RtlGetCurrentServiceSessionId
    arg -1: 0x0000000000000000 (name=retval, type=void, size=0x8)
~~2120~~ msvcrt.dll!_cexit
    arg 0: 0x00007ffa29d40000
    arg 1: 0x0000000000000000
~~2120~~ msvcrt.dll!_lock
    arg 0: 0x0000000000000008
    arg 1: 0x0000000000000000
~~2120~~ ntdll.dll!RtlEnterCriticalSection
    arg 0: 0x00007ffa29dcf500
    arg 1: 0x0000000000000000
~~2120~~ ntdll.dll!RtlEnterCriticalSection
    arg -1: 0x0000000000000000 (name=retval, type=void, size=0x8)
~~2120~~ msvcrt.dll!_lock
    arg -1: 0x0000000000000000 (name=retval, type=void, size=0x8)
~~2120~~ ntdll.dll!RtlDecodePointer
    arg 0: 0x093a8e5522f80000
    arg 1: 0x0000000000000000
~~2120~~ ntdll.dll!RtlDecodePointer
    arg -1: 0x0000024ef19b0750 (name=retval, type=void, size=0x8)
~~2120~~ ntdll.dll!RtlDecodePointer
    arg 0: 0x093a8e5522d80000
    arg 1: 0x00000000520e4fee
~~2120~~ ntdll.dll!RtlDecodePointer
    arg -1: 0x0000024ef19b0758 (name=retval, type=void, size=0x8)
~~2120~~ ntdll.dll!RtlEncodePointer
    arg 0: 0x0000000000000000
    arg 1: 0x00000000520e4fee
~~2120~~ ntdll.dll!RtlEncodePointer
    arg -1: 0x000148393fb80000 (name=retval, type=void, size=0x8)
~~2120~~ ntdll.dll!RtlDecodePointer
    arg 0: 0xffe9ef5465b80001
    arg 1: 0x00000000520e4fee
~~2120~~ ntdll.dll!RtlDecodePointer
    arg -1: 0x00007ffa29db5680 (name=retval, type=void, size=0x8)
~~2120~~ ntdll.dll!RtlEncodePointer
    arg 0: 0x0000000000000000
    arg 1: 0x00000000520e4fee
~~2120~~ ntdll.dll!RtlEncodePointer
    arg -1: 0x000148393fb80000 (name=retval, type=void, size=0x8)
~~2120~~ ntdll.dll!RtlDecodePointer
    arg 0: 0xffe9ef4899d80001
    arg 1: 0x00000000520e4fee
~~2120~~ ntdll.dll!RtlDecodePointer
    arg -1: 0x00007ffa29dc6998 (name=retval, type=void, size=0x8)
~~2120~~ msvcrt.dll!??1exception@@UEAA@XZ
    arg 0: 0x0000024ef19b88e0
    arg 1: 0x00007ffa29d54854
~~2120~~ msvcrt.dll!??1exception@@UEAA@XZ
    arg -1: 0x00007ffa29db6008 (name=retval, type=void, size=0x8)
~~2120~~ msvcrt.dll!free
    arg 0: 0x0000024ef19b88e0
    arg 1: 0x00007ffa29d54854
~~2120~~ ntdll.dll!RtlFreeHeap
    arg 0: 0x0000024ef19b0000
    arg 1: 0x0000000000000000
~~2120~~ ntdll.dll!RtlTryEnterCriticalSection
    arg 0: 0x0000024ef19b02c0
    arg 1: 0x0000000000000002
~~2120~~ ntdll.dll!RtlTryEnterCriticalSection
    arg -1: 0x0000000000000001 (name=retval, type=void, size=0x8)
~~2120~~ ntdll.dll!RtlFreeHeap
    arg -1: 0x0000000000000001 (name=retval, type=void, size=0x8)
~~2120~~ msvcrt.dll!free
    arg -1: 0x0000000000000001 (name=retval, type=void, size=0x8)
~~2120~~ msvcrt.dll!free
    arg 0: 0x0000024ef19b8830
    arg 1: 0x0000024ef19b0000
~~2120~~ ntdll.dll!RtlFreeHeap
    arg 0: 0x0000024ef19b0000
    arg 1: 0x0000000000000000
~~2120~~ ntdll.dll!RtlTryEnterCriticalSection
    arg 0: 0x0000024ef19b02c0
    arg 1: 0x0000000000000002
~~2120~~ ntdll.dll!RtlTryEnterCriticalSection
    arg -1: 0x0000000000000001 (name=retval, type=void, size=0x8)
~~2120~~ ntdll.dll!RtlFreeHeap
    arg -1: 0x0000000000000001 (name=retval, type=void, size=0x8)
~~2120~~ msvcrt.dll!free
    arg -1: 0x0000000000000001 (name=retval, type=void, size=0x8)
~~2120~~ msvcrt.dll!free
    arg 0: 0x0000024ef19b8900
    arg 1: 0x0000000000000000
~~2120~~ ntdll.dll!RtlFreeHeap
    arg 0: 0x0000024ef19b0000
    arg 1: 0x0000000000000000
~~2120~~ ntdll.dll!RtlTryEnterCriticalSection
    arg 0: 0x0000024ef19b02c0
    arg 1: 0x0000000000000002
~~2120~~ ntdll.dll!RtlTryEnterCriticalSection
    arg -1: 0x0000000000000001 (name=retval, type=void, size=0x8)
~~2120~~ ntdll.dll!RtlFreeHeap
    arg -1: 0x0000000000000001 (name=retval, type=void, size=0x8)
~~2120~~ msvcrt.dll!free
    arg -1: 0x0000000000000001 (name=retval, type=void, size=0x8)
~~2120~~ ntdll.dll!RtlDecodePointer
    arg 0: 0x093a8e5522f80000
    arg 1: 0x0000024ef19b0000
~~2120~~ ntdll.dll!RtlDecodePointer
    arg -1: 0x0000024ef19b0750 (name=retval, type=void, size=0x8)
~~2120~~ ntdll.dll!RtlDecodePointer
    arg 0: 0x093a8e5522d80000
    arg 1: 0x00000000520e4fee
~~2120~~ ntdll.dll!RtlDecodePointer
    arg -1: 0x0000024ef19b0758 (name=retval, type=void, size=0x8)
~~2120~~ msvcrt.dll!_unlock
    arg 0: 0x0000000000000008
    arg 1: 0x00000000520e4fee
~~2120~~ ntdll.dll!RtlLeaveCriticalSection
    arg 0: 0x00007ffa29dcf500
    arg 1: 0x00000000520e4fee
~~2120~~ ntdll.dll!RtlLeaveCriticalSection
    arg -1: 0x0000000000000000 (name=retval, type=void, size=0x8)
~~2120~~ msvcrt.dll!_unlock
    arg -1: 0x0000000000000000 (name=retval, type=void, size=0x8)
~~2120~~ msvcrt.dll!_cexit
    arg -1: 0x0000000000000000 (name=retval, type=void, size=0x8)
~~2120~~ msvcrt.dll!_initterm
    arg 0: 0x00007ffa29db74c8
    arg 1: 0x00007ffa29db74e8
~~2120~~ msvcrt.dll!_rmtmp
    arg 0: 0xfffffffffffffffe
    arg 1: 0x00007ffa29db74e8
~~2120~~ msvcrt.dll!_lock
    arg 0: 0x0000000000000001
    arg 1: 0x00007ffa29db74e8
~~2120~~ ntdll.dll!RtlEnterCriticalSection
    arg 0: 0x00007ffa29dcf348
    arg 1: 0x00007ffa29db74e8
~~2120~~ ntdll.dll!RtlEnterCriticalSection
    arg -1: 0x0000000000000000 (name=retval, type=void, size=0x8)
~~2120~~ msvcrt.dll!_lock
    arg -1: 0x0000000000000000 (name=retval, type=void, size=0x8)
~~2120~~ msvcrt.dll!_lock
    arg 0: 0x0000000000000010
    arg 1: 0x00007ffa29dcfa00
~~2120~~ ntdll.dll!RtlEnterCriticalSection
    arg 0: 0x00007ffa29dcf6b8
    arg 1: 0x00007ffa29dcfa00
~~2120~~ ntdll.dll!RtlEnterCriticalSection
    arg -1: 0x0000000000000000 (name=retval, type=void, size=0x8)
~~2120~~ msvcrt.dll!_lock
    arg -1: 0x0000000000000000 (name=retval, type=void, size=0x8)
~~2120~~ msvcrt.dll!_unlock
    arg 0: 0x0000000000000010
    arg 1: 0x00007ffa29dcfa00
~~2120~~ ntdll.dll!RtlLeaveCriticalSection
    arg 0: 0x00007ffa29dcf6b8
    arg 1: 0x00007ffa29dcfa00
~~2120~~ ntdll.dll!RtlLeaveCriticalSection
    arg -1: 0x0000000000000000 (name=retval, type=void, size=0x8)
~~2120~~ msvcrt.dll!_unlock
    arg -1: 0x0000000000000000 (name=retval, type=void, size=0x8)
~~2120~~ msvcrt.dll!_lock
    arg 0: 0x0000000000000011
    arg 1: 0x00007ffa29dcfa30
~~2120~~ ntdll.dll!RtlEnterCriticalSection
    arg 0: 0x00007ffa29dcf710
    arg 1: 0x00007ffa29dcfa30
~~2120~~ ntdll.dll!RtlEnterCriticalSection
    arg -1: 0x0000000000000000 (name=retval, type=void, size=0x8)
~~2120~~ msvcrt.dll!_lock
    arg -1: 0x0000000000000000 (name=retval, type=void, size=0x8)
~~2120~~ msvcrt.dll!_unlock
    arg 0: 0x0000000000000011
    arg 1: 0x00007ffa29dcfa30
~~2120~~ ntdll.dll!RtlLeaveCriticalSection
    arg 0: 0x00007ffa29dcf710
    arg 1: 0x00007ffa29dcfa30
~~2120~~ ntdll.dll!RtlLeaveCriticalSection
    arg -1: 0x0000000000000000 (name=retval, type=void, size=0x8)
~~2120~~ msvcrt.dll!_unlock
    arg -1: 0x0000000000000000 (name=retval, type=void, size=0x8)
~~2120~~ msvcrt.dll!_lock
    arg 0: 0x0000000000000012
    arg 1: 0x00007ffa29dcfa60
~~2120~~ ntdll.dll!RtlEnterCriticalSection
    arg 0: 0x00007ffa29dcf768
    arg 1: 0x00007ffa29dcfa60
~~2120~~ ntdll.dll!RtlEnterCriticalSection
    arg -1: 0x0000000000000000 (name=retval, type=void, size=0x8)
~~2120~~ msvcrt.dll!_lock
    arg -1: 0x0000000000000000 (name=retval, type=void, size=0x8)
~~2120~~ msvcrt.dll!_unlock
    arg 0: 0x0000000000000012
    arg 1: 0x00007ffa29dcfa60
~~2120~~ ntdll.dll!RtlLeaveCriticalSection
    arg 0: 0x00007ffa29dcf768
    arg 1: 0x00007ffa29dcfa60
~~2120~~ ntdll.dll!RtlLeaveCriticalSection
    arg -1: 0x0000000000000000 (name=retval, type=void, size=0x8)
~~2120~~ msvcrt.dll!_unlock
    arg -1: 0x0000000000000000 (name=retval, type=void, size=0x8)
~~2120~~ msvcrt.dll!_unlock
    arg 0: 0x0000000000000001
    arg 1: 0x0000000000000000
~~2120~~ ntdll.dll!RtlLeaveCriticalSection
    arg 0: 0x00007ffa29dcf348
    arg 1: 0x0000000000000000
~~2120~~ ntdll.dll!RtlLeaveCriticalSection
    arg -1: 0x0000000000000000 (name=retval, type=void, size=0x8)
~~2120~~ msvcrt.dll!_unlock
    arg -1: 0x0000000000000000 (name=retval, type=void, size=0x8)
~~2120~~ msvcrt.dll!_rmtmp
    arg -1: 0x0000000000000000 (name=retval, type=void, size=0x8)
~~2120~~ msvcrt.dll!_flushall
    arg 0: 0x00000000ffffffff
    arg 1: 0x0000000000000000
~~2120~~ msvcrt.dll!_lock
    arg 0: 0x0000000000000001
    arg 1: 0x0000000000000000
~~2120~~ ntdll.dll!RtlEnterCriticalSection
    arg 0: 0x00007ffa29dcf348
    arg 1: 0x0000000000000000
~~2120~~ ntdll.dll!RtlEnterCriticalSection
    arg -1: 0x0000000000000000 (name=retval, type=void, size=0x8)
~~2120~~ msvcrt.dll!_lock
    arg -1: 0x0000000000000000 (name=retval, type=void, size=0x8)
~~2120~~ msvcrt.dll!_lock
    arg 0: 0x0000000000000010
    arg 1: 0x00007ffa29dcfa00
~~2120~~ ntdll.dll!RtlEnterCriticalSection
    arg 0: 0x00007ffa29dcf6b8
    arg 1: 0x00007ffa29dcfa00
~~2120~~ ntdll.dll!RtlEnterCriticalSection
    arg -1: 0x0000000000000000 (name=retval, type=void, size=0x8)
~~2120~~ msvcrt.dll!_lock
    arg -1: 0x0000000000000000 (name=retval, type=void, size=0x8)
~~2120~~ msvcrt.dll!_unlock
    arg 0: 0x0000000000000010
    arg 1: 0x00007ffa29dcfa00
~~2120~~ ntdll.dll!RtlLeaveCriticalSection
    arg 0: 0x00007ffa29dcf6b8
    arg 1: 0x00007ffa29dcfa00
~~2120~~ ntdll.dll!RtlLeaveCriticalSection
    arg -1: 0x0000000000000000 (name=retval, type=void, size=0x8)
~~2120~~ msvcrt.dll!_unlock
    arg -1: 0x0000000000000000 (name=retval, type=void, size=0x8)
~~2120~~ msvcrt.dll!_lock
    arg 0: 0x0000000000000011
    arg 1: 0x00007ffa29dcfa30
~~2120~~ ntdll.dll!RtlEnterCriticalSection
    arg 0: 0x00007ffa29dcf710
    arg 1: 0x00007ffa29dcfa30
~~2120~~ ntdll.dll!RtlEnterCriticalSection
    arg -1: 0x0000000000000000 (name=retval, type=void, size=0x8)
~~2120~~ msvcrt.dll!_lock
    arg -1: 0x0000000000000000 (name=retval, type=void, size=0x8)
~~2120~~ msvcrt.dll!_unlock
    arg 0: 0x0000000000000011
    arg 1: 0x00007ffa29dcfa30
~~2120~~ ntdll.dll!RtlLeaveCriticalSection
    arg 0: 0x00007ffa29dcf710
    arg 1: 0x00007ffa29dcfa30
~~2120~~ ntdll.dll!RtlLeaveCriticalSection
    arg -1: 0x0000000000000000 (name=retval, type=void, size=0x8)
~~2120~~ msvcrt.dll!_unlock
    arg -1: 0x0000000000000000 (name=retval, type=void, size=0x8)
~~2120~~ msvcrt.dll!_lock
    arg 0: 0x0000000000000012
    arg 1: 0x00007ffa29dcfa60
~~2120~~ ntdll.dll!RtlEnterCriticalSection
    arg 0: 0x00007ffa29dcf768
    arg 1: 0x00007ffa29dcfa60
~~2120~~ ntdll.dll!RtlEnterCriticalSection
    arg -1: 0x0000000000000000 (name=retval, type=void, size=0x8)
~~2120~~ msvcrt.dll!_lock
    arg -1: 0x0000000000000000 (name=retval, type=void, size=0x8)
~~2120~~ msvcrt.dll!_unlock
    arg 0: 0x0000000000000012
    arg 1: 0x00007ffa29dcfa60
~~2120~~ ntdll.dll!RtlLeaveCriticalSection
    arg 0: 0x00007ffa29dcf768
    arg 1: 0x00007ffa29dcfa60
~~2120~~ ntdll.dll!RtlLeaveCriticalSection
    arg -1: 0x0000000000000000 (name=retval, type=void, size=0x8)
~~2120~~ msvcrt.dll!_unlock
    arg -1: 0x0000000000000000 (name=retval, type=void, size=0x8)
~~2120~~ msvcrt.dll!_unlock
    arg 0: 0x0000000000000001
    arg 1: 0x0000000000000000
~~2120~~ ntdll.dll!RtlLeaveCriticalSection
    arg 0: 0x00007ffa29dcf348
    arg 1: 0x0000000000000000
~~2120~~ ntdll.dll!RtlLeaveCriticalSection
    arg -1: 0x0000000000000000 (name=retval, type=void, size=0x8)
~~2120~~ msvcrt.dll!_unlock
    arg -1: 0x0000000000000000 (name=retval, type=void, size=0x8)
~~2120~~ msvcrt.dll!_flushall
    arg -1: 0x0000000000000003 (name=retval, type=void, size=0x8)
~~2120~~ msvcrt.dll!_fcloseall
    arg 0: 0x00000000ffffffff
    arg 1: 0x0000000000000000
~~2120~~ msvcrt.dll!_lock
    arg 0: 0x0000000000000001
    arg 1: 0x0000000000000000
~~2120~~ ntdll.dll!RtlEnterCriticalSection
    arg 0: 0x00007ffa29dcf348
    arg 1: 0x0000000000000000
~~2120~~ ntdll.dll!RtlEnterCriticalSection
    arg -1: 0x0000000000000000 (name=retval, type=void, size=0x8)
~~2120~~ msvcrt.dll!_lock
    arg -1: 0x0000000000000000 (name=retval, type=void, size=0x8)
~~2120~~ msvcrt.dll!_unlock
    arg 0: 0x0000000000000001
    arg 1: 0x0000000000000000
~~2120~~ ntdll.dll!RtlLeaveCriticalSection
    arg 0: 0x00007ffa29dcf348
    arg 1: 0x0000000000000000
~~2120~~ ntdll.dll!RtlLeaveCriticalSection
    arg -1: 0x0000000000000000 (name=retval, type=void, size=0x8)
~~2120~~ msvcrt.dll!_unlock
    arg -1: 0x0000000000000000 (name=retval, type=void, size=0x8)
~~2120~~ msvcrt.dll!_fcloseall
    arg -1: 0x0000000000000000 (name=retval, type=void, size=0x8)
~~2120~~ msvcrt.dll!free
    arg 0: 0x0000024ef19b7820
    arg 1: 0x0000000000000000
~~2120~~ ntdll.dll!RtlFreeHeap
    arg 0: 0x0000024ef19b0000
    arg 1: 0x0000000000000000
~~2120~~ ntdll.dll!RtlTryEnterCriticalSection
    arg 0: 0x0000024ef19b02c0
    arg 1: 0x0000000000000002
~~2120~~ ntdll.dll!RtlTryEnterCriticalSection
    arg -1: 0x0000000000000001 (name=retval, type=void, size=0x8)
~~2120~~ ntdll.dll!RtlFreeHeap
    arg -1: 0x0000000000000001 (name=retval, type=void, size=0x8)
~~2120~~ msvcrt.dll!free
    arg -1: 0x0000000000000001 (name=retval, type=void, size=0x8)
~~2120~~ msvcrt.dll!_initterm
    arg -1: 0x0000000000000001 (name=retval, type=void, size=0x8)
~~2120~~ msvcrt.dll!_initterm
    arg 0: 0x00007ffa29db74f0
    arg 1: 0x00007ffa29db74f8
~~2120~~ msvcrt.dll!_initterm
    arg -1: 0x0000000000000000 (name=retval, type=void, size=0x8)
~~2120~~ ntdll.dll!RtlGetCurrentServiceSessionId
    arg 0: 0x00007ffa29db74f0
    arg 1: 0x00007ffa29db74f8
~~2120~~ ntdll.dll!RtlGetCurrentServiceSessionId
    arg -1: 0x0000000000000000 (name=retval, type=void, size=0x8)
~~2120~~ ntdll.dll!RtlDeactivateActivationContextUnsafeFast
    arg 0: 0x00000096462ff6a0
    arg 1: 0x00007ffa29db74f8
~~2120~~ ntdll.dll!RtlDeactivateActivationContextUnsafeFast
    arg -1: 0x00007ffa2a38f1d5 (name=retval, type=void, size=0x8)
~~2120~~ ntdll.dll!RtlActivateActivationContextUnsafeFast
    arg 0: 0x00000096462ff6a0
    arg 1: 0x0000000000000000
~~2120~~ ntdll.dll!RtlActivateActivationContextUnsafeFast
    arg -1: 0x00000096462ff6b0 (name=retval, type=void, size=0x8)
~~2120~~ ntdll.dll!RtlGetCurrentServiceSessionId
    arg 0: 0x00007ffa24432b00
    arg 1: 0x00007ffa24420000
~~2120~~ ntdll.dll!RtlGetCurrentServiceSessionId
    arg -1: 0x0000000000000000 (name=retval, type=void, size=0x8)
~~2120~~ ntdll.dll!RtlFreeHeap
    arg 0: 0x0000024ef16d0000
    arg 1: 0x0000000000000000
~~2120~~ ntdll.dll!RtlTryEnterCriticalSection
    arg 0: 0x0000024ef16d02c0
    arg 1: 0x0000000000000002
~~2120~~ ntdll.dll!RtlTryEnterCriticalSection
    arg -1: 0x0000000000000001 (name=retval, type=void, size=0x8)
~~2120~~ ntdll.dll!RtlFreeHeap
    arg -1: 0x0000000000000001 (name=retval, type=void, size=0x8)
~~2120~~ ntdll.dll!RtlDeleteCriticalSection
    arg 0: 0x0000024ef16d9f08
    arg 1: 0x0000024ef16d0000
~~2120~~ ntdll.dll!RtlDeleteCriticalSection
    arg -1: 0x0000000000000000 (name=retval, type=void, size=0x8)
~~2120~~ ntdll.dll!memset
    arg 0: 0x0000024ef154043c
    arg 1: 0x0000000000000000
~~2120~~ ntdll.dll!memset
    arg -1: 0x0000024ef154043c (name=retval, type=void, size=0x8)
~~2120~~ ntdll.dll!EtwEventUnregister
    arg 0: 0x000b024ef16d5e50
    arg 1: 0x0000000000000000
~~2120~~ ntdll.dll!EtwNotificationUnregister
    arg 0: 0x000b024ef16d5e50
    arg 1: 0x0000000000000000
~~2120~~ ntdll.dll!RtlAcquireSRWLockExclusive
    arg 0: 0x0000024ef16d5e98
    arg 1: 0x0000000000000000
~~2120~~ ntdll.dll!RtlAcquireSRWLockExclusive
    arg -1: 0x0000ffffffffffff (name=retval, type=void, size=0x8)
~~2120~~ ntdll.dll!RtlAcquireSRWLockExclusive
    arg 0: 0x00007ffa2a49d5f8
    arg 1: 0x0000000000000000
~~2120~~ ntdll.dll!RtlAcquireSRWLockExclusive
    arg -1: 0x000000000000000b (name=retval, type=void, size=0x8)
~~2120~~ ntdll.dll!RtlRbRemoveNode
    arg 0: 0x00007ffa2a49d600
    arg 1: 0x0000024ef16d5e50
~~2120~~ ntdll.dll!RtlRbRemoveNode
    arg -1: 0x00000000000028f0 (name=retval, type=void, size=0x8)
~~2120~~ ntdll.dll!RtlReleaseSRWLockExclusive
    arg 0: 0x00007ffa2a49d5f8
    arg 1: 0x0000024ef16da180
~~2120~~ ntdll.dll!RtlReleaseSRWLockExclusive
    arg -1: 0x0000000000000001 (name=retval, type=void, size=0x8)
~~2120~~ ntdll.dll!RtlReleaseSRWLockExclusive
    arg 0: 0x0000024ef16d5e98
    arg 1: 0x0000000000000000
~~2120~~ ntdll.dll!RtlReleaseSRWLockExclusive
    arg -1: 0x0000000000000001 (name=retval, type=void, size=0x8)
~~2120~~ ntdll.dll!ZwClose
    arg 0: 0x0000000000000090
    arg 1: 0x0000000000000000
~~2120~~ ntdll.dll!ZwClose
    arg -1: 0x0000000000000000 (name=retval, type=void, size=0x8)
~~2120~~ ntdll.dll!memset
    arg 0: 0x0000024ef16d5ea8
    arg 1: 0x0000000000000000
~~2120~~ ntdll.dll!memset
    arg -1: 0x0000024ef16d5ea8 (name=retval, type=void, size=0x8)
~~2120~~ ntdll.dll!EtwNotificationUnregister
    arg -1: 0x0000000000000000 (name=retval, type=void, size=0x8)
~~2120~~ ntdll.dll!EtwEventUnregister
    arg -1: 0x0000000000000000 (name=retval, type=void, size=0x8)
~~2120~~ ntdll.dll!RtlFreeHeap
    arg 0: 0x0000024ef16d0000
    arg 1: 0x0000000000000000
~~2120~~ ntdll.dll!RtlTryEnterCriticalSection
    arg 0: 0x0000024ef16d02c0
    arg 1: 0x0000000000000002
~~2120~~ ntdll.dll!RtlTryEnterCriticalSection
    arg -1: 0x0000000000000001 (name=retval, type=void, size=0x8)
~~2120~~ ntdll.dll!RtlFreeHeap
    arg -1: 0x0000000000000001 (name=retval, type=void, size=0x8)
~~2120~~ ntdll.dll!RtlDeleteCriticalSection
    arg 0: 0x00007ffa24497120
    arg 1: 0x0000024ef16d0000
~~2120~~ ntdll.dll!RtlDeleteCriticalSection
    arg -1: 0x0000000000000000 (name=retval, type=void, size=0x8)
~~2120~~ ntdll.dll!RtlAllocateHeap
    arg 0: 0x0000024ef16d0000
    arg 1: 0x0000000000000008
~~2120~~ ntdll.dll!RtlLeaveCriticalSection
    arg 0: 0x0000024ef16d02c0
    arg 1: 0x0000000000000001
~~2120~~ ntdll.dll!RtlLeaveCriticalSection
    arg -1: 0x0000000000000000 (name=retval, type=void, size=0x8)
~~2120~~ ntdll.dll!memset
    arg 0: 0x0000024ef16eca70
    arg 1: 0x0000000000000000
~~2120~~ ntdll.dll!memset
    arg -1: 0x0000024ef16eca70 (name=retval, type=void, size=0x8)
~~2120~~ ntdll.dll!RtlAllocateHeap
    arg -1: 0x0000024ef16eca70 (name=retval, type=void, size=0x8)
~~2120~~ ntdll.dll!RtlAllocateHeap
    arg 0: 0x0000024ef16d0000
    arg 1: 0x0000000000000008
~~2120~~ ntdll.dll!RtlLeaveCriticalSection
    arg 0: 0x0000024ef16d02c0
    arg 1: 0x0000000000000001
~~2120~~ ntdll.dll!RtlLeaveCriticalSection
    arg -1: 0x0000000000000000 (name=retval, type=void, size=0x8)
~~2120~~ ntdll.dll!memset
    arg 0: 0x0000024ef16dc7d0
    arg 1: 0x0000000000000000
~~2120~~ ntdll.dll!memset
    arg -1: 0x0000024ef16dc7d0 (name=retval, type=void, size=0x8)
~~2120~~ ntdll.dll!RtlAllocateHeap
    arg -1: 0x0000024ef16dc7d0 (name=retval, type=void, size=0x8)
~~2120~~ ntdll.dll!RtlEnterCriticalSection
    arg 0: 0x0000024ef16d8be8
    arg 1: 0x0000000000000000
~~2120~~ ntdll.dll!RtlEnterCriticalSection
    arg -1: 0x0000000000000000 (name=retval, type=void, size=0x8)
~~2120~~ ntdll.dll!RtlFreeHeap
    arg 0: 0x0000024ef16d0000
    arg 1: 0x0000000000000000
~~2120~~ ntdll.dll!RtlTryEnterCriticalSection
    arg 0: 0x0000024ef16d02c0
    arg 1: 0x0000000000000002
~~2120~~ ntdll.dll!RtlTryEnterCriticalSection
    arg -1: 0x0000000000000001 (name=retval, type=void, size=0x8)
~~2120~~ ntdll.dll!RtlFreeHeap
    arg -1: 0x0000000000000001 (name=retval, type=void, size=0x8)
~~2120~~ ntdll.dll!RtlFreeHeap
    arg 0: 0x0000024ef16d0000
    arg 1: 0x0000000000000000
~~2120~~ ntdll.dll!RtlTryEnterCriticalSection
    arg 0: 0x0000024ef16d02c0
    arg 1: 0x0000000000000002
~~2120~~ ntdll.dll!RtlTryEnterCriticalSection
    arg -1: 0x0000000000000001 (name=retval, type=void, size=0x8)
~~2120~~ ntdll.dll!RtlFreeHeap
    arg -1: 0x0000000000000001 (name=retval, type=void, size=0x8)
~~2120~~ ntdll.dll!RtlLeaveCriticalSection
    arg 0: 0x0000024ef16d8be8
    arg 1: 0x000000003ca90179
~~2120~~ ntdll.dll!RtlLeaveCriticalSection
    arg -1: 0x0000000000000000 (name=retval, type=void, size=0x8)
~~2120~~ ntdll.dll!EtwEventUnregister
    arg 0: 0x000a024ef16d8a80
    arg 1: 0x000000003ca90179
~~2120~~ ntdll.dll!EtwNotificationUnregister
    arg 0: 0x000a024ef16d8a80
    arg 1: 0x0000000000000000
~~2120~~ ntdll.dll!RtlAcquireSRWLockExclusive
    arg 0: 0x0000024ef16d8ac8
    arg 1: 0x0000000000000000
~~2120~~ ntdll.dll!RtlAcquireSRWLockExclusive
    arg -1: 0x0000ffffffffffff (name=retval, type=void, size=0x8)
~~2120~~ ntdll.dll!RtlAcquireSRWLockExclusive
    arg 0: 0x00007ffa2a49d5f8
    arg 1: 0x0000000000000000
~~2120~~ ntdll.dll!RtlAcquireSRWLockExclusive
    arg -1: 0x000000000000000a (name=retval, type=void, size=0x8)
~~2120~~ ntdll.dll!RtlRbRemoveNode
    arg 0: 0x00007ffa2a49d600
    arg 1: 0x0000024ef16d8a80
~~2120~~ ntdll.dll!RtlRbRemoveNode
    arg -1: 0x0000000000002630 (name=retval, type=void, size=0x8)
~~2120~~ ntdll.dll!RtlReleaseSRWLockExclusive
    arg 0: 0x00007ffa2a49d5f8
    arg 1: 0x0000024ef16d8340
~~2120~~ ntdll.dll!RtlReleaseSRWLockExclusive
    arg -1: 0x0000000000000001 (name=retval, type=void, size=0x8)
~~2120~~ ntdll.dll!RtlReleaseSRWLockExclusive
    arg 0: 0x0000024ef16d8ac8
    arg 1: 0x0000000000000000
~~2120~~ ntdll.dll!RtlReleaseSRWLockExclusive
    arg -1: 0x0000000000000001 (name=retval, type=void, size=0x8)
~~2120~~ ntdll.dll!ZwClose
    arg 0: 0x000000000000008c
    arg 1: 0x0000000000000000
~~2120~~ ntdll.dll!ZwClose
    arg -1: 0x0000000000000000 (name=retval, type=void, size=0x8)
~~2120~~ ntdll.dll!memset
    arg 0: 0x0000024ef16d8ad8
    arg 1: 0x0000000000000000
~~2120~~ ntdll.dll!memset
    arg -1: 0x0000024ef16d8ad8 (name=retval, type=void, size=0x8)
~~2120~~ ntdll.dll!EtwNotificationUnregister
    arg -1: 0x0000000000000000 (name=retval, type=void, size=0x8)
~~2120~~ ntdll.dll!EtwEventUnregister
    arg -1: 0x0000000000000000 (name=retval, type=void, size=0x8)
~~2120~~ ntdll.dll!RtlFreeHeap
    arg 0: 0x0000024ef16d0000
    arg 1: 0x0000000000000000
~~2120~~ ntdll.dll!RtlTryEnterCriticalSection
    arg 0: 0x0000024ef16d02c0
    arg 1: 0x0000000000000002
~~2120~~ ntdll.dll!RtlTryEnterCriticalSection
    arg -1: 0x0000000000000001 (name=retval, type=void, size=0x8)
~~2120~~ ntdll.dll!RtlFreeHeap
    arg -1: 0x0000000000000001 (name=retval, type=void, size=0x8)
~~2120~~ ntdll.dll!memset
    arg 0: 0x0000024ef16d60e0
    arg 1: 0x0000000000000042
~~2120~~ ntdll.dll!memset
    arg -1: 0x0000024ef16d60e0 (name=retval, type=void, size=0x8)
~~2120~~ ntdll.dll!RtlFreeHeap
    arg 0: 0x0000024ef16d0000
    arg 1: 0x0000000000000000
~~2120~~ ntdll.dll!RtlTryEnterCriticalSection
    arg 0: 0x0000024ef16d02c0
    arg 1: 0x0000000000000002
~~2120~~ ntdll.dll!RtlTryEnterCriticalSection
    arg -1: 0x0000000000000001 (name=retval, type=void, size=0x8)
~~2120~~ ntdll.dll!RtlFreeHeap
    arg -1: 0x0000000000000001 (name=retval, type=void, size=0x8)
~~2120~~ ntdll.dll!RtlDeleteCriticalSection
    arg 0: 0x0000024ef16d8be8
    arg 1: 0x0000024ef16d0000
~~2120~~ ntdll.dll!RtlDeleteCriticalSection
    arg -1: 0x0000000000000000 (name=retval, type=void, size=0x8)
~~2120~~ ntdll.dll!RtlFreeHeap
    arg 0: 0x0000024ef16d0000
    arg 1: 0x0000000000000000
~~2120~~ ntdll.dll!RtlTryEnterCriticalSection
    arg 0: 0x0000024ef16d02c0
    arg 1: 0x0000000000000002
~~2120~~ ntdll.dll!RtlTryEnterCriticalSection
    arg -1: 0x0000000000000001 (name=retval, type=void, size=0x8)
~~2120~~ ntdll.dll!RtlFreeHeap
    arg -1: 0x0000000000000001 (name=retval, type=void, size=0x8)
~~2120~~ ntdll.dll!RtlDeleteCriticalSection
    arg 0: 0x0000024ef16d86f8
    arg 1: 0x0000024ef16d0000
~~2120~~ ntdll.dll!RtlDeleteCriticalSection
    arg -1: 0x0000000000000000 (name=retval, type=void, size=0x8)
~~2120~~ ntdll.dll!memset
    arg 0: 0x0000024ef15403e0
    arg 1: 0x0000000000000000
~~2120~~ ntdll.dll!memset
    arg -1: 0x0000024ef15403e0 (name=retval, type=void, size=0x8)
~~2120~~ ntdll.dll!EtwEventUnregister
    arg 0: 0x0009024ef16d8970
    arg 1: 0x0000000000000000
~~2120~~ ntdll.dll!EtwNotificationUnregister
    arg 0: 0x0009024ef16d8970
    arg 1: 0x0000000000000000
~~2120~~ ntdll.dll!RtlAcquireSRWLockExclusive
    arg 0: 0x0000024ef16d89b8
    arg 1: 0x0000000000000000
~~2120~~ ntdll.dll!RtlAcquireSRWLockExclusive
    arg -1: 0x0000ffffffffffff (name=retval, type=void, size=0x8)
~~2120~~ ntdll.dll!RtlAcquireSRWLockExclusive
    arg 0: 0x00007ffa2a49d5f8
    arg 1: 0x0000000000000000
~~2120~~ ntdll.dll!RtlAcquireSRWLockExclusive
    arg -1: 0x0000000000000009 (name=retval, type=void, size=0x8)
~~2120~~ ntdll.dll!RtlRbRemoveNode
    arg 0: 0x00007ffa2a49d600
    arg 1: 0x0000024ef16d8970
~~2120~~ ntdll.dll!RtlRbRemoveNode
    arg -1: 0x0000000000000001 (name=retval, type=void, size=0x8)
~~2120~~ ntdll.dll!RtlReleaseSRWLockExclusive
    arg 0: 0x00007ffa2a49d5f8
    arg 1: 0x0000024ef16d8970
~~2120~~ ntdll.dll!RtlReleaseSRWLockExclusive
    arg -1: 0x0000000000000001 (name=retval, type=void, size=0x8)
~~2120~~ ntdll.dll!RtlReleaseSRWLockExclusive
    arg 0: 0x0000024ef16d89b8
    arg 1: 0x0000000000000000
~~2120~~ ntdll.dll!RtlReleaseSRWLockExclusive
    arg -1: 0x0000000000000001 (name=retval, type=void, size=0x8)
~~2120~~ ntdll.dll!ZwClose
    arg 0: 0x0000000000000088
    arg 1: 0x0000000000000000
~~2120~~ ntdll.dll!ZwClose
    arg -1: 0x0000000000000000 (name=retval, type=void, size=0x8)
~~2120~~ ntdll.dll!memset
    arg 0: 0x0000024ef16d89c8
    arg 1: 0x0000000000000000
~~2120~~ ntdll.dll!memset
    arg -1: 0x0000024ef16d89c8 (name=retval, type=void, size=0x8)
~~2120~~ ntdll.dll!EtwNotificationUnregister
    arg -1: 0x0000000000000000 (name=retval, type=void, size=0x8)
~~2120~~ ntdll.dll!EtwEventUnregister
    arg -1: 0x0000000000000000 (name=retval, type=void, size=0x8)
~~2120~~ ntdll.dll!RtlFreeHeap
    arg 0: 0x0000024ef16d0000
    arg 1: 0x0000000000000000
~~2120~~ ntdll.dll!RtlTryEnterCriticalSection
    arg 0: 0x0000024ef16d02c0
    arg 1: 0x0000000000000002
~~2120~~ ntdll.dll!RtlTryEnterCriticalSection
    arg -1: 0x0000000000000001 (name=retval, type=void, size=0x8)
~~2120~~ ntdll.dll!RtlFreeHeap
    arg -1: 0x0000000000000001 (name=retval, type=void, size=0x8)
~~2120~~ ntdll.dll!EtwEventUnregister
    arg 0: 0x0008024ef16d8580
    arg 1: 0x0000024ef16d0000
~~2120~~ ntdll.dll!EtwNotificationUnregister
    arg 0: 0x0008024ef16d8580
    arg 1: 0x0000000000000000
~~2120~~ ntdll.dll!RtlAcquireSRWLockExclusive
    arg 0: 0x0000024ef16d85c8
    arg 1: 0x0000000000000000
~~2120~~ ntdll.dll!RtlAcquireSRWLockExclusive
    arg -1: 0x0000ffffffffffff (name=retval, type=void, size=0x8)
~~2120~~ ntdll.dll!RtlAcquireSRWLockExclusive
    arg 0: 0x00007ffa2a49d5f8
    arg 1: 0x0000000000000000
~~2120~~ ntdll.dll!RtlAcquireSRWLockExclusive
    arg -1: 0x0000000000000008 (name=retval, type=void, size=0x8)
~~2120~~ ntdll.dll!RtlRbRemoveNode
    arg 0: 0x00007ffa2a49d600
    arg 1: 0x0000024ef16d8580
~~2120~~ ntdll.dll!RtlRbRemoveNode
    arg -1: 0x00000000000000d0 (name=retval, type=void, size=0x8)
~~2120~~ ntdll.dll!RtlReleaseSRWLockExclusive
    arg 0: 0x00007ffa2a49d5f8
    arg 1: 0x0000024ef16e4620
~~2120~~ ntdll.dll!RtlReleaseSRWLockExclusive
    arg -1: 0x0000000000000001 (name=retval, type=void, size=0x8)
~~2120~~ ntdll.dll!RtlReleaseSRWLockExclusive
    arg 0: 0x0000024ef16d85c8
    arg 1: 0x0000000000000000
~~2120~~ ntdll.dll!RtlReleaseSRWLockExclusive
    arg -1: 0x0000000000000001 (name=retval, type=void, size=0x8)
~~2120~~ ntdll.dll!ZwClose
    arg 0: 0x0000000000000084
    arg 1: 0x0000000000000000
~~2120~~ ntdll.dll!ZwClose
    arg -1: 0x0000000000000000 (name=retval, type=void, size=0x8)
~~2120~~ ntdll.dll!memset
    arg 0: 0x0000024ef16d85d8
    arg 1: 0x0000000000000000
~~2120~~ ntdll.dll!memset
    arg -1: 0x0000024ef16d85d8 (name=retval, type=void, size=0x8)
~~2120~~ ntdll.dll!EtwNotificationUnregister
    arg -1: 0x0000000000000000 (name=retval, type=void, size=0x8)
~~2120~~ ntdll.dll!EtwEventUnregister
    arg -1: 0x0000000000000000 (name=retval, type=void, size=0x8)
~~2120~~ ntdll.dll!RtlGetCurrentServiceSessionId
    arg 0: 0x0000024ef16d8580
    arg 1: 0x0000024ef16d8970
~~2120~~ ntdll.dll!RtlGetCurrentServiceSessionId
    arg -1: 0x0000000000000000 (name=retval, type=void, size=0x8)
~~2120~~ ntdll.dll!RtlDeactivateActivationContextUnsafeFast
    arg 0: 0x00000096462ff6a0
    arg 1: 0x0000024ef16d8970
~~2120~~ ntdll.dll!RtlDeactivateActivationContextUnsafeFast
    arg -1: 0x00007ffa2a38f1d5 (name=retval, type=void, size=0x8)
~~2120~~ ntdll.dll!RtlActivateActivationContextUnsafeFast
    arg 0: 0x00000096462ff6a0
    arg 1: 0x0000000000000000
~~2120~~ ntdll.dll!RtlActivateActivationContextUnsafeFast
    arg -1: 0x00000096462ff6b0 (name=retval, type=void, size=0x8)
~~2120~~ ntdll.dll!RtlGetCurrentServiceSessionId
    arg 0: 0x00007ffa28db7410
    arg 1: 0x00007ffa28da0000
~~2120~~ ntdll.dll!RtlGetCurrentServiceSessionId
    arg -1: 0x0000000000000000 (name=retval, type=void, size=0x8)
~~2120~~ ntdll.dll!EtwEventUnregister
    arg 0: 0x0007024ef16d8340
    arg 1: 0x0000000000000000
~~2120~~ ntdll.dll!EtwNotificationUnregister
    arg 0: 0x0007024ef16d8340
    arg 1: 0x0000000000000000
~~2120~~ ntdll.dll!RtlAcquireSRWLockExclusive
    arg 0: 0x0000024ef16d8388
    arg 1: 0x0000000000000000
~~2120~~ ntdll.dll!RtlAcquireSRWLockExclusive
    arg -1: 0x0000ffffffffffff (name=retval, type=void, size=0x8)
~~2120~~ ntdll.dll!RtlAcquireSRWLockExclusive
    arg 0: 0x00007ffa2a49d5f8
    arg 1: 0x0000000000000000
~~2120~~ ntdll.dll!RtlAcquireSRWLockExclusive
    arg -1: 0x0000000000000007 (name=retval, type=void, size=0x8)
~~2120~~ ntdll.dll!RtlRbRemoveNode
    arg 0: 0x00007ffa2a49d600
    arg 1: 0x0000024ef16d8340
~~2120~~ ntdll.dll!RtlRbRemoveNode
    arg -1: 0x0000000000000000 (name=retval, type=void, size=0x8)
~~2120~~ ntdll.dll!RtlReleaseSRWLockExclusive
    arg 0: 0x00007ffa2a49d5f8
    arg 1: 0x0000024ef16d8340
~~2120~~ ntdll.dll!RtlReleaseSRWLockExclusive
    arg -1: 0x0000000000000001 (name=retval, type=void, size=0x8)
~~2120~~ ntdll.dll!RtlReleaseSRWLockExclusive
    arg 0: 0x0000024ef16d8388
    arg 1: 0x0000000000000000
~~2120~~ ntdll.dll!RtlReleaseSRWLockExclusive
    arg -1: 0x0000000000000001 (name=retval, type=void, size=0x8)
~~2120~~ ntdll.dll!ZwClose
    arg 0: 0x0000000000000078
    arg 1: 0x0000000000000000
~~2120~~ ntdll.dll!ZwClose
    arg -1: 0x0000000000000000 (name=retval, type=void, size=0x8)
~~2120~~ ntdll.dll!memset
    arg 0: 0x0000024ef16d8398
    arg 1: 0x0000000000000000
~~2120~~ ntdll.dll!memset
    arg -1: 0x0000024ef16d8398 (name=retval, type=void, size=0x8)
~~2120~~ ntdll.dll!EtwNotificationUnregister
    arg -1: 0x0000000000000000 (name=retval, type=void, size=0x8)
~~2120~~ ntdll.dll!EtwEventUnregister
    arg -1: 0x0000000000000000 (name=retval, type=void, size=0x8)
~~2120~~ KERNELBASE.dll!KernelBaseGetGlobalData
    arg 0: 0x0000024ef16d8340
    arg 1: 0x0000000000000000
~~2120~~ KERNELBASE.dll!KernelBaseGetGlobalData
    arg -1: 0x00007ffa28276dc0 (name=retval, type=void, size=0x8)
~~2120~~ ntdll.dll!RtlGetCurrentServiceSessionId
    arg 0: 0xe010d4edd9d10000
    arg 1: 0x0000000000000000
~~2120~~ ntdll.dll!RtlGetCurrentServiceSessionId
    arg -1: 0x0000000000000000 (name=retval, type=void, size=0x8)
~~2120~~ ntdll.dll!RtlDeactivateActivationContextUnsafeFast
    arg 0: 0x00000096462ff6a0
    arg 1: 0x0000000000000000
~~2120~~ ntdll.dll!RtlDeactivateActivationContextUnsafeFast
    arg -1: 0x00007ffa2a38f1d5 (name=retval, type=void, size=0x8)
~~2120~~ ntdll.dll!RtlActivateActivationContextUnsafeFast
    arg 0: 0x00000096462ff6a0
    arg 1: 0x0000000000000000
~~2120~~ ntdll.dll!RtlActivateActivationContextUnsafeFast
    arg -1: 0x00000096462ff6b0 (name=retval, type=void, size=0x8)
~~2120~~ ntdll.dll!RtlAcquireSRWLockShared
    arg 0: 0x00007ffa2a49d398
    arg 1: 0x0000024ef16d6110
~~2120~~ ntdll.dll!RtlAcquireSRWLockShared
    arg -1: 0x0000000000000000 (name=retval, type=void, size=0x8)
~~2120~~ ntdll.dll!RtlReleaseSRWLockShared
    arg 0: 0x00007ffa2a49d398
    arg 1: 0x00007ffa2a4965f0
~~2120~~ ntdll.dll!RtlReleaseSRWLockShared
    arg -1: 0x0000000000000011 (name=retval, type=void, size=0x8)
~~2120~~ ntdll.dll!RtlGetCurrentServiceSessionId
    arg 0: 0x00007ffa28009540
    arg 1: 0x00007ffa27fc0000
~~2120~~ ntdll.dll!RtlGetCurrentServiceSessionId
    arg -1: 0x0000000000000000 (name=retval, type=void, size=0x8)
~~2120~~ ntdll.dll!EtwEventUnregister
    arg 0: 0x0004024ef16d6dc0
    arg 1: 0x0000000000000000
~~2120~~ ntdll.dll!EtwNotificationUnregister
    arg 0: 0x0004024ef16d6dc0
    arg 1: 0x0000000000000000
~~2120~~ ntdll.dll!RtlAcquireSRWLockExclusive
    arg 0: 0x0000024ef16d6e08
    arg 1: 0x0000000000000000
~~2120~~ ntdll.dll!RtlAcquireSRWLockExclusive
    arg -1: 0x0000ffffffffffff (name=retval, type=void, size=0x8)
~~2120~~ ntdll.dll!RtlAcquireSRWLockExclusive
    arg 0: 0x00007ffa2a49d5f8
    arg 1: 0x0000000000000000
~~2120~~ ntdll.dll!RtlAcquireSRWLockExclusive
    arg -1: 0x0000000000000004 (name=retval, type=void, size=0x8)
~~2120~~ ntdll.dll!RtlRbRemoveNode
    arg 0: 0x00007ffa2a49d600
    arg 1: 0x0000024ef16d6dc0
~~2120~~ ntdll.dll!RtlRbRemoveNode
    arg -1: 0x0000024ef16d6dc0 (name=retval, type=void, size=0x8)
~~2120~~ ntdll.dll!RtlReleaseSRWLockExclusive
    arg 0: 0x00007ffa2a49d5f8
    arg 1: 0x0000024ef16d6dc0
~~2120~~ ntdll.dll!RtlReleaseSRWLockExclusive
    arg -1: 0x0000000000000001 (name=retval, type=void, size=0x8)
~~2120~~ ntdll.dll!RtlReleaseSRWLockExclusive
    arg 0: 0x0000024ef16d6e08
    arg 1: 0x0000000000000000
~~2120~~ ntdll.dll!RtlReleaseSRWLockExclusive
    arg -1: 0x0000000000000001 (name=retval, type=void, size=0x8)
~~2120~~ ntdll.dll!ZwClose
    arg 0: 0x000000000000004c
    arg 1: 0x0000000000000000
~~2120~~ ntdll.dll!ZwClose
    arg -1: 0x0000000000000000 (name=retval, type=void, size=0x8)
~~2120~~ ntdll.dll!memset
    arg 0: 0x0000024ef16d6e18
    arg 1: 0x0000000000000000
~~2120~~ ntdll.dll!memset
    arg -1: 0x0000024ef16d6e18 (name=retval, type=void, size=0x8)
~~2120~~ ntdll.dll!EtwNotificationUnregister
    arg -1: 0x0000000000000000 (name=retval, type=void, size=0x8)
~~2120~~ ntdll.dll!EtwEventUnregister
    arg -1: 0x0000000000000000 (name=retval, type=void, size=0x8)
~~2120~~ ntdll.dll!RtlFreeHeap
    arg 0: 0x0000024ef16d0000
    arg 1: 0x0000000000000000
~~2120~~ ntdll.dll!RtlTryEnterCriticalSection
    arg 0: 0x0000024ef16d02c0
    arg 1: 0x0000000000000002
~~2120~~ ntdll.dll!RtlTryEnterCriticalSection
    arg -1: 0x0000000000000001 (name=retval, type=void, size=0x8)
~~2120~~ ntdll.dll!RtlFreeHeap
    arg -1: 0x0000000000000001 (name=retval, type=void, size=0x8)
~~2120~~ ntdll.dll!RtlRunOnceInitialize
    arg 0: 0x00007ffa28278900
    arg 1: 0x0000000000000000
~~2120~~ ntdll.dll!RtlRunOnceInitialize
    arg -1: 0x00007ffa27feda10 (name=retval, type=void, size=0x8)
~~2120~~ ntdll.dll!RtlRunOnceExecuteOnce
    arg 0: 0x00007ffa28278980
    arg 1: 0x00007ffa28036d00
~~2120~~ ntdll.dll!RtlInitializeCriticalSection
    arg 0: 0x00007ffa28278938
    arg 1: 0x0000000000000000
~~2120~~ ntdll.dll!RtlInitializeCriticalSection
    arg -1: 0x0000000000000000 (name=retval, type=void, size=0x8)
~~2120~~ ntdll.dll!RtlRunOnceComplete
    arg 0: 0x00007ffa28278980
    arg 1: 0x0000000000000000
~~2120~~ ntdll.dll!RtlRunOnceComplete
    arg -1: 0x0000000000000000 (name=retval, type=void, size=0x8)
~~2120~~ ntdll.dll!RtlRunOnceExecuteOnce
    arg -1: 0x0000000000000000 (name=retval, type=void, size=0x8)
~~2120~~ ntdll.dll!RtlDeleteCriticalSection
    arg 0: 0x00007ffa28278938
    arg 1: 0x0000000000000000
~~2120~~ ntdll.dll!RtlDeleteCriticalSection
    arg -1: 0x0000000000000000 (name=retval, type=void, size=0x8)
~~2120~~ ntdll.dll!RtlRunOnceInitialize
    arg 0: 0x00007ffa28278980
    arg 1: 0x0000000000000000
~~2120~~ ntdll.dll!RtlRunOnceInitialize
    arg -1: 0x0000000000000000 (name=retval, type=void, size=0x8)
~~2120~~ ntdll.dll!RtlAcquireSRWLockExclusive
    arg 0: 0x00007ffa28278990
    arg 1: 0x0000000000000000
~~2120~~ ntdll.dll!RtlAcquireSRWLockExclusive
    arg -1: 0x0000000000000001 (name=retval, type=void, size=0x8)
~~2120~~ ntdll.dll!RtlReleaseSRWLockExclusive
    arg 0: 0x00007ffa28278990
    arg 1: 0x0000000000000000
~~2120~~ ntdll.dll!RtlReleaseSRWLockExclusive
    arg -1: 0x0000000000000001 (name=retval, type=void, size=0x8)
~~2120~~ ntdll.dll!EtwEventUnregister
    arg 0: 0x0005024ef16d8120
    arg 1: 0x0000000000000000
~~2120~~ ntdll.dll!EtwNotificationUnregister
    arg 0: 0x0005024ef16d8120
    arg 1: 0x0000000000000000
~~2120~~ ntdll.dll!RtlAcquireSRWLockExclusive
    arg 0: 0x0000024ef16d8168
    arg 1: 0x0000000000000000
~~2120~~ ntdll.dll!RtlAcquireSRWLockExclusive
    arg -1: 0x0000ffffffffffff (name=retval, type=void, size=0x8)
~~2120~~ ntdll.dll!RtlAcquireSRWLockExclusive
    arg 0: 0x00007ffa2a49d5f8
    arg 1: 0x0000000000000000
~~2120~~ ntdll.dll!RtlAcquireSRWLockExclusive
    arg -1: 0x0000000000000005 (name=retval, type=void, size=0x8)
~~2120~~ ntdll.dll!RtlRbRemoveNode
    arg 0: 0x00007ffa2a49d600
    arg 1: 0x0000024ef16d8120
~~2120~~ ntdll.dll!RtlRbRemoveNode
    arg -1: 0x0000000000000560 (name=retval, type=void, size=0x8)
~~2120~~ ntdll.dll!RtlReleaseSRWLockExclusive
    arg 0: 0x00007ffa2a49d5f8
    arg 1: 0x0000024ef16e3bd0
~~2120~~ ntdll.dll!RtlReleaseSRWLockExclusive
    arg -1: 0x0000000000000001 (name=retval, type=void, size=0x8)
~~2120~~ ntdll.dll!RtlReleaseSRWLockExclusive
    arg 0: 0x0000024ef16d8168
    arg 1: 0x0000000000000000
~~2120~~ ntdll.dll!RtlReleaseSRWLockExclusive
    arg -1: 0x0000000000000001 (name=retval, type=void, size=0x8)
~~2120~~ ntdll.dll!ZwClose
    arg 0: 0x0000000000000080
    arg 1: 0x0000000000000000
~~2120~~ ntdll.dll!ZwClose
    arg -1: 0x0000000000000000 (name=retval, type=void, size=0x8)
~~2120~~ ntdll.dll!memset
    arg 0: 0x0000024ef16d8178
    arg 1: 0x0000000000000000
~~2120~~ ntdll.dll!memset
    arg -1: 0x0000024ef16d8178 (name=retval, type=void, size=0x8)
~~2120~~ ntdll.dll!EtwNotificationUnregister
    arg -1: 0x0000000000000000 (name=retval, type=void, size=0x8)
~~2120~~ ntdll.dll!EtwEventUnregister
    arg -1: 0x0000000000000000 (name=retval, type=void, size=0x8)
~~2120~~ ntdll.dll!EtwEventUnregister
    arg 0: 0x0006024ef16d8230
    arg 1: 0x0000024ef16d6dc0
~~2120~~ ntdll.dll!EtwNotificationUnregister
    arg 0: 0x0006024ef16d8230
    arg 1: 0x0000000000000000
~~2120~~ ntdll.dll!RtlAcquireSRWLockExclusive
    arg 0: 0x0000024ef16d8278
    arg 1: 0x0000000000000000
~~2120~~ ntdll.dll!RtlAcquireSRWLockExclusive
    arg -1: 0x0000ffffffffffff (name=retval, type=void, size=0x8)
~~2120~~ ntdll.dll!RtlAcquireSRWLockExclusive
    arg 0: 0x00007ffa2a49d5f8
    arg 1: 0x0000000000000000
~~2120~~ ntdll.dll!RtlAcquireSRWLockExclusive
    arg -1: 0x0000000000000006 (name=retval, type=void, size=0x8)
~~2120~~ ntdll.dll!RtlRbRemoveNode
    arg 0: 0x00007ffa2a49d600
    arg 1: 0x0000024ef16d8230
~~2120~~ ntdll.dll!RtlRbRemoveNode
    arg -1: 0x0000000000000080 (name=retval, type=void, size=0x8)
~~2120~~ ntdll.dll!RtlReleaseSRWLockExclusive
    arg 0: 0x00007ffa2a49d5f8
    arg 1: 0x0000024ef16da570
~~2120~~ ntdll.dll!RtlReleaseSRWLockExclusive
    arg -1: 0x0000000000000001 (name=retval, type=void, size=0x8)
~~2120~~ ntdll.dll!RtlReleaseSRWLockExclusive
    arg 0: 0x0000024ef16d8278
    arg 1: 0x0000000000000000
~~2120~~ ntdll.dll!RtlReleaseSRWLockExclusive
    arg -1: 0x0000000000000001 (name=retval, type=void, size=0x8)
~~2120~~ ntdll.dll!ZwClose
    arg 0: 0x000000000000007c
    arg 1: 0x0000000000000000
~~2120~~ ntdll.dll!ZwClose
    arg -1: 0x0000000000000000 (name=retval, type=void, size=0x8)
~~2120~~ ntdll.dll!memset
    arg 0: 0x0000024ef16d8288
    arg 1: 0x0000000000000000
~~2120~~ ntdll.dll!memset
    arg -1: 0x0000024ef16d8288 (name=retval, type=void, size=0x8)
~~2120~~ ntdll.dll!EtwNotificationUnregister
    arg -1: 0x0000000000000000 (name=retval, type=void, size=0x8)
~~2120~~ ntdll.dll!EtwEventUnregister
    arg -1: 0x0000000000000000 (name=retval, type=void, size=0x8)
~~2120~~ ntdll.dll!RtlEnterCriticalSection
    arg 0: 0x00007ffa28278770
    arg 1: 0x00007ffa282786e8
~~2120~~ ntdll.dll!RtlEnterCriticalSection
    arg -1: 0x0000000000000000 (name=retval, type=void, size=0x8)
~~2120~~ ntdll.dll!RtlAcquireSRWLockExclusive
    arg 0: 0x00007ffa282786e8
    arg 1: 0x00007ffa282786e8
~~2120~~ ntdll.dll!RtlAcquireSRWLockExclusive
    arg -1: 0x0000000000000000 (name=retval, type=void, size=0x8)
~~2120~~ ntdll.dll!RtlReleaseSRWLockExclusive
    arg 0: 0x00007ffa282786e8
    arg 1: 0x0000000000000000
~~2120~~ ntdll.dll!RtlReleaseSRWLockExclusive
    arg -1: 0x0000000000000001 (name=retval, type=void, size=0x8)
~~2120~~ ntdll.dll!RtlLeaveCriticalSection
    arg 0: 0x00007ffa28278770
    arg 1: 0x0000000000000000
~~2120~~ ntdll.dll!RtlLeaveCriticalSection
    arg -1: 0x0000000000000000 (name=retval, type=void, size=0x8)
~~2120~~ KERNELBASE.dll!RecordFeatureUsage2
    arg 0: 0x00000000005f3142
    arg 1: 0x0000000000000006
~~2120~~ ntdll.dll!RtlAcquireSRWLockExclusive
    arg 0: 0x0000024ef16d6ef0
    arg 1: 0x0000024ef16d6ef0
~~2120~~ ntdll.dll!RtlAcquireSRWLockExclusive
    arg -1: 0x0000024ef16d6e01 (name=retval, type=void, size=0x8)
~~2120~~ KERNELBASE.dll!GetLastError
    arg 0: 0x00000096462ff2f0
    arg 1: 0x0000000000000032
~~2120~~ KERNELBASE.dll!GetLastError
    arg -1: 0x000000000000007e (name=retval, type=void, size=0x8)
~~2120~~ KERNELBASE.dll!GetProcessHeap
    arg 0: 0x0000000000000000 (type=void, size=0x0)
~~2120~~ KERNELBASE.dll!GetProcessHeap
    arg -1: 0x0000024ef16d0000 (type=HANDLE, size=0x8)
~~2120~~ ntdll.dll!RtlAllocateHeap
    arg 0: 0x0000024ef16d0000
    arg 1: 0x0000000000000000
~~2120~~ ntdll.dll!RtlAllocateHeap
    arg -1: 0x0000024ef16ea770 (name=retval, type=void, size=0x8)
~~2120~~ KERNELBASE.dll!GetProcessHeap
    arg 0: 0x000000007ffe0380 (type=void, size=0x0)
~~2120~~ KERNELBASE.dll!GetProcessHeap
    arg -1: 0x0000024ef16d0000 (type=HANDLE, size=0x8)
~~2120~~ ntdll.dll!RtlDisownModuleHeapAllocation
    arg 0: 0x0000024ef16d0000
    arg 1: 0x0000024ef16ea770
~~2120~~ ntdll.dll!RtlDisownModuleHeapAllocation
    arg -1: 0x0000000000000000 (name=retval, type=void, size=0x8)
~~2120~~ ntdll.dll!memcpy_s
    arg 0: 0x0000024ef16ea770
    arg 1: 0x0000000000000040
~~2120~~ ntdll.dll!memcpy_s
    arg -1: 0x0000000000000000 (name=retval, type=void, size=0x8)
~~2120~~ ntdll.dll!RtlSetLastWin32Error
    arg 0: 0x000000000000007e
    arg 1: 0x0000000000000040
~~2120~~ ntdll.dll!RtlSetLastWin32Error
    arg -1: 0x000000964613b000 (name=retval, type=void, size=0x8)
~~2120~~ ntdll.dll!memmove_s
    arg 0: 0x0000024ef16ea784
    arg 1: 0x000000000000002c
~~2120~~ ntdll.dll!memmove_s
    arg -1: 0x0000000000000000 (name=retval, type=void, size=0x8)
~~2120~~ ntdll.dll!memcpy_s
    arg 0: 0x0000024ef16ea77a
    arg 1: 0x0000000000000002
~~2120~~ ntdll.dll!memmove
    arg 0: 0x0000024ef16ea77a
    arg 1: 0x00000096462ff1e0
~~2120~~ ntdll.dll!memmove
    arg -1: 0x0000024ef16ea77a (name=retval, type=void, size=0x8)
~~2120~~ ntdll.dll!memcpy_s
    arg -1: 0x0000000000000000 (name=retval, type=void, size=0x8)
~~2120~~ ntdll.dll!memcpy_s
    arg 0: 0x0000024ef16ea77c
    arg 1: 0x0000000000000008
~~2120~~ ntdll.dll!memmove
    arg 0: 0x0000024ef16ea77c
    arg 1: 0x00000096462ff3c8
~~2120~~ ntdll.dll!memmove
    arg -1: 0x0000024ef16ea77c (name=retval, type=void, size=0x8)
~~2120~~ ntdll.dll!memcpy_s
    arg -1: 0x0000000000000000 (name=retval, type=void, size=0x8)
~~2120~~ ntdll.dll!memcpy_s
    arg 0: 0x0000024ef16ea780
    arg 1: 0x0000000000000004
~~2120~~ ntdll.dll!memmove
    arg 0: 0x0000024ef16ea780
    arg 1: 0x00000096462ff3c0
~~2120~~ ntdll.dll!memmove
    arg -1: 0x0000024ef16ea780 (name=retval, type=void, size=0x8)
~~2120~~ ntdll.dll!memcpy_s
    arg -1: 0x0000000000000000 (name=retval, type=void, size=0x8)
~~2120~~ ntdll.dll!RtlReleaseSRWLockExclusive
    arg 0: 0x0000024ef16d6ef0
    arg 1: 0xfffffe4754c14c40
~~2120~~ ntdll.dll!RtlReleaseSRWLockExclusive
    arg -1: 0x0000000000000001 (name=retval, type=void, size=0x8)
~~2120~~ ntdll.dll!RtlDllShutdownInProgress
    arg 0: 0x0000024ef16d6ef0
    arg 1: 0x0000000000000000
~~2120~~ ntdll.dll!RtlDllShutdownInProgress
    arg -1: 0x00007ffa2a394901 (name=retval, type=void, size=0x8)
~~2120~~ KERNELBASE.dll!RecordFeatureUsage2
    arg -1: 0x0000000000000001 (name=retval, type=void, size=0x8)
~~2120~~ ntdll.dll!RtlDllShutdownInProgress
    arg 0: 0x00007ffa2825d340
    arg 1: 0x0000000000000000
~~2120~~ ntdll.dll!RtlDllShutdownInProgress
    arg -1: 0x00007ffa2a394901 (name=retval, type=void, size=0x8)
~~2120~~ ntdll.dll!RtlAcquireSRWLockExclusive
    arg 0: 0x0000024ef16d6ef0
    arg 1: 0x0000024ef16d6ef0
~~2120~~ ntdll.dll!RtlAcquireSRWLockExclusive
    arg -1: 0x0000024ef16d6e01 (name=retval, type=void, size=0x8)
~~2120~~ ntdll.dll!memcpy_s
    arg 0: 0x00000096462ff1b0
    arg 1: 0x0000000000000002
~~2120~~ ntdll.dll!memmove
    arg 0: 0x00000096462ff1b0
    arg 1: 0x0000024ef16ea77a
~~2120~~ ntdll.dll!memmove
    arg -1: 0x00000096462ff1b0 (name=retval, type=void, size=0x8)
~~2120~~ ntdll.dll!memcpy_s
    arg -1: 0x0000000000000000 (name=retval, type=void, size=0x8)
~~2120~~ ntdll.dll!memcmp
    arg 0: 0x00000096462ff388
    arg 1: 0x0000024ef16ea77c
~~2120~~ ntdll.dll!memcmp
    arg -1: 0x00000000ffffffff (name=retval, type=void, size=0x8)
~~2120~~ ntdll.dll!memmove_s
    arg 0: 0x0000024ef16ea784
    arg 1: 0x000000000000002c
~~2120~~ ntdll.dll!memmove
    arg 0: 0x0000024ef16ea784
    arg 1: 0x0000024ef16ea77a
~~2120~~ ntdll.dll!memmove
    arg -1: 0x0000024ef16ea784 (name=retval, type=void, size=0x8)
~~2120~~ ntdll.dll!memmove_s
    arg -1: 0x0000000000000000 (name=retval, type=void, size=0x8)
~~2120~~ ntdll.dll!memcpy_s
    arg 0: 0x0000024ef16ea77a
    arg 1: 0x0000000000000002
~~2120~~ ntdll.dll!memmove
    arg 0: 0x0000024ef16ea77a
    arg 1: 0x00000096462ff1a0
~~2120~~ ntdll.dll!memmove
    arg -1: 0x0000024ef16ea77a (name=retval, type=void, size=0x8)
~~2120~~ ntdll.dll!memcpy_s
    arg -1: 0x0000000000000000 (name=retval, type=void, size=0x8)
~~2120~~ ntdll.dll!memcpy_s
    arg 0: 0x0000024ef16ea77c
    arg 1: 0x0000000000000012
~~2120~~ ntdll.dll!memmove
    arg 0: 0x0000024ef16ea77c
    arg 1: 0x00000096462ff388
~~2120~~ ntdll.dll!memmove
    arg -1: 0x0000024ef16ea77c (name=retval, type=void, size=0x8)
~~2120~~ ntdll.dll!memcpy_s
    arg -1: 0x0000000000000000 (name=retval, type=void, size=0x8)
~~2120~~ ntdll.dll!memcpy_s
    arg 0: 0x0000024ef16ea780
    arg 1: 0x000000000000000e
~~2120~~ ntdll.dll!memmove
    arg 0: 0x0000024ef16ea780
    arg 1: 0x00000096462ff380
~~2120~~ ntdll.dll!memmove
    arg -1: 0x0000024ef16ea780 (name=retval, type=void, size=0x8)
~~2120~~ ntdll.dll!memcpy_s
    arg -1: 0x0000000000000000 (name=retval, type=void, size=0x8)
~~2120~~ ntdll.dll!RtlReleaseSRWLockExclusive
    arg 0: 0x0000024ef16d6ef0
    arg 1: 0xfffffe4754c14c00
~~2120~~ ntdll.dll!RtlReleaseSRWLockExclusive
    arg -1: 0x0000000000000001 (name=retval, type=void, size=0x8)
~~2120~~ ntdll.dll!RtlDllShutdownInProgress
    arg 0: 0x0000024ef16d6ef0
    arg 1: 0x0000000000000000
~~2120~~ ntdll.dll!RtlDllShutdownInProgress
    arg -1: 0x00007ffa2a394901 (name=retval, type=void, size=0x8)
~~2120~~ ntdll.dll!RtlAcquireSRWLockExclusive
    arg 0: 0x0000024ef16d6ef0
    arg 1: 0x0000024ef16d6ef0
~~2120~~ ntdll.dll!RtlAcquireSRWLockExclusive
    arg -1: 0x00000096462ff380 (name=retval, type=void, size=0x8)
~~2120~~ ntdll.dll!RtlReleaseSRWLockExclusive
    arg 0: 0x0000024ef16d6ef0
    arg 1: 0x00000096462ff2d0
~~2120~~ ntdll.dll!RtlReleaseSRWLockExclusive
    arg -1: 0x0000000000000001 (name=retval, type=void, size=0x8)
~~2120~~ ntdll.dll!__chkstk
    arg 0: 0x00000096462ff300
    arg 1: 0x0000000000000003
~~2120~~ ntdll.dll!__chkstk
    arg -1: 0x0000000000001140 (name=retval, type=void, size=0x8)
~~2120~~ ntdll.dll!ZwQueryWnfStateData
    arg 0: 0x00000096462ff300
    arg 1: 0x0000000000000000
~~2120~~ ntdll.dll!ZwQueryWnfStateData
    arg -1: 0x0000000000000000 (name=retval, type=void, size=0x8)
~~2120~~ ntdll.dll!memcpy_s
    arg 0: 0x00000096462fe060
    arg 1: 0x0000000000000002
~~2120~~ ntdll.dll!memmove
    arg 0: 0x00000096462fe060
    arg 1: 0x0000024ef16ea77a
~~2120~~ ntdll.dll!memmove
    arg -1: 0x00000096462fe060 (name=retval, type=void, size=0x8)
~~2120~~ ntdll.dll!memcpy_s
    arg -1: 0x0000000000000000 (name=retval, type=void, size=0x8)
~~2120~~ ntdll.dll!memcpy_s
    arg 0: 0x00000096462fdeb0
    arg 1: 0x0000000000000002
~~2120~~ ntdll.dll!memmove
    arg 0: 0x00000096462fdeb0
    arg 1: 0x00000096462fe2aa
~~2120~~ ntdll.dll!memmove
    arg -1: 0x00000096462fdeb0 (name=retval, type=void, size=0x8)
~~2120~~ ntdll.dll!memcpy_s
    arg -1: 0x0000000000000000 (name=retval, type=void, size=0x8)
~~2120~~ ntdll.dll!memcmp
    arg 0: 0x0000024ef16ea77c
    arg 1: 0x00000096462fe2ac
~~2120~~ ntdll.dll!memcmp
    arg -1: 0x0000000000000001 (name=retval, type=void, size=0x8)
~~2120~~ ntdll.dll!memcpy_s
    arg 0: 0x00000096462fdeb0
    arg 1: 0x0000000000000002
~~2120~~ ntdll.dll!memmove
    arg 0: 0x00000096462fdeb0
    arg 1: 0x00000096462fe2b4
~~2120~~ ntdll.dll!memmove
    arg -1: 0x00000096462fdeb0 (name=retval, type=void, size=0x8)
~~2120~~ ntdll.dll!memcpy_s
    arg -1: 0x0000000000000000 (name=retval, type=void, size=0x8)
~~2120~~ ntdll.dll!memcmp
    arg 0: 0x0000024ef16ea77c
    arg 1: 0x00000096462fe2b6
~~2120~~ ntdll.dll!memcmp
    arg -1: 0x0000000000000000 (name=retval, type=void, size=0x8)
~~2120~~ ntdll.dll!memcmp
    arg 0: 0x0000024ef16ea780
    arg 1: 0x00000096462fe46e
~~2120~~ ntdll.dll!memcmp
    arg -1: 0x0000000000000001 (name=retval, type=void, size=0x8)
~~2120~~ ntdll.dll!memcmp
    arg 0: 0x0000024ef16ea780
    arg 1: 0x00000096462fe54a
~~2120~~ ntdll.dll!memcmp
    arg -1: 0x0000000000000001 (name=retval, type=void, size=0x8)
~~2120~~ ntdll.dll!memcmp
    arg 0: 0x0000024ef16ea780
    arg 1: 0x00000096462fe5b6
~~2120~~ ntdll.dll!memcmp
    arg -1: 0x0000000000000001 (name=retval, type=void, size=0x8)
~~2120~~ ntdll.dll!memcmp
    arg 0: 0x0000024ef16ea780
    arg 1: 0x00000096462fe5ee
~~2120~~ ntdll.dll!memcmp
    arg -1: 0x00000000ffffffff (name=retval, type=void, size=0x8)
~~2120~~ ntdll.dll!memcmp
    arg 0: 0x0000024ef16ea780
    arg 1: 0x00000096462fe5d2
~~2120~~ ntdll.dll!memcmp
    arg -1: 0x00000000ffffffff (name=retval, type=void, size=0x8)
~~2120~~ ntdll.dll!memcmp
    arg 0: 0x0000024ef16ea780
    arg 1: 0x00000096462fe5c6
~~2120~~ ntdll.dll!memcmp
    arg -1: 0x00000000ffffffff (name=retval, type=void, size=0x8)
~~2120~~ ntdll.dll!memcmp
    arg 0: 0x0000024ef16ea780
    arg 1: 0x00000096462fe5be
~~2120~~ ntdll.dll!memcmp
    arg -1: 0x0000000000000001 (name=retval, type=void, size=0x8)
~~2120~~ ntdll.dll!memcmp
    arg 0: 0x0000024ef16ea780
    arg 1: 0x00000096462fe5c2
~~2120~~ ntdll.dll!memcmp
    arg -1: 0x0000000000000000 (name=retval, type=void, size=0x8)
~~2120~~ ntdll.dll!memcmp
    arg 0: 0x0000024ef16ea780
    arg 1: 0x00000096462fe5c2
~~2120~~ ntdll.dll!memcmp
    arg -1: 0x0000000000000000 (name=retval, type=void, size=0x8)
~~2120~~ ntdll.dll!memcpy_s
    arg 0: 0x00000096462fe060
    arg 1: 0x0000000000000002
~~2120~~ ntdll.dll!memmove
    arg 0: 0x00000096462fe060
    arg 1: 0x0000024ef16ea784
~~2120~~ ntdll.dll!memmove
    arg -1: 0x00000096462fe060 (name=retval, type=void, size=0x8)
~~2120~~ ntdll.dll!memcpy_s
    arg -1: 0x0000000000000000 (name=retval, type=void, size=0x8)
~~2120~~ ntdll.dll!memcpy_s
    arg 0: 0x00000096462fdeb0
    arg 1: 0x0000000000000002
~~2120~~ ntdll.dll!memmove
    arg 0: 0x00000096462fdeb0
    arg 1: 0x00000096462fe2aa
~~2120~~ ntdll.dll!memmove
    arg -1: 0x00000096462fdeb0 (name=retval, type=void, size=0x8)
~~2120~~ ntdll.dll!memcpy_s
    arg -1: 0x0000000000000000 (name=retval, type=void, size=0x8)
~~2120~~ ntdll.dll!memcmp
    arg 0: 0x0000024ef16ea786
    arg 1: 0x00000096462fe2ac
~~2120~~ ntdll.dll!memcmp
    arg -1: 0x0000000000000001 (name=retval, type=void, size=0x8)
~~2120~~ ntdll.dll!memcpy_s
    arg 0: 0x00000096462fdeb0
    arg 1: 0x0000000000000002
~~2120~~ ntdll.dll!memmove
    arg 0: 0x00000096462fdeb0
    arg 1: 0x00000096462fe2b4
~~2120~~ ntdll.dll!memmove
    arg -1: 0x00000096462fdeb0 (name=retval, type=void, size=0x8)
~~2120~~ ntdll.dll!memcpy_s
    arg -1: 0x0000000000000000 (name=retval, type=void, size=0x8)
~~2120~~ ntdll.dll!memcmp
    arg 0: 0x0000024ef16ea786
    arg 1: 0x00000096462fe2b6
~~2120~~ ntdll.dll!memcmp
    arg -1: 0x0000000000000001 (name=retval, type=void, size=0x8)
~~2120~~ ntdll.dll!memcpy_s
    arg 0: 0x00000096462fdeb0
    arg 1: 0x0000000000000002
~~2120~~ ntdll.dll!memmove
    arg 0: 0x00000096462fdeb0
    arg 1: 0x00000096462fe622
~~2120~~ ntdll.dll!memmove
    arg -1: 0x00000096462fdeb0 (name=retval, type=void, size=0x8)
~~2120~~ ntdll.dll!memcpy_s
    arg -1: 0x0000000000000000 (name=retval, type=void, size=0x8)
~~2120~~ ntdll.dll!memcmp
    arg 0: 0x0000024ef16ea786
    arg 1: 0x00000096462fe624
~~2120~~ ntdll.dll!memcmp
    arg -1: 0x0000000000000000 (name=retval, type=void, size=0x8)
~~2120~~ ntdll.dll!memcmp
    arg 0: 0x0000024ef16ea78a
    arg 1: 0x00000096462fe694
~~2120~~ ntdll.dll!memcmp
    arg -1: 0x00000000ffffffff (name=retval, type=void, size=0x8)
~~2120~~ ntdll.dll!memcmp
    arg 0: 0x0000024ef16ea78a
    arg 1: 0x00000096462fe65c
~~2120~~ ntdll.dll!memcmp
    arg -1: 0x0000000000000001 (name=retval, type=void, size=0x8)
~~2120~~ ntdll.dll!memcmp
    arg 0: 0x0000024ef16ea78a
    arg 1: 0x00000096462fe678
~~2120~~ ntdll.dll!memcmp
    arg -1: 0x00000000ffffffff (name=retval, type=void, size=0x8)
~~2120~~ ntdll.dll!memcmp
    arg 0: 0x0000024ef16ea78a
    arg 1: 0x00000096462fe66c
~~2120~~ ntdll.dll!memcmp
    arg -1: 0x00000000ffffffff (name=retval, type=void, size=0x8)
~~2120~~ ntdll.dll!memcmp
    arg 0: 0x0000024ef16ea78a
    arg 1: 0x00000096462fe664
~~2120~~ ntdll.dll!memcmp
    arg -1: 0x0000000000000000 (name=retval, type=void, size=0x8)
~~2120~~ ntdll.dll!memcmp
    arg 0: 0x0000024ef16ea78a
    arg 1: 0x00000096462fe660
~~2120~~ ntdll.dll!memcmp
    arg -1: 0x0000000000000001 (name=retval, type=void, size=0x8)
~~2120~~ ntdll.dll!memcmp
    arg 0: 0x0000024ef16ea78a
    arg 1: 0x00000096462fe664
~~2120~~ ntdll.dll!memcmp
    arg -1: 0x0000000000000000 (name=retval, type=void, size=0x8)
~~2120~~ KERNELBASE.dll!_amsg_exit
    arg 0: 0x00000096462fe1d0
    arg 1: 0x00000096462fe0d0
~~2120~~ KERNELBASE.dll!_amsg_exit
    arg -1: 0x00007ffa2803efe0 (name=retval, type=void, size=0x8)
~~2120~~ KERNELBASE.dll!GetProcessHeap
    arg 0: 0x0000024ef16ea770 (type=void, size=0x0)
~~2120~~ KERNELBASE.dll!GetProcessHeap
    arg -1: 0x0000024ef16d0000 (type=HANDLE, size=0x8)
~~2120~~ ntdll.dll!RtlFreeHeap
    arg 0: 0x0000024ef16d0000
    arg 1: 0x0000000000000000
~~2120~~ ntdll.dll!RtlGetCurrentServiceSessionId
    arg 0: 0x0000024ef16ea760
    arg 1: 0x000000000000001a
~~2120~~ ntdll.dll!RtlGetCurrentServiceSessionId
    arg -1: 0x0000000000000000 (name=retval, type=void, size=0x8)
~~2120~~ ntdll.dll!RtlFreeHeap
    arg -1: 0x0000000000000001 (name=retval, type=void, size=0x8)
~~2120~~ ntdll.dll!RtlDllShutdownInProgress
    arg 0: 0xdbdbff1115980000
    arg 1: 0x0000024ef16d0000
~~2120~~ ntdll.dll!RtlDllShutdownInProgress
    arg -1: 0x00007ffa2a394901 (name=retval, type=void, size=0x8)
~~2120~~ ntdll.dll!RtlDllShutdownInProgress
    arg 0: 0xdbdbff1115980000
    arg 1: 0x0000024ef16d0000
~~2120~~ ntdll.dll!RtlDllShutdownInProgress
    arg -1: 0x00007ffa2a394901 (name=retval, type=void, size=0x8)
~~2120~~ ntdll.dll!RtlDllShutdownInProgress
    arg 0: 0x0000024ef16d6ed0
    arg 1: 0x0000024ef16d0000
~~2120~~ ntdll.dll!RtlDllShutdownInProgress
    arg -1: 0x00007ffa2a394901 (name=retval, type=void, size=0x8)
~~2120~~ ntdll.dll!RtlAcquireSRWLockExclusive
    arg 0: 0x00007ffa282791a8
    arg 1: 0x0000000000004015
~~2120~~ ntdll.dll!RtlAcquireSRWLockExclusive
    arg -1: 0x00007ffa28278810 (name=retval, type=void, size=0x8)
~~2120~~ ntdll.dll!RtlReleaseSRWLockExclusive
    arg 0: 0x00007ffa282791a8
    arg 1: 0x00000096462ff4c0
~~2120~~ ntdll.dll!RtlReleaseSRWLockExclusive
    arg -1: 0x0000000000000001 (name=retval, type=void, size=0x8)
~~2120~~ ntdll.dll!RtlFreeHeap
    arg 0: 0x0000024ef16d0000
    arg 1: 0x0000000000000000
~~2120~~ ntdll.dll!RtlTryEnterCriticalSection
    arg 0: 0x0000024ef16d02c0
    arg 1: 0x0000000000000002
~~2120~~ ntdll.dll!RtlTryEnterCriticalSection
    arg -1: 0x0000000000000001 (name=retval, type=void, size=0x8)
~~2120~~ ntdll.dll!RtlFreeHeap
    arg -1: 0x0000000000000001 (name=retval, type=void, size=0x8)
~~2120~~ ntdll.dll!RtlFreeHeap
    arg 0: 0x0000024ef16d0000
    arg 1: 0x0000000000000000
~~2120~~ ntdll.dll!RtlTryEnterCriticalSection
    arg 0: 0x0000024ef16d02c0
    arg 1: 0x0000000000000002
~~2120~~ ntdll.dll!RtlTryEnterCriticalSection
    arg -1: 0x0000000000000001 (name=retval, type=void, size=0x8)
~~2120~~ ntdll.dll!RtlFreeHeap
    arg -1: 0x0000000000000001 (name=retval, type=void, size=0x8)
~~2120~~ ntdll.dll!RtlDllShutdownInProgress
    arg 0: 0x00000096462ff4e0
    arg 1: 0x00007ffa28279038
~~2120~~ ntdll.dll!RtlDllShutdownInProgress
    arg -1: 0x00007ffa2a394901 (name=retval, type=void, size=0x8)
~~2120~~ ntdll.dll!RtlFreeHeap
    arg 0: 0x0000024ef16d0000
    arg 1: 0x0000000000000000
~~2120~~ ntdll.dll!RtlTryEnterCriticalSection
    arg 0: 0x0000024ef16d02c0
    arg 1: 0x0000000000000002
~~2120~~ ntdll.dll!RtlTryEnterCriticalSection
    arg -1: 0x0000000000000001 (name=retval, type=void, size=0x8)
~~2120~~ ntdll.dll!RtlFreeHeap
    arg -1: 0x0000000000000001 (name=retval, type=void, size=0x8)
~~2120~~ ntdll.dll!RtlFreeHeap
    arg 0: 0x0000024ef16d0000
    arg 1: 0x0000000000000000
~~2120~~ ntdll.dll!RtlTryEnterCriticalSection
    arg 0: 0x0000024ef16d02c0
    arg 1: 0x0000000000000002
~~2120~~ ntdll.dll!RtlTryEnterCriticalSection
    arg -1: 0x0000000000000001 (name=retval, type=void, size=0x8)
~~2120~~ ntdll.dll!RtlFreeHeap
    arg -1: 0x0000000000000001 (name=retval, type=void, size=0x8)
~~2120~~ ntdll.dll!RtlGetCurrentServiceSessionId
    arg 0: 0x0000000000000000
    arg 1: 0x0000024ef16d0000
~~2120~~ ntdll.dll!RtlGetCurrentServiceSessionId
    arg -1: 0x0000000000000000 (name=retval, type=void, size=0x8)
~~2120~~ ntdll.dll!RtlDeactivateActivationContextUnsafeFast
    arg 0: 0x00000096462ff6a0
    arg 1: 0x0000024ef16d0000
~~2120~~ ntdll.dll!RtlDeactivateActivationContextUnsafeFast
    arg -1: 0x00007ffa2a38f1d5 (name=retval, type=void, size=0x8)
~~2120~~ ntdll.dll!RtlDetectHeapLeaks
    arg 0: 0xcc0aa5d0e0720000
    arg 1: 0x0000024ef16d5640
~~2120~~ ntdll.dll!RtlDetectHeapLeaks
    arg -1: 0x000000964613a000 (name=retval, type=void, size=0x8)
~~2120~~ ntdll.dll!LdrShutdownProcess
    arg -1: 0x0000000000000000 (name=retval, type=void, size=0x8)
~~2120~~ ntdll.dll!ZwTerminateProcess
    arg 0: 0xffffffffffffffff
    arg 1: 0x0000000000000000
